Starting >>> livox_ros_driver2
-- livox_ros_driver2 version: 1.2.6
-- Found ament_cmake_auto: 1.3.14 (/opt/ros/humble/share/ament_cmake_auto/cmake)
-- Using all available rosidl_typesupport_c: rosidl_typesupport_fastrtps_c;rosidl_typesupport_introspection_c
-- Found rosidl_adapter: 3.1.8 (/opt/ros/humble/share/rosidl_adapter/cmake)
-- Using all available rosidl_typesupport_cpp: rosidl_typesupport_fastrtps_cpp;rosidl_typesupport_introspection_cpp
-- Found rmw_implementation_cmake: 6.1.2 (/opt/ros/humble/share/rmw_implementation_cmake/cmake)
-- Found rmw_fastrtps_cpp: 6.2.10 (/opt/ros/humble/share/rmw_fastrtps_cpp/cmake)
-- Using RMW implementation 'rmw_fastrtps_cpp' as default
-- Eigen found (include: /usr/include/eigen3, version: 3.4.0)
-- FLANN found (include: /usr/include, lib: /usr/lib/x86_64-linux-gnu/libflann_cpp.so)
-- OpenNI found (version: 1.5.4.0, include: /usr/include/ni, lib: /usr/lib/libOpenNI.so;libusb::libusb)
-- OpenNI2 found (version: 2.2.0.33, include: /usr/include/openni2, lib: /usr/lib/x86_64-linux-gnu/libOpenNI2.so;libusb::libusb)
-- Eigen found (include: /usr/include/eigen3, version: 3.4.0)
-- OpenNI found (version: 1.5.4.0, include: /usr/include/ni, lib: /usr/lib/libOpenNI.so;libusb::libusb)
-- OpenNI2 found (version: 2.2.0.33, include: /usr/include/openni2, lib: /usr/lib/x86_64-linux-gnu/libOpenNI2.so;libusb::libusb)
-- Found Qhull version 8.0.2
-- OpenNI found (version: 1.5.4.0, include: /usr/include/ni, lib: /usr/lib/libOpenNI.so;libusb::libusb)
-- Checking for module 'apr-1'
--   No package 'apr-1' found
-- Found ament_cmake_ros: 0.10.0 (/opt/ros/humble/share/ament_cmake_ros/cmake)
-- Using all available rosidl_typesupport_c: rosidl_typesupport_fastrtps_c;rosidl_typesupport_introspection_c
-- Using all available rosidl_typesupport_cpp: rosidl_typesupport_fastrtps_cpp;rosidl_typesupport_introspection_cpp
-- Found python_cmake_module: 0.10.0 (/opt/ros/humble/share/python_cmake_module/cmake)
-- Using PYTHON_EXECUTABLE: /usr/bin/python3
-- Using PYTHON_INCLUDE_DIRS: /usr/include/python3.10
-- Using PYTHON_LIBRARIES: /usr/lib/x86_64-linux-gnu/libpython3.10.so
-- Found ament_lint_auto: 0.12.15 (/opt/ros/humble/share/ament_lint_auto/cmake)
-- Added test 'copyright' to check source files copyright and LICENSE
-- Added test 'cppcheck' to perform static code analysis on C / C++ code
-- Configured cppcheck include dirs: /data/fastlio_baseline/workspaces/b0/src/livox_ros_driver2/3rdparty;/data/fastlio_baseline/workspaces/b0/src/livox_ros_driver2/src
-- Configured cppcheck exclude dirs and/or files: 
-- Added test 'cpplint' to check C / C++ code against the Google style
-- Configured cpplint exclude dirs and/or files: 
-- Added test 'flake8' to check Python code syntax and style conventions
-- Added test 'lint_cmake' to check CMake code style
-- Added test 'pep257' to check Python code against some of the docstring style conventions in PEP 257
-- Added test 'uncrustify' to check C / C++ code style
-- Configured uncrustify additional arguments: 
-- Added test 'xmllint' to check XML markup files
-- Configuring done
-- Generating done
-- Build files have been written to: /data/fastlio_baseline/workspaces/b0/build/livox_ros_driver2
[  1%] Generating C code for ROS interfaces
[  5%] Generating C++ code for ROS interfaces
[  5%] Generating Rust code for ROS interfaces
[  6%] Building CXX object CMakeFiles/livox_ros_driver2_node.dir/rclcpp_components/node_main_livox_ros_driver2_node.cpp.o
[  6%] Built target ament_cmake_python_copy_livox_ros_driver2
running egg_info
creating livox_ros_driver2.egg-info
writing livox_ros_driver2.egg-info/PKG-INFO
writing dependency_links to livox_ros_driver2.egg-info/dependency_links.txt
writing top-level names to livox_ros_driver2.egg-info/top_level.txt
writing manifest file 'livox_ros_driver2.egg-info/SOURCES.txt'
reading manifest file 'livox_ros_driver2.egg-info/SOURCES.txt'
writing manifest file 'livox_ros_driver2.egg-info/SOURCES.txt'
[  6%] Built target ament_cmake_python_build_livox_ros_driver2_egg
[  6%] Built target livox_interfaces2__rs
[  6%] Built target livox_interfaces2__cpp
[ 10%] Building C object CMakeFiles/livox_interfaces2__rosidl_generator_c.dir/rosidl_generator_c/livox_ros_driver2/msg/detail/custom_point__functions.c.o
[ 10%] Building C object CMakeFiles/livox_interfaces2__rosidl_generator_c.dir/rosidl_generator_c/livox_ros_driver2/msg/detail/custom_msg__functions.c.o
[ 13%] Generating C++ type support for eProsima Fast-RTPS
[ 13%] Generating C++ type support dispatch for ROS interfaces
[ 15%] Generating C++ introspection for ROS interfaces
[ 17%] Linking C shared library liblivox_ros_driver2__rosidl_generator_c.so
[ 17%] Built target livox_interfaces2__rosidl_generator_c
[ 18%] Generating C type support for eProsima Fast-RTPS
[ 20%] Generating C introspection for ROS interfaces
[ 22%] Generating C type support dispatch for ROS interfaces
[ 24%] Building CXX object CMakeFiles/livox_interfaces2__rosidl_typesupport_introspection_cpp.dir/rosidl_typesupport_introspection_cpp/livox_ros_driver2/msg/detail/custom_msg__type_support.cpp.o
[ 25%] Building CXX object CMakeFiles/livox_interfaces2__rosidl_typesupport_cpp.dir/rosidl_typesupport_cpp/livox_ros_driver2/msg/custom_msg__type_support.cpp.o
[ 27%] Building CXX object CMakeFiles/livox_interfaces2__rosidl_typesupport_cpp.dir/rosidl_typesupport_cpp/livox_ros_driver2/msg/custom_point__type_support.cpp.o
[ 29%] Building CXX object CMakeFiles/livox_interfaces2__rosidl_typesupport_introspection_cpp.dir/rosidl_typesupport_introspection_cpp/livox_ros_driver2/msg/detail/custom_point__type_support.cpp.o
[ 31%] Building CXX object CMakeFiles/livox_interfaces2__rosidl_typesupport_fastrtps_cpp.dir/rosidl_typesupport_fastrtps_cpp/livox_ros_driver2/msg/detail/dds_fastrtps/custom_msg__type_support.cpp.o
[ 32%] Building CXX object CMakeFiles/livox_interfaces2__rosidl_typesupport_fastrtps_cpp.dir/rosidl_typesupport_fastrtps_cpp/livox_ros_driver2/msg/detail/dds_fastrtps/custom_point__type_support.cpp.o
[ 34%] Building C object CMakeFiles/livox_interfaces2__rosidl_typesupport_introspection_c.dir/rosidl_typesupport_introspection_c/livox_ros_driver2/msg/detail/custom_point__type_support.c.o
[ 36%] Building C object CMakeFiles/livox_interfaces2__rosidl_typesupport_introspection_c.dir/rosidl_typesupport_introspection_c/livox_ros_driver2/msg/detail/custom_msg__type_support.c.o
[ 37%] Building CXX object CMakeFiles/livox_interfaces2__rosidl_typesupport_c.dir/rosidl_typesupport_c/livox_ros_driver2/msg/custom_msg__type_support.cpp.o
[ 39%] Building CXX object CMakeFiles/livox_interfaces2__rosidl_typesupport_c.dir/rosidl_typesupport_c/livox_ros_driver2/msg/custom_point__type_support.cpp.o
[ 41%] Linking CXX shared library liblivox_ros_driver2__rosidl_typesupport_c.so
[ 43%] Building CXX object CMakeFiles/livox_interfaces2__rosidl_typesupport_fastrtps_c.dir/rosidl_typesupport_fastrtps_c/livox_ros_driver2/msg/detail/custom_msg__type_support_c.cpp.o
[ 44%] Building CXX object CMakeFiles/livox_interfaces2__rosidl_typesupport_fastrtps_c.dir/rosidl_typesupport_fastrtps_c/livox_ros_driver2/msg/detail/custom_point__type_support_c.cpp.o
[ 46%] Linking C shared library liblivox_ros_driver2__rosidl_typesupport_introspection_c.so
[ 46%] Built target livox_interfaces2__rosidl_typesupport_introspection_c
[ 46%] Built target livox_interfaces2__rosidl_typesupport_c
[ 48%] Linking CXX shared library liblivox_ros_driver2__rosidl_typesupport_cpp.so
[ 48%] Built target livox_interfaces2__rosidl_typesupport_cpp
[ 50%] Building CXX object CMakeFiles/livox_ros_driver2.dir/src/livox_ros_driver2.cpp.o
[ 51%] Building CXX object CMakeFiles/livox_ros_driver2.dir/src/lddc.cpp.o
[ 53%] Building CXX object CMakeFiles/livox_ros_driver2.dir/src/lds.cpp.o
[ 55%] Building CXX object CMakeFiles/livox_ros_driver2.dir/src/lds_lidar.cpp.o
[ 56%] Building CXX object CMakeFiles/livox_ros_driver2.dir/src/comm/comm.cpp.o
[ 58%] Building CXX object CMakeFiles/livox_ros_driver2.dir/src/parse_cfg_file/parse_cfg_file.cpp.o
[ 60%] Building CXX object CMakeFiles/livox_ros_driver2.dir/src/driver_node.cpp.o
[ 62%] Building CXX object CMakeFiles/livox_ros_driver2.dir/src/comm/lidar_imu_data_queue.cpp.o
[ 63%] Building CXX object CMakeFiles/livox_ros_driver2.dir/src/comm/semaphore.cpp.o
[ 65%] Building CXX object CMakeFiles/livox_ros_driver2.dir/src/comm/pub_handler.cpp.o
[ 67%] Building CXX object CMakeFiles/livox_ros_driver2.dir/src/comm/ldq.cpp.o
[ 68%] Building CXX object CMakeFiles/livox_ros_driver2.dir/src/comm/cache_index.cpp.o
[ 70%] Building CXX object CMakeFiles/livox_ros_driver2.dir/src/parse_cfg_file/parse_livox_lidar_cfg.cpp.o
[ 72%] Building CXX object CMakeFiles/livox_ros_driver2.dir/src/call_back/lidar_common_callback.cpp.o
[ 74%] Building CXX object CMakeFiles/livox_ros_driver2.dir/src/call_back/livox_lidar_callback.cpp.o
[ 75%] Linking CXX shared library liblivox_ros_driver2__rosidl_typesupport_introspection_cpp.so
[ 77%] Linking CXX shared library liblivox_ros_driver2__rosidl_typesupport_fastrtps_cpp.so
[ 79%] Linking CXX shared library liblivox_ros_driver2__rosidl_typesupport_fastrtps_c.so
[ 79%] Built target livox_interfaces2__rosidl_typesupport_fastrtps_cpp
[ 79%] Built target livox_interfaces2__rosidl_typesupport_introspection_cpp
[ 79%] Built target livox_interfaces2__rosidl_typesupport_fastrtps_c
[ 79%] Built target livox_interfaces2
[ 81%] Generating Python code for ROS interfaces
[ 81%] Built target livox_interfaces2__py
[ 82%] Building C object CMakeFiles/livox_interfaces2__rosidl_generator_py.dir/rosidl_generator_py/livox_ros_driver2/msg/_custom_point_s.c.o
[ 84%] Building C object CMakeFiles/livox_interfaces2__rosidl_generator_py.dir/rosidl_generator_py/livox_ros_driver2/msg/_custom_msg_s.c.o
[ 86%] Linking C shared library rosidl_generator_py/livox_ros_driver2/liblivox_interfaces2__rosidl_generator_py.so
[ 86%] Built target livox_interfaces2__rosidl_generator_py
[ 87%] Building C object CMakeFiles/livox_ros_driver2__rosidl_typesupport_introspection_c__pyext.dir/rosidl_generator_py/livox_ros_driver2/_livox_ros_driver2_s.ep.rosidl_typesupport_introspection_c.c.o
[ 89%] Building C object CMakeFiles/livox_ros_driver2__rosidl_typesupport_c__pyext.dir/rosidl_generator_py/livox_ros_driver2/_livox_ros_driver2_s.ep.rosidl_typesupport_c.c.o
[ 91%] Building C object CMakeFiles/livox_ros_driver2__rosidl_typesupport_fastrtps_c__pyext.dir/rosidl_generator_py/livox_ros_driver2/_livox_ros_driver2_s.ep.rosidl_typesupport_fastrtps_c.c.o
[ 93%] Linking C shared library rosidl_generator_py/livox_ros_driver2/livox_ros_driver2_s__rosidl_typesupport_fastrtps_c.cpython-310-x86_64-linux-gnu.so
[ 94%] Linking C shared library rosidl_generator_py/livox_ros_driver2/livox_ros_driver2_s__rosidl_typesupport_c.cpython-310-x86_64-linux-gnu.so
[ 96%] Linking C shared library rosidl_generator_py/livox_ros_driver2/livox_ros_driver2_s__rosidl_typesupport_introspection_c.cpython-310-x86_64-linux-gnu.so
[ 96%] Built target livox_ros_driver2__rosidl_typesupport_fastrtps_c__pyext
[ 96%] Built target livox_ros_driver2__rosidl_typesupport_c__pyext
[ 96%] Built target livox_ros_driver2__rosidl_typesupport_introspection_c__pyext
[ 98%] Linking CXX executable livox_ros_driver2_node
[ 98%] Built target livox_ros_driver2_node
[100%] Linking CXX shared library liblivox_ros_driver2.so
[100%] Built target livox_ros_driver2
-- Install configuration: "Release"
-- Installing: /data/fastlio_baseline/workspaces/b0/install/livox_ros_driver2/share/ament_index/resource_index/rosidl_interfaces/livox_ros_driver2
-- Installing: /data/fastlio_baseline/workspaces/b0/install/livox_ros_driver2/include/livox_ros_driver2/livox_ros_driver2
-- Installing: /data/fastlio_baseline/workspaces/b0/install/livox_ros_driver2/include/livox_ros_driver2/livox_ros_driver2/msg
-- Installing: /data/fastlio_baseline/workspaces/b0/install/livox_ros_driver2/include/livox_ros_driver2/livox_ros_driver2/msg/custom_msg.h
-- Installing: /data/fastlio_baseline/workspaces/b0/install/livox_ros_driver2/include/livox_ros_driver2/livox_ros_driver2/msg/rosidl_generator_c__visibility_control.h
-- Installing: /data/fastlio_baseline/workspaces/b0/install/livox_ros_driver2/include/livox_ros_driver2/livox_ros_driver2/msg/custom_point.h
-- Installing: /data/fastlio_baseline/workspaces/b0/install/livox_ros_driver2/include/livox_ros_driver2/livox_ros_driver2/msg/detail
-- Installing: /data/fastlio_baseline/workspaces/b0/install/livox_ros_driver2/include/livox_ros_driver2/livox_ros_driver2/msg/detail/custom_msg__type_support.h
-- Installing: /data/fastlio_baseline/workspaces/b0/install/livox_ros_driver2/include/livox_ros_driver2/livox_ros_driver2/msg/detail/custom_msg__struct.h
-- Installing: /data/fastlio_baseline/workspaces/b0/install/livox_ros_driver2/include/livox_ros_driver2/livox_ros_driver2/msg/detail/custom_point__struct.h
-- Installing: /data/fastlio_baseline/workspaces/b0/install/livox_ros_driver2/include/livox_ros_driver2/livox_ros_driver2/msg/detail/custom_msg__functions.h
-- Installing: /data/fastlio_baseline/workspaces/b0/install/livox_ros_driver2/include/livox_ros_driver2/livox_ros_driver2/msg/detail/custom_msg__functions.c
-- Installing: /data/fastlio_baseline/workspaces/b0/install/livox_ros_driver2/include/livox_ros_driver2/livox_ros_driver2/msg/detail/custom_point__type_support.h
-- Installing: /data/fastlio_baseline/workspaces/b0/install/livox_ros_driver2/include/livox_ros_driver2/livox_ros_driver2/msg/detail/custom_point__functions.h
-- Installing: /data/fastlio_baseline/workspaces/b0/install/livox_ros_driver2/include/livox_ros_driver2/livox_ros_driver2/msg/detail/custom_point__functions.c
-- Installing: /data/fastlio_baseline/workspaces/b0/install/livox_ros_driver2/share/livox_ros_driver2/environment/library_path.sh
-- Installing: /data/fastlio_baseline/workspaces/b0/install/livox_ros_driver2/share/livox_ros_driver2/environment/library_path.dsv
-- Installing: /data/fastlio_baseline/workspaces/b0/install/livox_ros_driver2/lib/liblivox_ros_driver2__rosidl_generator_c.so
-- Set runtime path of "/data/fastlio_baseline/workspaces/b0/install/livox_ros_driver2/lib/liblivox_ros_driver2__rosidl_generator_c.so" to ""
-- Up-to-date: /data/fastlio_baseline/workspaces/b0/install/livox_ros_driver2/include/livox_ros_driver2/livox_ros_driver2
-- Up-to-date: /data/fastlio_baseline/workspaces/b0/install/livox_ros_driver2/include/livox_ros_driver2/livox_ros_driver2/msg
-- Up-to-date: /data/fastlio_baseline/workspaces/b0/install/livox_ros_driver2/include/livox_ros_driver2/livox_ros_driver2/msg/detail
-- Installing: /data/fastlio_baseline/workspaces/b0/install/livox_ros_driver2/include/livox_ros_driver2/livox_ros_driver2/msg/detail/custom_msg__rosidl_typesupport_fastrtps_c.h
-- Installing: /data/fastlio_baseline/workspaces/b0/install/livox_ros_driver2/include/livox_ros_driver2/livox_ros_driver2/msg/detail/custom_point__rosidl_typesupport_fastrtps_c.h
-- Installing: /data/fastlio_baseline/workspaces/b0/install/livox_ros_driver2/include/livox_ros_driver2/livox_ros_driver2/msg/rosidl_typesupport_fastrtps_c__visibility_control.h
-- Installing: /data/fastlio_baseline/workspaces/b0/install/livox_ros_driver2/lib/liblivox_ros_driver2__rosidl_typesupport_fastrtps_c.so
-- Set runtime path of "/data/fastlio_baseline/workspaces/b0/install/livox_ros_driver2/lib/liblivox_ros_driver2__rosidl_typesupport_fastrtps_c.so" to ""
-- Up-to-date: /data/fastlio_baseline/workspaces/b0/install/livox_ros_driver2/include/livox_ros_driver2/livox_ros_driver2
-- Up-to-date: /data/fastlio_baseline/workspaces/b0/install/livox_ros_driver2/include/livox_ros_driver2/livox_ros_driver2/msg
-- Installing: /data/fastlio_baseline/workspaces/b0/install/livox_ros_driver2/include/livox_ros_driver2/livox_ros_driver2/msg/rosidl_typesupport_introspection_c__visibility_control.h
-- Up-to-date: /data/fastlio_baseline/workspaces/b0/install/livox_ros_driver2/include/livox_ros_driver2/livox_ros_driver2/msg/detail
-- Installing: /data/fastlio_baseline/workspaces/b0/install/livox_ros_driver2/include/livox_ros_driver2/livox_ros_driver2/msg/detail/custom_msg__rosidl_typesupport_introspection_c.h
-- Installing: /data/fastlio_baseline/workspaces/b0/install/livox_ros_driver2/include/livox_ros_driver2/livox_ros_driver2/msg/detail/custom_msg__type_support.c
-- Installing: /data/fastlio_baseline/workspaces/b0/install/livox_ros_driver2/include/livox_ros_driver2/livox_ros_driver2/msg/detail/custom_point__type_support.c
-- Installing: /data/fastlio_baseline/workspaces/b0/install/livox_ros_driver2/include/livox_ros_driver2/livox_ros_driver2/msg/detail/custom_point__rosidl_typesupport_introspection_c.h
-- Installing: /data/fastlio_baseline/workspaces/b0/install/livox_ros_driver2/lib/liblivox_ros_driver2__rosidl_typesupport_introspection_c.so
-- Set runtime path of "/data/fastlio_baseline/workspaces/b0/install/livox_ros_driver2/lib/liblivox_ros_driver2__rosidl_typesupport_introspection_c.so" to ""
-- Installing: /data/fastlio_baseline/workspaces/b0/install/livox_ros_driver2/lib/liblivox_ros_driver2__rosidl_typesupport_c.so
-- Set runtime path of "/data/fastlio_baseline/workspaces/b0/install/livox_ros_driver2/lib/liblivox_ros_driver2__rosidl_typesupport_c.so" to ""
-- Up-to-date: /data/fastlio_baseline/workspaces/b0/install/livox_ros_driver2/include/livox_ros_driver2/livox_ros_driver2
-- Up-to-date: /data/fastlio_baseline/workspaces/b0/install/livox_ros_driver2/include/livox_ros_driver2/livox_ros_driver2/msg
-- Installing: /data/fastlio_baseline/workspaces/b0/install/livox_ros_driver2/include/livox_ros_driver2/livox_ros_driver2/msg/custom_point.hpp
-- Installing: /data/fastlio_baseline/workspaces/b0/install/livox_ros_driver2/include/livox_ros_driver2/livox_ros_driver2/msg/rosidl_generator_cpp__visibility_control.hpp
-- Up-to-date: /data/fastlio_baseline/workspaces/b0/install/livox_ros_driver2/include/livox_ros_driver2/livox_ros_driver2/msg/detail
-- Installing: /data/fastlio_baseline/workspaces/b0/install/livox_ros_driver2/include/livox_ros_driver2/livox_ros_driver2/msg/detail/custom_point__traits.hpp
-- Installing: /data/fastlio_baseline/workspaces/b0/install/livox_ros_driver2/include/livox_ros_driver2/livox_ros_driver2/msg/detail/custom_point__struct.hpp
-- Installing: /data/fastlio_baseline/workspaces/b0/install/livox_ros_driver2/include/livox_ros_driver2/livox_ros_driver2/msg/detail/custom_msg__type_support.hpp
-- Installing: /data/fastlio_baseline/workspaces/b0/install/livox_ros_driver2/include/livox_ros_driver2/livox_ros_driver2/msg/detail/custom_msg__traits.hpp
-- Installing: /data/fastlio_baseline/workspaces/b0/install/livox_ros_driver2/include/livox_ros_driver2/livox_ros_driver2/msg/detail/custom_msg__struct.hpp
-- Installing: /data/fastlio_baseline/workspaces/b0/install/livox_ros_driver2/include/livox_ros_driver2/livox_ros_driver2/msg/detail/custom_point__type_support.hpp
-- Installing: /data/fastlio_baseline/workspaces/b0/install/livox_ros_driver2/include/livox_ros_driver2/livox_ros_driver2/msg/detail/custom_msg__builder.hpp
-- Installing: /data/fastlio_baseline/workspaces/b0/install/livox_ros_driver2/include/livox_ros_driver2/livox_ros_driver2/msg/detail/custom_point__builder.hpp
-- Installing: /data/fastlio_baseline/workspaces/b0/install/livox_ros_driver2/include/livox_ros_driver2/livox_ros_driver2/msg/custom_msg.hpp
-- Up-to-date: /data/fastlio_baseline/workspaces/b0/install/livox_ros_driver2/include/livox_ros_driver2/livox_ros_driver2
-- Up-to-date: /data/fastlio_baseline/workspaces/b0/install/livox_ros_driver2/include/livox_ros_driver2/livox_ros_driver2/msg
-- Installing: /data/fastlio_baseline/workspaces/b0/install/livox_ros_driver2/include/livox_ros_driver2/livox_ros_driver2/msg/rosidl_typesupport_fastrtps_cpp__visibility_control.h
-- Up-to-date: /data/fastlio_baseline/workspaces/b0/install/livox_ros_driver2/include/livox_ros_driver2/livox_ros_driver2/msg/detail
-- Installing: /data/fastlio_baseline/workspaces/b0/install/livox_ros_driver2/include/livox_ros_driver2/livox_ros_driver2/msg/detail/custom_msg__rosidl_typesupport_fastrtps_cpp.hpp
-- Installing: /data/fastlio_baseline/workspaces/b0/install/livox_ros_driver2/include/livox_ros_driver2/livox_ros_driver2/msg/detail/custom_point__rosidl_typesupport_fastrtps_cpp.hpp
-- Installing: /data/fastlio_baseline/workspaces/b0/install/livox_ros_driver2/include/livox_ros_driver2/livox_ros_driver2/msg/detail/dds_fastrtps
-- Installing: /data/fastlio_baseline/workspaces/b0/install/livox_ros_driver2/lib/liblivox_ros_driver2__rosidl_typesupport_fastrtps_cpp.so
-- Set runtime path of "/data/fastlio_baseline/workspaces/b0/install/livox_ros_driver2/lib/liblivox_ros_driver2__rosidl_typesupport_fastrtps_cpp.so" to ""
-- Up-to-date: /data/fastlio_baseline/workspaces/b0/install/livox_ros_driver2/include/livox_ros_driver2/livox_ros_driver2
-- Up-to-date: /data/fastlio_baseline/workspaces/b0/install/livox_ros_driver2/include/livox_ros_driver2/livox_ros_driver2/msg
-- Up-to-date: /data/fastlio_baseline/workspaces/b0/install/livox_ros_driver2/include/livox_ros_driver2/livox_ros_driver2/msg/detail
-- Installing: /data/fastlio_baseline/workspaces/b0/install/livox_ros_driver2/include/livox_ros_driver2/livox_ros_driver2/msg/detail/custom_msg__type_support.cpp
-- Installing: /data/fastlio_baseline/workspaces/b0/install/livox_ros_driver2/include/livox_ros_driver2/livox_ros_driver2/msg/detail/custom_point__rosidl_typesupport_introspection_cpp.hpp
-- Installing: /data/fastlio_baseline/workspaces/b0/install/livox_ros_driver2/include/livox_ros_driver2/livox_ros_driver2/msg/detail/custom_msg__rosidl_typesupport_introspection_cpp.hpp
-- Installing: /data/fastlio_baseline/workspaces/b0/install/livox_ros_driver2/include/livox_ros_driver2/livox_ros_driver2/msg/detail/custom_point__type_support.cpp
-- Installing: /data/fastlio_baseline/workspaces/b0/install/livox_ros_driver2/lib/liblivox_ros_driver2__rosidl_typesupport_introspection_cpp.so
-- Set runtime path of "/data/fastlio_baseline/workspaces/b0/install/livox_ros_driver2/lib/liblivox_ros_driver2__rosidl_typesupport_introspection_cpp.so" to ""
-- Installing: /data/fastlio_baseline/workspaces/b0/install/livox_ros_driver2/lib/liblivox_ros_driver2__rosidl_typesupport_cpp.so
-- Set runtime path of "/data/fastlio_baseline/workspaces/b0/install/livox_ros_driver2/lib/liblivox_ros_driver2__rosidl_typesupport_cpp.so" to ""
-- Installing: /data/fastlio_baseline/workspaces/b0/install/livox_ros_driver2/share/livox_ros_driver2/environment/pythonpath.sh
-- Installing: /data/fastlio_baseline/workspaces/b0/install/livox_ros_driver2/share/livox_ros_driver2/environment/pythonpath.dsv
-- Installing: /data/fastlio_baseline/workspaces/b0/install/livox_ros_driver2/local/lib/python3.10/dist-packages/livox_ros_driver2-1.0.0-py3.10.egg-info
-- Installing: /data/fastlio_baseline/workspaces/b0/install/livox_ros_driver2/local/lib/python3.10/dist-packages/livox_ros_driver2-1.0.0-py3.10.egg-info/SOURCES.txt
-- Installing: /data/fastlio_baseline/workspaces/b0/install/livox_ros_driver2/local/lib/python3.10/dist-packages/livox_ros_driver2-1.0.0-py3.10.egg-info/top_level.txt
-- Installing: /data/fastlio_baseline/workspaces/b0/install/livox_ros_driver2/local/lib/python3.10/dist-packages/livox_ros_driver2-1.0.0-py3.10.egg-info/dependency_links.txt
-- Installing: /data/fastlio_baseline/workspaces/b0/install/livox_ros_driver2/local/lib/python3.10/dist-packages/livox_ros_driver2-1.0.0-py3.10.egg-info/PKG-INFO
-- Installing: /data/fastlio_baseline/workspaces/b0/install/livox_ros_driver2/local/lib/python3.10/dist-packages/livox_ros_driver2
-- Installing: /data/fastlio_baseline/workspaces/b0/install/livox_ros_driver2/local/lib/python3.10/dist-packages/livox_ros_driver2/__init__.py
-- Installing: /data/fastlio_baseline/workspaces/b0/install/livox_ros_driver2/local/lib/python3.10/dist-packages/livox_ros_driver2/_livox_ros_driver2_s.ep.rosidl_typesupport_fastrtps_c.c
-- Installing: /data/fastlio_baseline/workspaces/b0/install/livox_ros_driver2/local/lib/python3.10/dist-packages/livox_ros_driver2/liblivox_interfaces2__rosidl_generator_py.so
-- Installing: /data/fastlio_baseline/workspaces/b0/install/livox_ros_driver2/local/lib/python3.10/dist-packages/livox_ros_driver2/livox_ros_driver2_s__rosidl_typesupport_introspection_c.cpython-310-x86_64-linux-gnu.so
-- Installing: /data/fastlio_baseline/workspaces/b0/install/livox_ros_driver2/local/lib/python3.10/dist-packages/livox_ros_driver2/_livox_ros_driver2_s.ep.rosidl_typesupport_c.c
-- Installing: /data/fastlio_baseline/workspaces/b0/install/livox_ros_driver2/local/lib/python3.10/dist-packages/livox_ros_driver2/_livox_ros_driver2_s.ep.rosidl_typesupport_introspection_c.c
-- Installing: /data/fastlio_baseline/workspaces/b0/install/livox_ros_driver2/local/lib/python3.10/dist-packages/livox_ros_driver2/livox_ros_driver2_s__rosidl_typesupport_c.cpython-310-x86_64-linux-gnu.so
-- Installing: /data/fastlio_baseline/workspaces/b0/install/livox_ros_driver2/local/lib/python3.10/dist-packages/livox_ros_driver2/livox_ros_driver2_s__rosidl_typesupport_fastrtps_c.cpython-310-x86_64-linux-gnu.so
-- Installing: /data/fastlio_baseline/workspaces/b0/install/livox_ros_driver2/local/lib/python3.10/dist-packages/livox_ros_driver2/msg
-- Installing: /data/fastlio_baseline/workspaces/b0/install/livox_ros_driver2/local/lib/python3.10/dist-packages/livox_ros_driver2/msg/__init__.py
-- Installing: /data/fastlio_baseline/workspaces/b0/install/livox_ros_driver2/local/lib/python3.10/dist-packages/livox_ros_driver2/msg/_custom_msg_s.c
-- Installing: /data/fastlio_baseline/workspaces/b0/install/livox_ros_driver2/local/lib/python3.10/dist-packages/livox_ros_driver2/msg/_custom_point_s.c
-- Installing: /data/fastlio_baseline/workspaces/b0/install/livox_ros_driver2/local/lib/python3.10/dist-packages/livox_ros_driver2/msg/_custom_point.py
-- Installing: /data/fastlio_baseline/workspaces/b0/install/livox_ros_driver2/local/lib/python3.10/dist-packages/livox_ros_driver2/msg/_custom_msg.py
Listing '/data/fastlio_baseline/workspaces/b0/install/livox_ros_driver2/local/lib/python3.10/dist-packages/livox_ros_driver2'...
Compiling '/data/fastlio_baseline/workspaces/b0/install/livox_ros_driver2/local/lib/python3.10/dist-packages/livox_ros_driver2/__init__.py'...
Listing '/data/fastlio_baseline/workspaces/b0/install/livox_ros_driver2/local/lib/python3.10/dist-packages/livox_ros_driver2/msg'...
Compiling '/data/fastlio_baseline/workspaces/b0/install/livox_ros_driver2/local/lib/python3.10/dist-packages/livox_ros_driver2/msg/__init__.py'...
Compiling '/data/fastlio_baseline/workspaces/b0/install/livox_ros_driver2/local/lib/python3.10/dist-packages/livox_ros_driver2/msg/_custom_msg.py'...
Compiling '/data/fastlio_baseline/workspaces/b0/install/livox_ros_driver2/local/lib/python3.10/dist-packages/livox_ros_driver2/msg/_custom_point.py'...
-- Installing: /data/fastlio_baseline/workspaces/b0/install/livox_ros_driver2/local/lib/python3.10/dist-packages/livox_ros_driver2/livox_ros_driver2_s__rosidl_typesupport_fastrtps_c.cpython-310-x86_64-linux-gnu.so
-- Set runtime path of "/data/fastlio_baseline/workspaces/b0/install/livox_ros_driver2/local/lib/python3.10/dist-packages/livox_ros_driver2/livox_ros_driver2_s__rosidl_typesupport_fastrtps_c.cpython-310-x86_64-linux-gnu.so" to ""
-- Installing: /data/fastlio_baseline/workspaces/b0/install/livox_ros_driver2/local/lib/python3.10/dist-packages/livox_ros_driver2/livox_ros_driver2_s__rosidl_typesupport_introspection_c.cpython-310-x86_64-linux-gnu.so
-- Set runtime path of "/data/fastlio_baseline/workspaces/b0/install/livox_ros_driver2/local/lib/python3.10/dist-packages/livox_ros_driver2/livox_ros_driver2_s__rosidl_typesupport_introspection_c.cpython-310-x86_64-linux-gnu.so" to ""
-- Installing: /data/fastlio_baseline/workspaces/b0/install/livox_ros_driver2/local/lib/python3.10/dist-packages/livox_ros_driver2/livox_ros_driver2_s__rosidl_typesupport_c.cpython-310-x86_64-linux-gnu.so
-- Set runtime path of "/data/fastlio_baseline/workspaces/b0/install/livox_ros_driver2/local/lib/python3.10/dist-packages/livox_ros_driver2/livox_ros_driver2_s__rosidl_typesupport_c.cpython-310-x86_64-linux-gnu.so" to ""
-- Installing: /data/fastlio_baseline/workspaces/b0/install/livox_ros_driver2/lib/liblivox_interfaces2__rosidl_generator_py.so
-- Set runtime path of "/data/fastlio_baseline/workspaces/b0/install/livox_ros_driver2/lib/liblivox_interfaces2__rosidl_generator_py.so" to ""
-- Installing: /data/fastlio_baseline/workspaces/b0/install/livox_ros_driver2/share/ament_index/resource_index/rust_packages/livox_ros_driver2
-- Installing: /data/fastlio_baseline/workspaces/b0/install/livox_ros_driver2/share/livox_ros_driver2/rust
-- Installing: /data/fastlio_baseline/workspaces/b0/install/livox_ros_driver2/share/livox_ros_driver2/rust/src
-- Installing: /data/fastlio_baseline/workspaces/b0/install/livox_ros_driver2/share/livox_ros_driver2/rust/src/lib.rs
-- Installing: /data/fastlio_baseline/workspaces/b0/install/livox_ros_driver2/share/livox_ros_driver2/rust/src/msg
-- Installing: /data/fastlio_baseline/workspaces/b0/install/livox_ros_driver2/share/livox_ros_driver2/rust/src/msg/rmw.rs
-- Installing: /data/fastlio_baseline/workspaces/b0/install/livox_ros_driver2/share/livox_ros_driver2/rust/src/msg.rs
-- Installing: /data/fastlio_baseline/workspaces/b0/install/livox_ros_driver2/share/livox_ros_driver2/rust/Cargo.toml
-- Installing: /data/fastlio_baseline/workspaces/b0/install/livox_ros_driver2/share/livox_ros_driver2/rust/build.rs
-- Installing: /data/fastlio_baseline/workspaces/b0/install/livox_ros_driver2/share/livox_ros_driver2/msg/CustomPoint.idl
-- Installing: /data/fastlio_baseline/workspaces/b0/install/livox_ros_driver2/share/livox_ros_driver2/msg/CustomMsg.idl
-- Installing: /data/fastlio_baseline/workspaces/b0/install/livox_ros_driver2/share/livox_ros_driver2/msg/CustomPoint.msg
-- Installing: /data/fastlio_baseline/workspaces/b0/install/livox_ros_driver2/share/livox_ros_driver2/msg/CustomMsg.msg
-- Installing: /data/fastlio_baseline/workspaces/b0/install/livox_ros_driver2/lib/livox_ros_driver2/livox_ros_driver2_node
-- Set runtime path of "/data/fastlio_baseline/workspaces/b0/install/livox_ros_driver2/lib/livox_ros_driver2/livox_ros_driver2_node" to ""
-- Installing: /data/fastlio_baseline/workspaces/b0/install/livox_ros_driver2/lib/liblivox_ros_driver2.so
-- Set runtime path of "/data/fastlio_baseline/workspaces/b0/install/livox_ros_driver2/lib/liblivox_ros_driver2.so" to ""
-- Installing: /data/fastlio_baseline/workspaces/b0/install/livox_ros_driver2/share/livox_ros_driver2/config
-- Installing: /data/fastlio_baseline/workspaces/b0/install/livox_ros_driver2/share/livox_ros_driver2/config/HAP_config.json
-- Installing: /data/fastlio_baseline/workspaces/b0/install/livox_ros_driver2/share/livox_ros_driver2/config/display_point_cloud_ROS1.rviz
-- Installing: /data/fastlio_baseline/workspaces/b0/install/livox_ros_driver2/share/livox_ros_driver2/config/MID360_config.json
-- Installing: /data/fastlio_baseline/workspaces/b0/install/livox_ros_driver2/share/livox_ros_driver2/config/mixed_HAP_MID360_config.json
-- Installing: /data/fastlio_baseline/workspaces/b0/install/livox_ros_driver2/share/livox_ros_driver2/config/display_point_cloud_ROS2.rviz
-- Installing: /data/fastlio_baseline/workspaces/b0/install/livox_ros_driver2/share/livox_ros_driver2/config/MID360s_config.json
-- Installing: /data/fastlio_baseline/workspaces/b0/install/livox_ros_driver2/share/livox_ros_driver2/launch_ROS2
-- Installing: /data/fastlio_baseline/workspaces/b0/install/livox_ros_driver2/share/livox_ros_driver2/launch_ROS2/msg_MID360_launch.py
-- Installing: /data/fastlio_baseline/workspaces/b0/install/livox_ros_driver2/share/livox_ros_driver2/launch_ROS2/rviz_MID360_launch.py
-- Installing: /data/fastlio_baseline/workspaces/b0/install/livox_ros_driver2/share/livox_ros_driver2/launch_ROS2/rviz_MID360s_launch.py
-- Installing: /data/fastlio_baseline/workspaces/b0/install/livox_ros_driver2/share/livox_ros_driver2/launch_ROS2/rviz_mixed.py
-- Installing: /data/fastlio_baseline/workspaces/b0/install/livox_ros_driver2/share/livox_ros_driver2/launch_ROS2/rviz_HAP_launch.py
-- Installing: /data/fastlio_baseline/workspaces/b0/install/livox_ros_driver2/share/livox_ros_driver2/launch_ROS2/msg_HAP_launch.py
-- Installing: /data/fastlio_baseline/workspaces/b0/install/livox_ros_driver2/share/livox_ros_driver2/launch_ROS2/msg_MID360s_launch.py
-- Installing: /data/fastlio_baseline/workspaces/b0/install/livox_ros_driver2/share/ament_index/resource_index/package_run_dependencies/livox_ros_driver2
-- Installing: /data/fastlio_baseline/workspaces/b0/install/livox_ros_driver2/share/ament_index/resource_index/parent_prefix_path/livox_ros_driver2
-- Installing: /data/fastlio_baseline/workspaces/b0/install/livox_ros_driver2/share/livox_ros_driver2/environment/ament_prefix_path.sh
-- Installing: /data/fastlio_baseline/workspaces/b0/install/livox_ros_driver2/share/livox_ros_driver2/environment/ament_prefix_path.dsv
-- Installing: /data/fastlio_baseline/workspaces/b0/install/livox_ros_driver2/share/livox_ros_driver2/environment/path.sh
-- Installing: /data/fastlio_baseline/workspaces/b0/install/livox_ros_driver2/share/livox_ros_driver2/environment/path.dsv
-- Installing: /data/fastlio_baseline/workspaces/b0/install/livox_ros_driver2/share/livox_ros_driver2/local_setup.bash
-- Installing: /data/fastlio_baseline/workspaces/b0/install/livox_ros_driver2/share/livox_ros_driver2/local_setup.sh
-- Installing: /data/fastlio_baseline/workspaces/b0/install/livox_ros_driver2/share/livox_ros_driver2/local_setup.zsh
-- Installing: /data/fastlio_baseline/workspaces/b0/install/livox_ros_driver2/share/livox_ros_driver2/local_setup.dsv
-- Installing: /data/fastlio_baseline/workspaces/b0/install/livox_ros_driver2/share/livox_ros_driver2/package.dsv
-- Installing: /data/fastlio_baseline/workspaces/b0/install/livox_ros_driver2/share/ament_index/resource_index/packages/livox_ros_driver2
-- Installing: /data/fastlio_baseline/workspaces/b0/install/livox_ros_driver2/share/ament_index/resource_index/rclcpp_components/livox_ros_driver2
-- Installing: /data/fastlio_baseline/workspaces/b0/install/livox_ros_driver2/share/livox_ros_driver2/cmake/export_livox_interfaces2__rosidl_generator_cExport.cmake
-- Installing: /data/fastlio_baseline/workspaces/b0/install/livox_ros_driver2/share/livox_ros_driver2/cmake/export_livox_interfaces2__rosidl_generator_cExport-release.cmake
-- Installing: /data/fastlio_baseline/workspaces/b0/install/livox_ros_driver2/share/livox_ros_driver2/cmake/export_livox_interfaces2__rosidl_typesupport_fastrtps_cExport.cmake
-- Installing: /data/fastlio_baseline/workspaces/b0/install/livox_ros_driver2/share/livox_ros_driver2/cmake/export_livox_interfaces2__rosidl_typesupport_fastrtps_cExport-release.cmake
-- Installing: /data/fastlio_baseline/workspaces/b0/install/livox_ros_driver2/share/livox_ros_driver2/cmake/livox_interfaces2__rosidl_typesupport_introspection_cExport.cmake
-- Installing: /data/fastlio_baseline/workspaces/b0/install/livox_ros_driver2/share/livox_ros_driver2/cmake/livox_interfaces2__rosidl_typesupport_introspection_cExport-release.cmake
-- Installing: /data/fastlio_baseline/workspaces/b0/install/livox_ros_driver2/share/livox_ros_driver2/cmake/livox_interfaces2__rosidl_typesupport_cExport.cmake
-- Installing: /data/fastlio_baseline/workspaces/b0/install/livox_ros_driver2/share/livox_ros_driver2/cmake/livox_interfaces2__rosidl_typesupport_cExport-release.cmake
-- Installing: /data/fastlio_baseline/workspaces/b0/install/livox_ros_driver2/share/livox_ros_driver2/cmake/export_livox_interfaces2__rosidl_generator_cppExport.cmake
-- Installing: /data/fastlio_baseline/workspaces/b0/install/livox_ros_driver2/share/livox_ros_driver2/cmake/export_livox_interfaces2__rosidl_typesupport_fastrtps_cppExport.cmake
-- Installing: /data/fastlio_baseline/workspaces/b0/install/livox_ros_driver2/share/livox_ros_driver2/cmake/export_livox_interfaces2__rosidl_typesupport_fastrtps_cppExport-release.cmake
-- Installing: /data/fastlio_baseline/workspaces/b0/install/livox_ros_driver2/share/livox_ros_driver2/cmake/livox_interfaces2__rosidl_typesupport_introspection_cppExport.cmake
-- Installing: /data/fastlio_baseline/workspaces/b0/install/livox_ros_driver2/share/livox_ros_driver2/cmake/livox_interfaces2__rosidl_typesupport_introspection_cppExport-release.cmake
-- Installing: /data/fastlio_baseline/workspaces/b0/install/livox_ros_driver2/share/livox_ros_driver2/cmake/livox_interfaces2__rosidl_typesupport_cppExport.cmake
-- Installing: /data/fastlio_baseline/workspaces/b0/install/livox_ros_driver2/share/livox_ros_driver2/cmake/livox_interfaces2__rosidl_typesupport_cppExport-release.cmake
-- Installing: /data/fastlio_baseline/workspaces/b0/install/livox_ros_driver2/share/livox_ros_driver2/cmake/export_livox_interfaces2__rosidl_generator_pyExport.cmake
-- Installing: /data/fastlio_baseline/workspaces/b0/install/livox_ros_driver2/share/livox_ros_driver2/cmake/export_livox_interfaces2__rosidl_generator_pyExport-release.cmake
-- Installing: /data/fastlio_baseline/workspaces/b0/install/livox_ros_driver2/share/livox_ros_driver2/cmake/rosidl_cmake-extras.cmake
-- Installing: /data/fastlio_baseline/workspaces/b0/install/livox_ros_driver2/share/livox_ros_driver2/cmake/ament_cmake_export_dependencies-extras.cmake
-- Installing: /data/fastlio_baseline/workspaces/b0/install/livox_ros_driver2/share/livox_ros_driver2/cmake/ament_cmake_export_include_directories-extras.cmake
-- Installing: /data/fastlio_baseline/workspaces/b0/install/livox_ros_driver2/share/livox_ros_driver2/cmake/ament_cmake_export_libraries-extras.cmake
-- Installing: /data/fastlio_baseline/workspaces/b0/install/livox_ros_driver2/share/livox_ros_driver2/cmake/ament_cmake_export_targets-extras.cmake
-- Installing: /data/fastlio_baseline/workspaces/b0/install/livox_ros_driver2/share/livox_ros_driver2/cmake/rosidl_cmake_export_typesupport_targets-extras.cmake
-- Installing: /data/fastlio_baseline/workspaces/b0/install/livox_ros_driver2/share/livox_ros_driver2/cmake/rosidl_cmake_export_typesupport_libraries-extras.cmake
-- Installing: /data/fastlio_baseline/workspaces/b0/install/livox_ros_driver2/share/livox_ros_driver2/cmake/livox_ros_driver2Config.cmake
-- Installing: /data/fastlio_baseline/workspaces/b0/install/livox_ros_driver2/share/livox_ros_driver2/cmake/livox_ros_driver2Config-version.cmake
-- Installing: /data/fastlio_baseline/workspaces/b0/install/livox_ros_driver2/share/livox_ros_driver2/package.xml
Finished <<< livox_ros_driver2 [8.67s]
Starting >>> fast_lio
-- The C compiler identification is GNU 11.4.0
-- The CXX compiler identification is GNU 11.4.0
-- Detecting C compiler ABI info
-- Detecting C compiler ABI info - done
-- Check for working C compiler: /usr/bin/cc - skipped
-- Detecting C compile features
-- Detecting C compile features - done
-- Detecting CXX compiler ABI info
-- Detecting CXX compiler ABI info - done
-- Check for working CXX compiler: /usr/bin/c++ - skipped
-- Detecting CXX compile features
-- Detecting CXX compile features - done
Current CPU archtecture: x86_64
Processer number:  20
core for MP: 3
-- Found PythonLibs: /usr/lib/x86_64-linux-gnu/libpython3.10.so (found version "3.10.12") 
-- Found ament_cmake: 1.3.14 (/opt/ros/humble/share/ament_cmake/cmake)
-- Found Python3: /usr/bin/python3 (found version "3.10.12") found components: Interpreter 
-- Found rclcpp: 16.0.19 (/opt/ros/humble/share/rclcpp/cmake)
-- Found rosidl_generator_c: 3.1.8 (/opt/ros/humble/share/rosidl_generator_c/cmake)
-- Found rosidl_adapter: 3.1.8 (/opt/ros/humble/share/rosidl_adapter/cmake)
-- Found rosidl_generator_cpp: 3.1.8 (/opt/ros/humble/share/rosidl_generator_cpp/cmake)
-- Using all available rosidl_typesupport_c: rosidl_typesupport_fastrtps_c;rosidl_typesupport_introspection_c
-- Using all available rosidl_typesupport_cpp: rosidl_typesupport_fastrtps_cpp;rosidl_typesupport_introspection_cpp
-- Found rmw_implementation_cmake: 6.1.2 (/opt/ros/humble/share/rmw_implementation_cmake/cmake)
-- Found rmw_fastrtps_cpp: 6.2.10 (/opt/ros/humble/share/rmw_fastrtps_cpp/cmake)
-- Found OpenSSL: /usr/lib/x86_64-linux-gnu/libcrypto.so (found version "3.0.2")  
-- Found FastRTPS: /opt/ros/humble/include  
-- Using RMW implementation 'rmw_fastrtps_cpp' as default
-- Looking for pthread.h
-- Looking for pthread.h - found
-- Performing Test CMAKE_HAVE_LIBC_PTHREAD
-- Performing Test CMAKE_HAVE_LIBC_PTHREAD - Success
-- Found Threads: TRUE  
-- Found rclcpp_components: 16.0.19 (/opt/ros/humble/share/rclcpp_components/cmake)
-- Found geometry_msgs: 4.9.1 (/opt/ros/humble/share/geometry_msgs/cmake)
-- Found nav_msgs: 4.9.1 (/opt/ros/humble/share/nav_msgs/cmake)
-- Found sensor_msgs: 4.9.1 (/opt/ros/humble/share/sensor_msgs/cmake)
-- Found std_srvs: 4.9.1 (/opt/ros/humble/share/std_srvs/cmake)
-- Found visualization_msgs: 4.9.1 (/opt/ros/humble/share/visualization_msgs/cmake)
-- Found pcl_ros: 2.4.5 (/opt/ros/humble/share/pcl_ros/cmake)
-- Checking for module 'eigen3'
--   Found eigen3, version 3.4.0
-- Found Eigen: /usr/include/eigen3 (Required is at least version "3.1") 
-- Eigen found (include: /usr/include/eigen3, version: 3.4.0)
-- Checking for module 'flann'
--   Found flann, version 1.9.1
-- Found FLANN: /usr/lib/x86_64-linux-gnu/libflann_cpp.so  
-- FLANN found (include: /usr/include, lib: /usr/lib/x86_64-linux-gnu/libflann_cpp.so)
-- Checking for module 'libusb-1.0'
--   Found libusb-1.0, version 1.0.25
-- Found libusb: /usr/lib/x86_64-linux-gnu/libusb-1.0.so  
-- OpenNI found (version: 1.5.4.0, include: /usr/include/ni, lib: /usr/lib/libOpenNI.so;libusb::libusb)
-- OpenNI2 found (version: 2.2.0.33, include: /usr/include/openni2, lib: /usr/lib/x86_64-linux-gnu/libOpenNI2.so;libusb::libusb)
-- Eigen found (include: /usr/include/eigen3, version: 3.4.0)
-- OpenNI found (version: 1.5.4.0, include: /usr/include/ni, lib: /usr/lib/libOpenNI.so;libusb::libusb)
-- OpenNI2 found (version: 2.2.0.33, include: /usr/include/openni2, lib: /usr/lib/x86_64-linux-gnu/libOpenNI2.so;libusb::libusb)
-- Found Qhull version 8.0.2
-- OpenNI found (version: 1.5.4.0, include: /usr/include/ni, lib: /usr/lib/libOpenNI.so;libusb::libusb)
-- Found PCL_COMMON: /usr/lib/x86_64-linux-gnu/libpcl_common.so  
-- Found PCL_KDTREE: /usr/lib/x86_64-linux-gnu/libpcl_kdtree.so  
-- Found PCL_OCTREE: /usr/lib/x86_64-linux-gnu/libpcl_octree.so  
-- Found PCL_SEARCH: /usr/lib/x86_64-linux-gnu/libpcl_search.so  
-- Found PCL_SAMPLE_CONSENSUS: /usr/lib/x86_64-linux-gnu/libpcl_sample_consensus.so  
-- Found PCL_FILTERS: /usr/lib/x86_64-linux-gnu/libpcl_filters.so  
-- Found PCL_2D: /usr/include/pcl-1.12  
-- Found PCL_GEOMETRY: /usr/include/pcl-1.12  
-- Found PCL_IO: /usr/lib/x86_64-linux-gnu/libpcl_io.so  
-- Found PCL_FEATURES: /usr/lib/x86_64-linux-gnu/libpcl_features.so  
-- Found PCL_ML: /usr/lib/x86_64-linux-gnu/libpcl_ml.so  
-- Found PCL_SEGMENTATION: /usr/lib/x86_64-linux-gnu/libpcl_segmentation.so  
-- Found PCL_VISUALIZATION: /usr/lib/x86_64-linux-gnu/libpcl_visualization.so  
-- Found PCL_SURFACE: /usr/lib/x86_64-linux-gnu/libpcl_surface.so  
-- Found PCL_REGISTRATION: /usr/lib/x86_64-linux-gnu/libpcl_registration.so  
-- Found PCL_KEYPOINTS: /usr/lib/x86_64-linux-gnu/libpcl_keypoints.so  
-- Found PCL_TRACKING: /usr/lib/x86_64-linux-gnu/libpcl_tracking.so  
-- Found PCL_RECOGNITION: /usr/lib/x86_64-linux-gnu/libpcl_recognition.so  
-- Found PCL_STEREO: /usr/lib/x86_64-linux-gnu/libpcl_stereo.so  
-- Found PCL_APPS: /usr/lib/x86_64-linux-gnu/libpcl_apps.so  
-- Found PCL_IN_HAND_SCANNER: /usr/include/pcl-1.12  
-- Found PCL_MODELER: /usr/include/pcl-1.12  
-- Found PCL_POINT_CLOUD_EDITOR: /usr/include/pcl-1.12  
-- Found PCL_OUTOFCORE: /usr/lib/x86_64-linux-gnu/libpcl_outofcore.so  
-- Found PCL_PEOPLE: /usr/lib/x86_64-linux-gnu/libpcl_people.so  
-- Found eigen3_cmake_module: 0.1.1 (/opt/ros/humble/share/eigen3_cmake_module/cmake)
-- Found Eigen3: TRUE (found version "3.4.0") 
-- Ensuring Eigen3 include directory is part of orocos-kdl CMake target
-- Found livox_ros_driver2: 1.0.0 (/data/fastlio_baseline/workspaces/b0/install/livox_ros_driver2/share/livox_ros_driver2/cmake)
-- Found rosidl_default_generators: 1.2.1 (/opt/ros/humble/share/rosidl_default_generators/cmake)
CMake Warning (dev) at CMakeLists.txt:81 (find_package):
  Policy CMP0074 is not set: find_package uses <PackageName>_ROOT variables.
  Run "cmake --help-policy CMP0074" for policy details.  Use the cmake_policy
  command to set the policy and suppress this warning.

  CMake variable PCL_ROOT is set to:

    /usr

  For compatibility, CMake is ignoring the variable.
This warning is for project developers.  Use -Wno-dev to suppress it.

Eigen:/usr/include/eigen3
-- PCL: /usr/include/pcl-1.12
-- Found ament_cmake_ros: 0.10.0 (/opt/ros/humble/share/ament_cmake_ros/cmake)
-- Using all available rosidl_typesupport_c: rosidl_typesupport_fastrtps_c;rosidl_typesupport_introspection_c
-- Using all available rosidl_typesupport_cpp: rosidl_typesupport_fastrtps_cpp;rosidl_typesupport_introspection_cpp
-- Found PythonInterp: /usr/bin/python3 (found suitable version "3.10.12", minimum required is "3.6") 
-- Found python_cmake_module: 0.10.0 (/opt/ros/humble/share/python_cmake_module/cmake)
-- Found PythonLibs: /usr/lib/x86_64-linux-gnu/libpython3.10.so (found suitable version "3.10.12", minimum required is "3.5") 
-- Using PYTHON_EXECUTABLE: /usr/bin/python3
-- Using PYTHON_INCLUDE_DIRS: /usr/include/python3.10
-- Using PYTHON_LIBRARIES: /usr/lib/x86_64-linux-gnu/libpython3.10.so
-- Found PythonExtra: .so  
-- Configuring done
-- Generating done
CMake Warning:
  Manually-specified variables were not used by the project:

    DISTRO_ROS
    ROS_EDITION


-- Build files have been written to: /data/fastlio_baseline/workspaces/b0/build/fast_lio
[  2%] Generating C code for ROS interfaces
[  5%] Generating Rust code for ROS interfaces
[  8%] Generating C++ code for ROS interfaces
[  8%] Built target ament_cmake_python_copy_fast_lio
running egg_info
creating fast_lio.egg-info
writing fast_lio.egg-info/PKG-INFO
writing dependency_links to fast_lio.egg-info/dependency_links.txt
writing top-level names to fast_lio.egg-info/top_level.txt
writing manifest file 'fast_lio.egg-info/SOURCES.txt'
reading manifest file 'fast_lio.egg-info/SOURCES.txt'
writing manifest file 'fast_lio.egg-info/SOURCES.txt'
[  8%] Built target ament_cmake_python_build_fast_lio_egg
[  8%] Built target fast_lio__rs
[ 11%] Building C object CMakeFiles/fast_lio__rosidl_generator_c.dir/rosidl_generator_c/fast_lio/msg/detail/pose6_d__functions.c.o
[ 11%] Built target fast_lio__cpp
[ 16%] Generating C++ type support for eProsima Fast-RTPS
[ 16%] Generating C++ introspection for ROS interfaces
[ 19%] Generating C++ type support dispatch for ROS interfaces
[ 22%] Linking C shared library libfast_lio__rosidl_generator_c.so
[ 22%] Built target fast_lio__rosidl_generator_c
[ 25%] Generating C introspection for ROS interfaces
[ 27%] Generating C type support for eProsima Fast-RTPS
[ 30%] Generating C type support dispatch for ROS interfaces
[ 33%] Building CXX object CMakeFiles/fast_lio__rosidl_typesupport_cpp.dir/rosidl_typesupport_cpp/fast_lio/msg/pose6_d__type_support.cpp.o
[ 36%] Building CXX object CMakeFiles/fast_lio__rosidl_typesupport_introspection_cpp.dir/rosidl_typesupport_introspection_cpp/fast_lio/msg/detail/pose6_d__type_support.cpp.o
[ 38%] Building CXX object CMakeFiles/fast_lio__rosidl_typesupport_fastrtps_cpp.dir/rosidl_typesupport_fastrtps_cpp/fast_lio/msg/detail/dds_fastrtps/pose6_d__type_support.cpp.o
[ 41%] Building CXX object CMakeFiles/fast_lio__rosidl_typesupport_c.dir/rosidl_typesupport_c/fast_lio/msg/pose6_d__type_support.cpp.o
[ 44%] Building C object CMakeFiles/fast_lio__rosidl_typesupport_introspection_c.dir/rosidl_typesupport_introspection_c/fast_lio/msg/detail/pose6_d__type_support.c.o
[ 47%] Building CXX object CMakeFiles/fast_lio__rosidl_typesupport_fastrtps_c.dir/rosidl_typesupport_fastrtps_c/fast_lio/msg/detail/pose6_d__type_support_c.cpp.o
[ 50%] Linking CXX shared library libfast_lio__rosidl_typesupport_c.so
[ 50%] Built target fast_lio__rosidl_typesupport_c
[ 52%] Linking C shared library libfast_lio__rosidl_typesupport_introspection_c.so
[ 52%] Built target fast_lio__rosidl_typesupport_introspection_c
[ 55%] Linking CXX shared library libfast_lio__rosidl_typesupport_cpp.so
[ 55%] Built target fast_lio__rosidl_typesupport_cpp
[ 63%] Building CXX object CMakeFiles/fastlio_mapping.dir/src/preprocess.cpp.o
[ 63%] Building CXX object CMakeFiles/fastlio_mapping.dir/src/laserMapping.cpp.o
[ 63%] Building CXX object CMakeFiles/fastlio_mapping.dir/include/ikd-Tree/ikd_Tree.cpp.o
[ 66%] Linking CXX shared library libfast_lio__rosidl_typesupport_introspection_cpp.so
[ 69%] Linking CXX shared library libfast_lio__rosidl_typesupport_fastrtps_cpp.so
[ 69%] Built target fast_lio__rosidl_typesupport_introspection_cpp
[ 72%] Linking CXX shared library libfast_lio__rosidl_typesupport_fastrtps_c.so
[ 72%] Built target fast_lio__rosidl_typesupport_fastrtps_cpp
[ 72%] Built target fast_lio__rosidl_typesupport_fastrtps_c
[ 72%] Built target fast_lio
[ 75%] Generating Python code for ROS interfaces
[ 75%] Built target fast_lio__py
[ 77%] Building C object CMakeFiles/fast_lio__rosidl_generator_py.dir/rosidl_generator_py/fast_lio/msg/_pose6_d_s.c.o
[ 80%] Linking C shared library rosidl_generator_py/fast_lio/libfast_lio__rosidl_generator_py.so
[ 80%] Built target fast_lio__rosidl_generator_py
[ 86%] Building C object CMakeFiles/fast_lio__rosidl_typesupport_introspection_c__pyext.dir/rosidl_generator_py/fast_lio/_fast_lio_s.ep.rosidl_typesupport_introspection_c.c.o
[ 86%] Building C object CMakeFiles/fast_lio__rosidl_typesupport_fastrtps_c__pyext.dir/rosidl_generator_py/fast_lio/_fast_lio_s.ep.rosidl_typesupport_fastrtps_c.c.o
[ 88%] Building C object CMakeFiles/fast_lio__rosidl_typesupport_c__pyext.dir/rosidl_generator_py/fast_lio/_fast_lio_s.ep.rosidl_typesupport_c.c.o
[ 91%] Linking C shared library rosidl_generator_py/fast_lio/fast_lio_s__rosidl_typesupport_c.cpython-310-x86_64-linux-gnu.so
[ 94%] Linking C shared library rosidl_generator_py/fast_lio/fast_lio_s__rosidl_typesupport_fastrtps_c.cpython-310-x86_64-linux-gnu.so
[ 97%] Linking C shared library rosidl_generator_py/fast_lio/fast_lio_s__rosidl_typesupport_introspection_c.cpython-310-x86_64-linux-gnu.so
[ 97%] Built target fast_lio__rosidl_typesupport_c__pyext
[ 97%] Built target fast_lio__rosidl_typesupport_fastrtps_c__pyext
[ 97%] Built target fast_lio__rosidl_typesupport_introspection_c__pyext
In file included from /usr/include/boost/smart_ptr/detail/sp_thread_sleep.hpp:22,
                 from /usr/include/boost/smart_ptr/detail/yield_k.hpp:23,
                 from /usr/include/boost/smart_ptr/detail/spinlock_gcc_atomic.hpp:14,
                 from /usr/include/boost/smart_ptr/detail/spinlock.hpp:42,
                 from /usr/include/boost/smart_ptr/detail/spinlock_pool.hpp:25,
                 from /usr/include/boost/smart_ptr/shared_ptr.hpp:29,
                 from /usr/include/boost/shared_ptr.hpp:17,
                 from /usr/include/boost/date_time/microsec_time_clock.hpp:18,
                 from /usr/include/boost/interprocess/detail/posix_time_types_wrk.hpp:31,
                 from /usr/include/boost/interprocess/detail/os_thread_functions.hpp:36,
                 from /usr/include/boost/interprocess/sync/file_lock.hpp:26,
                 from /usr/include/pcl-1.12/pcl/io/pcd_io.h:46,
                 from /opt/ros/humble/include/pcl_conversions/pcl_conversions/pcl_conversions.h:73,
                 from /data/fastlio_baseline/workspaces/b0/src/fast_lio/src/IMU_Processing.hpp:18,
                 from /data/fastlio_baseline/workspaces/b0/src/fast_lio/src/laserMapping.cpp:47:
/usr/include/boost/bind.hpp:36:1: note: ‘#pragma message: The practice of declaring the Bind placeholders (_1, _2, ...) in the global namespace is deprecated. Please use <boost/bind/bind.hpp> + using namespace boost::placeholders, or define BOOST_BIND_GLOBAL_PLACEHOLDERS to retain the current behavior.’
   36 | BOOST_PRAGMA_MESSAGE(
      | ^~~~~~~~~~~~~~~~~~~~
[100%] Linking CXX executable fastlio_mapping
[Processing: fast_lio]
[100%] Built target fastlio_mapping
-- Install configuration: "Release"
-- Installing: /data/fastlio_baseline/workspaces/b0/install/fast_lio/share/ament_index/resource_index/rosidl_interfaces/fast_lio
-- Installing: /data/fastlio_baseline/workspaces/b0/install/fast_lio/include/fast_lio/fast_lio
-- Installing: /data/fastlio_baseline/workspaces/b0/install/fast_lio/include/fast_lio/fast_lio/msg
-- Installing: /data/fastlio_baseline/workspaces/b0/install/fast_lio/include/fast_lio/fast_lio/msg/rosidl_generator_c__visibility_control.h
-- Installing: /data/fastlio_baseline/workspaces/b0/install/fast_lio/include/fast_lio/fast_lio/msg/detail
-- Installing: /data/fastlio_baseline/workspaces/b0/install/fast_lio/include/fast_lio/fast_lio/msg/detail/pose6_d__struct.h
-- Installing: /data/fastlio_baseline/workspaces/b0/install/fast_lio/include/fast_lio/fast_lio/msg/detail/pose6_d__functions.c
-- Installing: /data/fastlio_baseline/workspaces/b0/install/fast_lio/include/fast_lio/fast_lio/msg/detail/pose6_d__functions.h
-- Installing: /data/fastlio_baseline/workspaces/b0/install/fast_lio/include/fast_lio/fast_lio/msg/detail/pose6_d__type_support.h
-- Installing: /data/fastlio_baseline/workspaces/b0/install/fast_lio/include/fast_lio/fast_lio/msg/pose6_d.h
-- Installing: /data/fastlio_baseline/workspaces/b0/install/fast_lio/share/fast_lio/environment/library_path.sh
-- Installing: /data/fastlio_baseline/workspaces/b0/install/fast_lio/share/fast_lio/environment/library_path.dsv
-- Installing: /data/fastlio_baseline/workspaces/b0/install/fast_lio/lib/libfast_lio__rosidl_generator_c.so
-- Set runtime path of "/data/fastlio_baseline/workspaces/b0/install/fast_lio/lib/libfast_lio__rosidl_generator_c.so" to ""
-- Up-to-date: /data/fastlio_baseline/workspaces/b0/install/fast_lio/include/fast_lio/fast_lio
-- Up-to-date: /data/fastlio_baseline/workspaces/b0/install/fast_lio/include/fast_lio/fast_lio/msg
-- Up-to-date: /data/fastlio_baseline/workspaces/b0/install/fast_lio/include/fast_lio/fast_lio/msg/detail
-- Installing: /data/fastlio_baseline/workspaces/b0/install/fast_lio/include/fast_lio/fast_lio/msg/detail/pose6_d__rosidl_typesupport_fastrtps_c.h
-- Installing: /data/fastlio_baseline/workspaces/b0/install/fast_lio/include/fast_lio/fast_lio/msg/rosidl_typesupport_fastrtps_c__visibility_control.h
-- Installing: /data/fastlio_baseline/workspaces/b0/install/fast_lio/lib/libfast_lio__rosidl_typesupport_fastrtps_c.so
-- Set runtime path of "/data/fastlio_baseline/workspaces/b0/install/fast_lio/lib/libfast_lio__rosidl_typesupport_fastrtps_c.so" to ""
-- Up-to-date: /data/fastlio_baseline/workspaces/b0/install/fast_lio/include/fast_lio/fast_lio
-- Up-to-date: /data/fastlio_baseline/workspaces/b0/install/fast_lio/include/fast_lio/fast_lio/msg
-- Installing: /data/fastlio_baseline/workspaces/b0/install/fast_lio/include/fast_lio/fast_lio/msg/rosidl_generator_cpp__visibility_control.hpp
-- Up-to-date: /data/fastlio_baseline/workspaces/b0/install/fast_lio/include/fast_lio/fast_lio/msg/detail
-- Installing: /data/fastlio_baseline/workspaces/b0/install/fast_lio/include/fast_lio/fast_lio/msg/detail/pose6_d__builder.hpp
-- Installing: /data/fastlio_baseline/workspaces/b0/install/fast_lio/include/fast_lio/fast_lio/msg/detail/pose6_d__struct.hpp
-- Installing: /data/fastlio_baseline/workspaces/b0/install/fast_lio/include/fast_lio/fast_lio/msg/detail/pose6_d__traits.hpp
-- Installing: /data/fastlio_baseline/workspaces/b0/install/fast_lio/include/fast_lio/fast_lio/msg/detail/pose6_d__type_support.hpp
-- Installing: /data/fastlio_baseline/workspaces/b0/install/fast_lio/include/fast_lio/fast_lio/msg/pose6_d.hpp
-- Up-to-date: /data/fastlio_baseline/workspaces/b0/install/fast_lio/include/fast_lio/fast_lio
-- Up-to-date: /data/fastlio_baseline/workspaces/b0/install/fast_lio/include/fast_lio/fast_lio/msg
-- Installing: /data/fastlio_baseline/workspaces/b0/install/fast_lio/include/fast_lio/fast_lio/msg/rosidl_typesupport_fastrtps_cpp__visibility_control.h
-- Up-to-date: /data/fastlio_baseline/workspaces/b0/install/fast_lio/include/fast_lio/fast_lio/msg/detail
-- Installing: /data/fastlio_baseline/workspaces/b0/install/fast_lio/include/fast_lio/fast_lio/msg/detail/dds_fastrtps
-- Installing: /data/fastlio_baseline/workspaces/b0/install/fast_lio/include/fast_lio/fast_lio/msg/detail/pose6_d__rosidl_typesupport_fastrtps_cpp.hpp
-- Installing: /data/fastlio_baseline/workspaces/b0/install/fast_lio/lib/libfast_lio__rosidl_typesupport_fastrtps_cpp.so
-- Set runtime path of "/data/fastlio_baseline/workspaces/b0/install/fast_lio/lib/libfast_lio__rosidl_typesupport_fastrtps_cpp.so" to ""
-- Up-to-date: /data/fastlio_baseline/workspaces/b0/install/fast_lio/include/fast_lio/fast_lio
-- Up-to-date: /data/fastlio_baseline/workspaces/b0/install/fast_lio/include/fast_lio/fast_lio/msg
-- Installing: /data/fastlio_baseline/workspaces/b0/install/fast_lio/include/fast_lio/fast_lio/msg/rosidl_typesupport_introspection_c__visibility_control.h
-- Up-to-date: /data/fastlio_baseline/workspaces/b0/install/fast_lio/include/fast_lio/fast_lio/msg/detail
-- Installing: /data/fastlio_baseline/workspaces/b0/install/fast_lio/include/fast_lio/fast_lio/msg/detail/pose6_d__rosidl_typesupport_introspection_c.h
-- Installing: /data/fastlio_baseline/workspaces/b0/install/fast_lio/include/fast_lio/fast_lio/msg/detail/pose6_d__type_support.c
-- Installing: /data/fastlio_baseline/workspaces/b0/install/fast_lio/lib/libfast_lio__rosidl_typesupport_introspection_c.so
-- Set runtime path of "/data/fastlio_baseline/workspaces/b0/install/fast_lio/lib/libfast_lio__rosidl_typesupport_introspection_c.so" to ""
-- Installing: /data/fastlio_baseline/workspaces/b0/install/fast_lio/lib/libfast_lio__rosidl_typesupport_c.so
-- Set runtime path of "/data/fastlio_baseline/workspaces/b0/install/fast_lio/lib/libfast_lio__rosidl_typesupport_c.so" to ""
-- Up-to-date: /data/fastlio_baseline/workspaces/b0/install/fast_lio/include/fast_lio/fast_lio
-- Up-to-date: /data/fastlio_baseline/workspaces/b0/install/fast_lio/include/fast_lio/fast_lio/msg
-- Up-to-date: /data/fastlio_baseline/workspaces/b0/install/fast_lio/include/fast_lio/fast_lio/msg/detail
-- Installing: /data/fastlio_baseline/workspaces/b0/install/fast_lio/include/fast_lio/fast_lio/msg/detail/pose6_d__rosidl_typesupport_introspection_cpp.hpp
-- Installing: /data/fastlio_baseline/workspaces/b0/install/fast_lio/include/fast_lio/fast_lio/msg/detail/pose6_d__type_support.cpp
-- Installing: /data/fastlio_baseline/workspaces/b0/install/fast_lio/lib/libfast_lio__rosidl_typesupport_introspection_cpp.so
-- Set runtime path of "/data/fastlio_baseline/workspaces/b0/install/fast_lio/lib/libfast_lio__rosidl_typesupport_introspection_cpp.so" to ""
-- Installing: /data/fastlio_baseline/workspaces/b0/install/fast_lio/lib/libfast_lio__rosidl_typesupport_cpp.so
-- Set runtime path of "/data/fastlio_baseline/workspaces/b0/install/fast_lio/lib/libfast_lio__rosidl_typesupport_cpp.so" to ""
-- Installing: /data/fastlio_baseline/workspaces/b0/install/fast_lio/share/fast_lio/environment/pythonpath.sh
-- Installing: /data/fastlio_baseline/workspaces/b0/install/fast_lio/share/fast_lio/environment/pythonpath.dsv
-- Installing: /data/fastlio_baseline/workspaces/b0/install/fast_lio/local/lib/python3.10/dist-packages/fast_lio-0.0.0-py3.10.egg-info
-- Installing: /data/fastlio_baseline/workspaces/b0/install/fast_lio/local/lib/python3.10/dist-packages/fast_lio-0.0.0-py3.10.egg-info/SOURCES.txt
-- Installing: /data/fastlio_baseline/workspaces/b0/install/fast_lio/local/lib/python3.10/dist-packages/fast_lio-0.0.0-py3.10.egg-info/top_level.txt
-- Installing: /data/fastlio_baseline/workspaces/b0/install/fast_lio/local/lib/python3.10/dist-packages/fast_lio-0.0.0-py3.10.egg-info/dependency_links.txt
-- Installing: /data/fastlio_baseline/workspaces/b0/install/fast_lio/local/lib/python3.10/dist-packages/fast_lio-0.0.0-py3.10.egg-info/PKG-INFO
-- Installing: /data/fastlio_baseline/workspaces/b0/install/fast_lio/local/lib/python3.10/dist-packages/fast_lio
-- Installing: /data/fastlio_baseline/workspaces/b0/install/fast_lio/local/lib/python3.10/dist-packages/fast_lio/fast_lio_s__rosidl_typesupport_introspection_c.cpython-310-x86_64-linux-gnu.so
-- Installing: /data/fastlio_baseline/workspaces/b0/install/fast_lio/local/lib/python3.10/dist-packages/fast_lio/__init__.py
-- Installing: /data/fastlio_baseline/workspaces/b0/install/fast_lio/local/lib/python3.10/dist-packages/fast_lio/_fast_lio_s.ep.rosidl_typesupport_fastrtps_c.c
-- Installing: /data/fastlio_baseline/workspaces/b0/install/fast_lio/local/lib/python3.10/dist-packages/fast_lio/_fast_lio_s.ep.rosidl_typesupport_c.c
-- Installing: /data/fastlio_baseline/workspaces/b0/install/fast_lio/local/lib/python3.10/dist-packages/fast_lio/fast_lio_s__rosidl_typesupport_fastrtps_c.cpython-310-x86_64-linux-gnu.so
-- Installing: /data/fastlio_baseline/workspaces/b0/install/fast_lio/local/lib/python3.10/dist-packages/fast_lio/_fast_lio_s.ep.rosidl_typesupport_introspection_c.c
-- Installing: /data/fastlio_baseline/workspaces/b0/install/fast_lio/local/lib/python3.10/dist-packages/fast_lio/libfast_lio__rosidl_generator_py.so
-- Installing: /data/fastlio_baseline/workspaces/b0/install/fast_lio/local/lib/python3.10/dist-packages/fast_lio/fast_lio_s__rosidl_typesupport_c.cpython-310-x86_64-linux-gnu.so
-- Installing: /data/fastlio_baseline/workspaces/b0/install/fast_lio/local/lib/python3.10/dist-packages/fast_lio/msg
-- Installing: /data/fastlio_baseline/workspaces/b0/install/fast_lio/local/lib/python3.10/dist-packages/fast_lio/msg/__init__.py
-- Installing: /data/fastlio_baseline/workspaces/b0/install/fast_lio/local/lib/python3.10/dist-packages/fast_lio/msg/_pose6_d.py
-- Installing: /data/fastlio_baseline/workspaces/b0/install/fast_lio/local/lib/python3.10/dist-packages/fast_lio/msg/_pose6_d_s.c
Listing '/data/fastlio_baseline/workspaces/b0/install/fast_lio/local/lib/python3.10/dist-packages/fast_lio'...
Compiling '/data/fastlio_baseline/workspaces/b0/install/fast_lio/local/lib/python3.10/dist-packages/fast_lio/__init__.py'...
Listing '/data/fastlio_baseline/workspaces/b0/install/fast_lio/local/lib/python3.10/dist-packages/fast_lio/msg'...
Compiling '/data/fastlio_baseline/workspaces/b0/install/fast_lio/local/lib/python3.10/dist-packages/fast_lio/msg/__init__.py'...
Compiling '/data/fastlio_baseline/workspaces/b0/install/fast_lio/local/lib/python3.10/dist-packages/fast_lio/msg/_pose6_d.py'...
-- Installing: /data/fastlio_baseline/workspaces/b0/install/fast_lio/local/lib/python3.10/dist-packages/fast_lio/fast_lio_s__rosidl_typesupport_fastrtps_c.cpython-310-x86_64-linux-gnu.so
-- Set runtime path of "/data/fastlio_baseline/workspaces/b0/install/fast_lio/local/lib/python3.10/dist-packages/fast_lio/fast_lio_s__rosidl_typesupport_fastrtps_c.cpython-310-x86_64-linux-gnu.so" to ""
-- Installing: /data/fastlio_baseline/workspaces/b0/install/fast_lio/local/lib/python3.10/dist-packages/fast_lio/fast_lio_s__rosidl_typesupport_introspection_c.cpython-310-x86_64-linux-gnu.so
-- Set runtime path of "/data/fastlio_baseline/workspaces/b0/install/fast_lio/local/lib/python3.10/dist-packages/fast_lio/fast_lio_s__rosidl_typesupport_introspection_c.cpython-310-x86_64-linux-gnu.so" to ""
-- Installing: /data/fastlio_baseline/workspaces/b0/install/fast_lio/local/lib/python3.10/dist-packages/fast_lio/fast_lio_s__rosidl_typesupport_c.cpython-310-x86_64-linux-gnu.so
-- Set runtime path of "/data/fastlio_baseline/workspaces/b0/install/fast_lio/local/lib/python3.10/dist-packages/fast_lio/fast_lio_s__rosidl_typesupport_c.cpython-310-x86_64-linux-gnu.so" to ""
-- Installing: /data/fastlio_baseline/workspaces/b0/install/fast_lio/lib/libfast_lio__rosidl_generator_py.so
-- Set runtime path of "/data/fastlio_baseline/workspaces/b0/install/fast_lio/lib/libfast_lio__rosidl_generator_py.so" to ""
-- Installing: /data/fastlio_baseline/workspaces/b0/install/fast_lio/share/ament_index/resource_index/rust_packages/fast_lio
-- Installing: /data/fastlio_baseline/workspaces/b0/install/fast_lio/share/fast_lio/rust
-- Installing: /data/fastlio_baseline/workspaces/b0/install/fast_lio/share/fast_lio/rust/src
-- Installing: /data/fastlio_baseline/workspaces/b0/install/fast_lio/share/fast_lio/rust/src/lib.rs
-- Installing: /data/fastlio_baseline/workspaces/b0/install/fast_lio/share/fast_lio/rust/src/msg
-- Installing: /data/fastlio_baseline/workspaces/b0/install/fast_lio/share/fast_lio/rust/src/msg/rmw.rs
-- Installing: /data/fastlio_baseline/workspaces/b0/install/fast_lio/share/fast_lio/rust/src/msg.rs
-- Installing: /data/fastlio_baseline/workspaces/b0/install/fast_lio/share/fast_lio/rust/Cargo.toml
-- Installing: /data/fastlio_baseline/workspaces/b0/install/fast_lio/share/fast_lio/rust/build.rs
-- Installing: /data/fastlio_baseline/workspaces/b0/install/fast_lio/share/fast_lio/msg/Pose6D.idl
-- Installing: /data/fastlio_baseline/workspaces/b0/install/fast_lio/share/fast_lio/msg/Pose6D.msg
-- Installing: /data/fastlio_baseline/workspaces/b0/install/fast_lio/lib/fast_lio/fastlio_mapping
-- Set runtime path of "/data/fastlio_baseline/workspaces/b0/install/fast_lio/lib/fast_lio/fastlio_mapping" to ""
-- Installing: /data/fastlio_baseline/workspaces/b0/install/fast_lio/share/fast_lio/config
-- Installing: /data/fastlio_baseline/workspaces/b0/install/fast_lio/share/fast_lio/config/mid360.yaml
-- Installing: /data/fastlio_baseline/workspaces/b0/install/fast_lio/share/fast_lio/config/velodyne.yaml
-- Installing: /data/fastlio_baseline/workspaces/b0/install/fast_lio/share/fast_lio/config/ouster64.yaml
-- Installing: /data/fastlio_baseline/workspaces/b0/install/fast_lio/share/fast_lio/config/avia.yaml
-- Installing: /data/fastlio_baseline/workspaces/b0/install/fast_lio/share/fast_lio/config/horizon.yaml
-- Installing: /data/fastlio_baseline/workspaces/b0/install/fast_lio/share/fast_lio/launch
-- Installing: /data/fastlio_baseline/workspaces/b0/install/fast_lio/share/fast_lio/launch/gdb_debug_example.launch
-- Installing: /data/fastlio_baseline/workspaces/b0/install/fast_lio/share/fast_lio/launch/mapping.launch.py
-- Installing: /data/fastlio_baseline/workspaces/b0/install/fast_lio/share/fast_lio/rviz
-- Installing: /data/fastlio_baseline/workspaces/b0/install/fast_lio/share/fast_lio/rviz/fastlio.rviz
-- Installing: /data/fastlio_baseline/workspaces/b0/install/fast_lio/share/ament_index/resource_index/package_run_dependencies/fast_lio
-- Installing: /data/fastlio_baseline/workspaces/b0/install/fast_lio/share/ament_index/resource_index/parent_prefix_path/fast_lio
-- Installing: /data/fastlio_baseline/workspaces/b0/install/fast_lio/share/fast_lio/environment/ament_prefix_path.sh
-- Installing: /data/fastlio_baseline/workspaces/b0/install/fast_lio/share/fast_lio/environment/ament_prefix_path.dsv
-- Installing: /data/fastlio_baseline/workspaces/b0/install/fast_lio/share/fast_lio/environment/path.sh
-- Installing: /data/fastlio_baseline/workspaces/b0/install/fast_lio/share/fast_lio/environment/path.dsv
-- Installing: /data/fastlio_baseline/workspaces/b0/install/fast_lio/share/fast_lio/local_setup.bash
-- Installing: /data/fastlio_baseline/workspaces/b0/install/fast_lio/share/fast_lio/local_setup.sh
-- Installing: /data/fastlio_baseline/workspaces/b0/install/fast_lio/share/fast_lio/local_setup.zsh
-- Installing: /data/fastlio_baseline/workspaces/b0/install/fast_lio/share/fast_lio/local_setup.dsv
-- Installing: /data/fastlio_baseline/workspaces/b0/install/fast_lio/share/fast_lio/package.dsv
-- Installing: /data/fastlio_baseline/workspaces/b0/install/fast_lio/share/ament_index/resource_index/packages/fast_lio
-- Installing: /data/fastlio_baseline/workspaces/b0/install/fast_lio/share/fast_lio/cmake/export_fast_lio__rosidl_generator_cExport.cmake
-- Installing: /data/fastlio_baseline/workspaces/b0/install/fast_lio/share/fast_lio/cmake/export_fast_lio__rosidl_generator_cExport-release.cmake
-- Installing: /data/fastlio_baseline/workspaces/b0/install/fast_lio/share/fast_lio/cmake/export_fast_lio__rosidl_typesupport_fastrtps_cExport.cmake
-- Installing: /data/fastlio_baseline/workspaces/b0/install/fast_lio/share/fast_lio/cmake/export_fast_lio__rosidl_typesupport_fastrtps_cExport-release.cmake
-- Installing: /data/fastlio_baseline/workspaces/b0/install/fast_lio/share/fast_lio/cmake/export_fast_lio__rosidl_generator_cppExport.cmake
-- Installing: /data/fastlio_baseline/workspaces/b0/install/fast_lio/share/fast_lio/cmake/export_fast_lio__rosidl_typesupport_fastrtps_cppExport.cmake
-- Installing: /data/fastlio_baseline/workspaces/b0/install/fast_lio/share/fast_lio/cmake/export_fast_lio__rosidl_typesupport_fastrtps_cppExport-release.cmake
-- Installing: /data/fastlio_baseline/workspaces/b0/install/fast_lio/share/fast_lio/cmake/fast_lio__rosidl_typesupport_introspection_cExport.cmake
-- Installing: /data/fastlio_baseline/workspaces/b0/install/fast_lio/share/fast_lio/cmake/fast_lio__rosidl_typesupport_introspection_cExport-release.cmake
-- Installing: /data/fastlio_baseline/workspaces/b0/install/fast_lio/share/fast_lio/cmake/fast_lio__rosidl_typesupport_cExport.cmake
-- Installing: /data/fastlio_baseline/workspaces/b0/install/fast_lio/share/fast_lio/cmake/fast_lio__rosidl_typesupport_cExport-release.cmake
-- Installing: /data/fastlio_baseline/workspaces/b0/install/fast_lio/share/fast_lio/cmake/fast_lio__rosidl_typesupport_introspection_cppExport.cmake
-- Installing: /data/fastlio_baseline/workspaces/b0/install/fast_lio/share/fast_lio/cmake/fast_lio__rosidl_typesupport_introspection_cppExport-release.cmake
-- Installing: /data/fastlio_baseline/workspaces/b0/install/fast_lio/share/fast_lio/cmake/fast_lio__rosidl_typesupport_cppExport.cmake
-- Installing: /data/fastlio_baseline/workspaces/b0/install/fast_lio/share/fast_lio/cmake/fast_lio__rosidl_typesupport_cppExport-release.cmake
-- Installing: /data/fastlio_baseline/workspaces/b0/install/fast_lio/share/fast_lio/cmake/export_fast_lio__rosidl_generator_pyExport.cmake
-- Installing: /data/fastlio_baseline/workspaces/b0/install/fast_lio/share/fast_lio/cmake/export_fast_lio__rosidl_generator_pyExport-release.cmake
-- Installing: /data/fastlio_baseline/workspaces/b0/install/fast_lio/share/fast_lio/cmake/rosidl_cmake-extras.cmake
-- Installing: /data/fastlio_baseline/workspaces/b0/install/fast_lio/share/fast_lio/cmake/ament_cmake_export_include_directories-extras.cmake
-- Installing: /data/fastlio_baseline/workspaces/b0/install/fast_lio/share/fast_lio/cmake/ament_cmake_export_libraries-extras.cmake
-- Installing: /data/fastlio_baseline/workspaces/b0/install/fast_lio/share/fast_lio/cmake/ament_cmake_export_targets-extras.cmake
-- Installing: /data/fastlio_baseline/workspaces/b0/install/fast_lio/share/fast_lio/cmake/rosidl_cmake_export_typesupport_targets-extras.cmake
-- Installing: /data/fastlio_baseline/workspaces/b0/install/fast_lio/share/fast_lio/cmake/ament_cmake_export_dependencies-extras.cmake
-- Installing: /data/fastlio_baseline/workspaces/b0/install/fast_lio/share/fast_lio/cmake/rosidl_cmake_export_typesupport_libraries-extras.cmake
-- Installing: /data/fastlio_baseline/workspaces/b0/install/fast_lio/share/fast_lio/cmake/fast_lioConfig.cmake
-- Installing: /data/fastlio_baseline/workspaces/b0/install/fast_lio/share/fast_lio/cmake/fast_lioConfig-version.cmake
-- Installing: /data/fastlio_baseline/workspaces/b0/install/fast_lio/share/fast_lio/package.xml
--- stderr: fast_lio
Current CPU archtecture: x86_64
Processer number:  20
core for MP: 3
CMake Warning (dev) at CMakeLists.txt:81 (find_package):
  Policy CMP0074 is not set: find_package uses <PackageName>_ROOT variables.
  Run "cmake --help-policy CMP0074" for policy details.  Use the cmake_policy
  command to set the policy and suppress this warning.

  CMake variable PCL_ROOT is set to:

    /usr

  For compatibility, CMake is ignoring the variable.
This warning is for project developers.  Use -Wno-dev to suppress it.

Eigen:/usr/include/eigen3
CMake Warning:
  Manually-specified variables were not used by the project:

    DISTRO_ROS
    ROS_EDITION


In file included from /usr/include/boost/smart_ptr/detail/sp_thread_sleep.hpp:22,
                 from /usr/include/boost/smart_ptr/detail/yield_k.hpp:23,
                 from /usr/include/boost/smart_ptr/detail/spinlock_gcc_atomic.hpp:14,
                 from /usr/include/boost/smart_ptr/detail/spinlock.hpp:42,
                 from /usr/include/boost/smart_ptr/detail/spinlock_pool.hpp:25,
                 from /usr/include/boost/smart_ptr/shared_ptr.hpp:29,
                 from /usr/include/boost/shared_ptr.hpp:17,
                 from /usr/include/boost/date_time/microsec_time_clock.hpp:18,
                 from /usr/include/boost/interprocess/detail/posix_time_types_wrk.hpp:31,
                 from /usr/include/boost/interprocess/detail/os_thread_functions.hpp:36,
                 from /usr/include/boost/interprocess/sync/file_lock.hpp:26,
                 from /usr/include/pcl-1.12/pcl/io/pcd_io.h:46,
                 from /opt/ros/humble/include/pcl_conversions/pcl_conversions/pcl_conversions.h:73,
                 from /data/fastlio_baseline/workspaces/b0/src/fast_lio/src/IMU_Processing.hpp:18,
                 from /data/fastlio_baseline/workspaces/b0/src/fast_lio/src/laserMapping.cpp:47:
/usr/include/boost/bind.hpp:36:1: note: ‘#pragma message: The practice of declaring the Bind placeholders (_1, _2, ...) in the global namespace is deprecated. Please use <boost/bind/bind.hpp> + using namespace boost::placeholders, or define BOOST_BIND_GLOBAL_PLACEHOLDERS to retain the current behavior.’
   36 | BOOST_PRAGMA_MESSAGE(
      | ^~~~~~~~~~~~~~~~~~~~
---
Finished <<< fast_lio [45.4s]

Summary: 2 packages finished [54.2s]
  1 package had stderr output: fast_lio
