Starting >>> livox_ros_driver2
[  1%] Built target livox_interfaces2__rs
[  3%] Built target livox_interfaces2__cpp
Consolidate compiler generated dependencies of target livox_interfaces2__rosidl_generator_c
[ 10%] Built target livox_interfaces2__rosidl_generator_c
Consolidate compiler generated dependencies of target livox_interfaces2__rosidl_typesupport_cpp
Consolidate compiler generated dependencies of target livox_interfaces2__rosidl_typesupport_c
Consolidate compiler generated dependencies of target livox_interfaces2__rosidl_typesupport_introspection_cpp
Consolidate compiler generated dependencies of target livox_interfaces2__rosidl_typesupport_fastrtps_cpp
Consolidate compiler generated dependencies of target livox_ros_driver2_node
[ 17%] Built target livox_interfaces2__rosidl_typesupport_cpp
Consolidate compiler generated dependencies of target livox_interfaces2__rosidl_typesupport_introspection_c
[ 32%] Built target livox_ros_driver2_node
[ 34%] Built target livox_interfaces2__rosidl_typesupport_introspection_cpp
[ 34%] Built target livox_interfaces2__rosidl_typesupport_c
[ 41%] Built target livox_interfaces2__rosidl_typesupport_fastrtps_cpp
[ 48%] Built target livox_interfaces2__rosidl_typesupport_introspection_c
Consolidate compiler generated dependencies of target livox_interfaces2__rosidl_typesupport_fastrtps_c
[ 48%] Built target ament_cmake_python_copy_livox_ros_driver2
[ 55%] Built target livox_interfaces2__rosidl_typesupport_fastrtps_c
[ 55%] Built target livox_interfaces2
[ 56%] Built target livox_interfaces2__py
running egg_info
writing livox_ros_driver2.egg-info/PKG-INFO
writing dependency_links to livox_ros_driver2.egg-info/dependency_links.txt
writing top-level names to livox_ros_driver2.egg-info/top_level.txt
reading manifest file 'livox_ros_driver2.egg-info/SOURCES.txt'
writing manifest file 'livox_ros_driver2.egg-info/SOURCES.txt'
[ 56%] Built target ament_cmake_python_build_livox_ros_driver2_egg
Consolidate compiler generated dependencies of target livox_interfaces2__rosidl_generator_py
[ 62%] Built target livox_interfaces2__rosidl_generator_py
Consolidate compiler generated dependencies of target livox_ros_driver2__rosidl_typesupport_c__pyext
Consolidate compiler generated dependencies of target livox_ros_driver2__rosidl_typesupport_fastrtps_c__pyext
Consolidate compiler generated dependencies of target livox_ros_driver2__rosidl_typesupport_introspection_c__pyext
[ 72%] Built target livox_ros_driver2__rosidl_typesupport_introspection_c__pyext
[ 72%] Built target livox_ros_driver2__rosidl_typesupport_c__pyext
[ 72%] Built target livox_ros_driver2__rosidl_typesupport_fastrtps_c__pyext
Consolidate compiler generated dependencies of target livox_ros_driver2
[100%] Built target livox_ros_driver2
-- Install configuration: "Release"
-- Up-to-date: /workspace/stage2_workspaces/b2/install/livox_ros_driver2/share/ament_index/resource_index/rosidl_interfaces/livox_ros_driver2
-- Up-to-date: /workspace/stage2_workspaces/b2/install/livox_ros_driver2/include/livox_ros_driver2/livox_ros_driver2
-- Up-to-date: /workspace/stage2_workspaces/b2/install/livox_ros_driver2/include/livox_ros_driver2/livox_ros_driver2/msg
-- Up-to-date: /workspace/stage2_workspaces/b2/install/livox_ros_driver2/include/livox_ros_driver2/livox_ros_driver2/msg/custom_msg.h
-- Up-to-date: /workspace/stage2_workspaces/b2/install/livox_ros_driver2/include/livox_ros_driver2/livox_ros_driver2/msg/custom_point.h
-- Up-to-date: /workspace/stage2_workspaces/b2/install/livox_ros_driver2/include/livox_ros_driver2/livox_ros_driver2/msg/detail
-- Up-to-date: /workspace/stage2_workspaces/b2/install/livox_ros_driver2/include/livox_ros_driver2/livox_ros_driver2/msg/detail/custom_msg__functions.c
-- Up-to-date: /workspace/stage2_workspaces/b2/install/livox_ros_driver2/include/livox_ros_driver2/livox_ros_driver2/msg/detail/custom_msg__functions.h
-- Up-to-date: /workspace/stage2_workspaces/b2/install/livox_ros_driver2/include/livox_ros_driver2/livox_ros_driver2/msg/detail/custom_msg__struct.h
-- Up-to-date: /workspace/stage2_workspaces/b2/install/livox_ros_driver2/include/livox_ros_driver2/livox_ros_driver2/msg/detail/custom_msg__type_support.h
-- Up-to-date: /workspace/stage2_workspaces/b2/install/livox_ros_driver2/include/livox_ros_driver2/livox_ros_driver2/msg/detail/custom_point__functions.c
-- Up-to-date: /workspace/stage2_workspaces/b2/install/livox_ros_driver2/include/livox_ros_driver2/livox_ros_driver2/msg/detail/custom_point__functions.h
-- Up-to-date: /workspace/stage2_workspaces/b2/install/livox_ros_driver2/include/livox_ros_driver2/livox_ros_driver2/msg/detail/custom_point__struct.h
-- Up-to-date: /workspace/stage2_workspaces/b2/install/livox_ros_driver2/include/livox_ros_driver2/livox_ros_driver2/msg/detail/custom_point__type_support.h
-- Up-to-date: /workspace/stage2_workspaces/b2/install/livox_ros_driver2/include/livox_ros_driver2/livox_ros_driver2/msg/rosidl_generator_c__visibility_control.h
-- Up-to-date: /workspace/stage2_workspaces/b2/install/livox_ros_driver2/share/livox_ros_driver2/environment/library_path.sh
-- Up-to-date: /workspace/stage2_workspaces/b2/install/livox_ros_driver2/share/livox_ros_driver2/environment/library_path.dsv
-- Up-to-date: /workspace/stage2_workspaces/b2/install/livox_ros_driver2/lib/liblivox_ros_driver2__rosidl_generator_c.so
-- Up-to-date: /workspace/stage2_workspaces/b2/install/livox_ros_driver2/include/livox_ros_driver2/livox_ros_driver2
-- Up-to-date: /workspace/stage2_workspaces/b2/install/livox_ros_driver2/include/livox_ros_driver2/livox_ros_driver2/msg
-- Up-to-date: /workspace/stage2_workspaces/b2/install/livox_ros_driver2/include/livox_ros_driver2/livox_ros_driver2/msg/detail
-- Up-to-date: /workspace/stage2_workspaces/b2/install/livox_ros_driver2/include/livox_ros_driver2/livox_ros_driver2/msg/detail/custom_msg__rosidl_typesupport_fastrtps_c.h
-- Up-to-date: /workspace/stage2_workspaces/b2/install/livox_ros_driver2/include/livox_ros_driver2/livox_ros_driver2/msg/detail/custom_point__rosidl_typesupport_fastrtps_c.h
-- Up-to-date: /workspace/stage2_workspaces/b2/install/livox_ros_driver2/include/livox_ros_driver2/livox_ros_driver2/msg/rosidl_typesupport_fastrtps_c__visibility_control.h
-- Up-to-date: /workspace/stage2_workspaces/b2/install/livox_ros_driver2/lib/liblivox_ros_driver2__rosidl_typesupport_fastrtps_c.so
-- Up-to-date: /workspace/stage2_workspaces/b2/install/livox_ros_driver2/include/livox_ros_driver2/livox_ros_driver2
-- Up-to-date: /workspace/stage2_workspaces/b2/install/livox_ros_driver2/include/livox_ros_driver2/livox_ros_driver2/msg
-- Up-to-date: /workspace/stage2_workspaces/b2/install/livox_ros_driver2/include/livox_ros_driver2/livox_ros_driver2/msg/detail
-- Up-to-date: /workspace/stage2_workspaces/b2/install/livox_ros_driver2/include/livox_ros_driver2/livox_ros_driver2/msg/detail/custom_msg__rosidl_typesupport_introspection_c.h
-- Up-to-date: /workspace/stage2_workspaces/b2/install/livox_ros_driver2/include/livox_ros_driver2/livox_ros_driver2/msg/detail/custom_msg__type_support.c
-- Up-to-date: /workspace/stage2_workspaces/b2/install/livox_ros_driver2/include/livox_ros_driver2/livox_ros_driver2/msg/detail/custom_point__rosidl_typesupport_introspection_c.h
-- Up-to-date: /workspace/stage2_workspaces/b2/install/livox_ros_driver2/include/livox_ros_driver2/livox_ros_driver2/msg/detail/custom_point__type_support.c
-- Up-to-date: /workspace/stage2_workspaces/b2/install/livox_ros_driver2/include/livox_ros_driver2/livox_ros_driver2/msg/rosidl_typesupport_introspection_c__visibility_control.h
-- Up-to-date: /workspace/stage2_workspaces/b2/install/livox_ros_driver2/lib/liblivox_ros_driver2__rosidl_typesupport_introspection_c.so
-- Up-to-date: /workspace/stage2_workspaces/b2/install/livox_ros_driver2/lib/liblivox_ros_driver2__rosidl_typesupport_c.so
-- Up-to-date: /workspace/stage2_workspaces/b2/install/livox_ros_driver2/include/livox_ros_driver2/livox_ros_driver2
-- Up-to-date: /workspace/stage2_workspaces/b2/install/livox_ros_driver2/include/livox_ros_driver2/livox_ros_driver2/msg
-- Up-to-date: /workspace/stage2_workspaces/b2/install/livox_ros_driver2/include/livox_ros_driver2/livox_ros_driver2/msg/custom_msg.hpp
-- Up-to-date: /workspace/stage2_workspaces/b2/install/livox_ros_driver2/include/livox_ros_driver2/livox_ros_driver2/msg/custom_point.hpp
-- Up-to-date: /workspace/stage2_workspaces/b2/install/livox_ros_driver2/include/livox_ros_driver2/livox_ros_driver2/msg/detail
-- Up-to-date: /workspace/stage2_workspaces/b2/install/livox_ros_driver2/include/livox_ros_driver2/livox_ros_driver2/msg/detail/custom_msg__builder.hpp
-- Up-to-date: /workspace/stage2_workspaces/b2/install/livox_ros_driver2/include/livox_ros_driver2/livox_ros_driver2/msg/detail/custom_msg__struct.hpp
-- Up-to-date: /workspace/stage2_workspaces/b2/install/livox_ros_driver2/include/livox_ros_driver2/livox_ros_driver2/msg/detail/custom_msg__traits.hpp
-- Up-to-date: /workspace/stage2_workspaces/b2/install/livox_ros_driver2/include/livox_ros_driver2/livox_ros_driver2/msg/detail/custom_msg__type_support.hpp
-- Up-to-date: /workspace/stage2_workspaces/b2/install/livox_ros_driver2/include/livox_ros_driver2/livox_ros_driver2/msg/detail/custom_point__builder.hpp
-- Up-to-date: /workspace/stage2_workspaces/b2/install/livox_ros_driver2/include/livox_ros_driver2/livox_ros_driver2/msg/detail/custom_point__struct.hpp
-- Up-to-date: /workspace/stage2_workspaces/b2/install/livox_ros_driver2/include/livox_ros_driver2/livox_ros_driver2/msg/detail/custom_point__traits.hpp
-- Up-to-date: /workspace/stage2_workspaces/b2/install/livox_ros_driver2/include/livox_ros_driver2/livox_ros_driver2/msg/detail/custom_point__type_support.hpp
-- Up-to-date: /workspace/stage2_workspaces/b2/install/livox_ros_driver2/include/livox_ros_driver2/livox_ros_driver2/msg/rosidl_generator_cpp__visibility_control.hpp
-- Up-to-date: /workspace/stage2_workspaces/b2/install/livox_ros_driver2/include/livox_ros_driver2/livox_ros_driver2
-- Up-to-date: /workspace/stage2_workspaces/b2/install/livox_ros_driver2/include/livox_ros_driver2/livox_ros_driver2/msg
-- Up-to-date: /workspace/stage2_workspaces/b2/install/livox_ros_driver2/include/livox_ros_driver2/livox_ros_driver2/msg/detail
-- Up-to-date: /workspace/stage2_workspaces/b2/install/livox_ros_driver2/include/livox_ros_driver2/livox_ros_driver2/msg/detail/custom_msg__rosidl_typesupport_fastrtps_cpp.hpp
-- Up-to-date: /workspace/stage2_workspaces/b2/install/livox_ros_driver2/include/livox_ros_driver2/livox_ros_driver2/msg/detail/custom_point__rosidl_typesupport_fastrtps_cpp.hpp
-- Up-to-date: /workspace/stage2_workspaces/b2/install/livox_ros_driver2/include/livox_ros_driver2/livox_ros_driver2/msg/detail/dds_fastrtps
-- Up-to-date: /workspace/stage2_workspaces/b2/install/livox_ros_driver2/include/livox_ros_driver2/livox_ros_driver2/msg/rosidl_typesupport_fastrtps_cpp__visibility_control.h
-- Up-to-date: /workspace/stage2_workspaces/b2/install/livox_ros_driver2/lib/liblivox_ros_driver2__rosidl_typesupport_fastrtps_cpp.so
-- Up-to-date: /workspace/stage2_workspaces/b2/install/livox_ros_driver2/include/livox_ros_driver2/livox_ros_driver2
-- Up-to-date: /workspace/stage2_workspaces/b2/install/livox_ros_driver2/include/livox_ros_driver2/livox_ros_driver2/msg
-- Up-to-date: /workspace/stage2_workspaces/b2/install/livox_ros_driver2/include/livox_ros_driver2/livox_ros_driver2/msg/detail
-- Up-to-date: /workspace/stage2_workspaces/b2/install/livox_ros_driver2/include/livox_ros_driver2/livox_ros_driver2/msg/detail/custom_msg__rosidl_typesupport_introspection_cpp.hpp
-- Up-to-date: /workspace/stage2_workspaces/b2/install/livox_ros_driver2/include/livox_ros_driver2/livox_ros_driver2/msg/detail/custom_msg__type_support.cpp
-- Up-to-date: /workspace/stage2_workspaces/b2/install/livox_ros_driver2/include/livox_ros_driver2/livox_ros_driver2/msg/detail/custom_point__rosidl_typesupport_introspection_cpp.hpp
-- Up-to-date: /workspace/stage2_workspaces/b2/install/livox_ros_driver2/include/livox_ros_driver2/livox_ros_driver2/msg/detail/custom_point__type_support.cpp
-- Up-to-date: /workspace/stage2_workspaces/b2/install/livox_ros_driver2/lib/liblivox_ros_driver2__rosidl_typesupport_introspection_cpp.so
-- Up-to-date: /workspace/stage2_workspaces/b2/install/livox_ros_driver2/lib/liblivox_ros_driver2__rosidl_typesupport_cpp.so
-- Up-to-date: /workspace/stage2_workspaces/b2/install/livox_ros_driver2/share/livox_ros_driver2/environment/pythonpath.sh
-- Up-to-date: /workspace/stage2_workspaces/b2/install/livox_ros_driver2/share/livox_ros_driver2/environment/pythonpath.dsv
-- Up-to-date: /workspace/stage2_workspaces/b2/install/livox_ros_driver2/local/lib/python3.10/dist-packages/livox_ros_driver2-1.0.0-py3.10.egg-info
-- Installing: /workspace/stage2_workspaces/b2/install/livox_ros_driver2/local/lib/python3.10/dist-packages/livox_ros_driver2-1.0.0-py3.10.egg-info/dependency_links.txt
-- Installing: /workspace/stage2_workspaces/b2/install/livox_ros_driver2/local/lib/python3.10/dist-packages/livox_ros_driver2-1.0.0-py3.10.egg-info/PKG-INFO
-- Installing: /workspace/stage2_workspaces/b2/install/livox_ros_driver2/local/lib/python3.10/dist-packages/livox_ros_driver2-1.0.0-py3.10.egg-info/SOURCES.txt
-- Installing: /workspace/stage2_workspaces/b2/install/livox_ros_driver2/local/lib/python3.10/dist-packages/livox_ros_driver2-1.0.0-py3.10.egg-info/top_level.txt
-- Up-to-date: /workspace/stage2_workspaces/b2/install/livox_ros_driver2/local/lib/python3.10/dist-packages/livox_ros_driver2
-- Up-to-date: /workspace/stage2_workspaces/b2/install/livox_ros_driver2/local/lib/python3.10/dist-packages/livox_ros_driver2/liblivox_interfaces2__rosidl_generator_py.so
-- Up-to-date: /workspace/stage2_workspaces/b2/install/livox_ros_driver2/local/lib/python3.10/dist-packages/livox_ros_driver2/livox_ros_driver2_s__rosidl_typesupport_c.cpython-310-x86_64-linux-gnu.so
-- Up-to-date: /workspace/stage2_workspaces/b2/install/livox_ros_driver2/local/lib/python3.10/dist-packages/livox_ros_driver2/livox_ros_driver2_s__rosidl_typesupport_fastrtps_c.cpython-310-x86_64-linux-gnu.so
-- Up-to-date: /workspace/stage2_workspaces/b2/install/livox_ros_driver2/local/lib/python3.10/dist-packages/livox_ros_driver2/livox_ros_driver2_s__rosidl_typesupport_introspection_c.cpython-310-x86_64-linux-gnu.so
-- Up-to-date: /workspace/stage2_workspaces/b2/install/livox_ros_driver2/local/lib/python3.10/dist-packages/livox_ros_driver2/msg
-- Up-to-date: /workspace/stage2_workspaces/b2/install/livox_ros_driver2/local/lib/python3.10/dist-packages/livox_ros_driver2/msg/_custom_msg.py
-- Up-to-date: /workspace/stage2_workspaces/b2/install/livox_ros_driver2/local/lib/python3.10/dist-packages/livox_ros_driver2/msg/_custom_msg_s.c
-- Up-to-date: /workspace/stage2_workspaces/b2/install/livox_ros_driver2/local/lib/python3.10/dist-packages/livox_ros_driver2/msg/_custom_point.py
-- Up-to-date: /workspace/stage2_workspaces/b2/install/livox_ros_driver2/local/lib/python3.10/dist-packages/livox_ros_driver2/msg/_custom_point_s.c
-- Up-to-date: /workspace/stage2_workspaces/b2/install/livox_ros_driver2/local/lib/python3.10/dist-packages/livox_ros_driver2/msg/__init__.py
-- Up-to-date: /workspace/stage2_workspaces/b2/install/livox_ros_driver2/local/lib/python3.10/dist-packages/livox_ros_driver2/_livox_ros_driver2_s.ep.rosidl_typesupport_c.c
-- Up-to-date: /workspace/stage2_workspaces/b2/install/livox_ros_driver2/local/lib/python3.10/dist-packages/livox_ros_driver2/_livox_ros_driver2_s.ep.rosidl_typesupport_fastrtps_c.c
-- Up-to-date: /workspace/stage2_workspaces/b2/install/livox_ros_driver2/local/lib/python3.10/dist-packages/livox_ros_driver2/_livox_ros_driver2_s.ep.rosidl_typesupport_introspection_c.c
-- Up-to-date: /workspace/stage2_workspaces/b2/install/livox_ros_driver2/local/lib/python3.10/dist-packages/livox_ros_driver2/__init__.py
Listing '/workspace/stage2_workspaces/b2/install/livox_ros_driver2/local/lib/python3.10/dist-packages/livox_ros_driver2'...
Listing '/workspace/stage2_workspaces/b2/install/livox_ros_driver2/local/lib/python3.10/dist-packages/livox_ros_driver2/msg'...
-- Up-to-date: /workspace/stage2_workspaces/b2/install/livox_ros_driver2/local/lib/python3.10/dist-packages/livox_ros_driver2/livox_ros_driver2_s__rosidl_typesupport_fastrtps_c.cpython-310-x86_64-linux-gnu.so
-- Up-to-date: /workspace/stage2_workspaces/b2/install/livox_ros_driver2/local/lib/python3.10/dist-packages/livox_ros_driver2/livox_ros_driver2_s__rosidl_typesupport_introspection_c.cpython-310-x86_64-linux-gnu.so
-- Up-to-date: /workspace/stage2_workspaces/b2/install/livox_ros_driver2/local/lib/python3.10/dist-packages/livox_ros_driver2/livox_ros_driver2_s__rosidl_typesupport_c.cpython-310-x86_64-linux-gnu.so
-- Up-to-date: /workspace/stage2_workspaces/b2/install/livox_ros_driver2/lib/liblivox_interfaces2__rosidl_generator_py.so
-- Up-to-date: /workspace/stage2_workspaces/b2/install/livox_ros_driver2/share/ament_index/resource_index/rust_packages/livox_ros_driver2
-- Up-to-date: /workspace/stage2_workspaces/b2/install/livox_ros_driver2/share/livox_ros_driver2/rust
-- Up-to-date: /workspace/stage2_workspaces/b2/install/livox_ros_driver2/share/livox_ros_driver2/rust/build.rs
-- Up-to-date: /workspace/stage2_workspaces/b2/install/livox_ros_driver2/share/livox_ros_driver2/rust/Cargo.toml
-- Up-to-date: /workspace/stage2_workspaces/b2/install/livox_ros_driver2/share/livox_ros_driver2/rust/src
-- Up-to-date: /workspace/stage2_workspaces/b2/install/livox_ros_driver2/share/livox_ros_driver2/rust/src/lib.rs
-- Up-to-date: /workspace/stage2_workspaces/b2/install/livox_ros_driver2/share/livox_ros_driver2/rust/src/msg
-- Up-to-date: /workspace/stage2_workspaces/b2/install/livox_ros_driver2/share/livox_ros_driver2/rust/src/msg/rmw.rs
-- Up-to-date: /workspace/stage2_workspaces/b2/install/livox_ros_driver2/share/livox_ros_driver2/rust/src/msg.rs
-- Up-to-date: /workspace/stage2_workspaces/b2/install/livox_ros_driver2/share/livox_ros_driver2/msg/CustomPoint.idl
-- Up-to-date: /workspace/stage2_workspaces/b2/install/livox_ros_driver2/share/livox_ros_driver2/msg/CustomMsg.idl
-- Up-to-date: /workspace/stage2_workspaces/b2/install/livox_ros_driver2/share/livox_ros_driver2/msg/CustomPoint.msg
-- Up-to-date: /workspace/stage2_workspaces/b2/install/livox_ros_driver2/share/livox_ros_driver2/msg/CustomMsg.msg
-- Up-to-date: /workspace/stage2_workspaces/b2/install/livox_ros_driver2/lib/livox_ros_driver2/livox_ros_driver2_node
-- Up-to-date: /workspace/stage2_workspaces/b2/install/livox_ros_driver2/lib/liblivox_ros_driver2.so
-- Up-to-date: /workspace/stage2_workspaces/b2/install/livox_ros_driver2/share/livox_ros_driver2/config
-- Up-to-date: /workspace/stage2_workspaces/b2/install/livox_ros_driver2/share/livox_ros_driver2/config/display_point_cloud_ROS1.rviz
-- Up-to-date: /workspace/stage2_workspaces/b2/install/livox_ros_driver2/share/livox_ros_driver2/config/display_point_cloud_ROS2.rviz
-- Up-to-date: /workspace/stage2_workspaces/b2/install/livox_ros_driver2/share/livox_ros_driver2/config/HAP_config.json
-- Up-to-date: /workspace/stage2_workspaces/b2/install/livox_ros_driver2/share/livox_ros_driver2/config/MID360s_config.json
-- Up-to-date: /workspace/stage2_workspaces/b2/install/livox_ros_driver2/share/livox_ros_driver2/config/MID360_config.json
-- Up-to-date: /workspace/stage2_workspaces/b2/install/livox_ros_driver2/share/livox_ros_driver2/config/mixed_HAP_MID360_config.json
-- Up-to-date: /workspace/stage2_workspaces/b2/install/livox_ros_driver2/share/livox_ros_driver2/launch_ROS2
-- Up-to-date: /workspace/stage2_workspaces/b2/install/livox_ros_driver2/share/livox_ros_driver2/launch_ROS2/msg_HAP_launch.py
-- Up-to-date: /workspace/stage2_workspaces/b2/install/livox_ros_driver2/share/livox_ros_driver2/launch_ROS2/msg_MID360s_launch.py
-- Up-to-date: /workspace/stage2_workspaces/b2/install/livox_ros_driver2/share/livox_ros_driver2/launch_ROS2/msg_MID360_launch.py
-- Up-to-date: /workspace/stage2_workspaces/b2/install/livox_ros_driver2/share/livox_ros_driver2/launch_ROS2/rviz_HAP_launch.py
-- Up-to-date: /workspace/stage2_workspaces/b2/install/livox_ros_driver2/share/livox_ros_driver2/launch_ROS2/rviz_MID360s_launch.py
-- Up-to-date: /workspace/stage2_workspaces/b2/install/livox_ros_driver2/share/livox_ros_driver2/launch_ROS2/rviz_MID360_launch.py
-- Up-to-date: /workspace/stage2_workspaces/b2/install/livox_ros_driver2/share/livox_ros_driver2/launch_ROS2/rviz_mixed.py
-- Up-to-date: /workspace/stage2_workspaces/b2/install/livox_ros_driver2/share/ament_index/resource_index/package_run_dependencies/livox_ros_driver2
-- Up-to-date: /workspace/stage2_workspaces/b2/install/livox_ros_driver2/share/ament_index/resource_index/parent_prefix_path/livox_ros_driver2
-- Up-to-date: /workspace/stage2_workspaces/b2/install/livox_ros_driver2/share/livox_ros_driver2/environment/ament_prefix_path.sh
-- Up-to-date: /workspace/stage2_workspaces/b2/install/livox_ros_driver2/share/livox_ros_driver2/environment/ament_prefix_path.dsv
-- Up-to-date: /workspace/stage2_workspaces/b2/install/livox_ros_driver2/share/livox_ros_driver2/environment/path.sh
-- Up-to-date: /workspace/stage2_workspaces/b2/install/livox_ros_driver2/share/livox_ros_driver2/environment/path.dsv
-- Up-to-date: /workspace/stage2_workspaces/b2/install/livox_ros_driver2/share/livox_ros_driver2/local_setup.bash
-- Up-to-date: /workspace/stage2_workspaces/b2/install/livox_ros_driver2/share/livox_ros_driver2/local_setup.sh
-- Up-to-date: /workspace/stage2_workspaces/b2/install/livox_ros_driver2/share/livox_ros_driver2/local_setup.zsh
-- Up-to-date: /workspace/stage2_workspaces/b2/install/livox_ros_driver2/share/livox_ros_driver2/local_setup.dsv
-- Installing: /workspace/stage2_workspaces/b2/install/livox_ros_driver2/share/livox_ros_driver2/package.dsv
-- Up-to-date: /workspace/stage2_workspaces/b2/install/livox_ros_driver2/share/ament_index/resource_index/packages/livox_ros_driver2
-- Up-to-date: /workspace/stage2_workspaces/b2/install/livox_ros_driver2/share/ament_index/resource_index/rclcpp_components/livox_ros_driver2
-- Up-to-date: /workspace/stage2_workspaces/b2/install/livox_ros_driver2/share/livox_ros_driver2/cmake/export_livox_interfaces2__rosidl_generator_cExport.cmake
-- Up-to-date: /workspace/stage2_workspaces/b2/install/livox_ros_driver2/share/livox_ros_driver2/cmake/export_livox_interfaces2__rosidl_generator_cExport-release.cmake
-- Up-to-date: /workspace/stage2_workspaces/b2/install/livox_ros_driver2/share/livox_ros_driver2/cmake/export_livox_interfaces2__rosidl_typesupport_fastrtps_cExport.cmake
-- Up-to-date: /workspace/stage2_workspaces/b2/install/livox_ros_driver2/share/livox_ros_driver2/cmake/export_livox_interfaces2__rosidl_typesupport_fastrtps_cExport-release.cmake
-- Up-to-date: /workspace/stage2_workspaces/b2/install/livox_ros_driver2/share/livox_ros_driver2/cmake/livox_interfaces2__rosidl_typesupport_introspection_cExport.cmake
-- Up-to-date: /workspace/stage2_workspaces/b2/install/livox_ros_driver2/share/livox_ros_driver2/cmake/livox_interfaces2__rosidl_typesupport_introspection_cExport-release.cmake
-- Up-to-date: /workspace/stage2_workspaces/b2/install/livox_ros_driver2/share/livox_ros_driver2/cmake/livox_interfaces2__rosidl_typesupport_cExport.cmake
-- Up-to-date: /workspace/stage2_workspaces/b2/install/livox_ros_driver2/share/livox_ros_driver2/cmake/livox_interfaces2__rosidl_typesupport_cExport-release.cmake
-- Up-to-date: /workspace/stage2_workspaces/b2/install/livox_ros_driver2/share/livox_ros_driver2/cmake/export_livox_interfaces2__rosidl_generator_cppExport.cmake
-- Up-to-date: /workspace/stage2_workspaces/b2/install/livox_ros_driver2/share/livox_ros_driver2/cmake/export_livox_interfaces2__rosidl_typesupport_fastrtps_cppExport.cmake
-- Up-to-date: /workspace/stage2_workspaces/b2/install/livox_ros_driver2/share/livox_ros_driver2/cmake/export_livox_interfaces2__rosidl_typesupport_fastrtps_cppExport-release.cmake
-- Up-to-date: /workspace/stage2_workspaces/b2/install/livox_ros_driver2/share/livox_ros_driver2/cmake/livox_interfaces2__rosidl_typesupport_introspection_cppExport.cmake
-- Up-to-date: /workspace/stage2_workspaces/b2/install/livox_ros_driver2/share/livox_ros_driver2/cmake/livox_interfaces2__rosidl_typesupport_introspection_cppExport-release.cmake
-- Up-to-date: /workspace/stage2_workspaces/b2/install/livox_ros_driver2/share/livox_ros_driver2/cmake/livox_interfaces2__rosidl_typesupport_cppExport.cmake
-- Up-to-date: /workspace/stage2_workspaces/b2/install/livox_ros_driver2/share/livox_ros_driver2/cmake/livox_interfaces2__rosidl_typesupport_cppExport-release.cmake
-- Up-to-date: /workspace/stage2_workspaces/b2/install/livox_ros_driver2/share/livox_ros_driver2/cmake/export_livox_interfaces2__rosidl_generator_pyExport.cmake
-- Up-to-date: /workspace/stage2_workspaces/b2/install/livox_ros_driver2/share/livox_ros_driver2/cmake/export_livox_interfaces2__rosidl_generator_pyExport-release.cmake
-- Up-to-date: /workspace/stage2_workspaces/b2/install/livox_ros_driver2/share/livox_ros_driver2/cmake/rosidl_cmake-extras.cmake
-- Up-to-date: /workspace/stage2_workspaces/b2/install/livox_ros_driver2/share/livox_ros_driver2/cmake/ament_cmake_export_dependencies-extras.cmake
-- Up-to-date: /workspace/stage2_workspaces/b2/install/livox_ros_driver2/share/livox_ros_driver2/cmake/ament_cmake_export_include_directories-extras.cmake
-- Up-to-date: /workspace/stage2_workspaces/b2/install/livox_ros_driver2/share/livox_ros_driver2/cmake/ament_cmake_export_libraries-extras.cmake
-- Up-to-date: /workspace/stage2_workspaces/b2/install/livox_ros_driver2/share/livox_ros_driver2/cmake/ament_cmake_export_targets-extras.cmake
-- Up-to-date: /workspace/stage2_workspaces/b2/install/livox_ros_driver2/share/livox_ros_driver2/cmake/rosidl_cmake_export_typesupport_targets-extras.cmake
-- Up-to-date: /workspace/stage2_workspaces/b2/install/livox_ros_driver2/share/livox_ros_driver2/cmake/rosidl_cmake_export_typesupport_libraries-extras.cmake
-- Up-to-date: /workspace/stage2_workspaces/b2/install/livox_ros_driver2/share/livox_ros_driver2/cmake/livox_ros_driver2Config.cmake
-- Up-to-date: /workspace/stage2_workspaces/b2/install/livox_ros_driver2/share/livox_ros_driver2/cmake/livox_ros_driver2Config-version.cmake
-- Up-to-date: /workspace/stage2_workspaces/b2/install/livox_ros_driver2/share/livox_ros_driver2/package.xml
Finished <<< livox_ros_driver2 [6.14s]
Starting >>> fast_lio
Current CPU archtecture: x86_64
Processer number:  20
core for MP: 3
-- Found PythonLibs: /usr/lib/x86_64-linux-gnu/libpython3.10.so (found version "3.10.12") 
-- Found ament_cmake: 1.3.14 (/opt/ros/humble/share/ament_cmake/cmake)
-- Found rclcpp: 16.0.19 (/opt/ros/humble/share/rclcpp/cmake)
-- Found rosidl_generator_c: 3.1.8 (/opt/ros/humble/share/rosidl_generator_c/cmake)
-- Found rosidl_adapter: 3.1.8 (/opt/ros/humble/share/rosidl_adapter/cmake)
-- Found rosidl_generator_cpp: 3.1.8 (/opt/ros/humble/share/rosidl_generator_cpp/cmake)
-- Using all available rosidl_typesupport_c: rosidl_typesupport_fastrtps_c;rosidl_typesupport_introspection_c
-- Using all available rosidl_typesupport_cpp: rosidl_typesupport_fastrtps_cpp;rosidl_typesupport_introspection_cpp
-- Found rmw_implementation_cmake: 6.1.2 (/opt/ros/humble/share/rmw_implementation_cmake/cmake)
-- Found rmw_fastrtps_cpp: 6.2.10 (/opt/ros/humble/share/rmw_fastrtps_cpp/cmake)
-- Using RMW implementation 'rmw_fastrtps_cpp' as default
-- Found rclcpp_components: 16.0.19 (/opt/ros/humble/share/rclcpp_components/cmake)
-- Found geometry_msgs: 4.9.1 (/opt/ros/humble/share/geometry_msgs/cmake)
-- Found nav_msgs: 4.9.1 (/opt/ros/humble/share/nav_msgs/cmake)
-- Found sensor_msgs: 4.9.1 (/opt/ros/humble/share/sensor_msgs/cmake)
-- Found std_srvs: 4.9.1 (/opt/ros/humble/share/std_srvs/cmake)
-- Found visualization_msgs: 4.9.1 (/opt/ros/humble/share/visualization_msgs/cmake)
-- Found pcl_ros: 2.4.5 (/opt/ros/humble/share/pcl_ros/cmake)
-- Eigen found (include: /usr/include/eigen3, version: 3.4.0)
-- FLANN found (include: /usr/include, lib: /usr/lib/x86_64-linux-gnu/libflann_cpp.so)
-- OpenNI found (version: 1.5.4.0, include: /usr/include/ni, lib: /usr/lib/libOpenNI.so;libusb::libusb)
-- OpenNI2 found (version: 2.2.0.33, include: /usr/include/openni2, lib: /usr/lib/x86_64-linux-gnu/libOpenNI2.so;libusb::libusb)
-- Eigen found (include: /usr/include/eigen3, version: 3.4.0)
-- OpenNI found (version: 1.5.4.0, include: /usr/include/ni, lib: /usr/lib/libOpenNI.so;libusb::libusb)
-- OpenNI2 found (version: 2.2.0.33, include: /usr/include/openni2, lib: /usr/lib/x86_64-linux-gnu/libOpenNI2.so;libusb::libusb)
-- Found Qhull version 8.0.2
-- OpenNI found (version: 1.5.4.0, include: /usr/include/ni, lib: /usr/lib/libOpenNI.so;libusb::libusb)
-- Found eigen3_cmake_module: 0.1.1 (/opt/ros/humble/share/eigen3_cmake_module/cmake)
-- Ensuring Eigen3 include directory is part of orocos-kdl CMake target
-- Found livox_ros_driver2: 1.0.0 (/workspace/stage2_workspaces/b2/install/livox_ros_driver2/share/livox_ros_driver2/cmake)
-- Found rosidl_default_generators: 1.2.1 (/opt/ros/humble/share/rosidl_default_generators/cmake)
CMake Warning (dev) at CMakeLists.txt:81 (find_package):
  Policy CMP0074 is not set: find_package uses <PackageName>_ROOT variables.
  Run "cmake --help-policy CMP0074" for policy details.  Use the cmake_policy
  command to set the policy and suppress this warning.

  CMake variable PCL_ROOT is set to:

    /usr

  For compatibility, CMake is ignoring the variable.
This warning is for project developers.  Use -Wno-dev to suppress it.

Eigen:/usr/include/eigen3
-- PCL: /usr/include/pcl-1.12
-- Found ament_cmake_ros: 0.10.0 (/opt/ros/humble/share/ament_cmake_ros/cmake)
-- Using all available rosidl_typesupport_c: rosidl_typesupport_fastrtps_c;rosidl_typesupport_introspection_c
-- Using all available rosidl_typesupport_cpp: rosidl_typesupport_fastrtps_cpp;rosidl_typesupport_introspection_cpp
-- Found python_cmake_module: 0.10.0 (/opt/ros/humble/share/python_cmake_module/cmake)
-- Found PythonLibs: /usr/lib/x86_64-linux-gnu/libpython3.10.so (found suitable version "3.10.12", minimum required is "3.5") 
-- Using PYTHON_EXECUTABLE: /usr/bin/python3
-- Using PYTHON_INCLUDE_DIRS: /usr/include/python3.10
-- Using PYTHON_LIBRARIES: /usr/lib/x86_64-linux-gnu/libpython3.10.so
-- Configuring done
-- Generating done
-- Build files have been written to: /workspace/stage2_workspaces/b2/build/fast_lio
[  2%] Generating C code for ROS interfaces
[  5%] Generating C++ code for ROS interfaces
[  8%] Generating Rust code for ROS interfaces
[  8%] Built target ament_cmake_python_copy_fast_lio
[  8%] Built target fast_lio__cpp
[  8%] Built target fast_lio__rs
[ 13%] Generating C++ introspection for ROS interfaces
[ 13%] Building C object CMakeFiles/fast_lio__rosidl_generator_c.dir/rosidl_generator_c/fast_lio/msg/detail/pose6_d__functions.c.o
[ 16%] Generating C++ type support dispatch for ROS interfaces
[ 18%] Generating C++ type support for eProsima Fast-RTPS
[ 21%] Linking C shared library libfast_lio__rosidl_generator_c.so
running egg_info
creating fast_lio.egg-info
writing fast_lio.egg-info/PKG-INFO
writing dependency_links to fast_lio.egg-info/dependency_links.txt
writing top-level names to fast_lio.egg-info/top_level.txt
writing manifest file 'fast_lio.egg-info/SOURCES.txt'
reading manifest file 'fast_lio.egg-info/SOURCES.txt'
writing manifest file 'fast_lio.egg-info/SOURCES.txt'
[ 24%] Building CXX object CMakeFiles/fast_lio__rosidl_typesupport_cpp.dir/rosidl_typesupport_cpp/fast_lio/msg/pose6_d__type_support.cpp.o
[ 27%] Building CXX object CMakeFiles/fast_lio__rosidl_typesupport_fastrtps_cpp.dir/rosidl_typesupport_fastrtps_cpp/fast_lio/msg/detail/dds_fastrtps/pose6_d__type_support.cpp.o
[ 29%] Building CXX object CMakeFiles/fast_lio__rosidl_typesupport_introspection_cpp.dir/rosidl_typesupport_introspection_cpp/fast_lio/msg/detail/pose6_d__type_support.cpp.o
[ 29%] Built target fast_lio__rosidl_generator_c
[ 29%] Built target ament_cmake_python_build_fast_lio_egg
[ 32%] Generating C type support dispatch for ROS interfaces
[ 35%] Generating C type support for eProsima Fast-RTPS
[ 37%] Generating C introspection for ROS interfaces
[ 40%] Linking CXX shared library libfast_lio__rosidl_typesupport_cpp.so
[ 43%] Building CXX object CMakeFiles/fast_lio__rosidl_typesupport_c.dir/rosidl_typesupport_c/fast_lio/msg/pose6_d__type_support.cpp.o
[ 45%] Building CXX object CMakeFiles/fast_lio__rosidl_typesupport_fastrtps_c.dir/rosidl_typesupport_fastrtps_c/fast_lio/msg/detail/pose6_d__type_support_c.cpp.o
[ 45%] Built target fast_lio__rosidl_typesupport_cpp
[ 48%] Building C object CMakeFiles/fast_lio__rosidl_typesupport_introspection_c.dir/rosidl_typesupport_introspection_c/fast_lio/msg/detail/pose6_d__type_support.c.o
[ 51%] Linking CXX shared library libfast_lio__rosidl_typesupport_introspection_cpp.so
[ 54%] Linking CXX shared library libfast_lio__rosidl_typesupport_c.so
[ 56%] Linking CXX shared library libfast_lio__rosidl_typesupport_fastrtps_cpp.so
[ 59%] Building CXX object CMakeFiles/fastlio_mapping.dir/src/laserMapping.cpp.o
[ 62%] Building CXX object CMakeFiles/fastlio_mapping.dir/src/lifecycle_observer.cpp.o
[ 64%] Building CXX object CMakeFiles/fastlio_mapping.dir/include/ikd-Tree/ikd_Tree.cpp.o
[ 67%] Building CXX object CMakeFiles/fastlio_mapping.dir/src/preprocess.cpp.o
[ 67%] Built target fast_lio__rosidl_typesupport_introspection_cpp
[ 67%] Built target fast_lio__rosidl_typesupport_c
[ 67%] Built target fast_lio__rosidl_typesupport_fastrtps_cpp
[ 70%] Linking C shared library libfast_lio__rosidl_typesupport_introspection_c.so
[ 70%] Built target fast_lio__rosidl_typesupport_introspection_c
[ 72%] Linking CXX shared library libfast_lio__rosidl_typesupport_fastrtps_c.so
[ 72%] Built target fast_lio__rosidl_typesupport_fastrtps_c
[ 72%] Built target fast_lio
[ 75%] Generating Python code for ROS interfaces
[ 75%] Built target fast_lio__py
[ 78%] Building C object CMakeFiles/fast_lio__rosidl_generator_py.dir/rosidl_generator_py/fast_lio/msg/_pose6_d_s.c.o
[ 81%] Linking C shared library rosidl_generator_py/fast_lio/libfast_lio__rosidl_generator_py.so
[ 81%] Built target fast_lio__rosidl_generator_py
[ 83%] Building C object CMakeFiles/fast_lio__rosidl_typesupport_introspection_c__pyext.dir/rosidl_generator_py/fast_lio/_fast_lio_s.ep.rosidl_typesupport_introspection_c.c.o
[ 86%] Building C object CMakeFiles/fast_lio__rosidl_typesupport_fastrtps_c__pyext.dir/rosidl_generator_py/fast_lio/_fast_lio_s.ep.rosidl_typesupport_fastrtps_c.c.o
[ 89%] Building C object CMakeFiles/fast_lio__rosidl_typesupport_c__pyext.dir/rosidl_generator_py/fast_lio/_fast_lio_s.ep.rosidl_typesupport_c.c.o
[ 91%] Linking C shared library rosidl_generator_py/fast_lio/fast_lio_s__rosidl_typesupport_c.cpython-310-x86_64-linux-gnu.so
[ 94%] Linking C shared library rosidl_generator_py/fast_lio/fast_lio_s__rosidl_typesupport_introspection_c.cpython-310-x86_64-linux-gnu.so
[ 97%] Linking C shared library rosidl_generator_py/fast_lio/fast_lio_s__rosidl_typesupport_fastrtps_c.cpython-310-x86_64-linux-gnu.so
[ 97%] Built target fast_lio__rosidl_typesupport_c__pyext
[ 97%] Built target fast_lio__rosidl_typesupport_introspection_c__pyext
[ 97%] Built target fast_lio__rosidl_typesupport_fastrtps_c__pyext
In file included from /usr/include/boost/smart_ptr/detail/sp_thread_sleep.hpp:22,
                 from /usr/include/boost/smart_ptr/detail/yield_k.hpp:23,
                 from /usr/include/boost/smart_ptr/detail/spinlock_gcc_atomic.hpp:14,
                 from /usr/include/boost/smart_ptr/detail/spinlock.hpp:42,
                 from /usr/include/boost/smart_ptr/detail/spinlock_pool.hpp:25,
                 from /usr/include/boost/smart_ptr/shared_ptr.hpp:29,
                 from /usr/include/boost/shared_ptr.hpp:17,
                 from /usr/include/boost/date_time/microsec_time_clock.hpp:18,
                 from /usr/include/boost/interprocess/detail/posix_time_types_wrk.hpp:31,
                 from /usr/include/boost/interprocess/detail/os_thread_functions.hpp:36,
                 from /usr/include/boost/interprocess/sync/file_lock.hpp:26,
                 from /usr/include/pcl-1.12/pcl/io/pcd_io.h:46,
                 from /opt/ros/humble/include/pcl_conversions/pcl_conversions/pcl_conversions.h:73,
                 from /workspace/stage2_workspaces/b2/src/fast_lio/src/IMU_Processing.hpp:18,
                 from /workspace/stage2_workspaces/b2/src/fast_lio/src/laserMapping.cpp:50:
/usr/include/boost/bind.hpp:36:1: note: ‘#pragma message: The practice of declaring the Bind placeholders (_1, _2, ...) in the global namespace is deprecated. Please use <boost/bind/bind.hpp> + using namespace boost::placeholders, or define BOOST_BIND_GLOBAL_PLACEHOLDERS to retain the current behavior.’
   36 | BOOST_PRAGMA_MESSAGE(
      | ^~~~~~~~~~~~~~~~~~~~
[100%] Linking CXX executable fastlio_mapping
[Processing: fast_lio]
[Processing: fast_lio]
[100%] Built target fastlio_mapping
-- Install configuration: "Release"
-- Installing: /workspace/stage2_workspaces/b2/install/fast_lio/share/ament_index/resource_index/rosidl_interfaces/fast_lio
-- Installing: /workspace/stage2_workspaces/b2/install/fast_lio/include/fast_lio/fast_lio
-- Installing: /workspace/stage2_workspaces/b2/install/fast_lio/include/fast_lio/fast_lio/msg
-- Installing: /workspace/stage2_workspaces/b2/install/fast_lio/include/fast_lio/fast_lio/msg/detail
-- Installing: /workspace/stage2_workspaces/b2/install/fast_lio/include/fast_lio/fast_lio/msg/detail/pose6_d__functions.c
-- Installing: /workspace/stage2_workspaces/b2/install/fast_lio/include/fast_lio/fast_lio/msg/detail/pose6_d__functions.h
-- Installing: /workspace/stage2_workspaces/b2/install/fast_lio/include/fast_lio/fast_lio/msg/detail/pose6_d__struct.h
-- Installing: /workspace/stage2_workspaces/b2/install/fast_lio/include/fast_lio/fast_lio/msg/detail/pose6_d__type_support.h
-- Installing: /workspace/stage2_workspaces/b2/install/fast_lio/include/fast_lio/fast_lio/msg/pose6_d.h
-- Installing: /workspace/stage2_workspaces/b2/install/fast_lio/include/fast_lio/fast_lio/msg/rosidl_generator_c__visibility_control.h
-- Installing: /workspace/stage2_workspaces/b2/install/fast_lio/share/fast_lio/environment/library_path.sh
-- Installing: /workspace/stage2_workspaces/b2/install/fast_lio/share/fast_lio/environment/library_path.dsv
-- Installing: /workspace/stage2_workspaces/b2/install/fast_lio/lib/libfast_lio__rosidl_generator_c.so
-- Set runtime path of "/workspace/stage2_workspaces/b2/install/fast_lio/lib/libfast_lio__rosidl_generator_c.so" to ""
-- Up-to-date: /workspace/stage2_workspaces/b2/install/fast_lio/include/fast_lio/fast_lio
-- Up-to-date: /workspace/stage2_workspaces/b2/install/fast_lio/include/fast_lio/fast_lio/msg
-- Up-to-date: /workspace/stage2_workspaces/b2/install/fast_lio/include/fast_lio/fast_lio/msg/detail
-- Installing: /workspace/stage2_workspaces/b2/install/fast_lio/include/fast_lio/fast_lio/msg/detail/pose6_d__rosidl_typesupport_fastrtps_c.h
-- Installing: /workspace/stage2_workspaces/b2/install/fast_lio/include/fast_lio/fast_lio/msg/rosidl_typesupport_fastrtps_c__visibility_control.h
-- Installing: /workspace/stage2_workspaces/b2/install/fast_lio/lib/libfast_lio__rosidl_typesupport_fastrtps_c.so
-- Set runtime path of "/workspace/stage2_workspaces/b2/install/fast_lio/lib/libfast_lio__rosidl_typesupport_fastrtps_c.so" to ""
-- Up-to-date: /workspace/stage2_workspaces/b2/install/fast_lio/include/fast_lio/fast_lio
-- Up-to-date: /workspace/stage2_workspaces/b2/install/fast_lio/include/fast_lio/fast_lio/msg
-- Up-to-date: /workspace/stage2_workspaces/b2/install/fast_lio/include/fast_lio/fast_lio/msg/detail
-- Installing: /workspace/stage2_workspaces/b2/install/fast_lio/include/fast_lio/fast_lio/msg/detail/pose6_d__builder.hpp
-- Installing: /workspace/stage2_workspaces/b2/install/fast_lio/include/fast_lio/fast_lio/msg/detail/pose6_d__struct.hpp
-- Installing: /workspace/stage2_workspaces/b2/install/fast_lio/include/fast_lio/fast_lio/msg/detail/pose6_d__traits.hpp
-- Installing: /workspace/stage2_workspaces/b2/install/fast_lio/include/fast_lio/fast_lio/msg/detail/pose6_d__type_support.hpp
-- Installing: /workspace/stage2_workspaces/b2/install/fast_lio/include/fast_lio/fast_lio/msg/pose6_d.hpp
-- Installing: /workspace/stage2_workspaces/b2/install/fast_lio/include/fast_lio/fast_lio/msg/rosidl_generator_cpp__visibility_control.hpp
-- Up-to-date: /workspace/stage2_workspaces/b2/install/fast_lio/include/fast_lio/fast_lio
-- Up-to-date: /workspace/stage2_workspaces/b2/install/fast_lio/include/fast_lio/fast_lio/msg
-- Up-to-date: /workspace/stage2_workspaces/b2/install/fast_lio/include/fast_lio/fast_lio/msg/detail
-- Installing: /workspace/stage2_workspaces/b2/install/fast_lio/include/fast_lio/fast_lio/msg/detail/dds_fastrtps
-- Installing: /workspace/stage2_workspaces/b2/install/fast_lio/include/fast_lio/fast_lio/msg/detail/pose6_d__rosidl_typesupport_fastrtps_cpp.hpp
-- Installing: /workspace/stage2_workspaces/b2/install/fast_lio/include/fast_lio/fast_lio/msg/rosidl_typesupport_fastrtps_cpp__visibility_control.h
-- Installing: /workspace/stage2_workspaces/b2/install/fast_lio/lib/libfast_lio__rosidl_typesupport_fastrtps_cpp.so
-- Set runtime path of "/workspace/stage2_workspaces/b2/install/fast_lio/lib/libfast_lio__rosidl_typesupport_fastrtps_cpp.so" to ""
-- Up-to-date: /workspace/stage2_workspaces/b2/install/fast_lio/include/fast_lio/fast_lio
-- Up-to-date: /workspace/stage2_workspaces/b2/install/fast_lio/include/fast_lio/fast_lio/msg
-- Up-to-date: /workspace/stage2_workspaces/b2/install/fast_lio/include/fast_lio/fast_lio/msg/detail
-- Installing: /workspace/stage2_workspaces/b2/install/fast_lio/include/fast_lio/fast_lio/msg/detail/pose6_d__rosidl_typesupport_introspection_c.h
-- Installing: /workspace/stage2_workspaces/b2/install/fast_lio/include/fast_lio/fast_lio/msg/detail/pose6_d__type_support.c
-- Installing: /workspace/stage2_workspaces/b2/install/fast_lio/include/fast_lio/fast_lio/msg/rosidl_typesupport_introspection_c__visibility_control.h
-- Installing: /workspace/stage2_workspaces/b2/install/fast_lio/lib/libfast_lio__rosidl_typesupport_introspection_c.so
-- Set runtime path of "/workspace/stage2_workspaces/b2/install/fast_lio/lib/libfast_lio__rosidl_typesupport_introspection_c.so" to ""
-- Installing: /workspace/stage2_workspaces/b2/install/fast_lio/lib/libfast_lio__rosidl_typesupport_c.so
-- Set runtime path of "/workspace/stage2_workspaces/b2/install/fast_lio/lib/libfast_lio__rosidl_typesupport_c.so" to ""
-- Up-to-date: /workspace/stage2_workspaces/b2/install/fast_lio/include/fast_lio/fast_lio
-- Up-to-date: /workspace/stage2_workspaces/b2/install/fast_lio/include/fast_lio/fast_lio/msg
-- Up-to-date: /workspace/stage2_workspaces/b2/install/fast_lio/include/fast_lio/fast_lio/msg/detail
-- Installing: /workspace/stage2_workspaces/b2/install/fast_lio/include/fast_lio/fast_lio/msg/detail/pose6_d__rosidl_typesupport_introspection_cpp.hpp
-- Installing: /workspace/stage2_workspaces/b2/install/fast_lio/include/fast_lio/fast_lio/msg/detail/pose6_d__type_support.cpp
-- Installing: /workspace/stage2_workspaces/b2/install/fast_lio/lib/libfast_lio__rosidl_typesupport_introspection_cpp.so
-- Set runtime path of "/workspace/stage2_workspaces/b2/install/fast_lio/lib/libfast_lio__rosidl_typesupport_introspection_cpp.so" to ""
-- Installing: /workspace/stage2_workspaces/b2/install/fast_lio/lib/libfast_lio__rosidl_typesupport_cpp.so
-- Set runtime path of "/workspace/stage2_workspaces/b2/install/fast_lio/lib/libfast_lio__rosidl_typesupport_cpp.so" to ""
-- Installing: /workspace/stage2_workspaces/b2/install/fast_lio/share/fast_lio/environment/pythonpath.sh
-- Installing: /workspace/stage2_workspaces/b2/install/fast_lio/share/fast_lio/environment/pythonpath.dsv
-- Installing: /workspace/stage2_workspaces/b2/install/fast_lio/local/lib/python3.10/dist-packages/fast_lio-0.0.0-py3.10.egg-info
-- Installing: /workspace/stage2_workspaces/b2/install/fast_lio/local/lib/python3.10/dist-packages/fast_lio-0.0.0-py3.10.egg-info/dependency_links.txt
-- Installing: /workspace/stage2_workspaces/b2/install/fast_lio/local/lib/python3.10/dist-packages/fast_lio-0.0.0-py3.10.egg-info/PKG-INFO
-- Installing: /workspace/stage2_workspaces/b2/install/fast_lio/local/lib/python3.10/dist-packages/fast_lio-0.0.0-py3.10.egg-info/SOURCES.txt
-- Installing: /workspace/stage2_workspaces/b2/install/fast_lio/local/lib/python3.10/dist-packages/fast_lio-0.0.0-py3.10.egg-info/top_level.txt
-- Installing: /workspace/stage2_workspaces/b2/install/fast_lio/local/lib/python3.10/dist-packages/fast_lio
-- Installing: /workspace/stage2_workspaces/b2/install/fast_lio/local/lib/python3.10/dist-packages/fast_lio/fast_lio_s__rosidl_typesupport_c.cpython-310-x86_64-linux-gnu.so
-- Installing: /workspace/stage2_workspaces/b2/install/fast_lio/local/lib/python3.10/dist-packages/fast_lio/fast_lio_s__rosidl_typesupport_fastrtps_c.cpython-310-x86_64-linux-gnu.so
-- Installing: /workspace/stage2_workspaces/b2/install/fast_lio/local/lib/python3.10/dist-packages/fast_lio/fast_lio_s__rosidl_typesupport_introspection_c.cpython-310-x86_64-linux-gnu.so
-- Installing: /workspace/stage2_workspaces/b2/install/fast_lio/local/lib/python3.10/dist-packages/fast_lio/libfast_lio__rosidl_generator_py.so
-- Installing: /workspace/stage2_workspaces/b2/install/fast_lio/local/lib/python3.10/dist-packages/fast_lio/msg
-- Installing: /workspace/stage2_workspaces/b2/install/fast_lio/local/lib/python3.10/dist-packages/fast_lio/msg/_pose6_d.py
-- Installing: /workspace/stage2_workspaces/b2/install/fast_lio/local/lib/python3.10/dist-packages/fast_lio/msg/_pose6_d_s.c
-- Installing: /workspace/stage2_workspaces/b2/install/fast_lio/local/lib/python3.10/dist-packages/fast_lio/msg/__init__.py
-- Installing: /workspace/stage2_workspaces/b2/install/fast_lio/local/lib/python3.10/dist-packages/fast_lio/_fast_lio_s.ep.rosidl_typesupport_c.c
-- Installing: /workspace/stage2_workspaces/b2/install/fast_lio/local/lib/python3.10/dist-packages/fast_lio/_fast_lio_s.ep.rosidl_typesupport_fastrtps_c.c
-- Installing: /workspace/stage2_workspaces/b2/install/fast_lio/local/lib/python3.10/dist-packages/fast_lio/_fast_lio_s.ep.rosidl_typesupport_introspection_c.c
-- Installing: /workspace/stage2_workspaces/b2/install/fast_lio/local/lib/python3.10/dist-packages/fast_lio/__init__.py
Listing '/workspace/stage2_workspaces/b2/install/fast_lio/local/lib/python3.10/dist-packages/fast_lio'...
Compiling '/workspace/stage2_workspaces/b2/install/fast_lio/local/lib/python3.10/dist-packages/fast_lio/__init__.py'...
Listing '/workspace/stage2_workspaces/b2/install/fast_lio/local/lib/python3.10/dist-packages/fast_lio/msg'...
Compiling '/workspace/stage2_workspaces/b2/install/fast_lio/local/lib/python3.10/dist-packages/fast_lio/msg/__init__.py'...
Compiling '/workspace/stage2_workspaces/b2/install/fast_lio/local/lib/python3.10/dist-packages/fast_lio/msg/_pose6_d.py'...
-- Installing: /workspace/stage2_workspaces/b2/install/fast_lio/local/lib/python3.10/dist-packages/fast_lio/fast_lio_s__rosidl_typesupport_fastrtps_c.cpython-310-x86_64-linux-gnu.so
-- Set runtime path of "/workspace/stage2_workspaces/b2/install/fast_lio/local/lib/python3.10/dist-packages/fast_lio/fast_lio_s__rosidl_typesupport_fastrtps_c.cpython-310-x86_64-linux-gnu.so" to ""
-- Installing: /workspace/stage2_workspaces/b2/install/fast_lio/local/lib/python3.10/dist-packages/fast_lio/fast_lio_s__rosidl_typesupport_introspection_c.cpython-310-x86_64-linux-gnu.so
-- Set runtime path of "/workspace/stage2_workspaces/b2/install/fast_lio/local/lib/python3.10/dist-packages/fast_lio/fast_lio_s__rosidl_typesupport_introspection_c.cpython-310-x86_64-linux-gnu.so" to ""
-- Installing: /workspace/stage2_workspaces/b2/install/fast_lio/local/lib/python3.10/dist-packages/fast_lio/fast_lio_s__rosidl_typesupport_c.cpython-310-x86_64-linux-gnu.so
-- Set runtime path of "/workspace/stage2_workspaces/b2/install/fast_lio/local/lib/python3.10/dist-packages/fast_lio/fast_lio_s__rosidl_typesupport_c.cpython-310-x86_64-linux-gnu.so" to ""
-- Installing: /workspace/stage2_workspaces/b2/install/fast_lio/lib/libfast_lio__rosidl_generator_py.so
-- Set runtime path of "/workspace/stage2_workspaces/b2/install/fast_lio/lib/libfast_lio__rosidl_generator_py.so" to ""
-- Installing: /workspace/stage2_workspaces/b2/install/fast_lio/share/ament_index/resource_index/rust_packages/fast_lio
-- Installing: /workspace/stage2_workspaces/b2/install/fast_lio/share/fast_lio/rust
-- Installing: /workspace/stage2_workspaces/b2/install/fast_lio/share/fast_lio/rust/build.rs
-- Installing: /workspace/stage2_workspaces/b2/install/fast_lio/share/fast_lio/rust/Cargo.toml
-- Installing: /workspace/stage2_workspaces/b2/install/fast_lio/share/fast_lio/rust/src
-- Installing: /workspace/stage2_workspaces/b2/install/fast_lio/share/fast_lio/rust/src/lib.rs
-- Installing: /workspace/stage2_workspaces/b2/install/fast_lio/share/fast_lio/rust/src/msg
-- Installing: /workspace/stage2_workspaces/b2/install/fast_lio/share/fast_lio/rust/src/msg/rmw.rs
-- Installing: /workspace/stage2_workspaces/b2/install/fast_lio/share/fast_lio/rust/src/msg.rs
-- Installing: /workspace/stage2_workspaces/b2/install/fast_lio/share/fast_lio/msg/Pose6D.idl
-- Installing: /workspace/stage2_workspaces/b2/install/fast_lio/share/fast_lio/msg/Pose6D.msg
-- Installing: /workspace/stage2_workspaces/b2/install/fast_lio/lib/fast_lio/fastlio_mapping
-- Set runtime path of "/workspace/stage2_workspaces/b2/install/fast_lio/lib/fast_lio/fastlio_mapping" to ""
-- Installing: /workspace/stage2_workspaces/b2/install/fast_lio/share/fast_lio/config
-- Installing: /workspace/stage2_workspaces/b2/install/fast_lio/share/fast_lio/config/avia.yaml
-- Installing: /workspace/stage2_workspaces/b2/install/fast_lio/share/fast_lio/config/horizon.yaml
-- Installing: /workspace/stage2_workspaces/b2/install/fast_lio/share/fast_lio/config/mid360.yaml
-- Installing: /workspace/stage2_workspaces/b2/install/fast_lio/share/fast_lio/config/ouster64.yaml
-- Installing: /workspace/stage2_workspaces/b2/install/fast_lio/share/fast_lio/config/velodyne.yaml
-- Installing: /workspace/stage2_workspaces/b2/install/fast_lio/share/fast_lio/launch
-- Installing: /workspace/stage2_workspaces/b2/install/fast_lio/share/fast_lio/launch/gdb_debug_example.launch
-- Installing: /workspace/stage2_workspaces/b2/install/fast_lio/share/fast_lio/launch/mapping.launch.py
-- Installing: /workspace/stage2_workspaces/b2/install/fast_lio/share/fast_lio/rviz
-- Installing: /workspace/stage2_workspaces/b2/install/fast_lio/share/fast_lio/rviz/fastlio.rviz
-- Installing: /workspace/stage2_workspaces/b2/install/fast_lio/share/ament_index/resource_index/package_run_dependencies/fast_lio
-- Installing: /workspace/stage2_workspaces/b2/install/fast_lio/share/ament_index/resource_index/parent_prefix_path/fast_lio
-- Installing: /workspace/stage2_workspaces/b2/install/fast_lio/share/fast_lio/environment/ament_prefix_path.sh
-- Installing: /workspace/stage2_workspaces/b2/install/fast_lio/share/fast_lio/environment/ament_prefix_path.dsv
-- Installing: /workspace/stage2_workspaces/b2/install/fast_lio/share/fast_lio/environment/path.sh
-- Installing: /workspace/stage2_workspaces/b2/install/fast_lio/share/fast_lio/environment/path.dsv
-- Installing: /workspace/stage2_workspaces/b2/install/fast_lio/share/fast_lio/local_setup.bash
-- Installing: /workspace/stage2_workspaces/b2/install/fast_lio/share/fast_lio/local_setup.sh
-- Installing: /workspace/stage2_workspaces/b2/install/fast_lio/share/fast_lio/local_setup.zsh
-- Installing: /workspace/stage2_workspaces/b2/install/fast_lio/share/fast_lio/local_setup.dsv
-- Installing: /workspace/stage2_workspaces/b2/install/fast_lio/share/fast_lio/package.dsv
-- Installing: /workspace/stage2_workspaces/b2/install/fast_lio/share/ament_index/resource_index/packages/fast_lio
-- Installing: /workspace/stage2_workspaces/b2/install/fast_lio/share/fast_lio/cmake/export_fast_lio__rosidl_generator_cExport.cmake
-- Installing: /workspace/stage2_workspaces/b2/install/fast_lio/share/fast_lio/cmake/export_fast_lio__rosidl_generator_cExport-release.cmake
-- Installing: /workspace/stage2_workspaces/b2/install/fast_lio/share/fast_lio/cmake/export_fast_lio__rosidl_typesupport_fastrtps_cExport.cmake
-- Installing: /workspace/stage2_workspaces/b2/install/fast_lio/share/fast_lio/cmake/export_fast_lio__rosidl_typesupport_fastrtps_cExport-release.cmake
-- Installing: /workspace/stage2_workspaces/b2/install/fast_lio/share/fast_lio/cmake/export_fast_lio__rosidl_generator_cppExport.cmake
-- Installing: /workspace/stage2_workspaces/b2/install/fast_lio/share/fast_lio/cmake/export_fast_lio__rosidl_typesupport_fastrtps_cppExport.cmake
-- Installing: /workspace/stage2_workspaces/b2/install/fast_lio/share/fast_lio/cmake/export_fast_lio__rosidl_typesupport_fastrtps_cppExport-release.cmake
-- Installing: /workspace/stage2_workspaces/b2/install/fast_lio/share/fast_lio/cmake/fast_lio__rosidl_typesupport_introspection_cExport.cmake
-- Installing: /workspace/stage2_workspaces/b2/install/fast_lio/share/fast_lio/cmake/fast_lio__rosidl_typesupport_introspection_cExport-release.cmake
-- Installing: /workspace/stage2_workspaces/b2/install/fast_lio/share/fast_lio/cmake/fast_lio__rosidl_typesupport_cExport.cmake
-- Installing: /workspace/stage2_workspaces/b2/install/fast_lio/share/fast_lio/cmake/fast_lio__rosidl_typesupport_cExport-release.cmake
-- Installing: /workspace/stage2_workspaces/b2/install/fast_lio/share/fast_lio/cmake/fast_lio__rosidl_typesupport_introspection_cppExport.cmake
-- Installing: /workspace/stage2_workspaces/b2/install/fast_lio/share/fast_lio/cmake/fast_lio__rosidl_typesupport_introspection_cppExport-release.cmake
-- Installing: /workspace/stage2_workspaces/b2/install/fast_lio/share/fast_lio/cmake/fast_lio__rosidl_typesupport_cppExport.cmake
-- Installing: /workspace/stage2_workspaces/b2/install/fast_lio/share/fast_lio/cmake/fast_lio__rosidl_typesupport_cppExport-release.cmake
-- Installing: /workspace/stage2_workspaces/b2/install/fast_lio/share/fast_lio/cmake/export_fast_lio__rosidl_generator_pyExport.cmake
-- Installing: /workspace/stage2_workspaces/b2/install/fast_lio/share/fast_lio/cmake/export_fast_lio__rosidl_generator_pyExport-release.cmake
-- Installing: /workspace/stage2_workspaces/b2/install/fast_lio/share/fast_lio/cmake/rosidl_cmake-extras.cmake
-- Installing: /workspace/stage2_workspaces/b2/install/fast_lio/share/fast_lio/cmake/ament_cmake_export_include_directories-extras.cmake
-- Installing: /workspace/stage2_workspaces/b2/install/fast_lio/share/fast_lio/cmake/ament_cmake_export_libraries-extras.cmake
-- Installing: /workspace/stage2_workspaces/b2/install/fast_lio/share/fast_lio/cmake/ament_cmake_export_targets-extras.cmake
-- Installing: /workspace/stage2_workspaces/b2/install/fast_lio/share/fast_lio/cmake/rosidl_cmake_export_typesupport_targets-extras.cmake
-- Installing: /workspace/stage2_workspaces/b2/install/fast_lio/share/fast_lio/cmake/ament_cmake_export_dependencies-extras.cmake
-- Installing: /workspace/stage2_workspaces/b2/install/fast_lio/share/fast_lio/cmake/rosidl_cmake_export_typesupport_libraries-extras.cmake
-- Installing: /workspace/stage2_workspaces/b2/install/fast_lio/share/fast_lio/cmake/fast_lioConfig.cmake
-- Installing: /workspace/stage2_workspaces/b2/install/fast_lio/share/fast_lio/cmake/fast_lioConfig-version.cmake
-- Installing: /workspace/stage2_workspaces/b2/install/fast_lio/share/fast_lio/package.xml
--- stderr: fast_lio
Current CPU archtecture: x86_64
Processer number:  20
core for MP: 3
CMake Warning (dev) at CMakeLists.txt:81 (find_package):
  Policy CMP0074 is not set: find_package uses <PackageName>_ROOT variables.
  Run "cmake --help-policy CMP0074" for policy details.  Use the cmake_policy
  command to set the policy and suppress this warning.

  CMake variable PCL_ROOT is set to:

    /usr

  For compatibility, CMake is ignoring the variable.
This warning is for project developers.  Use -Wno-dev to suppress it.

Eigen:/usr/include/eigen3
In file included from /usr/include/boost/smart_ptr/detail/sp_thread_sleep.hpp:22,
                 from /usr/include/boost/smart_ptr/detail/yield_k.hpp:23,
                 from /usr/include/boost/smart_ptr/detail/spinlock_gcc_atomic.hpp:14,
                 from /usr/include/boost/smart_ptr/detail/spinlock.hpp:42,
                 from /usr/include/boost/smart_ptr/detail/spinlock_pool.hpp:25,
                 from /usr/include/boost/smart_ptr/shared_ptr.hpp:29,
                 from /usr/include/boost/shared_ptr.hpp:17,
                 from /usr/include/boost/date_time/microsec_time_clock.hpp:18,
                 from /usr/include/boost/interprocess/detail/posix_time_types_wrk.hpp:31,
                 from /usr/include/boost/interprocess/detail/os_thread_functions.hpp:36,
                 from /usr/include/boost/interprocess/sync/file_lock.hpp:26,
                 from /usr/include/pcl-1.12/pcl/io/pcd_io.h:46,
                 from /opt/ros/humble/include/pcl_conversions/pcl_conversions/pcl_conversions.h:73,
                 from /workspace/stage2_workspaces/b2/src/fast_lio/src/IMU_Processing.hpp:18,
                 from /workspace/stage2_workspaces/b2/src/fast_lio/src/laserMapping.cpp:50:
/usr/include/boost/bind.hpp:36:1: note: ‘#pragma message: The practice of declaring the Bind placeholders (_1, _2, ...) in the global namespace is deprecated. Please use <boost/bind/bind.hpp> + using namespace boost::placeholders, or define BOOST_BIND_GLOBAL_PLACEHOLDERS to retain the current behavior.’
   36 | BOOST_PRAGMA_MESSAGE(
      | ^~~~~~~~~~~~~~~~~~~~
---
Finished <<< fast_lio [1min 18s]

Summary: 2 packages finished [1min 24s]
  1 package had stderr output: fast_lio
