[INFO] [launch]: All log files can be found below /root/.ros/log/2026-07-31-11-53-34-680020-dc3ae6023b26-10238
[INFO] [launch]: Default logging verbosity is set to INFO
[INFO] [fastlio_mapping-1]: process started with pid [10249]
[fastlio_mapping-1] [INFO] [1785498814.761817940] [laser_mapping]: p_pre->lidar_type 1
[fastlio_mapping-1] Multi thread started 
[fastlio_mapping-1] ~~~~/data/fastlio_baseline/workspaces/b1/src/fast_lio/ file opened
[fastlio_mapping-1] [INFO] [1785498814.766157951] [laser_mapping]: Node init finished.
[fastlio_mapping-1] Too few input point cloud!
[fastlio_mapping-1] Too few input point cloud!
[fastlio_mapping-1] [WARN] [1785498829.486062794] [laser_mapping]: No point, skip this scan!
[fastlio_mapping-1] 
[fastlio_mapping-1] Too few input point cloud!
[fastlio_mapping-1] IMU Initial Done
[fastlio_mapping-1] [WARN] [1785498829.610374908] [laser_mapping]: No point, skip this scan!
[fastlio_mapping-1] 
[fastlio_mapping-1] Too few input point cloud!
[fastlio_mapping-1] [WARN] [1785498829.686733652] [laser_mapping]: No point, skip this scan!
[fastlio_mapping-1] 
[fastlio_mapping-1] Too few input point cloud!
[fastlio_mapping-1] [WARN] [1785498829.786497767] [laser_mapping]: No point, skip this scan!
[fastlio_mapping-1] 
[fastlio_mapping-1] Too few input point cloud!
[fastlio_mapping-1] [WARN] [1785498829.886747757] [laser_mapping]: No point, skip this scan!
[fastlio_mapping-1] 
[fastlio_mapping-1] Too few input point cloud!
[fastlio_mapping-1] [WARN] [1785498830.010450046] [laser_mapping]: No point, skip this scan!
[fastlio_mapping-1] 
[fastlio_mapping-1] Too few input point cloud!
[fastlio_mapping-1] [WARN] [1785498830.085481514] [laser_mapping]: No point, skip this scan!
[fastlio_mapping-1] 
[fastlio_mapping-1] Too few input point cloud!
[fastlio_mapping-1] [WARN] [1785498830.210513159] [laser_mapping]: No point, skip this scan!
[fastlio_mapping-1] 
[fastlio_mapping-1] Too few input point cloud!
[fastlio_mapping-1] [WARN] [1785498830.286058735] [laser_mapping]: No point, skip this scan!
[fastlio_mapping-1] 
[fastlio_mapping-1] Too few input point cloud!
[fastlio_mapping-1] [WARN] [1785498830.386408359] [laser_mapping]: No point, skip this scan!
[fastlio_mapping-1] 
[fastlio_mapping-1] Too few input point cloud!
[fastlio_mapping-1] [WARN] [1785498830.485814450] [laser_mapping]: No point, skip this scan!
[fastlio_mapping-1] 
[fastlio_mapping-1] Too few input point cloud!
[fastlio_mapping-1] [WARN] [1785498830.610508242] [laser_mapping]: No point, skip this scan!
[fastlio_mapping-1] 
[fastlio_mapping-1] Too few input point cloud!
[fastlio_mapping-1] [WARN] [1785498830.685504983] [laser_mapping]: No point, skip this scan!
[fastlio_mapping-1] 
[fastlio_mapping-1] Too few input point cloud!
[fastlio_mapping-1] [WARN] [1785498830.810544759] [laser_mapping]: No point, skip this scan!
[fastlio_mapping-1] 
[fastlio_mapping-1] Too few input point cloud!
[fastlio_mapping-1] [WARN] [1785498830.885497135] [laser_mapping]: No point, skip this scan!
[fastlio_mapping-1] 
[fastlio_mapping-1] Too few input point cloud!
[fastlio_mapping-1] [WARN] [1785498830.985493139] [laser_mapping]: No point, skip this scan!
[fastlio_mapping-1] 
[fastlio_mapping-1] Too few input point cloud!
[fastlio_mapping-1] [WARN] [1785498831.085513721] [laser_mapping]: No point, skip this scan!
[fastlio_mapping-1] 
[fastlio_mapping-1] Too few input point cloud!
[fastlio_mapping-1] [WARN] [1785498831.210536693] [laser_mapping]: No point, skip this scan!
[fastlio_mapping-1] 
[fastlio_mapping-1] Too few input point cloud!
[fastlio_mapping-1] [WARN] [1785498831.285495749] [laser_mapping]: No point, skip this scan!
[fastlio_mapping-1] 
[fastlio_mapping-1] Too few input point cloud!
[fastlio_mapping-1] [WARN] [1785498831.386849852] [laser_mapping]: No point, skip this scan!
[fastlio_mapping-1] 
[fastlio_mapping-1] Too few input point cloud!
[fastlio_mapping-1] [WARN] [1785498831.510511457] [laser_mapping]: No point, skip this scan!
[fastlio_mapping-1] 
[fastlio_mapping-1] Too few input point cloud!
[fastlio_mapping-1] [WARN] [1785498831.585533185] [laser_mapping]: No point, skip this scan!
[fastlio_mapping-1] 
[fastlio_mapping-1] Too few input point cloud!
[fastlio_mapping-1] [WARN] [1785498831.686683050] [laser_mapping]: No point, skip this scan!
[fastlio_mapping-1] 
[fastlio_mapping-1] Too few input point cloud!
[fastlio_mapping-1] [WARN] [1785498831.785534424] [laser_mapping]: No point, skip this scan!
[fastlio_mapping-1] 
[fastlio_mapping-1] Too few input point cloud!
[fastlio_mapping-1] [WARN] [1785498831.885567928] [laser_mapping]: No point, skip this scan!
[fastlio_mapping-1] 
[fastlio_mapping-1] Too few input point cloud!
[fastlio_mapping-1] [WARN] [1785498831.985567072] [laser_mapping]: No point, skip this scan!
[fastlio_mapping-1] 
[fastlio_mapping-1] Too few input point cloud!
[fastlio_mapping-1] [WARN] [1785498832.110560364] [laser_mapping]: No point, skip this scan!
[fastlio_mapping-1] 
[fastlio_mapping-1] Too few input point cloud!
[fastlio_mapping-1] [WARN] [1785498832.185561250] [laser_mapping]: No point, skip this scan!
[fastlio_mapping-1] 
[fastlio_mapping-1] Too few input point cloud!
[fastlio_mapping-1] [WARN] [1785498832.285552569] [laser_mapping]: No point, skip this scan!
[fastlio_mapping-1] 
[fastlio_mapping-1] Too few input point cloud!
[fastlio_mapping-1] [WARN] [1785498832.385527115] [laser_mapping]: No point, skip this scan!
[fastlio_mapping-1] 
[fastlio_mapping-1] Too few input point cloud!
[fastlio_mapping-1] [WARN] [1785498832.510562810] [laser_mapping]: No point, skip this scan!
[fastlio_mapping-1] 
[fastlio_mapping-1] Too few input point cloud!
[fastlio_mapping-1] [WARN] [1785498832.585573929] [laser_mapping]: No point, skip this scan!
[fastlio_mapping-1] 
[fastlio_mapping-1] Too few input point cloud!
[fastlio_mapping-1] [WARN] [1785498832.685586449] [laser_mapping]: No point, skip this scan!
[fastlio_mapping-1] 
[fastlio_mapping-1] Too few input point cloud!
[fastlio_mapping-1] [WARN] [1785498832.785600815] [laser_mapping]: No point, skip this scan!
[fastlio_mapping-1] 
[fastlio_mapping-1] Too few input point cloud!
[fastlio_mapping-1] [WARN] [1785498832.885569437] [laser_mapping]: No point, skip this scan!
[fastlio_mapping-1] 
[fastlio_mapping-1] Too few input point cloud!
[fastlio_mapping-1] [WARN] [1785498833.010624902] [laser_mapping]: No point, skip this scan!
[fastlio_mapping-1] 
[fastlio_mapping-1] Too few input point cloud!
[fastlio_mapping-1] [WARN] [1785498833.110646014] [laser_mapping]: No point, skip this scan!
[fastlio_mapping-1] 
[fastlio_mapping-1] Too few input point cloud!
[fastlio_mapping-1] [WARN] [1785498833.210679224] [laser_mapping]: No point, skip this scan!
[fastlio_mapping-1] 
[fastlio_mapping-1] Too few input point cloud!
[fastlio_mapping-1] [WARN] [1785498833.310620050] [laser_mapping]: No point, skip this scan!
[fastlio_mapping-1] 
[fastlio_mapping-1] Too few input point cloud!
[fastlio_mapping-1] [WARN] [1785498833.385574777] [laser_mapping]: No point, skip this scan!
[fastlio_mapping-1] 
[fastlio_mapping-1] Too few input point cloud!
[fastlio_mapping-1] [WARN] [1785498833.485601783] [laser_mapping]: No point, skip this scan!
[fastlio_mapping-1] 
[fastlio_mapping-1] Too few input point cloud!
[fastlio_mapping-1] [WARN] [1785498833.585631137] [laser_mapping]: No point, skip this scan!
[fastlio_mapping-1] 
[fastlio_mapping-1] Too few input point cloud!
[fastlio_mapping-1] [WARN] [1785498833.685621802] [laser_mapping]: No point, skip this scan!
[fastlio_mapping-1] 
[fastlio_mapping-1] Too few input point cloud!
[fastlio_mapping-1] [WARN] [1785498833.785583703] [laser_mapping]: No point, skip this scan!
[fastlio_mapping-1] 
[fastlio_mapping-1] Too few input point cloud!
[fastlio_mapping-1] [WARN] [1785498833.885640529] [laser_mapping]: No point, skip this scan!
[fastlio_mapping-1] 
[fastlio_mapping-1] Too few input point cloud!
[fastlio_mapping-1] [WARN] [1785498833.985690518] [laser_mapping]: No point, skip this scan!
[fastlio_mapping-1] 
[fastlio_mapping-1] Too few input point cloud!
[fastlio_mapping-1] [WARN] [1785498834.085690371] [laser_mapping]: No point, skip this scan!
[fastlio_mapping-1] 
[fastlio_mapping-1] Too few input point cloud!
[fastlio_mapping-1] [WARN] [1785498834.185646039] [laser_mapping]: No point, skip this scan!
[fastlio_mapping-1] 
[fastlio_mapping-1] Too few input point cloud!
[fastlio_mapping-1] [WARN] [1785498834.285659617] [laser_mapping]: No point, skip this scan!
[fastlio_mapping-1] 
[fastlio_mapping-1] Too few input point cloud!
[fastlio_mapping-1] [WARN] [1785498834.385693722] [laser_mapping]: No point, skip this scan!
[fastlio_mapping-1] 
[fastlio_mapping-1] Too few input point cloud!
[fastlio_mapping-1] [WARN] [1785498834.510735390] [laser_mapping]: No point, skip this scan!
[fastlio_mapping-1] 
[fastlio_mapping-1] Too few input point cloud!
[fastlio_mapping-1] [WARN] [1785498834.585672787] [laser_mapping]: No point, skip this scan!
[fastlio_mapping-1] 
[fastlio_mapping-1] Too few input point cloud!
[fastlio_mapping-1] [WARN] [1785498834.685701871] [laser_mapping]: No point, skip this scan!
[fastlio_mapping-1] 
[fastlio_mapping-1] Too few input point cloud!
[fastlio_mapping-1] [WARN] [1785498834.785690459] [laser_mapping]: No point, skip this scan!
[fastlio_mapping-1] 
[fastlio_mapping-1] Too few input point cloud!
[fastlio_mapping-1] [WARN] [1785498834.885661329] [laser_mapping]: No point, skip this scan!
[fastlio_mapping-1] 
[fastlio_mapping-1] Too few input point cloud!
[fastlio_mapping-1] [WARN] [1785498835.010775358] [laser_mapping]: No point, skip this scan!
[fastlio_mapping-1] 
[fastlio_mapping-1] Too few input point cloud!
[fastlio_mapping-1] [WARN] [1785498835.085763596] [laser_mapping]: No point, skip this scan!
[fastlio_mapping-1] 
[fastlio_mapping-1] Too few input point cloud!
[fastlio_mapping-1] [WARN] [1785498835.185715654] [laser_mapping]: No point, skip this scan!
[fastlio_mapping-1] 
[fastlio_mapping-1] Too few input point cloud!
[fastlio_mapping-1] [WARN] [1785498835.285677780] [laser_mapping]: No point, skip this scan!
[fastlio_mapping-1] 
[fastlio_mapping-1] Too few input point cloud!
[fastlio_mapping-1] [WARN] [1785498835.410721046] [laser_mapping]: No point, skip this scan!
[fastlio_mapping-1] 
[fastlio_mapping-1] Too few input point cloud!
[fastlio_mapping-1] [WARN] [1785498835.510798889] [laser_mapping]: No point, skip this scan!
[fastlio_mapping-1] 
[fastlio_mapping-1] Too few input point cloud!
[fastlio_mapping-1] [WARN] [1785498835.585815787] [laser_mapping]: No point, skip this scan!
[fastlio_mapping-1] 
[fastlio_mapping-1] Too few input point cloud!
[fastlio_mapping-1] [WARN] [1785498835.685914886] [laser_mapping]: No point, skip this scan!
[fastlio_mapping-1] 
[fastlio_mapping-1] Too few input point cloud!
[fastlio_mapping-1] [WARN] [1785498835.785962165] [laser_mapping]: No point, skip this scan!
[fastlio_mapping-1] 
[fastlio_mapping-1] Too few input point cloud!
[fastlio_mapping-1] [WARN] [1785498835.885724299] [laser_mapping]: No point, skip this scan!
[fastlio_mapping-1] 
[fastlio_mapping-1] Too few input point cloud!
[fastlio_mapping-1] [WARN] [1785498836.010796965] [laser_mapping]: No point, skip this scan!
[fastlio_mapping-1] 
[fastlio_mapping-1] Too few input point cloud!
[fastlio_mapping-1] [WARN] [1785498836.085704653] [laser_mapping]: No point, skip this scan!
[fastlio_mapping-1] 
[fastlio_mapping-1] Too few input point cloud!
[fastlio_mapping-1] [WARN] [1785498836.210755093] [laser_mapping]: No point, skip this scan!
[fastlio_mapping-1] 
[fastlio_mapping-1] Too few input point cloud!
[fastlio_mapping-1] [WARN] [1785498836.285723863] [laser_mapping]: No point, skip this scan!
[fastlio_mapping-1] 
[fastlio_mapping-1] Too few input point cloud!
[fastlio_mapping-1] [WARN] [1785498836.386376851] [laser_mapping]: No point, skip this scan!
[fastlio_mapping-1] 
[fastlio_mapping-1] Too few input point cloud!
[fastlio_mapping-1] [WARN] [1785498836.487516877] [laser_mapping]: No point, skip this scan!
[fastlio_mapping-1] 
[fastlio_mapping-1] Too few input point cloud!
[fastlio_mapping-1] [WARN] [1785498836.610831382] [laser_mapping]: No point, skip this scan!
[fastlio_mapping-1] 
[fastlio_mapping-1] Too few input point cloud!
[fastlio_mapping-1] [WARN] [1785498836.710779495] [laser_mapping]: No point, skip this scan!
[fastlio_mapping-1] 
[fastlio_mapping-1] Too few input point cloud!
[fastlio_mapping-1] [WARN] [1785498836.810777964] [laser_mapping]: No point, skip this scan!
[fastlio_mapping-1] 
[fastlio_mapping-1] Too few input point cloud!
[fastlio_mapping-1] [WARN] [1785498836.910786730] [laser_mapping]: No point, skip this scan!
[fastlio_mapping-1] 
[fastlio_mapping-1] Too few input point cloud!
[fastlio_mapping-1] [WARN] [1785498836.987788673] [laser_mapping]: No point, skip this scan!
[fastlio_mapping-1] 
[fastlio_mapping-1] Too few input point cloud!
[fastlio_mapping-1] [WARN] [1785498837.085741708] [laser_mapping]: No point, skip this scan!
[fastlio_mapping-1] 
[fastlio_mapping-1] Too few input point cloud!
[fastlio_mapping-1] [WARN] [1785498837.185822876] [laser_mapping]: No point, skip this scan!
[fastlio_mapping-1] 
[fastlio_mapping-1] Too few input point cloud!
[fastlio_mapping-1] [WARN] [1785498837.285766592] [laser_mapping]: No point, skip this scan!
[fastlio_mapping-1] 
[fastlio_mapping-1] Too few input point cloud!
[fastlio_mapping-1] [WARN] [1785498837.410798903] [laser_mapping]: No point, skip this scan!
[fastlio_mapping-1] 
[fastlio_mapping-1] Too few input point cloud!
[fastlio_mapping-1] [WARN] [1785498837.485953982] [laser_mapping]: No point, skip this scan!
[fastlio_mapping-1] 
[fastlio_mapping-1] Too few input point cloud!
[fastlio_mapping-1] [WARN] [1785498837.610787063] [laser_mapping]: No point, skip this scan!
[fastlio_mapping-1] 
[fastlio_mapping-1] Too few input point cloud!
[fastlio_mapping-1] [WARN] [1785498837.710813111] [laser_mapping]: No point, skip this scan!
[fastlio_mapping-1] 
[fastlio_mapping-1] Too few input point cloud!
[fastlio_mapping-1] [WARN] [1785498837.785975263] [laser_mapping]: No point, skip this scan!
[fastlio_mapping-1] 
[fastlio_mapping-1] Too few input point cloud!
[fastlio_mapping-1] [WARN] [1785498837.886623231] [laser_mapping]: No point, skip this scan!
[fastlio_mapping-1] 
[fastlio_mapping-1] Too few input point cloud!
[fastlio_mapping-1] [WARN] [1785498837.986057611] [laser_mapping]: No point, skip this scan!
[fastlio_mapping-1] 
[fastlio_mapping-1] Too few input point cloud!
[fastlio_mapping-1] [WARN] [1785498838.085837277] [laser_mapping]: No point, skip this scan!
[fastlio_mapping-1] 
[fastlio_mapping-1] Too few input point cloud!
[fastlio_mapping-1] [WARN] [1785498838.185788228] [laser_mapping]: No point, skip this scan!
[fastlio_mapping-1] 
[fastlio_mapping-1] Too few input point cloud!
[fastlio_mapping-1] [WARN] [1785498838.310806136] [laser_mapping]: No point, skip this scan!
[fastlio_mapping-1] 
[fastlio_mapping-1] Too few input point cloud!
[fastlio_mapping-1] [WARN] [1785498838.410869031] [laser_mapping]: No point, skip this scan!
[fastlio_mapping-1] 
[fastlio_mapping-1] Too few input point cloud!
[fastlio_mapping-1] [WARN] [1785498838.486197760] [laser_mapping]: No point, skip this scan!
[fastlio_mapping-1] 
[fastlio_mapping-1] Too few input point cloud!
[fastlio_mapping-1] [WARN] [1785498838.610862497] [laser_mapping]: No point, skip this scan!
[fastlio_mapping-1] 
[fastlio_mapping-1] Too few input point cloud!
[fastlio_mapping-1] [WARN] [1785498838.685852209] [laser_mapping]: No point, skip this scan!
[fastlio_mapping-1] 
[fastlio_mapping-1] Too few input point cloud!
[fastlio_mapping-1] [WARN] [1785498838.787935964] [laser_mapping]: No point, skip this scan!
[fastlio_mapping-1] 
[fastlio_mapping-1] Too few input point cloud!
[fastlio_mapping-1] [WARN] [1785498838.910841755] [laser_mapping]: No point, skip this scan!
[fastlio_mapping-1] 
[fastlio_mapping-1] Too few input point cloud!
[fastlio_mapping-1] [WARN] [1785498838.985847183] [laser_mapping]: No point, skip this scan!
[fastlio_mapping-1] 
[fastlio_mapping-1] Too few input point cloud!
[fastlio_mapping-1] [WARN] [1785498839.085837076] [laser_mapping]: No point, skip this scan!
[fastlio_mapping-1] 
[fastlio_mapping-1] Too few input point cloud!
[fastlio_mapping-1] [WARN] [1785498839.185835162] [laser_mapping]: No point, skip this scan!
[fastlio_mapping-1] 
[fastlio_mapping-1] Too few input point cloud!
[fastlio_mapping-1] [WARN] [1785498839.285830864] [laser_mapping]: No point, skip this scan!
[fastlio_mapping-1] 
[fastlio_mapping-1] Too few input point cloud!
[fastlio_mapping-1] [WARN] [1785498839.387374088] [laser_mapping]: No point, skip this scan!
[fastlio_mapping-1] 
[fastlio_mapping-1] Too few input point cloud!
[fastlio_mapping-1] [WARN] [1785498839.510902522] [laser_mapping]: No point, skip this scan!
[fastlio_mapping-1] 
[fastlio_mapping-1] Too few input point cloud!
[fastlio_mapping-1] [WARN] [1785498839.586778050] [laser_mapping]: No point, skip this scan!
[fastlio_mapping-1] 
[fastlio_mapping-1] Too few input point cloud!
[fastlio_mapping-1] [WARN] [1785498839.685887508] [laser_mapping]: No point, skip this scan!
[fastlio_mapping-1] 
[fastlio_mapping-1] Too few input point cloud!
[fastlio_mapping-1] [WARN] [1785498839.787972785] [laser_mapping]: No point, skip this scan!
[fastlio_mapping-1] 
[fastlio_mapping-1] Too few input point cloud!
[fastlio_mapping-1] [WARN] [1785498839.885920922] [laser_mapping]: No point, skip this scan!
[fastlio_mapping-1] 
[fastlio_mapping-1] Too few input point cloud!
[fastlio_mapping-1] [WARN] [1785498840.010913627] [laser_mapping]: No point, skip this scan!
[fastlio_mapping-1] 
[fastlio_mapping-1] Too few input point cloud!
[fastlio_mapping-1] [WARN] [1785498840.110903134] [laser_mapping]: No point, skip this scan!
[fastlio_mapping-1] 
[fastlio_mapping-1] Too few input point cloud!
[fastlio_mapping-1] [WARN] [1785498840.210915584] [laser_mapping]: No point, skip this scan!
[fastlio_mapping-1] 
[fastlio_mapping-1] [INFO] [1785498840.311001339] [laser_mapping]: Initialize the map kdtree
[fastlio_mapping-1] [INFO] [1785498840.411157089] [laser_mapping]: Initialize the map kdtree
[fastlio_mapping-1] [WARN] [1785500173.860120885] [laser_mapping]: No point, skip this scan!
[fastlio_mapping-1] 
[fastlio_mapping-1] Too few input point cloud!
[fastlio_mapping-1] [WARN] [1785500173.935102092] [laser_mapping]: No point, skip this scan!
[fastlio_mapping-1] 
[fastlio_mapping-1] Too few input point cloud!
[fastlio_mapping-1] [WARN] [1785500174.060053087] [laser_mapping]: No point, skip this scan!
[fastlio_mapping-1] 
[fastlio_mapping-1] Too few input point cloud!
[fastlio_mapping-1] [WARN] [1785500174.160120829] [laser_mapping]: No point, skip this scan!
[fastlio_mapping-1] 
[fastlio_mapping-1] Too few input point cloud!
[fastlio_mapping-1] [WARN] [1785500174.235005950] [laser_mapping]: No point, skip this scan!
[fastlio_mapping-1] 
[fastlio_mapping-1] Too few input point cloud!
[fastlio_mapping-1] [WARN] [1785500174.360087656] [laser_mapping]: No point, skip this scan!
[fastlio_mapping-1] 
[fastlio_mapping-1] Too few input point cloud!
[fastlio_mapping-1] [WARN] [1785500174.435021028] [laser_mapping]: No point, skip this scan!
[fastlio_mapping-1] 
[fastlio_mapping-1] Too few input point cloud!
[fastlio_mapping-1] [WARN] [1785500174.535032783] [laser_mapping]: No point, skip this scan!
[fastlio_mapping-1] 
[fastlio_mapping-1] Too few input point cloud!
[fastlio_mapping-1] [WARN] [1785500174.635048787] [laser_mapping]: No point, skip this scan!
[fastlio_mapping-1] 
[fastlio_mapping-1] Too few input point cloud!
[fastlio_mapping-1] [WARN] [1785500174.760062260] [laser_mapping]: No point, skip this scan!
[fastlio_mapping-1] 
[fastlio_mapping-1] Too few input point cloud!
[fastlio_mapping-1] [WARN] [1785500174.860102099] [laser_mapping]: No point, skip this scan!
[fastlio_mapping-1] 
[fastlio_mapping-1] Too few input point cloud!
[fastlio_mapping-1] [WARN] [1785500174.935034078] [laser_mapping]: No point, skip this scan!
[fastlio_mapping-1] 
[fastlio_mapping-1] Too few input point cloud!
[fastlio_mapping-1] [WARN] [1785500175.035061113] [laser_mapping]: No point, skip this scan!
[fastlio_mapping-1] 
[fastlio_mapping-1] Too few input point cloud!
[fastlio_mapping-1] [WARN] [1785500175.135087792] [laser_mapping]: No point, skip this scan!
[fastlio_mapping-1] 
[fastlio_mapping-1] Too few input point cloud!
[fastlio_mapping-1] [WARN] [1785500175.260122587] [laser_mapping]: No point, skip this scan!
[fastlio_mapping-1] 
[fastlio_mapping-1] Too few input point cloud!
[fastlio_mapping-1] [WARN] [1785500175.335119056] [laser_mapping]: No point, skip this scan!
[fastlio_mapping-1] 
[fastlio_mapping-1] Too few input point cloud!
[fastlio_mapping-1] [WARN] [1785500175.460079535] [laser_mapping]: No point, skip this scan!
[fastlio_mapping-1] 
[fastlio_mapping-1] Too few input point cloud!
[fastlio_mapping-1] [WARN] [1785500175.560077589] [laser_mapping]: No point, skip this scan!
[fastlio_mapping-1] 
[fastlio_mapping-1] Too few input point cloud!
[fastlio_mapping-1] [WARN] [1785500175.635088872] [laser_mapping]: No point, skip this scan!
[fastlio_mapping-1] 
[fastlio_mapping-1] Too few input point cloud!
[fastlio_mapping-1] [WARN] [1785500175.760113945] [laser_mapping]: No point, skip this scan!
[fastlio_mapping-1] 
[fastlio_mapping-1] Too few input point cloud!
[fastlio_mapping-1] [WARN] [1785500175.835085003] [laser_mapping]: No point, skip this scan!
[fastlio_mapping-1] 
[fastlio_mapping-1] Too few input point cloud!
[fastlio_mapping-1] [WARN] [1785500175.935113727] [laser_mapping]: No point, skip this scan!
[fastlio_mapping-1] 
[fastlio_mapping-1] Too few input point cloud!
[fastlio_mapping-1] [WARN] [1785500176.060143659] [laser_mapping]: No point, skip this scan!
[fastlio_mapping-1] 
[fastlio_mapping-1] Too few input point cloud!
[fastlio_mapping-1] [WARN] [1785500176.135144564] [laser_mapping]: No point, skip this scan!
[fastlio_mapping-1] 
[fastlio_mapping-1] Too few input point cloud!
[fastlio_mapping-1] [WARN] [1785500176.235194330] [laser_mapping]: No point, skip this scan!
[fastlio_mapping-1] 
[fastlio_mapping-1] Too few input point cloud!
[fastlio_mapping-1] [WARN] [1785500176.335151047] [laser_mapping]: No point, skip this scan!
[fastlio_mapping-1] 
[fastlio_mapping-1] Too few input point cloud!
[fastlio_mapping-1] [WARN] [1785500176.460260629] [laser_mapping]: No point, skip this scan!
[fastlio_mapping-1] 
[fastlio_mapping-1] Too few input point cloud!
[fastlio_mapping-1] [WARN] [1785500176.535148082] [laser_mapping]: No point, skip this scan!
[fastlio_mapping-1] 
[fastlio_mapping-1] Too few input point cloud!
[fastlio_mapping-1] [WARN] [1785500176.660121137] [laser_mapping]: No point, skip this scan!
[fastlio_mapping-1] 
[fastlio_mapping-1] Too few input point cloud!
[fastlio_mapping-1] [WARN] [1785500176.760176450] [laser_mapping]: No point, skip this scan!
[fastlio_mapping-1] 
[fastlio_mapping-1] Too few input point cloud!
[fastlio_mapping-1] [WARN] [1785500176.860177748] [laser_mapping]: No point, skip this scan!
[fastlio_mapping-1] 
[fastlio_mapping-1] Too few input point cloud!
[fastlio_mapping-1] [WARN] [1785500176.935182688] [laser_mapping]: No point, skip this scan!
[fastlio_mapping-1] 
[fastlio_mapping-1] Too few input point cloud!
[fastlio_mapping-1] [WARN] [1785500177.060154759] [laser_mapping]: No point, skip this scan!
[fastlio_mapping-1] 
[fastlio_mapping-1] Too few input point cloud!
[fastlio_mapping-1] [WARN] [1785500177.160204097] [laser_mapping]: No point, skip this scan!
[fastlio_mapping-1] 
[fastlio_mapping-1] Too few input point cloud!
[fastlio_mapping-1] [WARN] [1785500177.235191700] [laser_mapping]: No point, skip this scan!
[fastlio_mapping-1] 
[fastlio_mapping-1] Too few input point cloud!
[fastlio_mapping-1] [WARN] [1785500177.360183349] [laser_mapping]: No point, skip this scan!
[fastlio_mapping-1] 
[fastlio_mapping-1] Too few input point cloud!
[fastlio_mapping-1] [WARN] [1785500177.460300458] [laser_mapping]: No point, skip this scan!
[fastlio_mapping-1] 
[fastlio_mapping-1] Too few input point cloud!
[fastlio_mapping-1] [WARN] [1785500177.536455404] [laser_mapping]: No point, skip this scan!
[fastlio_mapping-1] 
[fastlio_mapping-1] Too few input point cloud!
[fastlio_mapping-1] [WARN] [1785500177.635191660] [laser_mapping]: No point, skip this scan!
[fastlio_mapping-1] 
[fastlio_mapping-1] Too few input point cloud!
[fastlio_mapping-1] [WARN] [1785500177.735190760] [laser_mapping]: No point, skip this scan!
[fastlio_mapping-1] 
[fastlio_mapping-1] Too few input point cloud!
[fastlio_mapping-1] [WARN] [1785500177.860380028] [laser_mapping]: No point, skip this scan!
[fastlio_mapping-1] 
[fastlio_mapping-1] Too few input point cloud!
[fastlio_mapping-1] [WARN] [1785500177.935182335] [laser_mapping]: No point, skip this scan!
[fastlio_mapping-1] 
[fastlio_mapping-1] Too few input point cloud!
[fastlio_mapping-1] [WARN] [1785500178.035233636] [laser_mapping]: No point, skip this scan!
[fastlio_mapping-1] 
[fastlio_mapping-1] Too few input point cloud!
[fastlio_mapping-1] [WARN] [1785500178.160240830] [laser_mapping]: No point, skip this scan!
[fastlio_mapping-1] 
[fastlio_mapping-1] Too few input point cloud!
[fastlio_mapping-1] [WARN] [1785500178.235208056] [laser_mapping]: No point, skip this scan!
[fastlio_mapping-1] 
[fastlio_mapping-1] Too few input point cloud!
[fastlio_mapping-1] [WARN] [1785500178.360330586] [laser_mapping]: No point, skip this scan!
[fastlio_mapping-1] 
[fastlio_mapping-1] Too few input point cloud!
[fastlio_mapping-1] [WARN] [1785500178.460332946] [laser_mapping]: No point, skip this scan!
[fastlio_mapping-1] 
[fastlio_mapping-1] Too few input point cloud!
[fastlio_mapping-1] [WARN] [1785500178.535539374] [laser_mapping]: No point, skip this scan!
[fastlio_mapping-1] 
[fastlio_mapping-1] Too few input point cloud!
[fastlio_mapping-1] [WARN] [1785500178.636100574] [laser_mapping]: No point, skip this scan!
[fastlio_mapping-1] 
[fastlio_mapping-1] Too few input point cloud!
[fastlio_mapping-1] [WARN] [1785500178.760275674] [laser_mapping]: No point, skip this scan!
[fastlio_mapping-1] 
[fastlio_mapping-1] Too few input point cloud!
[fastlio_mapping-1] [WARN] [1785500178.835218627] [laser_mapping]: No point, skip this scan!
[fastlio_mapping-1] 
[fastlio_mapping-1] Too few input point cloud!
[fastlio_mapping-1] [WARN] [1785500178.935341850] [laser_mapping]: No point, skip this scan!
[fastlio_mapping-1] 
[fastlio_mapping-1] Too few input point cloud!
[fastlio_mapping-1] [WARN] [1785500179.060411401] [laser_mapping]: No point, skip this scan!
[fastlio_mapping-1] 
[fastlio_mapping-1] Too few input point cloud!
[fastlio_mapping-1] [WARN] [1785500179.135290800] [laser_mapping]: No point, skip this scan!
[fastlio_mapping-1] 
[fastlio_mapping-1] Too few input point cloud!
[fastlio_mapping-1] [WARN] [1785500179.235267478] [laser_mapping]: No point, skip this scan!
[fastlio_mapping-1] 
[fastlio_mapping-1] Too few input point cloud!
[fastlio_mapping-1] [WARN] [1785500179.335295516] [laser_mapping]: No point, skip this scan!
[fastlio_mapping-1] 
[fastlio_mapping-1] Too few input point cloud!
[fastlio_mapping-1] [WARN] [1785500179.435231352] [laser_mapping]: No point, skip this scan!
[fastlio_mapping-1] 
[fastlio_mapping-1] Too few input point cloud!
[fastlio_mapping-1] [WARN] [1785500179.560325107] [laser_mapping]: No point, skip this scan!
[fastlio_mapping-1] 
[fastlio_mapping-1] Too few input point cloud!
[fastlio_mapping-1] [WARN] [1785500179.635397302] [laser_mapping]: No point, skip this scan!
[fastlio_mapping-1] 
[fastlio_mapping-1] Too few input point cloud!
[fastlio_mapping-1] [WARN] [1785500179.760350049] [laser_mapping]: No point, skip this scan!
[fastlio_mapping-1] 
[fastlio_mapping-1] Too few input point cloud!
[fastlio_mapping-1] [WARN] [1785500179.835379829] [laser_mapping]: No point, skip this scan!
[fastlio_mapping-1] 
[fastlio_mapping-1] Too few input point cloud!
[fastlio_mapping-1] [WARN] [1785500179.935364800] [laser_mapping]: No point, skip this scan!
[fastlio_mapping-1] 
[fastlio_mapping-1] Too few input point cloud!
[fastlio_mapping-1] [WARN] [1785500180.060355806] [laser_mapping]: No point, skip this scan!
[fastlio_mapping-1] 
[fastlio_mapping-1] Too few input point cloud!
[fastlio_mapping-1] [WARN] [1785500180.135407581] [laser_mapping]: No point, skip this scan!
[fastlio_mapping-1] 
[fastlio_mapping-1] Too few input point cloud!
[fastlio_mapping-1] [WARN] [1785500180.260387611] [laser_mapping]: No point, skip this scan!
[fastlio_mapping-1] 
[fastlio_mapping-1] Too few input point cloud!
[fastlio_mapping-1] [WARN] [1785500180.360434732] [laser_mapping]: No point, skip this scan!
[fastlio_mapping-1] 
[fastlio_mapping-1] Too few input point cloud!
[fastlio_mapping-1] [WARN] [1785500180.435345076] [laser_mapping]: No point, skip this scan!
[fastlio_mapping-1] 
[fastlio_mapping-1] Too few input point cloud!
[fastlio_mapping-1] [WARN] [1785500180.560275507] [laser_mapping]: No point, skip this scan!
[fastlio_mapping-1] 
[fastlio_mapping-1] Too few input point cloud!
[fastlio_mapping-1] [WARN] [1785500180.660449157] [laser_mapping]: No point, skip this scan!
[fastlio_mapping-1] 
[fastlio_mapping-1] Too few input point cloud!
[fastlio_mapping-1] [WARN] [1785500180.735428402] [laser_mapping]: No point, skip this scan!
[fastlio_mapping-1] 
[fastlio_mapping-1] Too few input point cloud!
[fastlio_mapping-1] [WARN] [1785500180.835548290] [laser_mapping]: No point, skip this scan!
[fastlio_mapping-1] 
[fastlio_mapping-1] Too few input point cloud!
[fastlio_mapping-1] [WARN] [1785500180.935403715] [laser_mapping]: No point, skip this scan!
[fastlio_mapping-1] 
[fastlio_mapping-1] Too few input point cloud!
[fastlio_mapping-1] [WARN] [1785500181.036131868] [laser_mapping]: No point, skip this scan!
[fastlio_mapping-1] 
[fastlio_mapping-1] Too few input point cloud!
[fastlio_mapping-1] [WARN] [1785500181.135364994] [laser_mapping]: No point, skip this scan!
[fastlio_mapping-1] 
[fastlio_mapping-1] Too few input point cloud!
[fastlio_mapping-1] [WARN] [1785500181.260421133] [laser_mapping]: No point, skip this scan!
[fastlio_mapping-1] 
[fastlio_mapping-1] Too few input point cloud!
[fastlio_mapping-1] [WARN] [1785500181.335550330] [laser_mapping]: No point, skip this scan!
[fastlio_mapping-1] 
[fastlio_mapping-1] Too few input point cloud!
[fastlio_mapping-1] [WARN] [1785500181.435413784] [laser_mapping]: No point, skip this scan!
[fastlio_mapping-1] 
[fastlio_mapping-1] Too few input point cloud!
[fastlio_mapping-1] [WARN] [1785500181.535661120] [laser_mapping]: No point, skip this scan!
[fastlio_mapping-1] 
[fastlio_mapping-1] Too few input point cloud!
[fastlio_mapping-1] [WARN] [1785500181.635526292] [laser_mapping]: No point, skip this scan!
[fastlio_mapping-1] 
[fastlio_mapping-1] Too few input point cloud!
[fastlio_mapping-1] [WARN] [1785500181.735412621] [laser_mapping]: No point, skip this scan!
[fastlio_mapping-1] 
[fastlio_mapping-1] Too few input point cloud!
[fastlio_mapping-1] [WARN] [1785500181.860367186] [laser_mapping]: No point, skip this scan!
[fastlio_mapping-1] 
[fastlio_mapping-1] Too few input point cloud!
[fastlio_mapping-1] [WARN] [1785500181.935388348] [laser_mapping]: No point, skip this scan!
[fastlio_mapping-1] 
[fastlio_mapping-1] Too few input point cloud!
[fastlio_mapping-1] [WARN] [1785500182.060373726] [laser_mapping]: No point, skip this scan!
[fastlio_mapping-1] 
[fastlio_mapping-1] Too few input point cloud!
[fastlio_mapping-1] [WARN] [1785500182.160407884] [laser_mapping]: No point, skip this scan!
[fastlio_mapping-1] 
[fastlio_mapping-1] Too few input point cloud!
[fastlio_mapping-1] [WARN] [1785500182.260585505] [laser_mapping]: No point, skip this scan!
[fastlio_mapping-1] 
[fastlio_mapping-1] Too few input point cloud!
[fastlio_mapping-1] [WARN] [1785500182.360445295] [laser_mapping]: No point, skip this scan!
[fastlio_mapping-1] 
[fastlio_mapping-1] Too few input point cloud!
[fastlio_mapping-1] [WARN] [1785500182.435436641] [laser_mapping]: No point, skip this scan!
[fastlio_mapping-1] 
[fastlio_mapping-1] Too few input point cloud!
[fastlio_mapping-1] [WARN] [1785500182.535449055] [laser_mapping]: No point, skip this scan!
[fastlio_mapping-1] 
[fastlio_mapping-1] Too few input point cloud!
[fastlio_mapping-1] [WARN] [1785500182.635604166] [laser_mapping]: No point, skip this scan!
[fastlio_mapping-1] 
[fastlio_mapping-1] Too few input point cloud!
[fastlio_mapping-1] [WARN] [1785500182.735560544] [laser_mapping]: No point, skip this scan!
[fastlio_mapping-1] 
[fastlio_mapping-1] Too few input point cloud!
[fastlio_mapping-1] [WARN] [1785500182.835478103] [laser_mapping]: No point, skip this scan!
[fastlio_mapping-1] 
[fastlio_mapping-1] Too few input point cloud!
[fastlio_mapping-1] [WARN] [1785500182.935451610] [laser_mapping]: No point, skip this scan!
[fastlio_mapping-1] 
[fastlio_mapping-1] Too few input point cloud!
[fastlio_mapping-1] [WARN] [1785500183.035621701] [laser_mapping]: No point, skip this scan!
[fastlio_mapping-1] 
[fastlio_mapping-1] Too few input point cloud!
[fastlio_mapping-1] [WARN] [1785500183.160463516] [laser_mapping]: No point, skip this scan!
[fastlio_mapping-1] 
[fastlio_mapping-1] Too few input point cloud!
[fastlio_mapping-1] [WARN] [1785500183.235488588] [laser_mapping]: No point, skip this scan!
[fastlio_mapping-1] 
[fastlio_mapping-1] Too few input point cloud!
[fastlio_mapping-1] [WARN] [1785500183.360484381] [laser_mapping]: No point, skip this scan!
[fastlio_mapping-1] 
[fastlio_mapping-1] Too few input point cloud!
[fastlio_mapping-1] [WARN] [1785500183.435490495] [laser_mapping]: No point, skip this scan!
[fastlio_mapping-1] 
[fastlio_mapping-1] Too few input point cloud!
[fastlio_mapping-1] [WARN] [1785500183.535608031] [laser_mapping]: No point, skip this scan!
[fastlio_mapping-1] 
[fastlio_mapping-1] catch sig %d2
[fastlio_mapping-1] Rebuild thread terminated normally
[INFO] [fastlio_mapping-1]: process has finished cleanly [pid 10249]
