[0.126s] DEBUG:colcon:Command line arguments: ['/usr/bin/colcon', '--log-base', 'log', 'build', '--base-paths', 'src', '--build-base', 'build', '--install-base', 'install', '--packages-up-to', 'fast_lio', '--event-handlers', 'console_direct+', '--cmake-args', '-DCMAKE_BUILD_TYPE=Release', '-DCMAKE_EXPORT_COMPILE_COMMANDS=ON', '-DROS_EDITION=ROS2', '-DDISTRO_ROS=humble']
[0.127s] DEBUG:colcon:Parsed command line arguments: Namespace(log_base='log', log_level=None, verb_name='build', build_base='/workspace/stage2_workspaces/b2/build', install_base='/workspace/stage2_workspaces/b2/install', merge_install=False, symlink_install=False, test_result_base=None, continue_on_error=False, executor='parallel', parallel_workers=20, event_handlers=['console_direct+'], ignore_user_meta=False, metas=['./colcon.meta'], base_paths=['src'], packages_ignore=None, packages_ignore_regex=None, paths=None, packages_up_to=['fast_lio'], packages_up_to_regex=None, packages_above=None, packages_above_and_dependencies=None, packages_above_depth=None, packages_select_by_dep=None, packages_skip_by_dep=None, packages_skip_up_to=None, packages_select_build_failed=False, packages_skip_build_finished=False, packages_select_test_failures=False, packages_skip_test_passed=False, packages_select=None, packages_skip=None, packages_select_regex=None, packages_skip_regex=None, packages_start=None, packages_end=None, cmake_args=['-DCMAKE_BUILD_TYPE=Release', '-DCMAKE_EXPORT_COMPILE_COMMANDS=ON', '-DROS_EDITION=ROS2', '-DDISTRO_ROS=humble'], cmake_target=None, cmake_target_skip_unavailable=False, cmake_clean_cache=False, cmake_clean_first=False, cmake_force_configure=False, ament_cmake_args=None, catkin_cmake_args=None, catkin_skip_building_tests=False, mixin_files=None, mixin=None, verb_parser=<colcon_mixin.mixin.mixin_argument.MixinArgumentDecorator object at 0x7ac6956d8dc0>, verb_extension=<colcon_core.verb.build.BuildVerb object at 0x7ac6956d8850>, main=<bound method BuildVerb.main of <colcon_core.verb.build.BuildVerb object at 0x7ac6956d8850>>, mixin_verb=('build',))
[0.215s] Level 1:colcon.colcon_core.package_discovery:discover_packages(colcon_meta) check parameters
[0.216s] INFO:colcon.colcon_metadata.package_discovery.colcon_meta:Using configuration from '/root/.colcon/metadata/default/Gazebo.meta'
[0.216s] INFO:colcon.colcon_metadata.package_discovery.colcon_meta:Using configuration from '/root/.colcon/metadata/default/fastdds.meta'
[0.217s] INFO:colcon.colcon_metadata.package_discovery.colcon_meta:Using configuration from '/root/.colcon/metadata/default/fastrtps.meta'
[0.217s] Level 1:colcon.colcon_core.package_discovery:discover_packages(recursive) check parameters
[0.217s] Level 1:colcon.colcon_core.package_discovery:discover_packages(ignore) check parameters
[0.217s] Level 1:colcon.colcon_core.package_discovery:discover_packages(path) check parameters
[0.217s] Level 1:colcon.colcon_core.package_discovery:discover_packages(recursive) discover
[0.217s] INFO:colcon.colcon_core.package_discovery:Crawling recursively for packages in '/workspace/stage2_workspaces/b2/src'
[0.218s] Level 1:colcon.colcon_core.package_identification:_identify(src) by extensions ['ignore', 'ignore_ament_install']
[0.219s] Level 1:colcon.colcon_core.package_identification:_identify(src) by extension 'ignore'
[0.219s] Level 1:colcon.colcon_core.package_identification:_identify(src) by extension 'ignore_ament_install'
[0.220s] Level 1:colcon.colcon_core.package_identification:_identify(src) by extensions ['colcon_pkg']
[0.220s] Level 1:colcon.colcon_core.package_identification:_identify(src) by extension 'colcon_pkg'
[0.221s] Level 1:colcon.colcon_core.package_identification:_identify(src) by extensions ['colcon_meta']
[0.221s] Level 1:colcon.colcon_core.package_identification:_identify(src) by extension 'colcon_meta'
[0.221s] Level 1:colcon.colcon_core.package_identification:_identify(src) by extensions ['ros']
[0.221s] Level 1:colcon.colcon_core.package_identification:_identify(src) by extension 'ros'
[0.246s] Level 1:colcon.colcon_core.package_identification:_identify(src) by extensions ['cmake', 'python']
[0.246s] Level 1:colcon.colcon_core.package_identification:_identify(src) by extension 'cmake'
[0.247s] Level 1:colcon.colcon_core.package_identification:_identify(src) by extension 'python'
[0.247s] Level 1:colcon.colcon_core.package_identification:_identify(src) by extensions ['python_setup_py']
[0.247s] Level 1:colcon.colcon_core.package_identification:_identify(src) by extension 'python_setup_py'
[0.250s] Level 1:colcon.colcon_core.package_identification:_identify(src/fast_lio) by extensions ['ignore', 'ignore_ament_install']
[0.250s] Level 1:colcon.colcon_core.package_identification:_identify(src/fast_lio) by extension 'ignore'
[0.251s] Level 1:colcon.colcon_core.package_identification:_identify(src/fast_lio) by extension 'ignore_ament_install'
[0.253s] Level 1:colcon.colcon_core.package_identification:_identify(src/fast_lio) by extensions ['colcon_pkg']
[0.253s] Level 1:colcon.colcon_core.package_identification:_identify(src/fast_lio) by extension 'colcon_pkg'
[0.254s] Level 1:colcon.colcon_core.package_identification:_identify(src/fast_lio) by extensions ['colcon_meta']
[0.254s] Level 1:colcon.colcon_core.package_identification:_identify(src/fast_lio) by extension 'colcon_meta'
[0.256s] Level 1:colcon.colcon_core.package_identification:_identify(src/fast_lio) by extensions ['ros']
[0.256s] Level 1:colcon.colcon_core.package_identification:_identify(src/fast_lio) by extension 'ros'
[0.266s] DEBUG:colcon.colcon_core.package_identification:Package 'src/fast_lio' with type 'ros.ament_cmake' and name 'fast_lio'
[0.269s] Level 1:colcon.colcon_core.package_identification:_identify(src/livox_ros_driver2) by extensions ['ignore', 'ignore_ament_install']
[0.269s] Level 1:colcon.colcon_core.package_identification:_identify(src/livox_ros_driver2) by extension 'ignore'
[0.270s] Level 1:colcon.colcon_core.package_identification:_identify(src/livox_ros_driver2) by extension 'ignore_ament_install'
[0.271s] Level 1:colcon.colcon_core.package_identification:_identify(src/livox_ros_driver2) by extensions ['colcon_pkg']
[0.271s] Level 1:colcon.colcon_core.package_identification:_identify(src/livox_ros_driver2) by extension 'colcon_pkg'
[0.272s] Level 1:colcon.colcon_core.package_identification:_identify(src/livox_ros_driver2) by extensions ['colcon_meta']
[0.272s] Level 1:colcon.colcon_core.package_identification:_identify(src/livox_ros_driver2) by extension 'colcon_meta'
[0.274s] Level 1:colcon.colcon_core.package_identification:_identify(src/livox_ros_driver2) by extensions ['ros']
[0.274s] Level 1:colcon.colcon_core.package_identification:_identify(src/livox_ros_driver2) by extension 'ros'
[0.283s] DEBUG:colcon.colcon_core.package_identification:Package 'src/livox_ros_driver2' with type 'ros.ament_cmake' and name 'livox_ros_driver2'
[0.283s] Level 1:colcon.colcon_core.package_discovery:discover_packages(recursive) using defaults
[0.304s] Level 5:colcon.colcon_core.verb:set package 'livox_ros_driver2' build argument 'cmake_args' from command line to '['-DCMAKE_BUILD_TYPE=Release', '-DCMAKE_EXPORT_COMPILE_COMMANDS=ON', '-DROS_EDITION=ROS2', '-DDISTRO_ROS=humble']'
[0.304s] Level 5:colcon.colcon_core.verb:set package 'livox_ros_driver2' build argument 'cmake_target' from command line to 'None'
[0.304s] Level 5:colcon.colcon_core.verb:set package 'livox_ros_driver2' build argument 'cmake_target_skip_unavailable' from command line to 'False'
[0.304s] Level 5:colcon.colcon_core.verb:set package 'livox_ros_driver2' build argument 'cmake_clean_cache' from command line to 'False'
[0.304s] Level 5:colcon.colcon_core.verb:set package 'livox_ros_driver2' build argument 'cmake_clean_first' from command line to 'False'
[0.304s] Level 5:colcon.colcon_core.verb:set package 'livox_ros_driver2' build argument 'cmake_force_configure' from command line to 'False'
[0.305s] Level 5:colcon.colcon_core.verb:set package 'livox_ros_driver2' build argument 'ament_cmake_args' from command line to 'None'
[0.305s] Level 5:colcon.colcon_core.verb:set package 'livox_ros_driver2' build argument 'catkin_cmake_args' from command line to 'None'
[0.305s] Level 5:colcon.colcon_core.verb:set package 'livox_ros_driver2' build argument 'catkin_skip_building_tests' from command line to 'False'
[0.305s] DEBUG:colcon.colcon_core.verb:Building package 'livox_ros_driver2' with the following arguments: {'ament_cmake_args': None, 'build_base': '/workspace/stage2_workspaces/b2/build/livox_ros_driver2', 'catkin_cmake_args': None, 'catkin_skip_building_tests': False, 'cmake_args': ['-DCMAKE_BUILD_TYPE=Release', '-DCMAKE_EXPORT_COMPILE_COMMANDS=ON', '-DROS_EDITION=ROS2', '-DDISTRO_ROS=humble'], 'cmake_clean_cache': False, 'cmake_clean_first': False, 'cmake_force_configure': False, 'cmake_target': None, 'cmake_target_skip_unavailable': False, 'install_base': '/workspace/stage2_workspaces/b2/install/livox_ros_driver2', 'merge_install': False, 'path': '/workspace/stage2_workspaces/b2/src/livox_ros_driver2', 'symlink_install': False, 'test_result_base': None}
[0.305s] Level 5:colcon.colcon_core.verb:set package 'fast_lio' build argument 'cmake_args' from command line to '['-DCMAKE_BUILD_TYPE=Release', '-DCMAKE_EXPORT_COMPILE_COMMANDS=ON', '-DROS_EDITION=ROS2', '-DDISTRO_ROS=humble']'
[0.306s] Level 5:colcon.colcon_core.verb:set package 'fast_lio' build argument 'cmake_target' from command line to 'None'
[0.306s] Level 5:colcon.colcon_core.verb:set package 'fast_lio' build argument 'cmake_target_skip_unavailable' from command line to 'False'
[0.306s] Level 5:colcon.colcon_core.verb:set package 'fast_lio' build argument 'cmake_clean_cache' from command line to 'False'
[0.306s] Level 5:colcon.colcon_core.verb:set package 'fast_lio' build argument 'cmake_clean_first' from command line to 'False'
[0.306s] Level 5:colcon.colcon_core.verb:set package 'fast_lio' build argument 'cmake_force_configure' from command line to 'False'
[0.306s] Level 5:colcon.colcon_core.verb:set package 'fast_lio' build argument 'ament_cmake_args' from command line to 'None'
[0.306s] Level 5:colcon.colcon_core.verb:set package 'fast_lio' build argument 'catkin_cmake_args' from command line to 'None'
[0.306s] Level 5:colcon.colcon_core.verb:set package 'fast_lio' build argument 'catkin_skip_building_tests' from command line to 'False'
[0.306s] DEBUG:colcon.colcon_core.verb:Building package 'fast_lio' with the following arguments: {'ament_cmake_args': None, 'build_base': '/workspace/stage2_workspaces/b2/build/fast_lio', 'catkin_cmake_args': None, 'catkin_skip_building_tests': False, 'cmake_args': ['-DCMAKE_BUILD_TYPE=Release', '-DCMAKE_EXPORT_COMPILE_COMMANDS=ON', '-DROS_EDITION=ROS2', '-DDISTRO_ROS=humble'], 'cmake_clean_cache': False, 'cmake_clean_first': False, 'cmake_force_configure': False, 'cmake_target': None, 'cmake_target_skip_unavailable': False, 'install_base': '/workspace/stage2_workspaces/b2/install/fast_lio', 'merge_install': False, 'path': '/workspace/stage2_workspaces/b2/src/fast_lio', 'symlink_install': False, 'test_result_base': None}
[0.306s] INFO:colcon.colcon_core.executor:Executing jobs using 'parallel' executor
[0.307s] DEBUG:colcon.colcon_parallel_executor.executor.parallel:run_until_complete
[0.307s] INFO:colcon.colcon_ros.task.ament_cmake.build:Building ROS package in '/workspace/stage2_workspaces/b2/src/livox_ros_driver2' with build type 'ament_cmake'
[0.308s] INFO:colcon.colcon_cmake.task.cmake.build:Building CMake package in '/workspace/stage2_workspaces/b2/src/livox_ros_driver2'
[0.311s] INFO:colcon.colcon_core.plugin_system:Skipping extension 'colcon_core.shell.bat': Not used on non-Windows systems
[0.312s] INFO:colcon.colcon_core.shell:Skip shell extension 'powershell' for command environment: Not usable outside of PowerShell
[0.312s] DEBUG:colcon.colcon_core.shell:Skip shell extension 'dsv' for command environment
[0.359s] DEBUG:colcon.colcon_core.event_handler.log_command:Invoking command in '/workspace/stage2_workspaces/b2/build/livox_ros_driver2': CMAKE_PREFIX_PATH=/opt/ros/humble /usr/bin/cmake --build /workspace/stage2_workspaces/b2/build/livox_ros_driver2 -- -j20 -l20
[1.624s] DEBUG:colcon.colcon_core.event_handler.log_command:Invoked command in '/workspace/stage2_workspaces/b2/build/livox_ros_driver2' returned '0': CMAKE_PREFIX_PATH=/opt/ros/humble /usr/bin/cmake --build /workspace/stage2_workspaces/b2/build/livox_ros_driver2 -- -j20 -l20
[1.644s] DEBUG:colcon.colcon_core.event_handler.log_command:Invoking command in '/workspace/stage2_workspaces/b2/build/livox_ros_driver2': CMAKE_PREFIX_PATH=/opt/ros/humble /usr/bin/cmake --install /workspace/stage2_workspaces/b2/build/livox_ros_driver2
[5.421s] Level 1:colcon.colcon_core.environment:create_environment_scripts_only(livox_ros_driver2)
[5.421s] DEBUG:colcon.colcon_core.event_handler.log_command:Invoked command in '/workspace/stage2_workspaces/b2/build/livox_ros_driver2' returned '0': CMAKE_PREFIX_PATH=/opt/ros/humble /usr/bin/cmake --install /workspace/stage2_workspaces/b2/build/livox_ros_driver2
[5.422s] Level 1:colcon.colcon_core.environment:checking '/workspace/stage2_workspaces/b2/install/livox_ros_driver2' for CMake module files
[5.620s] Level 1:colcon.colcon_core.environment:checking '/workspace/stage2_workspaces/b2/install/livox_ros_driver2' for CMake config files
[5.751s] Level 1:colcon.colcon_core.shell:create_environment_hook('livox_ros_driver2', 'cmake_prefix_path')
[5.752s] INFO:colcon.colcon_core.shell:Creating environment hook '/workspace/stage2_workspaces/b2/install/livox_ros_driver2/share/livox_ros_driver2/hook/cmake_prefix_path.ps1'
[5.765s] INFO:colcon.colcon_core.shell:Creating environment descriptor '/workspace/stage2_workspaces/b2/install/livox_ros_driver2/share/livox_ros_driver2/hook/cmake_prefix_path.dsv'
[5.778s] INFO:colcon.colcon_core.shell:Creating environment hook '/workspace/stage2_workspaces/b2/install/livox_ros_driver2/share/livox_ros_driver2/hook/cmake_prefix_path.sh'
[5.794s] Level 1:colcon.colcon_core.environment:checking '/workspace/stage2_workspaces/b2/install/livox_ros_driver2/lib'
[5.798s] Level 1:colcon.colcon_core.shell:create_environment_hook('livox_ros_driver2', 'ld_library_path_lib')
[5.798s] INFO:colcon.colcon_core.shell:Creating environment hook '/workspace/stage2_workspaces/b2/install/livox_ros_driver2/share/livox_ros_driver2/hook/ld_library_path_lib.ps1'
[5.811s] INFO:colcon.colcon_core.shell:Creating environment descriptor '/workspace/stage2_workspaces/b2/install/livox_ros_driver2/share/livox_ros_driver2/hook/ld_library_path_lib.dsv'
[5.824s] INFO:colcon.colcon_core.shell:Creating environment hook '/workspace/stage2_workspaces/b2/install/livox_ros_driver2/share/livox_ros_driver2/hook/ld_library_path_lib.sh'
[5.834s] Level 1:colcon.colcon_core.environment:checking '/workspace/stage2_workspaces/b2/install/livox_ros_driver2/bin'
[5.836s] Level 1:colcon.colcon_core.environment:checking '/workspace/stage2_workspaces/b2/install/livox_ros_driver2/lib/pkgconfig/livox_ros_driver2.pc'
[5.838s] Level 1:colcon.colcon_core.environment:checking '/workspace/stage2_workspaces/b2/install/livox_ros_driver2/lib/python3.10/site-packages'
[5.839s] Level 1:colcon.colcon_core.environment:checking '/workspace/stage2_workspaces/b2/install/livox_ros_driver2/bin'
[5.841s] INFO:colcon.colcon_core.shell:Creating package script '/workspace/stage2_workspaces/b2/install/livox_ros_driver2/share/livox_ros_driver2/package.ps1'
[5.852s] INFO:colcon.colcon_core.shell:Creating package descriptor '/workspace/stage2_workspaces/b2/install/livox_ros_driver2/share/livox_ros_driver2/package.dsv'
[5.864s] INFO:colcon.colcon_core.shell:Creating package script '/workspace/stage2_workspaces/b2/install/livox_ros_driver2/share/livox_ros_driver2/package.sh'
[5.875s] INFO:colcon.colcon_core.shell:Creating package script '/workspace/stage2_workspaces/b2/install/livox_ros_driver2/share/livox_ros_driver2/package.bash'
[5.887s] INFO:colcon.colcon_core.shell:Creating package script '/workspace/stage2_workspaces/b2/install/livox_ros_driver2/share/livox_ros_driver2/package.zsh'
[5.897s] Level 1:colcon.colcon_core.environment:create_file_with_runtime_dependencies(/workspace/stage2_workspaces/b2/install/livox_ros_driver2/share/colcon-core/packages/livox_ros_driver2)
[5.919s] Level 1:colcon.colcon_core.environment:create_environment_scripts_only(livox_ros_driver2)
[5.920s] Level 1:colcon.colcon_core.environment:checking '/workspace/stage2_workspaces/b2/install/livox_ros_driver2' for CMake module files
[6.088s] Level 1:colcon.colcon_core.environment:checking '/workspace/stage2_workspaces/b2/install/livox_ros_driver2' for CMake config files
[6.253s] Level 1:colcon.colcon_core.shell:create_environment_hook('livox_ros_driver2', 'cmake_prefix_path')
[6.253s] INFO:colcon.colcon_core.shell:Creating environment hook '/workspace/stage2_workspaces/b2/install/livox_ros_driver2/share/livox_ros_driver2/hook/cmake_prefix_path.ps1'
[6.267s] INFO:colcon.colcon_core.shell:Creating environment descriptor '/workspace/stage2_workspaces/b2/install/livox_ros_driver2/share/livox_ros_driver2/hook/cmake_prefix_path.dsv'
[6.282s] INFO:colcon.colcon_core.shell:Creating environment hook '/workspace/stage2_workspaces/b2/install/livox_ros_driver2/share/livox_ros_driver2/hook/cmake_prefix_path.sh'
[6.299s] Level 1:colcon.colcon_core.environment:checking '/workspace/stage2_workspaces/b2/install/livox_ros_driver2/lib'
[6.303s] Level 1:colcon.colcon_core.shell:create_environment_hook('livox_ros_driver2', 'ld_library_path_lib')
[6.303s] INFO:colcon.colcon_core.shell:Creating environment hook '/workspace/stage2_workspaces/b2/install/livox_ros_driver2/share/livox_ros_driver2/hook/ld_library_path_lib.ps1'
[6.319s] INFO:colcon.colcon_core.shell:Creating environment descriptor '/workspace/stage2_workspaces/b2/install/livox_ros_driver2/share/livox_ros_driver2/hook/ld_library_path_lib.dsv'
[6.332s] INFO:colcon.colcon_core.shell:Creating environment hook '/workspace/stage2_workspaces/b2/install/livox_ros_driver2/share/livox_ros_driver2/hook/ld_library_path_lib.sh'
[6.345s] Level 1:colcon.colcon_core.environment:checking '/workspace/stage2_workspaces/b2/install/livox_ros_driver2/bin'
[6.347s] Level 1:colcon.colcon_core.environment:checking '/workspace/stage2_workspaces/b2/install/livox_ros_driver2/lib/pkgconfig/livox_ros_driver2.pc'
[6.348s] Level 1:colcon.colcon_core.environment:checking '/workspace/stage2_workspaces/b2/install/livox_ros_driver2/lib/python3.10/site-packages'
[6.350s] Level 1:colcon.colcon_core.environment:checking '/workspace/stage2_workspaces/b2/install/livox_ros_driver2/bin'
[6.352s] INFO:colcon.colcon_core.shell:Creating package script '/workspace/stage2_workspaces/b2/install/livox_ros_driver2/share/livox_ros_driver2/package.ps1'
[6.361s] INFO:colcon.colcon_core.shell:Creating package descriptor '/workspace/stage2_workspaces/b2/install/livox_ros_driver2/share/livox_ros_driver2/package.dsv'
[6.369s] INFO:colcon.colcon_core.shell:Creating package script '/workspace/stage2_workspaces/b2/install/livox_ros_driver2/share/livox_ros_driver2/package.sh'
[6.381s] INFO:colcon.colcon_core.shell:Creating package script '/workspace/stage2_workspaces/b2/install/livox_ros_driver2/share/livox_ros_driver2/package.bash'
[6.391s] INFO:colcon.colcon_core.shell:Creating package script '/workspace/stage2_workspaces/b2/install/livox_ros_driver2/share/livox_ros_driver2/package.zsh'
[6.401s] Level 1:colcon.colcon_core.environment:create_file_with_runtime_dependencies(/workspace/stage2_workspaces/b2/install/livox_ros_driver2/share/colcon-core/packages/livox_ros_driver2)
[6.409s] INFO:colcon.colcon_ros.task.ament_cmake.build:Building ROS package in '/workspace/stage2_workspaces/b2/src/fast_lio' with build type 'ament_cmake'
[6.409s] INFO:colcon.colcon_cmake.task.cmake.build:Building CMake package in '/workspace/stage2_workspaces/b2/src/fast_lio'
[6.409s] INFO:colcon.colcon_core.shell:Skip shell extension 'powershell' for command environment: Not usable outside of PowerShell
[6.410s] DEBUG:colcon.colcon_core.shell:Skip shell extension 'dsv' for command environment
[6.500s] DEBUG:colcon.colcon_core.event_handler.log_command:Invoking command in '/workspace/stage2_workspaces/b2/build/fast_lio': AMENT_PREFIX_PATH=/workspace/stage2_workspaces/b2/install/livox_ros_driver2:${AMENT_PREFIX_PATH} CMAKE_PREFIX_PATH=/workspace/stage2_workspaces/b2/install/livox_ros_driver2:/opt/ros/humble LD_LIBRARY_PATH=/workspace/stage2_workspaces/b2/install/livox_ros_driver2/lib:${LD_LIBRARY_PATH} PYTHONPATH=/workspace/stage2_workspaces/b2/install/livox_ros_driver2/local/lib/python3.10/dist-packages:${PYTHONPATH} /usr/bin/cmake --build /workspace/stage2_workspaces/b2/build/fast_lio -- -j20 -l20
[8.837s] DEBUG:colcon.colcon_core.event_handler.log_command:Invoked command in '/workspace/stage2_workspaces/b2/build/fast_lio' returned '0': AMENT_PREFIX_PATH=/workspace/stage2_workspaces/b2/install/livox_ros_driver2:${AMENT_PREFIX_PATH} CMAKE_PREFIX_PATH=/workspace/stage2_workspaces/b2/install/livox_ros_driver2:/opt/ros/humble LD_LIBRARY_PATH=/workspace/stage2_workspaces/b2/install/livox_ros_driver2/lib:${LD_LIBRARY_PATH} PYTHONPATH=/workspace/stage2_workspaces/b2/install/livox_ros_driver2/local/lib/python3.10/dist-packages:${PYTHONPATH} /usr/bin/cmake --build /workspace/stage2_workspaces/b2/build/fast_lio -- -j20 -l20
[8.849s] DEBUG:colcon.colcon_core.event_handler.log_command:Invoking command in '/workspace/stage2_workspaces/b2/build/fast_lio': AMENT_PREFIX_PATH=/workspace/stage2_workspaces/b2/install/livox_ros_driver2:${AMENT_PREFIX_PATH} CMAKE_PREFIX_PATH=/workspace/stage2_workspaces/b2/install/livox_ros_driver2:/opt/ros/humble LD_LIBRARY_PATH=/workspace/stage2_workspaces/b2/install/livox_ros_driver2/lib:${LD_LIBRARY_PATH} PYTHONPATH=/workspace/stage2_workspaces/b2/install/livox_ros_driver2/local/lib/python3.10/dist-packages:${PYTHONPATH} /usr/bin/cmake --install /workspace/stage2_workspaces/b2/build/fast_lio
[12.748s] Level 1:colcon.colcon_core.environment:create_environment_scripts_only(fast_lio)
[12.749s] Level 1:colcon.colcon_core.environment:checking '/workspace/stage2_workspaces/b2/install/fast_lio' for CMake module files
[12.749s] DEBUG:colcon.colcon_core.event_handler.log_command:Invoked command in '/workspace/stage2_workspaces/b2/build/fast_lio' returned '0': AMENT_PREFIX_PATH=/workspace/stage2_workspaces/b2/install/livox_ros_driver2:${AMENT_PREFIX_PATH} CMAKE_PREFIX_PATH=/workspace/stage2_workspaces/b2/install/livox_ros_driver2:/opt/ros/humble LD_LIBRARY_PATH=/workspace/stage2_workspaces/b2/install/livox_ros_driver2/lib:${LD_LIBRARY_PATH} PYTHONPATH=/workspace/stage2_workspaces/b2/install/livox_ros_driver2/local/lib/python3.10/dist-packages:${PYTHONPATH} /usr/bin/cmake --install /workspace/stage2_workspaces/b2/build/fast_lio
[12.883s] Level 1:colcon.colcon_core.environment:checking '/workspace/stage2_workspaces/b2/install/fast_lio' for CMake config files
[12.985s] Level 1:colcon.colcon_core.shell:create_environment_hook('fast_lio', 'cmake_prefix_path')
[12.986s] INFO:colcon.colcon_core.shell:Creating environment hook '/workspace/stage2_workspaces/b2/install/fast_lio/share/fast_lio/hook/cmake_prefix_path.ps1'
[12.995s] INFO:colcon.colcon_core.shell:Creating environment descriptor '/workspace/stage2_workspaces/b2/install/fast_lio/share/fast_lio/hook/cmake_prefix_path.dsv'
[13.004s] INFO:colcon.colcon_core.shell:Creating environment hook '/workspace/stage2_workspaces/b2/install/fast_lio/share/fast_lio/hook/cmake_prefix_path.sh'
[13.014s] Level 1:colcon.colcon_core.environment:checking '/workspace/stage2_workspaces/b2/install/fast_lio/lib'
[13.017s] Level 1:colcon.colcon_core.shell:create_environment_hook('fast_lio', 'ld_library_path_lib')
[13.017s] INFO:colcon.colcon_core.shell:Creating environment hook '/workspace/stage2_workspaces/b2/install/fast_lio/share/fast_lio/hook/ld_library_path_lib.ps1'
[13.026s] INFO:colcon.colcon_core.shell:Creating environment descriptor '/workspace/stage2_workspaces/b2/install/fast_lio/share/fast_lio/hook/ld_library_path_lib.dsv'
[13.034s] INFO:colcon.colcon_core.shell:Creating environment hook '/workspace/stage2_workspaces/b2/install/fast_lio/share/fast_lio/hook/ld_library_path_lib.sh'
[13.042s] Level 1:colcon.colcon_core.environment:checking '/workspace/stage2_workspaces/b2/install/fast_lio/bin'
[13.043s] Level 1:colcon.colcon_core.environment:checking '/workspace/stage2_workspaces/b2/install/fast_lio/lib/pkgconfig/fast_lio.pc'
[13.044s] Level 1:colcon.colcon_core.environment:checking '/workspace/stage2_workspaces/b2/install/fast_lio/lib/python3.10/site-packages'
[13.046s] Level 1:colcon.colcon_core.environment:checking '/workspace/stage2_workspaces/b2/install/fast_lio/bin'
[13.046s] INFO:colcon.colcon_core.shell:Creating package script '/workspace/stage2_workspaces/b2/install/fast_lio/share/fast_lio/package.ps1'
[13.053s] INFO:colcon.colcon_core.shell:Creating package descriptor '/workspace/stage2_workspaces/b2/install/fast_lio/share/fast_lio/package.dsv'
[13.060s] INFO:colcon.colcon_core.shell:Creating package script '/workspace/stage2_workspaces/b2/install/fast_lio/share/fast_lio/package.sh'
[13.067s] INFO:colcon.colcon_core.shell:Creating package script '/workspace/stage2_workspaces/b2/install/fast_lio/share/fast_lio/package.bash'
[13.074s] INFO:colcon.colcon_core.shell:Creating package script '/workspace/stage2_workspaces/b2/install/fast_lio/share/fast_lio/package.zsh'
[13.081s] Level 1:colcon.colcon_core.environment:create_file_with_runtime_dependencies(/workspace/stage2_workspaces/b2/install/fast_lio/share/colcon-core/packages/fast_lio)
[13.096s] Level 1:colcon.colcon_core.environment:create_environment_scripts_only(fast_lio)
[13.096s] Level 1:colcon.colcon_core.environment:checking '/workspace/stage2_workspaces/b2/install/fast_lio' for CMake module files
[13.231s] Level 1:colcon.colcon_core.environment:checking '/workspace/stage2_workspaces/b2/install/fast_lio' for CMake config files
[13.333s] Level 1:colcon.colcon_core.shell:create_environment_hook('fast_lio', 'cmake_prefix_path')
[13.334s] INFO:colcon.colcon_core.shell:Creating environment hook '/workspace/stage2_workspaces/b2/install/fast_lio/share/fast_lio/hook/cmake_prefix_path.ps1'
[13.342s] INFO:colcon.colcon_core.shell:Creating environment descriptor '/workspace/stage2_workspaces/b2/install/fast_lio/share/fast_lio/hook/cmake_prefix_path.dsv'
[13.351s] INFO:colcon.colcon_core.shell:Creating environment hook '/workspace/stage2_workspaces/b2/install/fast_lio/share/fast_lio/hook/cmake_prefix_path.sh'
[13.362s] Level 1:colcon.colcon_core.environment:checking '/workspace/stage2_workspaces/b2/install/fast_lio/lib'
[13.364s] Level 1:colcon.colcon_core.shell:create_environment_hook('fast_lio', 'ld_library_path_lib')
[13.365s] INFO:colcon.colcon_core.shell:Creating environment hook '/workspace/stage2_workspaces/b2/install/fast_lio/share/fast_lio/hook/ld_library_path_lib.ps1'
[13.374s] INFO:colcon.colcon_core.shell:Creating environment descriptor '/workspace/stage2_workspaces/b2/install/fast_lio/share/fast_lio/hook/ld_library_path_lib.dsv'
[13.384s] INFO:colcon.colcon_core.shell:Creating environment hook '/workspace/stage2_workspaces/b2/install/fast_lio/share/fast_lio/hook/ld_library_path_lib.sh'
[13.393s] Level 1:colcon.colcon_core.environment:checking '/workspace/stage2_workspaces/b2/install/fast_lio/bin'
[13.395s] Level 1:colcon.colcon_core.environment:checking '/workspace/stage2_workspaces/b2/install/fast_lio/lib/pkgconfig/fast_lio.pc'
[13.396s] Level 1:colcon.colcon_core.environment:checking '/workspace/stage2_workspaces/b2/install/fast_lio/lib/python3.10/site-packages'
[13.398s] Level 1:colcon.colcon_core.environment:checking '/workspace/stage2_workspaces/b2/install/fast_lio/bin'
[13.399s] INFO:colcon.colcon_core.shell:Creating package script '/workspace/stage2_workspaces/b2/install/fast_lio/share/fast_lio/package.ps1'
[13.407s] INFO:colcon.colcon_core.shell:Creating package descriptor '/workspace/stage2_workspaces/b2/install/fast_lio/share/fast_lio/package.dsv'
[13.415s] INFO:colcon.colcon_core.shell:Creating package script '/workspace/stage2_workspaces/b2/install/fast_lio/share/fast_lio/package.sh'
[13.423s] INFO:colcon.colcon_core.shell:Creating package script '/workspace/stage2_workspaces/b2/install/fast_lio/share/fast_lio/package.bash'
[13.431s] INFO:colcon.colcon_core.shell:Creating package script '/workspace/stage2_workspaces/b2/install/fast_lio/share/fast_lio/package.zsh'
[13.439s] Level 1:colcon.colcon_core.environment:create_file_with_runtime_dependencies(/workspace/stage2_workspaces/b2/install/fast_lio/share/colcon-core/packages/fast_lio)
[13.445s] DEBUG:colcon.colcon_parallel_executor.executor.parallel:closing loop
[13.445s] DEBUG:colcon.colcon_parallel_executor.executor.parallel:loop closed
[13.445s] DEBUG:colcon.colcon_parallel_executor.executor.parallel:run_until_complete finished with '0'
[13.446s] DEBUG:colcon.colcon_core.event_reactor:joining thread
[13.460s] INFO:colcon.colcon_core.plugin_system:Skipping extension 'colcon_notification.desktop_notification.notify_send': Could not find 'notify-send'
[13.461s] INFO:colcon.colcon_core.plugin_system:Skipping extension 'colcon_notification.desktop_notification.terminal_notifier': Not used on non-Darwin systems
[13.461s] INFO:colcon.colcon_core.plugin_system:Skipping extension 'colcon_notification.desktop_notification.win32': Not used on non-Windows systems
[13.461s] INFO:colcon.colcon_notification.desktop_notification:Sending desktop notification using 'notify2'
[13.462s] DEBUG:colcon.colcon_notification.desktop_notification.notify2:Failed to initialize notify2: org.freedesktop.DBus.Error.Spawn.ExecFailed: /usr/bin/dbus-launch terminated abnormally without any error message
[13.463s] DEBUG:colcon.colcon_core.event_reactor:joined thread
[13.463s] INFO:colcon.colcon_core.shell:Creating prefix script '/workspace/stage2_workspaces/b2/install/local_setup.ps1'
[13.468s] INFO:colcon.colcon_core.shell:Creating prefix util module '/workspace/stage2_workspaces/b2/install/_local_setup_util_ps1.py'
[13.473s] INFO:colcon.colcon_core.shell:Creating prefix chain script '/workspace/stage2_workspaces/b2/install/setup.ps1'
[13.478s] INFO:colcon.colcon_core.shell:Creating prefix script '/workspace/stage2_workspaces/b2/install/local_setup.sh'
[13.482s] INFO:colcon.colcon_core.shell:Creating prefix util module '/workspace/stage2_workspaces/b2/install/_local_setup_util_sh.py'
[13.487s] INFO:colcon.colcon_core.shell:Creating prefix chain script '/workspace/stage2_workspaces/b2/install/setup.sh'
[13.492s] INFO:colcon.colcon_core.shell:Creating prefix script '/workspace/stage2_workspaces/b2/install/local_setup.bash'
[13.497s] INFO:colcon.colcon_core.shell:Creating prefix chain script '/workspace/stage2_workspaces/b2/install/setup.bash'
[13.503s] INFO:colcon.colcon_core.shell:Creating prefix script '/workspace/stage2_workspaces/b2/install/local_setup.zsh'
[13.508s] INFO:colcon.colcon_core.shell:Creating prefix chain script '/workspace/stage2_workspaces/b2/install/setup.zsh'
