[INFO] [launch]: All log files can be found below /root/.ros/log/2026-07-31-13-27-52-847979-dc3ae6023b26-11527
[INFO] [launch]: Default logging verbosity is set to INFO
[INFO] [fastlio_mapping-1]: process started with pid [11538]
[INFO] [rviz2-2]: process started with pid [11540]
[fastlio_mapping-1] [INFO] [1785504472.961684992] [laser_mapping]: p_pre->lidar_type 1
[fastlio_mapping-1] Multi thread started 
[fastlio_mapping-1] ~~~~/data/fastlio_baseline/workspaces/b1/src/fast_lio/ file opened
[fastlio_mapping-1] [INFO] [1785504472.968326246] [laser_mapping]: Node init finished.
[rviz2-2] qt.qpa.xcb: could not connect to display host.docker.internal:0.0
[rviz2-2] qt.qpa.plugin: Could not load the Qt platform plugin "xcb" in "" even though it was found.
[rviz2-2] This application failed to start because no Qt platform plugin could be initialized. Reinstalling the application may fix this problem.
[rviz2-2] 
[rviz2-2] Available platform plugins are: eglfs, linuxfb, minimal, minimalegl, offscreen, vnc, xcb.
[rviz2-2] 
[ERROR] [rviz2-2]: process has died [pid 11540, exit code -6, cmd '/opt/ros/humble/lib/rviz2/rviz2 -d /data/fastlio_baseline/workspaces/b1/install/fast_lio/share/fast_lio/rviz/fastlio.rviz --ros-args'].
[fastlio_mapping-1] Too few input point cloud!
[fastlio_mapping-1] Too few input point cloud!
[fastlio_mapping-1] [WARN] [1785504487.341456291] [laser_mapping]: No point, skip this scan!
[fastlio_mapping-1] 
[fastlio_mapping-1] Too few input point cloud!
[fastlio_mapping-1] IMU Initial Done
[fastlio_mapping-1] [WARN] [1785504487.463184356] [laser_mapping]: No point, skip this scan!
[fastlio_mapping-1] 
[fastlio_mapping-1] Too few input point cloud!
[fastlio_mapping-1] [WARN] [1785504487.563183739] [laser_mapping]: No point, skip this scan!
[fastlio_mapping-1] 
[fastlio_mapping-1] Too few input point cloud!
[fastlio_mapping-1] [WARN] [1785504487.663189896] [laser_mapping]: No point, skip this scan!
[fastlio_mapping-1] 
[fastlio_mapping-1] Too few input point cloud!
[fastlio_mapping-1] [WARN] [1785504487.763207038] [laser_mapping]: No point, skip this scan!
[fastlio_mapping-1] 
[fastlio_mapping-1] Too few input point cloud!
[fastlio_mapping-1] [WARN] [1785504487.863201149] [laser_mapping]: No point, skip this scan!
[fastlio_mapping-1] 
[fastlio_mapping-1] Too few input point cloud!
[fastlio_mapping-1] [WARN] [1785504487.938922150] [laser_mapping]: No point, skip this scan!
[fastlio_mapping-1] 
[fastlio_mapping-1] Too few input point cloud!
[fastlio_mapping-1] [WARN] [1785504488.063335765] [laser_mapping]: No point, skip this scan!
[fastlio_mapping-1] 
[fastlio_mapping-1] Too few input point cloud!
[fastlio_mapping-1] [WARN] [1785504488.163243244] [laser_mapping]: No point, skip this scan!
[fastlio_mapping-1] 
[fastlio_mapping-1] Too few input point cloud!
[fastlio_mapping-1] [WARN] [1785504488.263341148] [laser_mapping]: No point, skip this scan!
[fastlio_mapping-1] 
[fastlio_mapping-1] Too few input point cloud!
[fastlio_mapping-1] [WARN] [1785504488.339558210] [laser_mapping]: No point, skip this scan!
[fastlio_mapping-1] 
[fastlio_mapping-1] Too few input point cloud!
[fastlio_mapping-1] [WARN] [1785504488.463262654] [laser_mapping]: No point, skip this scan!
[fastlio_mapping-1] 
[fastlio_mapping-1] Too few input point cloud!
[fastlio_mapping-1] [WARN] [1785504488.538271171] [laser_mapping]: No point, skip this scan!
[fastlio_mapping-1] 
[fastlio_mapping-1] Too few input point cloud!
[fastlio_mapping-1] [WARN] [1785504488.638203096] [laser_mapping]: No point, skip this scan!
[fastlio_mapping-1] 
[fastlio_mapping-1] Too few input point cloud!
[fastlio_mapping-1] [WARN] [1785504488.738206314] [laser_mapping]: No point, skip this scan!
[fastlio_mapping-1] 
[fastlio_mapping-1] Too few input point cloud!
[fastlio_mapping-1] [WARN] [1785504488.838267574] [laser_mapping]: No point, skip this scan!
[fastlio_mapping-1] 
[fastlio_mapping-1] Too few input point cloud!
[fastlio_mapping-1] [WARN] [1785504488.938221567] [laser_mapping]: No point, skip this scan!
[fastlio_mapping-1] 
[fastlio_mapping-1] Too few input point cloud!
[fastlio_mapping-1] [WARN] [1785504489.038360770] [laser_mapping]: No point, skip this scan!
[fastlio_mapping-1] 
[fastlio_mapping-1] Too few input point cloud!
[fastlio_mapping-1] [WARN] [1785504489.138228788] [laser_mapping]: No point, skip this scan!
[fastlio_mapping-1] 
[fastlio_mapping-1] Too few input point cloud!
[fastlio_mapping-1] [WARN] [1785504489.263288405] [laser_mapping]: No point, skip this scan!
[fastlio_mapping-1] 
[fastlio_mapping-1] Too few input point cloud!
[fastlio_mapping-1] [WARN] [1785504489.363235681] [laser_mapping]: No point, skip this scan!
[fastlio_mapping-1] 
[fastlio_mapping-1] Too few input point cloud!
[fastlio_mapping-1] [WARN] [1785504489.438352002] [laser_mapping]: No point, skip this scan!
[fastlio_mapping-1] 
[fastlio_mapping-1] Too few input point cloud!
[fastlio_mapping-1] [WARN] [1785504489.563331568] [laser_mapping]: No point, skip this scan!
[fastlio_mapping-1] 
[fastlio_mapping-1] Too few input point cloud!
[fastlio_mapping-1] [WARN] [1785504489.638285848] [laser_mapping]: No point, skip this scan!
[fastlio_mapping-1] 
[fastlio_mapping-1] Too few input point cloud!
[fastlio_mapping-1] [WARN] [1785504489.738268024] [laser_mapping]: No point, skip this scan!
[fastlio_mapping-1] 
[fastlio_mapping-1] Too few input point cloud!
[fastlio_mapping-1] [WARN] [1785504489.838306850] [laser_mapping]: No point, skip this scan!
[fastlio_mapping-1] 
[fastlio_mapping-1] Too few input point cloud!
[fastlio_mapping-1] [WARN] [1785504489.938979465] [laser_mapping]: No point, skip this scan!
[fastlio_mapping-1] 
[fastlio_mapping-1] Too few input point cloud!
[fastlio_mapping-1] [WARN] [1785504490.038329563] [laser_mapping]: No point, skip this scan!
[fastlio_mapping-1] 
[fastlio_mapping-1] Too few input point cloud!
[fastlio_mapping-1] [WARN] [1785504490.138475904] [laser_mapping]: No point, skip this scan!
[fastlio_mapping-1] 
[fastlio_mapping-1] Too few input point cloud!
[fastlio_mapping-1] [WARN] [1785504490.238245334] [laser_mapping]: No point, skip this scan!
[fastlio_mapping-1] 
[fastlio_mapping-1] Too few input point cloud!
[fastlio_mapping-1] [WARN] [1785504490.338358664] [laser_mapping]: No point, skip this scan!
[fastlio_mapping-1] 
[fastlio_mapping-1] Too few input point cloud!
[fastlio_mapping-1] [WARN] [1785504490.438366401] [laser_mapping]: No point, skip this scan!
[fastlio_mapping-1] 
[fastlio_mapping-1] Too few input point cloud!
[fastlio_mapping-1] [WARN] [1785504490.538324158] [laser_mapping]: No point, skip this scan!
[fastlio_mapping-1] 
[fastlio_mapping-1] Too few input point cloud!
[fastlio_mapping-1] [WARN] [1785504490.638330919] [laser_mapping]: No point, skip this scan!
[fastlio_mapping-1] 
[fastlio_mapping-1] Too few input point cloud!
[fastlio_mapping-1] [WARN] [1785504490.739121838] [laser_mapping]: No point, skip this scan!
[fastlio_mapping-1] 
[fastlio_mapping-1] Too few input point cloud!
[fastlio_mapping-1] [WARN] [1785504490.838509252] [laser_mapping]: No point, skip this scan!
[fastlio_mapping-1] 
[fastlio_mapping-1] Too few input point cloud!
[fastlio_mapping-1] [WARN] [1785504490.938340971] [laser_mapping]: No point, skip this scan!
[fastlio_mapping-1] 
[fastlio_mapping-1] Too few input point cloud!
[fastlio_mapping-1] [WARN] [1785504491.038332458] [laser_mapping]: No point, skip this scan!
[fastlio_mapping-1] 
[fastlio_mapping-1] Too few input point cloud!
[fastlio_mapping-1] [WARN] [1785504491.138760989] [laser_mapping]: No point, skip this scan!
[fastlio_mapping-1] 
[fastlio_mapping-1] Too few input point cloud!
[fastlio_mapping-1] [WARN] [1785504491.238350788] [laser_mapping]: No point, skip this scan!
[fastlio_mapping-1] 
[fastlio_mapping-1] Too few input point cloud!
[fastlio_mapping-1] [WARN] [1785504491.338358033] [laser_mapping]: No point, skip this scan!
[fastlio_mapping-1] 
[fastlio_mapping-1] Too few input point cloud!
[fastlio_mapping-1] [WARN] [1785504491.463353312] [laser_mapping]: No point, skip this scan!
[fastlio_mapping-1] 
[fastlio_mapping-1] Too few input point cloud!
[fastlio_mapping-1] [WARN] [1785504491.538736944] [laser_mapping]: No point, skip this scan!
[fastlio_mapping-1] 
[fastlio_mapping-1] Too few input point cloud!
[fastlio_mapping-1] [WARN] [1785504491.638460608] [laser_mapping]: No point, skip this scan!
[fastlio_mapping-1] 
[fastlio_mapping-1] Too few input point cloud!
[fastlio_mapping-1] [WARN] [1785504491.738316255] [laser_mapping]: No point, skip this scan!
[fastlio_mapping-1] 
[fastlio_mapping-1] Too few input point cloud!
[fastlio_mapping-1] [WARN] [1785504491.838343677] [laser_mapping]: No point, skip this scan!
[fastlio_mapping-1] 
[fastlio_mapping-1] Too few input point cloud!
[fastlio_mapping-1] [WARN] [1785504491.938364231] [laser_mapping]: No point, skip this scan!
[fastlio_mapping-1] 
[fastlio_mapping-1] Too few input point cloud!
[fastlio_mapping-1] [WARN] [1785504492.038349767] [laser_mapping]: No point, skip this scan!
[fastlio_mapping-1] 
[fastlio_mapping-1] Too few input point cloud!
[fastlio_mapping-1] [WARN] [1785504492.138346548] [laser_mapping]: No point, skip this scan!
[fastlio_mapping-1] 
[fastlio_mapping-1] Too few input point cloud!
[fastlio_mapping-1] [WARN] [1785504492.238357758] [laser_mapping]: No point, skip this scan!
[fastlio_mapping-1] 
[fastlio_mapping-1] Too few input point cloud!
[fastlio_mapping-1] [WARN] [1785504492.338345700] [laser_mapping]: No point, skip this scan!
[fastlio_mapping-1] 
[fastlio_mapping-1] Too few input point cloud!
[fastlio_mapping-1] [WARN] [1785504492.438378856] [laser_mapping]: No point, skip this scan!
[fastlio_mapping-1] 
[fastlio_mapping-1] Too few input point cloud!
[fastlio_mapping-1] [WARN] [1785504492.538383466] [laser_mapping]: No point, skip this scan!
[fastlio_mapping-1] 
[fastlio_mapping-1] Too few input point cloud!
[fastlio_mapping-1] [WARN] [1785504492.638428980] [laser_mapping]: No point, skip this scan!
[fastlio_mapping-1] 
[fastlio_mapping-1] Too few input point cloud!
[fastlio_mapping-1] [WARN] [1785504492.738444942] [laser_mapping]: No point, skip this scan!
[fastlio_mapping-1] 
[fastlio_mapping-1] Too few input point cloud!
[fastlio_mapping-1] [WARN] [1785504492.838446452] [laser_mapping]: No point, skip this scan!
[fastlio_mapping-1] 
[fastlio_mapping-1] Too few input point cloud!
[fastlio_mapping-1] [WARN] [1785504492.938417693] [laser_mapping]: No point, skip this scan!
[fastlio_mapping-1] 
[fastlio_mapping-1] Too few input point cloud!
[fastlio_mapping-1] [WARN] [1785504493.038481228] [laser_mapping]: No point, skip this scan!
[fastlio_mapping-1] 
[fastlio_mapping-1] Too few input point cloud!
[fastlio_mapping-1] [WARN] [1785504493.139104196] [laser_mapping]: No point, skip this scan!
[fastlio_mapping-1] 
[fastlio_mapping-1] Too few input point cloud!
[fastlio_mapping-1] [WARN] [1785504493.238741813] [laser_mapping]: No point, skip this scan!
[fastlio_mapping-1] 
[fastlio_mapping-1] Too few input point cloud!
[fastlio_mapping-1] [WARN] [1785504493.338977562] [laser_mapping]: No point, skip this scan!
[fastlio_mapping-1] 
[fastlio_mapping-1] Too few input point cloud!
[fastlio_mapping-1] [WARN] [1785504493.439223250] [laser_mapping]: No point, skip this scan!
[fastlio_mapping-1] 
[fastlio_mapping-1] Too few input point cloud!
[fastlio_mapping-1] [WARN] [1785504493.539947724] [laser_mapping]: No point, skip this scan!
[fastlio_mapping-1] 
[fastlio_mapping-1] Too few input point cloud!
[fastlio_mapping-1] [WARN] [1785504493.638486294] [laser_mapping]: No point, skip this scan!
[fastlio_mapping-1] 
[fastlio_mapping-1] Too few input point cloud!
[fastlio_mapping-1] [WARN] [1785504493.738442467] [laser_mapping]: No point, skip this scan!
[fastlio_mapping-1] 
[fastlio_mapping-1] Too few input point cloud!
[fastlio_mapping-1] [WARN] [1785504493.840203058] [laser_mapping]: No point, skip this scan!
[fastlio_mapping-1] 
[fastlio_mapping-1] Too few input point cloud!
[fastlio_mapping-1] [WARN] [1785504493.963536552] [laser_mapping]: No point, skip this scan!
[fastlio_mapping-1] 
[fastlio_mapping-1] Too few input point cloud!
[fastlio_mapping-1] [WARN] [1785504494.038444746] [laser_mapping]: No point, skip this scan!
[fastlio_mapping-1] 
[fastlio_mapping-1] Too few input point cloud!
[fastlio_mapping-1] [WARN] [1785504494.138528545] [laser_mapping]: No point, skip this scan!
[fastlio_mapping-1] 
[fastlio_mapping-1] Too few input point cloud!
[fastlio_mapping-1] [WARN] [1785504494.263471359] [laser_mapping]: No point, skip this scan!
[fastlio_mapping-1] 
[fastlio_mapping-1] Too few input point cloud!
[fastlio_mapping-1] [WARN] [1785504494.363487351] [laser_mapping]: No point, skip this scan!
[fastlio_mapping-1] 
[fastlio_mapping-1] Too few input point cloud!
[fastlio_mapping-1] [WARN] [1785504494.463461364] [laser_mapping]: No point, skip this scan!
[fastlio_mapping-1] 
[fastlio_mapping-1] Too few input point cloud!
[fastlio_mapping-1] [WARN] [1785504494.563498754] [laser_mapping]: No point, skip this scan!
[fastlio_mapping-1] 
[fastlio_mapping-1] Too few input point cloud!
[fastlio_mapping-1] [WARN] [1785504494.638978760] [laser_mapping]: No point, skip this scan!
[fastlio_mapping-1] 
[fastlio_mapping-1] Too few input point cloud!
[fastlio_mapping-1] [WARN] [1785504494.738784904] [laser_mapping]: No point, skip this scan!
[fastlio_mapping-1] 
[fastlio_mapping-1] Too few input point cloud!
[fastlio_mapping-1] [WARN] [1785504494.863574369] [laser_mapping]: No point, skip this scan!
[fastlio_mapping-1] 
[fastlio_mapping-1] Too few input point cloud!
[fastlio_mapping-1] [WARN] [1785504494.938874042] [laser_mapping]: No point, skip this scan!
[fastlio_mapping-1] 
[fastlio_mapping-1] Too few input point cloud!
[fastlio_mapping-1] [WARN] [1785504495.038531154] [laser_mapping]: No point, skip this scan!
[fastlio_mapping-1] 
[fastlio_mapping-1] Too few input point cloud!
[fastlio_mapping-1] [WARN] [1785504495.138731027] [laser_mapping]: No point, skip this scan!
[fastlio_mapping-1] 
[fastlio_mapping-1] Too few input point cloud!
[fastlio_mapping-1] [WARN] [1785504495.238459844] [laser_mapping]: No point, skip this scan!
[fastlio_mapping-1] 
[fastlio_mapping-1] Too few input point cloud!
[fastlio_mapping-1] [WARN] [1785504495.339909016] [laser_mapping]: No point, skip this scan!
[fastlio_mapping-1] 
[fastlio_mapping-1] Too few input point cloud!
[fastlio_mapping-1] [WARN] [1785504495.439184280] [laser_mapping]: No point, skip this scan!
[fastlio_mapping-1] 
[fastlio_mapping-1] Too few input point cloud!
[fastlio_mapping-1] [WARN] [1785504495.563667020] [laser_mapping]: No point, skip this scan!
[fastlio_mapping-1] 
[fastlio_mapping-1] Too few input point cloud!
[fastlio_mapping-1] [WARN] [1785504495.639834765] [laser_mapping]: No point, skip this scan!
[fastlio_mapping-1] 
[fastlio_mapping-1] Too few input point cloud!
[fastlio_mapping-1] [WARN] [1785504495.740070698] [laser_mapping]: No point, skip this scan!
[fastlio_mapping-1] 
[fastlio_mapping-1] Too few input point cloud!
[fastlio_mapping-1] [WARN] [1785504495.840187961] [laser_mapping]: No point, skip this scan!
[fastlio_mapping-1] 
[fastlio_mapping-1] Too few input point cloud!
[fastlio_mapping-1] [WARN] [1785504495.938467591] [laser_mapping]: No point, skip this scan!
[fastlio_mapping-1] 
[fastlio_mapping-1] Too few input point cloud!
[fastlio_mapping-1] [WARN] [1785504496.038705323] [laser_mapping]: No point, skip this scan!
[fastlio_mapping-1] 
[fastlio_mapping-1] Too few input point cloud!
[fastlio_mapping-1] [WARN] [1785504496.138890379] [laser_mapping]: No point, skip this scan!
[fastlio_mapping-1] 
[fastlio_mapping-1] Too few input point cloud!
[fastlio_mapping-1] [WARN] [1785504496.263571733] [laser_mapping]: No point, skip this scan!
[fastlio_mapping-1] 
[fastlio_mapping-1] Too few input point cloud!
[fastlio_mapping-1] [WARN] [1785504496.339980206] [laser_mapping]: No point, skip this scan!
[fastlio_mapping-1] 
[fastlio_mapping-1] Too few input point cloud!
[fastlio_mapping-1] [WARN] [1785504496.438563654] [laser_mapping]: No point, skip this scan!
[fastlio_mapping-1] 
[fastlio_mapping-1] Too few input point cloud!
[fastlio_mapping-1] [WARN] [1785504496.538779217] [laser_mapping]: No point, skip this scan!
[fastlio_mapping-1] 
[fastlio_mapping-1] Too few input point cloud!
[fastlio_mapping-1] [WARN] [1785504496.663641650] [laser_mapping]: No point, skip this scan!
[fastlio_mapping-1] 
[fastlio_mapping-1] Too few input point cloud!
[fastlio_mapping-1] [WARN] [1785504496.763655656] [laser_mapping]: No point, skip this scan!
[fastlio_mapping-1] 
[fastlio_mapping-1] Too few input point cloud!
[fastlio_mapping-1] [WARN] [1785504496.838647689] [laser_mapping]: No point, skip this scan!
[fastlio_mapping-1] 
[fastlio_mapping-1] Too few input point cloud!
[fastlio_mapping-1] [WARN] [1785504496.938580815] [laser_mapping]: No point, skip this scan!
[fastlio_mapping-1] 
[fastlio_mapping-1] Too few input point cloud!
[fastlio_mapping-1] [WARN] [1785504497.038570028] [laser_mapping]: No point, skip this scan!
[fastlio_mapping-1] 
[fastlio_mapping-1] Too few input point cloud!
[fastlio_mapping-1] [WARN] [1785504497.139059307] [laser_mapping]: No point, skip this scan!
[fastlio_mapping-1] 
[fastlio_mapping-1] Too few input point cloud!
[fastlio_mapping-1] [WARN] [1785504497.263640372] [laser_mapping]: No point, skip this scan!
[fastlio_mapping-1] 
[fastlio_mapping-1] Too few input point cloud!
[fastlio_mapping-1] [WARN] [1785504497.363806273] [laser_mapping]: No point, skip this scan!
[fastlio_mapping-1] 
[fastlio_mapping-1] Too few input point cloud!
[fastlio_mapping-1] [WARN] [1785504497.463646464] [laser_mapping]: No point, skip this scan!
[fastlio_mapping-1] 
[fastlio_mapping-1] Too few input point cloud!
[fastlio_mapping-1] [WARN] [1785504497.538640248] [laser_mapping]: No point, skip this scan!
[fastlio_mapping-1] 
[fastlio_mapping-1] Too few input point cloud!
[fastlio_mapping-1] [WARN] [1785504497.663633256] [laser_mapping]: No point, skip this scan!
[fastlio_mapping-1] 
[fastlio_mapping-1] Too few input point cloud!
[fastlio_mapping-1] [WARN] [1785504497.739575463] [laser_mapping]: No point, skip this scan!
[fastlio_mapping-1] 
[fastlio_mapping-1] Too few input point cloud!
[fastlio_mapping-1] [WARN] [1785504497.839102358] [laser_mapping]: No point, skip this scan!
[fastlio_mapping-1] 
[fastlio_mapping-1] Too few input point cloud!
[fastlio_mapping-1] [WARN] [1785504497.938754608] [laser_mapping]: No point, skip this scan!
[fastlio_mapping-1] 
[fastlio_mapping-1] Too few input point cloud!
[fastlio_mapping-1] [WARN] [1785504498.038671378] [laser_mapping]: No point, skip this scan!
[fastlio_mapping-1] 
[fastlio_mapping-1] [INFO] [1785504498.140076903] [laser_mapping]: Initialize the map kdtree
[fastlio_mapping-1] [INFO] [1785504498.263799654] [laser_mapping]: Initialize the map kdtree
[fastlio_mapping-1] catch sig %d2
[fastlio_mapping-1] Rebuild thread terminated normally
[INFO] [fastlio_mapping-1]: process has finished cleanly [pid 11538]
