[0.000000] (-) TimerEvent: {}
[0.000114] (livox_ros_driver2) JobQueued: {'identifier': 'livox_ros_driver2', 'dependencies': OrderedDict()}
[0.000139] (fast_lio) JobQueued: {'identifier': 'fast_lio', 'dependencies': OrderedDict([('livox_ros_driver2', '/data/fastlio_baseline/workspaces/b0/install/livox_ros_driver2')])}
[0.000162] (livox_ros_driver2) JobStarted: {'identifier': 'livox_ros_driver2'}
[0.008444] (livox_ros_driver2) JobProgress: {'identifier': 'livox_ros_driver2', 'progress': 'cmake'}
[0.009233] (livox_ros_driver2) Command: {'cmd': ['/usr/bin/cmake', '/data/fastlio_baseline/workspaces/b0/src/livox_ros_driver2', '-DCMAKE_BUILD_TYPE=Release', '-DCMAKE_EXPORT_COMPILE_COMMANDS=ON', '-DROS_EDITION=ROS2', '-DCMAKE_INSTALL_PREFIX=/data/fastlio_baseline/workspaces/b0/install/livox_ros_driver2'], 'cwd': '/data/fastlio_baseline/workspaces/b0/build/livox_ros_driver2', 'env': OrderedDict([('HOSTNAME', 'dc3ae6023b26'), ('SHLVL', '0'), ('LIBGL_ALWAYS_SOFTWARE', '0'), ('LD_LIBRARY_PATH', '/opt/ros/humble/opt/rviz_ogre_vendor/lib:/opt/ros/humble/lib/x86_64-linux-gnu:/opt/ros/humble/lib'), ('HOME', '/root'), ('OLDPWD', '/workspace'), ('ROS_PYTHON_VERSION', '3'), ('ROS_DISTRO', 'humble'), ('_', '/usr/bin/colcon'), ('ROS_VERSION', '2'), ('ROS_LOCALHOST_ONLY', '0'), ('PATH', '/opt/ros/humble/bin:/usr/local/sbin:/usr/local/bin:/usr/sbin:/usr/bin:/sbin:/bin'), ('DISPLAY', 'host.docker.internal:0.0'), ('LANG', 'C.UTF-8'), ('AMENT_PREFIX_PATH', '/opt/ros/humble'), ('PWD', '/data/fastlio_baseline/workspaces/b0/build/livox_ros_driver2'), ('LC_ALL', 'C.UTF-8'), ('PYTHONPATH', '/opt/ros/humble/lib/python3.10/site-packages:/opt/ros/humble/local/lib/python3.10/dist-packages'), ('COLCON', '1')]), 'shell': False}
[0.084443] (livox_ros_driver2) StdoutLine: {'line': b'-- The C compiler identification is GNU 11.4.0\n'}
[0.099015] (-) TimerEvent: {}
[0.141987] (livox_ros_driver2) StdoutLine: {'line': b'-- The CXX compiler identification is GNU 11.4.0\n'}
[0.149656] (livox_ros_driver2) StdoutLine: {'line': b'-- Detecting C compiler ABI info\n'}
[0.192055] (livox_ros_driver2) StdoutLine: {'line': b'-- Detecting C compiler ABI info - done\n'}
[0.195559] (livox_ros_driver2) StdoutLine: {'line': b'-- Check for working C compiler: /usr/bin/cc - skipped\n'}
[0.195921] (livox_ros_driver2) StdoutLine: {'line': b'-- Detecting C compile features\n'}
[0.196504] (livox_ros_driver2) StdoutLine: {'line': b'-- Detecting C compile features - done\n'}
[0.198972] (livox_ros_driver2) StdoutLine: {'line': b'-- Detecting CXX compiler ABI info\n'}
[0.199070] (-) TimerEvent: {}
[0.244321] (livox_ros_driver2) StdoutLine: {'line': b'-- Detecting CXX compiler ABI info - done\n'}
[0.248155] (livox_ros_driver2) StdoutLine: {'line': b'-- Check for working CXX compiler: /usr/bin/c++ - skipped\n'}
[0.248330] (livox_ros_driver2) StdoutLine: {'line': b'-- Detecting CXX compile features\n'}
[0.248507] (livox_ros_driver2) StdoutLine: {'line': b'-- Detecting CXX compile features - done\n'}
[0.249073] (livox_ros_driver2) StdoutLine: {'line': b'-- livox_ros_driver2 version: 1.2.6\n'}
[0.252562] (livox_ros_driver2) StdoutLine: {'line': b'-- Found ament_cmake_auto: 1.3.14 (/opt/ros/humble/share/ament_cmake_auto/cmake)\n'}
[0.299188] (-) TimerEvent: {}
[0.340740] (livox_ros_driver2) StdoutLine: {'line': b'-- Found Python3: /usr/bin/python3 (found version "3.10.12") found components: Interpreter \n'}
[0.399302] (-) TimerEvent: {}
[0.404125] (livox_ros_driver2) StderrLine: {'line': b'CMake Error: File /data/fastlio_baseline/workspaces/b0/src/livox_ros_driver2/package.xml does not exist.\n'}
[0.404251] (livox_ros_driver2) StderrLine: {'line': b'CMake Error at /opt/ros/humble/share/ament_cmake_core/cmake/core/stamp.cmake:24 (configure_file):\n'}
[0.404296] (livox_ros_driver2) StderrLine: {'line': b'  configure_file Problem configuring file\n'}
[0.404339] (livox_ros_driver2) StderrLine: {'line': b'Call Stack (most recent call first):\n'}
[0.404390] (livox_ros_driver2) StderrLine: {'line': b'  /opt/ros/humble/share/ament_cmake_core/cmake/core/ament_package_xml.cmake:73 (stamp)\n'}
[0.404427] (livox_ros_driver2) StderrLine: {'line': b'  /opt/ros/humble/share/ament_cmake_core/cmake/core/ament_package_xml.cmake:49 (_ament_package_xml)\n'}
[0.404463] (livox_ros_driver2) StderrLine: {'line': b'  /opt/ros/humble/share/ament_cmake_auto/cmake/ament_auto_find_build_dependencies.cmake:42 (ament_package_xml)\n'}
[0.404486] (livox_ros_driver2) StderrLine: {'line': b'  CMakeLists.txt:225 (ament_auto_find_build_dependencies)\n'}
[0.404521] (livox_ros_driver2) StderrLine: {'line': b'\n'}
[0.404562] (livox_ros_driver2) StderrLine: {'line': b'\n'}
[0.412806] (livox_ros_driver2) StdoutLine: {'line': b"-- Checking for module 'eigen3'\n"}
[0.419881] (livox_ros_driver2) StdoutLine: {'line': b'--   Found eigen3, version 3.4.0\n'}
[0.439030] (livox_ros_driver2) StdoutLine: {'line': b'-- Found Eigen: /usr/include/eigen3 (Required is at least version "3.1") \n'}
[0.439146] (livox_ros_driver2) StdoutLine: {'line': b'-- Eigen found (include: /usr/include/eigen3, version: 3.4.0)\n'}
[0.450059] (livox_ros_driver2) StdoutLine: {'line': b'-- Found Boost: /usr/lib/x86_64-linux-gnu/cmake/Boost-1.74.0/BoostConfig.cmake (found suitable version "1.74.0", minimum required is "1.65.0") found components: system filesystem date_time iostreams serialization \n'}
[0.460692] (livox_ros_driver2) StdoutLine: {'line': b"-- Checking for module 'flann'\n"}
[0.469015] (livox_ros_driver2) StdoutLine: {'line': b'--   Found flann, version 1.9.1\n'}
[0.491930] (livox_ros_driver2) StdoutLine: {'line': b'-- Found FLANN: /usr/lib/x86_64-linux-gnu/libflann_cpp.so  \n'}
[0.492174] (livox_ros_driver2) StdoutLine: {'line': b'-- FLANN found (include: /usr/include, lib: /usr/lib/x86_64-linux-gnu/libflann_cpp.so)\n'}
[0.499419] (-) TimerEvent: {}
[0.517604] (livox_ros_driver2) StdoutLine: {'line': b'-- Looking for pthread.h\n'}
[0.563698] (livox_ros_driver2) StdoutLine: {'line': b'-- Looking for pthread.h - found\n'}
[0.563890] (livox_ros_driver2) StdoutLine: {'line': b'-- Performing Test CMAKE_HAVE_LIBC_PTHREAD\n'}
[0.599536] (-) TimerEvent: {}
[0.603818] (livox_ros_driver2) StdoutLine: {'line': b'-- Performing Test CMAKE_HAVE_LIBC_PTHREAD - Success\n'}
[0.604328] (livox_ros_driver2) StdoutLine: {'line': b'-- Found Threads: TRUE  \n'}
[0.605611] (livox_ros_driver2) StdoutLine: {'line': b'-- Found GLEW: /usr/lib/x86_64-linux-gnu/libGLEW.so  \n'}
[0.608520] (livox_ros_driver2) StdoutLine: {'line': b'-- Found OpenGL: /usr/lib/x86_64-linux-gnu/libOpenGL.so  found components: OpenGL GLX \n'}
[0.692402] (livox_ros_driver2) StdoutLine: {'line': b'-- Found MPI_C: /usr/lib/x86_64-linux-gnu/libmpi.so (found version "3.1") \n'}
[0.692619] (livox_ros_driver2) StdoutLine: {'line': b'-- Found MPI: TRUE (found version "3.1") found components: C \n'}
[0.694118] (livox_ros_driver2) StdoutLine: {'line': b'-- Found JsonCpp: /usr/lib/x86_64-linux-gnu/libjsoncpp.so (found suitable version "1.9.5", minimum required is "0.7.0") \n'}
[0.697997] (livox_ros_driver2) StdoutLine: {'line': b'-- Found ZLIB: /usr/lib/x86_64-linux-gnu/libz.so (found version "1.2.11") \n'}
[0.699615] (-) TimerEvent: {}
[0.705167] (livox_ros_driver2) StdoutLine: {'line': b'-- Found PNG: /usr/lib/x86_64-linux-gnu/libpng.so (found version "1.6.37") \n'}
[0.716663] (livox_ros_driver2) StdoutLine: {'line': b'-- Found Eigen3: /usr/include/eigen3 (found version "3.4.0") \n'}
[0.759318] (livox_ros_driver2) StdoutLine: {'line': b'-- Found X11: /usr/include   \n'}
[0.759679] (livox_ros_driver2) StdoutLine: {'line': b'-- Looking for XOpenDisplay in /usr/lib/x86_64-linux-gnu/libX11.so;/usr/lib/x86_64-linux-gnu/libXext.so\n'}
[0.799728] (-) TimerEvent: {}
[0.802610] (livox_ros_driver2) StdoutLine: {'line': b'-- Looking for XOpenDisplay in /usr/lib/x86_64-linux-gnu/libX11.so;/usr/lib/x86_64-linux-gnu/libXext.so - found\n'}
[0.802778] (livox_ros_driver2) StdoutLine: {'line': b'-- Looking for gethostbyname\n'}
[0.839139] (livox_ros_driver2) StdoutLine: {'line': b'-- Looking for gethostbyname - found\n'}
[0.839276] (livox_ros_driver2) StdoutLine: {'line': b'-- Looking for connect\n'}
[0.874878] (livox_ros_driver2) StdoutLine: {'line': b'-- Looking for connect - found\n'}
[0.875081] (livox_ros_driver2) StdoutLine: {'line': b'-- Looking for remove\n'}
[0.899845] (-) TimerEvent: {}
[0.911727] (livox_ros_driver2) StdoutLine: {'line': b'-- Looking for remove - found\n'}
[0.911841] (livox_ros_driver2) StdoutLine: {'line': b'-- Looking for shmat\n'}
[0.947654] (livox_ros_driver2) StdoutLine: {'line': b'-- Looking for shmat - found\n'}
[0.947759] (livox_ros_driver2) StdoutLine: {'line': b'-- Looking for IceConnectionNumber in ICE\n'}
[0.985804] (livox_ros_driver2) StdoutLine: {'line': b'-- Looking for IceConnectionNumber in ICE - found\n'}
[0.999958] (-) TimerEvent: {}
[1.024388] (livox_ros_driver2) StdoutLine: {'line': b'-- Found EXPAT: /usr/lib/x86_64-linux-gnu/libexpat.so (found version "2.4.7") \n'}
[1.025463] (livox_ros_driver2) StdoutLine: {'line': b'-- Found double-conversion: /usr/lib/x86_64-linux-gnu/libdouble-conversion.so  \n'}
[1.027174] (livox_ros_driver2) StdoutLine: {'line': b'-- Found LZ4: /usr/lib/x86_64-linux-gnu/liblz4.so (found version "1.9.3") \n'}
[1.028703] (livox_ros_driver2) StdoutLine: {'line': b'-- Found LZMA: /usr/lib/x86_64-linux-gnu/liblzma.so (found version "5.2.5") \n'}
[1.036314] (livox_ros_driver2) StdoutLine: {'line': b'-- Found JPEG: /usr/lib/x86_64-linux-gnu/libjpeg.so (found version "80") \n'}
[1.038986] (livox_ros_driver2) StdoutLine: {'line': b'-- Found TIFF: /usr/lib/x86_64-linux-gnu/libtiff.so (found version "4.3.0")  \n'}
[1.041621] (livox_ros_driver2) StdoutLine: {'line': b'-- Found Freetype: /usr/lib/x86_64-linux-gnu/libfreetype.so (found version "2.11.1") \n'}
[1.045811] (livox_ros_driver2) StdoutLine: {'line': b'-- Found utf8cpp: /usr/include/utf8cpp  \n'}
[1.089501] (livox_ros_driver2) StdoutLine: {'line': b"-- Checking for module 'libusb-1.0'\n"}
[1.096437] (livox_ros_driver2) StdoutLine: {'line': b'--   Found libusb-1.0, version 1.0.25\n'}
[1.100050] (-) TimerEvent: {}
[1.115876] (livox_ros_driver2) StdoutLine: {'line': b'-- Found libusb: /usr/lib/x86_64-linux-gnu/libusb-1.0.so  \n'}
[1.116682] (livox_ros_driver2) StdoutLine: {'line': b'-- Found OpenNI: /usr/lib/libOpenNI.so;libusb::libusb (found version "1.5.4.0") \n'}
[1.116800] (livox_ros_driver2) StdoutLine: {'line': b'-- OpenNI found (version: 1.5.4.0, include: /usr/include/ni, lib: /usr/lib/libOpenNI.so;libusb::libusb)\n'}
[1.145701] (livox_ros_driver2) StdoutLine: {'line': b'-- Found OpenNI2: /usr/lib/x86_64-linux-gnu/libOpenNI2.so;libusb::libusb (found version "2.2.0.33") \n'}
[1.145915] (livox_ros_driver2) StdoutLine: {'line': b'-- OpenNI2 found (version: 2.2.0.33, include: /usr/include/openni2, lib: /usr/lib/x86_64-linux-gnu/libOpenNI2.so;libusb::libusb)\n'}
[1.145993] (livox_ros_driver2) StderrLine: {'line': b'** WARNING ** io features related to pcap will be disabled\n'}
[1.200151] (-) TimerEvent: {}
[1.221968] (livox_ros_driver2) StdoutLine: {'line': b'-- Eigen found (include: /usr/include/eigen3, version: 3.4.0)\n'}
[1.225622] (livox_ros_driver2) StdoutLine: {'line': b'-- OpenNI found (version: 1.5.4.0, include: /usr/include/ni, lib: /usr/lib/libOpenNI.so;libusb::libusb)\n'}
[1.228957] (livox_ros_driver2) StdoutLine: {'line': b'-- OpenNI2 found (version: 2.2.0.33, include: /usr/include/openni2, lib: /usr/lib/x86_64-linux-gnu/libOpenNI2.so;libusb::libusb)\n'}
[1.300264] (-) TimerEvent: {}
[1.302812] (livox_ros_driver2) StdoutLine: {'line': b'-- Found Qhull version 8.0.2\n'}
[1.378096] (livox_ros_driver2) StdoutLine: {'line': b'-- OpenNI found (version: 1.5.4.0, include: /usr/include/ni, lib: /usr/lib/libOpenNI.so;libusb::libusb)\n'}
[1.400364] (-) TimerEvent: {}
[1.449727] (livox_ros_driver2) StdoutLine: {'line': b'-- looking for PCL_COMMON\n'}
[1.450091] (livox_ros_driver2) StdoutLine: {'line': b'-- Found PCL_COMMON: /usr/lib/x86_64-linux-gnu/libpcl_common.so  \n'}
[1.450216] (livox_ros_driver2) StdoutLine: {'line': b'-- looking for PCL_KDTREE\n'}
[1.450564] (livox_ros_driver2) StdoutLine: {'line': b'-- Found PCL_KDTREE: /usr/lib/x86_64-linux-gnu/libpcl_kdtree.so  \n'}
[1.450763] (livox_ros_driver2) StdoutLine: {'line': b'-- looking for PCL_OCTREE\n'}
[1.451002] (livox_ros_driver2) StdoutLine: {'line': b'-- Found PCL_OCTREE: /usr/lib/x86_64-linux-gnu/libpcl_octree.so  \n'}
[1.451262] (livox_ros_driver2) StdoutLine: {'line': b'-- looking for PCL_SEARCH\n'}
[1.451534] (livox_ros_driver2) StdoutLine: {'line': b'-- Found PCL_SEARCH: /usr/lib/x86_64-linux-gnu/libpcl_search.so  \n'}
[1.451826] (livox_ros_driver2) StdoutLine: {'line': b'-- looking for PCL_SAMPLE_CONSENSUS\n'}
[1.452086] (livox_ros_driver2) StdoutLine: {'line': b'-- Found PCL_SAMPLE_CONSENSUS: /usr/lib/x86_64-linux-gnu/libpcl_sample_consensus.so  \n'}
[1.452203] (livox_ros_driver2) StdoutLine: {'line': b'-- looking for PCL_FILTERS\n'}
[1.452441] (livox_ros_driver2) StdoutLine: {'line': b'-- Found PCL_FILTERS: /usr/lib/x86_64-linux-gnu/libpcl_filters.so  \n'}
[1.452565] (livox_ros_driver2) StdoutLine: {'line': b'-- looking for PCL_2D\n'}
[1.452816] (livox_ros_driver2) StdoutLine: {'line': b'-- Found PCL_2D: /usr/include/pcl-1.12  \n'}
[1.453101] (livox_ros_driver2) StdoutLine: {'line': b'-- looking for PCL_GEOMETRY\n'}
[1.453399] (livox_ros_driver2) StdoutLine: {'line': b'-- Found PCL_GEOMETRY: /usr/include/pcl-1.12  \n'}
[1.453523] (livox_ros_driver2) StdoutLine: {'line': b'-- looking for PCL_IO\n'}
[1.453661] (livox_ros_driver2) StdoutLine: {'line': b'-- Found PCL_IO: /usr/lib/x86_64-linux-gnu/libpcl_io.so  \n'}
[1.453905] (livox_ros_driver2) StdoutLine: {'line': b'-- looking for PCL_FEATURES\n'}
[1.454336] (livox_ros_driver2) StdoutLine: {'line': b'-- Found PCL_FEATURES: /usr/lib/x86_64-linux-gnu/libpcl_features.so  \n'}
[1.454686] (livox_ros_driver2) StdoutLine: {'line': b'-- looking for PCL_ML\n'}
[1.455081] (livox_ros_driver2) StdoutLine: {'line': b'-- Found PCL_ML: /usr/lib/x86_64-linux-gnu/libpcl_ml.so  \n'}
[1.455303] (livox_ros_driver2) StdoutLine: {'line': b'-- looking for PCL_SEGMENTATION\n'}
[1.455827] (livox_ros_driver2) StdoutLine: {'line': b'-- Found PCL_SEGMENTATION: /usr/lib/x86_64-linux-gnu/libpcl_segmentation.so  \n'}
[1.456017] (livox_ros_driver2) StdoutLine: {'line': b'-- looking for PCL_VISUALIZATION\n'}
[1.456232] (livox_ros_driver2) StdoutLine: {'line': b'-- Found PCL_VISUALIZATION: /usr/lib/x86_64-linux-gnu/libpcl_visualization.so  \n'}
[1.456454] (livox_ros_driver2) StdoutLine: {'line': b'-- looking for PCL_SURFACE\n'}
[1.456865] (livox_ros_driver2) StdoutLine: {'line': b'-- Found PCL_SURFACE: /usr/lib/x86_64-linux-gnu/libpcl_surface.so  \n'}
[1.457052] (livox_ros_driver2) StdoutLine: {'line': b'-- looking for PCL_REGISTRATION\n'}
[1.457465] (livox_ros_driver2) StdoutLine: {'line': b'-- Found PCL_REGISTRATION: /usr/lib/x86_64-linux-gnu/libpcl_registration.so  \n'}
[1.457635] (livox_ros_driver2) StdoutLine: {'line': b'-- looking for PCL_KEYPOINTS\n'}
[1.457968] (livox_ros_driver2) StdoutLine: {'line': b'-- Found PCL_KEYPOINTS: /usr/lib/x86_64-linux-gnu/libpcl_keypoints.so  \n'}
[1.458251] (livox_ros_driver2) StdoutLine: {'line': b'-- looking for PCL_TRACKING\n'}
[1.458476] (livox_ros_driver2) StdoutLine: {'line': b'-- Found PCL_TRACKING: /usr/lib/x86_64-linux-gnu/libpcl_tracking.so  \n'}
[1.458679] (livox_ros_driver2) StdoutLine: {'line': b'-- looking for PCL_RECOGNITION\n'}
[1.459167] (livox_ros_driver2) StdoutLine: {'line': b'-- Found PCL_RECOGNITION: /usr/lib/x86_64-linux-gnu/libpcl_recognition.so  \n'}
[1.459372] (livox_ros_driver2) StdoutLine: {'line': b'-- looking for PCL_STEREO\n'}
[1.460026] (livox_ros_driver2) StdoutLine: {'line': b'-- Found PCL_STEREO: /usr/lib/x86_64-linux-gnu/libpcl_stereo.so  \n'}
[1.460165] (livox_ros_driver2) StdoutLine: {'line': b'-- looking for PCL_APPS\n'}
[1.460702] (livox_ros_driver2) StdoutLine: {'line': b'-- Found PCL_APPS: /usr/lib/x86_64-linux-gnu/libpcl_apps.so  \n'}
[1.461128] (livox_ros_driver2) StdoutLine: {'line': b'-- looking for PCL_IN_HAND_SCANNER\n'}
[1.461357] (livox_ros_driver2) StdoutLine: {'line': b'-- Found PCL_IN_HAND_SCANNER: /usr/include/pcl-1.12  \n'}
[1.461524] (livox_ros_driver2) StdoutLine: {'line': b'-- looking for PCL_MODELER\n'}
[1.461706] (livox_ros_driver2) StdoutLine: {'line': b'-- Found PCL_MODELER: /usr/include/pcl-1.12  \n'}
[1.461882] (livox_ros_driver2) StdoutLine: {'line': b'-- looking for PCL_POINT_CLOUD_EDITOR\n'}
[1.462534] (livox_ros_driver2) StdoutLine: {'line': b'-- Found PCL_POINT_CLOUD_EDITOR: /usr/include/pcl-1.12  \n'}
[1.462657] (livox_ros_driver2) StdoutLine: {'line': b'-- looking for PCL_OUTOFCORE\n'}
[1.463165] (livox_ros_driver2) StdoutLine: {'line': b'-- Found PCL_OUTOFCORE: /usr/lib/x86_64-linux-gnu/libpcl_outofcore.so  \n'}
[1.463376] (livox_ros_driver2) StdoutLine: {'line': b'-- looking for PCL_PEOPLE\n'}
[1.463840] (livox_ros_driver2) StdoutLine: {'line': b'-- Found PCL_PEOPLE: /usr/lib/x86_64-linux-gnu/libpcl_people.so  \n'}
[1.464572] (livox_ros_driver2) StdoutLine: {'line': b'-- Found PCL: pcl_common;pcl_kdtree;pcl_octree;pcl_search;pcl_sample_consensus;pcl_filters;pcl_io;pcl_features;pcl_ml;pcl_segmentation;pcl_visualization;pcl_surface;pcl_registration;pcl_keypoints;pcl_tracking;pcl_recognition;pcl_stereo;pcl_apps;pcl_outofcore;pcl_people;Boost::system;Boost::filesystem;Boost::date_time;Boost::iostreams;Boost::serialization;/usr/lib/libOpenNI.so;libusb::libusb;/usr/lib/x86_64-linux-gnu/libOpenNI2.so;libusb::libusb;VTK::ChartsCore;VTK::CommonColor;VTK::CommonComputationalGeometry;VTK::CommonCore;VTK::CommonDataModel;VTK::CommonExecutionModel;VTK::CommonMath;VTK::CommonMisc;VTK::CommonTransforms;VTK::FiltersCore;VTK::FiltersExtraction;VTK::FiltersGeneral;VTK::FiltersGeometry;VTK::FiltersModeling;VTK::FiltersSources;VTK::ImagingCore;VTK::ImagingSources;VTK::InteractionImage;VTK::InteractionStyle;VTK::InteractionWidgets;VTK::IOCore;VTK::IOGeometry;VTK::IOImage;VTK::IOLegacy;VTK::IOPLY;VTK::RenderingAnnotation;VTK::RenderingCore;VTK::RenderingContext2D;VTK::RenderingLOD;VTK::RenderingFreeType;VTK::ViewsCore;VTK::ViewsContext2D;VTK::RenderingOpenGL2;VTK::GUISupportQt;FLANN::FLANN;QHULL::QHULL  \n'}
[1.466710] (livox_ros_driver2) StdoutLine: {'line': b'-- Found std_msgs: 4.9.1 (/opt/ros/humble/share/std_msgs/cmake)\n'}
[1.492559] (livox_ros_driver2) StdoutLine: {'line': b'-- Found rosidl_generator_c: 3.1.8 (/opt/ros/humble/share/rosidl_generator_c/cmake)\n'}
[1.496640] (livox_ros_driver2) StdoutLine: {'line': b'-- Found rosidl_adapter: 3.1.8 (/opt/ros/humble/share/rosidl_adapter/cmake)\n'}
[1.500447] (-) TimerEvent: {}
[1.504455] (livox_ros_driver2) StdoutLine: {'line': b'-- Found rosidl_generator_cpp: 3.1.8 (/opt/ros/humble/share/rosidl_generator_cpp/cmake)\n'}
[1.515539] (livox_ros_driver2) StdoutLine: {'line': b'-- Using all available rosidl_typesupport_c: rosidl_typesupport_fastrtps_c;rosidl_typesupport_introspection_c\n'}
[1.528471] (livox_ros_driver2) StdoutLine: {'line': b'-- Using all available rosidl_typesupport_cpp: rosidl_typesupport_fastrtps_cpp;rosidl_typesupport_introspection_cpp\n'}
[1.549413] (livox_ros_driver2) StdoutLine: {'line': b'-- Found rosidl_default_generators: 1.2.1 (/opt/ros/humble/share/rosidl_default_generators/cmake)\n'}
[1.560776] (livox_ros_driver2) StdoutLine: {'line': b'-- Found PkgConfig: /usr/bin/pkg-config (found version "0.29.2") \n'}
[1.561219] (livox_ros_driver2) StdoutLine: {'line': b"-- Checking for module 'apr-1'\n"}
[1.563079] (livox_ros_driver2) StdoutLine: {'line': b"--   No package 'apr-1' found\n"}
[1.600566] (-) TimerEvent: {}
[1.636004] (livox_ros_driver2) StderrLine: {'line': b'CMake Error: File /data/fastlio_baseline/workspaces/b0/src/livox_ros_driver2/package.xml does not exist.\n'}
[1.636222] (livox_ros_driver2) StderrLine: {'line': b'CMake Error at /opt/ros/humble/share/ament_cmake_core/cmake/core/stamp.cmake:24 (configure_file):\n'}
[1.636525] (livox_ros_driver2) StderrLine: {'line': b'  configure_file Problem configuring file\n'}
[1.636591] (livox_ros_driver2) StderrLine: {'line': b'Call Stack (most recent call first):\n'}
[1.636634] (livox_ros_driver2) StderrLine: {'line': b'  /opt/ros/humble/share/ament_cmake_core/cmake/core/ament_package_xml.cmake:73 (stamp)\n'}
[1.636677] (livox_ros_driver2) StderrLine: {'line': b'  /opt/ros/humble/share/ament_cmake_core/cmake/core/ament_package_xml.cmake:49 (_ament_package_xml)\n'}
[1.636718] (livox_ros_driver2) StderrLine: {'line': b'  /opt/ros/humble/share/rosidl_cmake/cmake/rosidl_generate_interfaces.cmake:226 (ament_package_xml)\n'}
[1.636769] (livox_ros_driver2) StderrLine: {'line': b'  CMakeLists.txt:241 (rosidl_generate_interfaces)\n'}
[1.636840] (livox_ros_driver2) StderrLine: {'line': b'\n'}
[1.636882] (livox_ros_driver2) StderrLine: {'line': b'\n'}
[1.636923] (livox_ros_driver2) StderrLine: {'line': b'CMake Error at /opt/ros/humble/share/rosidl_cmake/cmake/rosidl_generate_interfaces.cmake:229 (message):\n'}
[1.636963] (livox_ros_driver2) StderrLine: {'line': b'  Packages installing interfaces must include\n'}
[1.637005] (livox_ros_driver2) StderrLine: {'line': b"  '<member_of_group>rosidl_interface_packages</member_of_group>' in their\n"}
[1.637046] (livox_ros_driver2) StderrLine: {'line': b'  package.xml\n'}
[1.637182] (livox_ros_driver2) StderrLine: {'line': b'Call Stack (most recent call first):\n'}
[1.637348] (livox_ros_driver2) StderrLine: {'line': b'  CMakeLists.txt:241 (rosidl_generate_interfaces)\n'}
[1.637393] (livox_ros_driver2) StderrLine: {'line': b'\n'}
[1.637439] (livox_ros_driver2) StderrLine: {'line': b'\n'}
[1.637483] (livox_ros_driver2) StdoutLine: {'line': b'-- Configuring incomplete, errors occurred!\n'}
[1.637531] (livox_ros_driver2) StdoutLine: {'line': b'See also "/data/fastlio_baseline/workspaces/b0/build/livox_ros_driver2/CMakeFiles/CMakeOutput.log".\n'}
[1.644616] (livox_ros_driver2) CommandEnded: {'returncode': 1}
[1.645197] (livox_ros_driver2) JobEnded: {'identifier': 'livox_ros_driver2', 'rc': 1}
[1.655527] (fast_lio) JobSkipped: {'identifier': 'fast_lio'}
[1.655560] (-) EventReactorShutdown: {}
