[0.050s] Invoking command in '/workspace/stage2_workspaces/b2/build/livox_ros_driver2': CMAKE_PREFIX_PATH=/opt/ros/humble /usr/bin/cmake --build /workspace/stage2_workspaces/b2/build/livox_ros_driver2 -- -j20 -l20
[0.316s] [  3%] Built target livox_ros_driver2_node
[0.323s] [  5%] Built target livox_interfaces2__rs
[0.348s] [  6%] Built target livox_interfaces2__cpp
[0.447s] [ 13%] Built target livox_interfaces2__rosidl_generator_c
[0.510s] [ 20%] Built target livox_interfaces2__rosidl_typesupport_cpp
[0.546s] [ 27%] Built target livox_interfaces2__rosidl_typesupport_introspection_cpp
[0.566s] [ 34%] Built target livox_interfaces2__rosidl_typesupport_fastrtps_cpp
[0.620s] [ 41%] Built target livox_interfaces2__rosidl_typesupport_c
[0.647s] [ 51%] Built target livox_interfaces2__rosidl_typesupport_fastrtps_c
[0.654s] [ 55%] Built target livox_interfaces2__rosidl_typesupport_introspection_c
[0.709s] [ 55%] Built target livox_interfaces2
[0.789s] [ 56%] Built target livox_interfaces2__py
[0.858s] [ 56%] Built target ament_cmake_python_copy_livox_ros_driver2
[0.897s] [ 62%] Built target livox_interfaces2__rosidl_generator_py
[0.977s] [ 89%] Built target livox_ros_driver2
[0.984s] [100%] Built target livox_ros_driver2__rosidl_typesupport_introspection_c__pyext
[0.985s] [100%] Built target livox_ros_driver2__rosidl_typesupport_c__pyext
[0.986s] [100%] Built target livox_ros_driver2__rosidl_typesupport_fastrtps_c__pyext
[1.051s] running egg_info
[1.053s] writing livox_ros_driver2.egg-info/PKG-INFO
[1.056s] writing dependency_links to livox_ros_driver2.egg-info/dependency_links.txt
[1.060s] writing top-level names to livox_ros_driver2.egg-info/top_level.txt
[1.083s] reading manifest file 'livox_ros_driver2.egg-info/SOURCES.txt'
[1.114s] writing manifest file 'livox_ros_driver2.egg-info/SOURCES.txt'
[1.136s] [100%] Built target ament_cmake_python_build_livox_ros_driver2_egg
[1.315s] Invoked command in '/workspace/stage2_workspaces/b2/build/livox_ros_driver2' returned '0': CMAKE_PREFIX_PATH=/opt/ros/humble /usr/bin/cmake --build /workspace/stage2_workspaces/b2/build/livox_ros_driver2 -- -j20 -l20
[1.335s] Invoking command in '/workspace/stage2_workspaces/b2/build/livox_ros_driver2': CMAKE_PREFIX_PATH=/opt/ros/humble /usr/bin/cmake --install /workspace/stage2_workspaces/b2/build/livox_ros_driver2
[1.342s] -- Install configuration: "Release"
[1.357s] -- Up-to-date: /workspace/stage2_workspaces/b2/install/livox_ros_driver2/share/ament_index/resource_index/rosidl_interfaces/livox_ros_driver2
[1.365s] -- Up-to-date: /workspace/stage2_workspaces/b2/install/livox_ros_driver2/include/livox_ros_driver2/livox_ros_driver2
[1.377s] -- Up-to-date: /workspace/stage2_workspaces/b2/install/livox_ros_driver2/include/livox_ros_driver2/livox_ros_driver2/msg
[1.392s] -- Up-to-date: /workspace/stage2_workspaces/b2/install/livox_ros_driver2/include/livox_ros_driver2/livox_ros_driver2/msg/custom_msg.h
[1.408s] -- Up-to-date: /workspace/stage2_workspaces/b2/install/livox_ros_driver2/include/livox_ros_driver2/livox_ros_driver2/msg/custom_point.h
[1.421s] -- Up-to-date: /workspace/stage2_workspaces/b2/install/livox_ros_driver2/include/livox_ros_driver2/livox_ros_driver2/msg/detail
[1.455s] -- Up-to-date: /workspace/stage2_workspaces/b2/install/livox_ros_driver2/include/livox_ros_driver2/livox_ros_driver2/msg/detail/custom_msg__functions.c
[1.480s] -- Up-to-date: /workspace/stage2_workspaces/b2/install/livox_ros_driver2/include/livox_ros_driver2/livox_ros_driver2/msg/detail/custom_msg__functions.h
[1.504s] -- Up-to-date: /workspace/stage2_workspaces/b2/install/livox_ros_driver2/include/livox_ros_driver2/livox_ros_driver2/msg/detail/custom_msg__struct.h
[1.527s] -- Up-to-date: /workspace/stage2_workspaces/b2/install/livox_ros_driver2/include/livox_ros_driver2/livox_ros_driver2/msg/detail/custom_msg__type_support.h
[1.551s] -- Up-to-date: /workspace/stage2_workspaces/b2/install/livox_ros_driver2/include/livox_ros_driver2/livox_ros_driver2/msg/detail/custom_point__functions.c
[1.574s] -- Up-to-date: /workspace/stage2_workspaces/b2/install/livox_ros_driver2/include/livox_ros_driver2/livox_ros_driver2/msg/detail/custom_point__functions.h
[1.597s] -- Up-to-date: /workspace/stage2_workspaces/b2/install/livox_ros_driver2/include/livox_ros_driver2/livox_ros_driver2/msg/detail/custom_point__struct.h
[1.618s] -- Up-to-date: /workspace/stage2_workspaces/b2/install/livox_ros_driver2/include/livox_ros_driver2/livox_ros_driver2/msg/detail/custom_point__type_support.h
[1.636s] -- Up-to-date: /workspace/stage2_workspaces/b2/install/livox_ros_driver2/include/livox_ros_driver2/livox_ros_driver2/msg/rosidl_generator_c__visibility_control.h
[1.647s] -- Up-to-date: /workspace/stage2_workspaces/b2/install/livox_ros_driver2/share/livox_ros_driver2/environment/library_path.sh
[1.661s] -- Up-to-date: /workspace/stage2_workspaces/b2/install/livox_ros_driver2/share/livox_ros_driver2/environment/library_path.dsv
[1.690s] -- Up-to-date: /workspace/stage2_workspaces/b2/install/livox_ros_driver2/lib/liblivox_ros_driver2__rosidl_generator_c.so
[1.726s] -- Up-to-date: /workspace/stage2_workspaces/b2/install/livox_ros_driver2/include/livox_ros_driver2/livox_ros_driver2
[1.747s] -- Up-to-date: /workspace/stage2_workspaces/b2/install/livox_ros_driver2/include/livox_ros_driver2/livox_ros_driver2/msg
[1.770s] -- Up-to-date: /workspace/stage2_workspaces/b2/install/livox_ros_driver2/include/livox_ros_driver2/livox_ros_driver2/msg/detail
[1.802s] -- Up-to-date: /workspace/stage2_workspaces/b2/install/livox_ros_driver2/include/livox_ros_driver2/livox_ros_driver2/msg/detail/custom_msg__rosidl_typesupport_fastrtps_c.h
[1.825s] -- Up-to-date: /workspace/stage2_workspaces/b2/install/livox_ros_driver2/include/livox_ros_driver2/livox_ros_driver2/msg/detail/custom_point__rosidl_typesupport_fastrtps_c.h
[1.847s] -- Up-to-date: /workspace/stage2_workspaces/b2/install/livox_ros_driver2/include/livox_ros_driver2/livox_ros_driver2/msg/rosidl_typesupport_fastrtps_c__visibility_control.h
[1.874s] -- Up-to-date: /workspace/stage2_workspaces/b2/install/livox_ros_driver2/lib/liblivox_ros_driver2__rosidl_typesupport_fastrtps_c.so
[1.904s] -- Up-to-date: /workspace/stage2_workspaces/b2/install/livox_ros_driver2/include/livox_ros_driver2/livox_ros_driver2
[1.917s] -- Up-to-date: /workspace/stage2_workspaces/b2/install/livox_ros_driver2/include/livox_ros_driver2/livox_ros_driver2/msg
[1.932s] -- Up-to-date: /workspace/stage2_workspaces/b2/install/livox_ros_driver2/include/livox_ros_driver2/livox_ros_driver2/msg/detail
[1.953s] -- Up-to-date: /workspace/stage2_workspaces/b2/install/livox_ros_driver2/include/livox_ros_driver2/livox_ros_driver2/msg/detail/custom_msg__rosidl_typesupport_introspection_c.h
[1.969s] -- Up-to-date: /workspace/stage2_workspaces/b2/install/livox_ros_driver2/include/livox_ros_driver2/livox_ros_driver2/msg/detail/custom_msg__type_support.c
[1.985s] -- Up-to-date: /workspace/stage2_workspaces/b2/install/livox_ros_driver2/include/livox_ros_driver2/livox_ros_driver2/msg/detail/custom_point__rosidl_typesupport_introspection_c.h
[2.001s] -- Up-to-date: /workspace/stage2_workspaces/b2/install/livox_ros_driver2/include/livox_ros_driver2/livox_ros_driver2/msg/detail/custom_point__type_support.c
[2.015s] -- Up-to-date: /workspace/stage2_workspaces/b2/install/livox_ros_driver2/include/livox_ros_driver2/livox_ros_driver2/msg/rosidl_typesupport_introspection_c__visibility_control.h
[2.035s] -- Up-to-date: /workspace/stage2_workspaces/b2/install/livox_ros_driver2/lib/liblivox_ros_driver2__rosidl_typesupport_introspection_c.so
[2.067s] -- Up-to-date: /workspace/stage2_workspaces/b2/install/livox_ros_driver2/lib/liblivox_ros_driver2__rosidl_typesupport_c.so
[2.089s] -- Up-to-date: /workspace/stage2_workspaces/b2/install/livox_ros_driver2/include/livox_ros_driver2/livox_ros_driver2
[2.101s] -- Up-to-date: /workspace/stage2_workspaces/b2/install/livox_ros_driver2/include/livox_ros_driver2/livox_ros_driver2/msg
[2.117s] -- Up-to-date: /workspace/stage2_workspaces/b2/install/livox_ros_driver2/include/livox_ros_driver2/livox_ros_driver2/msg/custom_msg.hpp
[2.130s] -- Up-to-date: /workspace/stage2_workspaces/b2/install/livox_ros_driver2/include/livox_ros_driver2/livox_ros_driver2/msg/custom_point.hpp
[2.142s] -- Up-to-date: /workspace/stage2_workspaces/b2/install/livox_ros_driver2/include/livox_ros_driver2/livox_ros_driver2/msg/detail
[2.160s] -- Up-to-date: /workspace/stage2_workspaces/b2/install/livox_ros_driver2/include/livox_ros_driver2/livox_ros_driver2/msg/detail/custom_msg__builder.hpp
[2.175s] -- Up-to-date: /workspace/stage2_workspaces/b2/install/livox_ros_driver2/include/livox_ros_driver2/livox_ros_driver2/msg/detail/custom_msg__struct.hpp
[2.191s] -- Up-to-date: /workspace/stage2_workspaces/b2/install/livox_ros_driver2/include/livox_ros_driver2/livox_ros_driver2/msg/detail/custom_msg__traits.hpp
[2.211s] -- Up-to-date: /workspace/stage2_workspaces/b2/install/livox_ros_driver2/include/livox_ros_driver2/livox_ros_driver2/msg/detail/custom_msg__type_support.hpp
[2.230s] -- Up-to-date: /workspace/stage2_workspaces/b2/install/livox_ros_driver2/include/livox_ros_driver2/livox_ros_driver2/msg/detail/custom_point__builder.hpp
[2.254s] -- Up-to-date: /workspace/stage2_workspaces/b2/install/livox_ros_driver2/include/livox_ros_driver2/livox_ros_driver2/msg/detail/custom_point__struct.hpp
[2.278s] -- Up-to-date: /workspace/stage2_workspaces/b2/install/livox_ros_driver2/include/livox_ros_driver2/livox_ros_driver2/msg/detail/custom_point__traits.hpp
[2.298s] -- Up-to-date: /workspace/stage2_workspaces/b2/install/livox_ros_driver2/include/livox_ros_driver2/livox_ros_driver2/msg/detail/custom_point__type_support.hpp
[2.313s] -- Up-to-date: /workspace/stage2_workspaces/b2/install/livox_ros_driver2/include/livox_ros_driver2/livox_ros_driver2/msg/rosidl_generator_cpp__visibility_control.hpp
[2.323s] -- Up-to-date: /workspace/stage2_workspaces/b2/install/livox_ros_driver2/include/livox_ros_driver2/livox_ros_driver2
[2.335s] -- Up-to-date: /workspace/stage2_workspaces/b2/install/livox_ros_driver2/include/livox_ros_driver2/livox_ros_driver2/msg
[2.352s] -- Up-to-date: /workspace/stage2_workspaces/b2/install/livox_ros_driver2/include/livox_ros_driver2/livox_ros_driver2/msg/detail
[2.375s] -- Up-to-date: /workspace/stage2_workspaces/b2/install/livox_ros_driver2/include/livox_ros_driver2/livox_ros_driver2/msg/detail/custom_msg__rosidl_typesupport_fastrtps_cpp.hpp
[2.395s] -- Up-to-date: /workspace/stage2_workspaces/b2/install/livox_ros_driver2/include/livox_ros_driver2/livox_ros_driver2/msg/detail/custom_point__rosidl_typesupport_fastrtps_cpp.hpp
[2.413s] -- Up-to-date: /workspace/stage2_workspaces/b2/install/livox_ros_driver2/include/livox_ros_driver2/livox_ros_driver2/msg/detail/dds_fastrtps
[2.441s] -- Up-to-date: /workspace/stage2_workspaces/b2/install/livox_ros_driver2/include/livox_ros_driver2/livox_ros_driver2/msg/rosidl_typesupport_fastrtps_cpp__visibility_control.h
[2.469s] -- Up-to-date: /workspace/stage2_workspaces/b2/install/livox_ros_driver2/lib/liblivox_ros_driver2__rosidl_typesupport_fastrtps_cpp.so
[2.493s] -- Up-to-date: /workspace/stage2_workspaces/b2/install/livox_ros_driver2/include/livox_ros_driver2/livox_ros_driver2
[2.506s] -- Up-to-date: /workspace/stage2_workspaces/b2/install/livox_ros_driver2/include/livox_ros_driver2/livox_ros_driver2/msg
[2.520s] -- Up-to-date: /workspace/stage2_workspaces/b2/install/livox_ros_driver2/include/livox_ros_driver2/livox_ros_driver2/msg/detail
[2.538s] -- Up-to-date: /workspace/stage2_workspaces/b2/install/livox_ros_driver2/include/livox_ros_driver2/livox_ros_driver2/msg/detail/custom_msg__rosidl_typesupport_introspection_cpp.hpp
[2.553s] -- Up-to-date: /workspace/stage2_workspaces/b2/install/livox_ros_driver2/include/livox_ros_driver2/livox_ros_driver2/msg/detail/custom_msg__type_support.cpp
[2.570s] -- Up-to-date: /workspace/stage2_workspaces/b2/install/livox_ros_driver2/include/livox_ros_driver2/livox_ros_driver2/msg/detail/custom_point__rosidl_typesupport_introspection_cpp.hpp
[2.586s] -- Up-to-date: /workspace/stage2_workspaces/b2/install/livox_ros_driver2/include/livox_ros_driver2/livox_ros_driver2/msg/detail/custom_point__type_support.cpp
[2.612s] -- Up-to-date: /workspace/stage2_workspaces/b2/install/livox_ros_driver2/lib/liblivox_ros_driver2__rosidl_typesupport_introspection_cpp.so
[2.667s] -- Up-to-date: /workspace/stage2_workspaces/b2/install/livox_ros_driver2/lib/liblivox_ros_driver2__rosidl_typesupport_cpp.so
[2.708s] -- Up-to-date: /workspace/stage2_workspaces/b2/install/livox_ros_driver2/share/livox_ros_driver2/environment/pythonpath.sh
[2.723s] -- Up-to-date: /workspace/stage2_workspaces/b2/install/livox_ros_driver2/share/livox_ros_driver2/environment/pythonpath.dsv
[2.733s] -- Up-to-date: /workspace/stage2_workspaces/b2/install/livox_ros_driver2/local/lib/python3.10/dist-packages/livox_ros_driver2-1.0.0-py3.10.egg-info
[2.751s] -- Installing: /workspace/stage2_workspaces/b2/install/livox_ros_driver2/local/lib/python3.10/dist-packages/livox_ros_driver2-1.0.0-py3.10.egg-info/dependency_links.txt
[2.806s] -- Installing: /workspace/stage2_workspaces/b2/install/livox_ros_driver2/local/lib/python3.10/dist-packages/livox_ros_driver2-1.0.0-py3.10.egg-info/PKG-INFO
[2.882s] -- Installing: /workspace/stage2_workspaces/b2/install/livox_ros_driver2/local/lib/python3.10/dist-packages/livox_ros_driver2-1.0.0-py3.10.egg-info/SOURCES.txt
[2.965s] -- Installing: /workspace/stage2_workspaces/b2/install/livox_ros_driver2/local/lib/python3.10/dist-packages/livox_ros_driver2-1.0.0-py3.10.egg-info/top_level.txt
[3.038s] -- Up-to-date: /workspace/stage2_workspaces/b2/install/livox_ros_driver2/local/lib/python3.10/dist-packages/livox_ros_driver2
[3.064s] -- Up-to-date: /workspace/stage2_workspaces/b2/install/livox_ros_driver2/local/lib/python3.10/dist-packages/livox_ros_driver2/liblivox_interfaces2__rosidl_generator_py.so
[3.078s] -- Up-to-date: /workspace/stage2_workspaces/b2/install/livox_ros_driver2/local/lib/python3.10/dist-packages/livox_ros_driver2/livox_ros_driver2_s__rosidl_typesupport_c.cpython-310-x86_64-linux-gnu.so
[3.090s] -- Up-to-date: /workspace/stage2_workspaces/b2/install/livox_ros_driver2/local/lib/python3.10/dist-packages/livox_ros_driver2/livox_ros_driver2_s__rosidl_typesupport_fastrtps_c.cpython-310-x86_64-linux-gnu.so
[3.103s] -- Up-to-date: /workspace/stage2_workspaces/b2/install/livox_ros_driver2/local/lib/python3.10/dist-packages/livox_ros_driver2/livox_ros_driver2_s__rosidl_typesupport_introspection_c.cpython-310-x86_64-linux-gnu.so
[3.113s] -- Up-to-date: /workspace/stage2_workspaces/b2/install/livox_ros_driver2/local/lib/python3.10/dist-packages/livox_ros_driver2/msg
[3.130s] -- Up-to-date: /workspace/stage2_workspaces/b2/install/livox_ros_driver2/local/lib/python3.10/dist-packages/livox_ros_driver2/msg/_custom_msg.py
[3.144s] -- Up-to-date: /workspace/stage2_workspaces/b2/install/livox_ros_driver2/local/lib/python3.10/dist-packages/livox_ros_driver2/msg/_custom_msg_s.c
[3.159s] -- Up-to-date: /workspace/stage2_workspaces/b2/install/livox_ros_driver2/local/lib/python3.10/dist-packages/livox_ros_driver2/msg/_custom_point.py
[3.175s] -- Up-to-date: /workspace/stage2_workspaces/b2/install/livox_ros_driver2/local/lib/python3.10/dist-packages/livox_ros_driver2/msg/_custom_point_s.c
[3.190s] -- Up-to-date: /workspace/stage2_workspaces/b2/install/livox_ros_driver2/local/lib/python3.10/dist-packages/livox_ros_driver2/msg/__init__.py
[3.203s] -- Up-to-date: /workspace/stage2_workspaces/b2/install/livox_ros_driver2/local/lib/python3.10/dist-packages/livox_ros_driver2/_livox_ros_driver2_s.ep.rosidl_typesupport_c.c
[3.217s] -- Up-to-date: /workspace/stage2_workspaces/b2/install/livox_ros_driver2/local/lib/python3.10/dist-packages/livox_ros_driver2/_livox_ros_driver2_s.ep.rosidl_typesupport_fastrtps_c.c
[3.229s] -- Up-to-date: /workspace/stage2_workspaces/b2/install/livox_ros_driver2/local/lib/python3.10/dist-packages/livox_ros_driver2/_livox_ros_driver2_s.ep.rosidl_typesupport_introspection_c.c
[3.243s] -- Up-to-date: /workspace/stage2_workspaces/b2/install/livox_ros_driver2/local/lib/python3.10/dist-packages/livox_ros_driver2/__init__.py
[3.359s] Listing '/workspace/stage2_workspaces/b2/install/livox_ros_driver2/local/lib/python3.10/dist-packages/livox_ros_driver2'...
[3.359s] Listing '/workspace/stage2_workspaces/b2/install/livox_ros_driver2/local/lib/python3.10/dist-packages/livox_ros_driver2/msg'...
[3.393s] -- Up-to-date: /workspace/stage2_workspaces/b2/install/livox_ros_driver2/local/lib/python3.10/dist-packages/livox_ros_driver2/livox_ros_driver2_s__rosidl_typesupport_fastrtps_c.cpython-310-x86_64-linux-gnu.so
[3.448s] -- Up-to-date: /workspace/stage2_workspaces/b2/install/livox_ros_driver2/local/lib/python3.10/dist-packages/livox_ros_driver2/livox_ros_driver2_s__rosidl_typesupport_introspection_c.cpython-310-x86_64-linux-gnu.so
[3.506s] -- Up-to-date: /workspace/stage2_workspaces/b2/install/livox_ros_driver2/local/lib/python3.10/dist-packages/livox_ros_driver2/livox_ros_driver2_s__rosidl_typesupport_c.cpython-310-x86_64-linux-gnu.so
[3.596s] -- Up-to-date: /workspace/stage2_workspaces/b2/install/livox_ros_driver2/lib/liblivox_interfaces2__rosidl_generator_py.so
[3.647s] -- Up-to-date: /workspace/stage2_workspaces/b2/install/livox_ros_driver2/share/ament_index/resource_index/rust_packages/livox_ros_driver2
[3.661s] -- Up-to-date: /workspace/stage2_workspaces/b2/install/livox_ros_driver2/share/livox_ros_driver2/rust
[3.683s] -- Up-to-date: /workspace/stage2_workspaces/b2/install/livox_ros_driver2/share/livox_ros_driver2/rust/build.rs
[3.700s] -- Up-to-date: /workspace/stage2_workspaces/b2/install/livox_ros_driver2/share/livox_ros_driver2/rust/Cargo.toml
[3.715s] -- Up-to-date: /workspace/stage2_workspaces/b2/install/livox_ros_driver2/share/livox_ros_driver2/rust/src
[3.739s] -- Up-to-date: /workspace/stage2_workspaces/b2/install/livox_ros_driver2/share/livox_ros_driver2/rust/src/lib.rs
[3.753s] -- Up-to-date: /workspace/stage2_workspaces/b2/install/livox_ros_driver2/share/livox_ros_driver2/rust/src/msg
[3.775s] -- Up-to-date: /workspace/stage2_workspaces/b2/install/livox_ros_driver2/share/livox_ros_driver2/rust/src/msg/rmw.rs
[3.790s] -- Up-to-date: /workspace/stage2_workspaces/b2/install/livox_ros_driver2/share/livox_ros_driver2/rust/src/msg.rs
[3.806s] -- Up-to-date: /workspace/stage2_workspaces/b2/install/livox_ros_driver2/share/livox_ros_driver2/msg/CustomPoint.idl
[3.820s] -- Up-to-date: /workspace/stage2_workspaces/b2/install/livox_ros_driver2/share/livox_ros_driver2/msg/CustomMsg.idl
[3.838s] -- Up-to-date: /workspace/stage2_workspaces/b2/install/livox_ros_driver2/share/livox_ros_driver2/msg/CustomPoint.msg
[3.854s] -- Up-to-date: /workspace/stage2_workspaces/b2/install/livox_ros_driver2/share/livox_ros_driver2/msg/CustomMsg.msg
[3.877s] -- Up-to-date: /workspace/stage2_workspaces/b2/install/livox_ros_driver2/lib/livox_ros_driver2/livox_ros_driver2_node
[3.914s] -- Up-to-date: /workspace/stage2_workspaces/b2/install/livox_ros_driver2/lib/liblivox_ros_driver2.so
[3.937s] -- Up-to-date: /workspace/stage2_workspaces/b2/install/livox_ros_driver2/share/livox_ros_driver2/config
[3.953s] -- Up-to-date: /workspace/stage2_workspaces/b2/install/livox_ros_driver2/share/livox_ros_driver2/config/display_point_cloud_ROS1.rviz
[3.967s] -- Up-to-date: /workspace/stage2_workspaces/b2/install/livox_ros_driver2/share/livox_ros_driver2/config/display_point_cloud_ROS2.rviz
[3.979s] -- Up-to-date: /workspace/stage2_workspaces/b2/install/livox_ros_driver2/share/livox_ros_driver2/config/HAP_config.json
[3.993s] -- Up-to-date: /workspace/stage2_workspaces/b2/install/livox_ros_driver2/share/livox_ros_driver2/config/MID360s_config.json
[4.005s] -- Up-to-date: /workspace/stage2_workspaces/b2/install/livox_ros_driver2/share/livox_ros_driver2/config/MID360_config.json
[4.017s] -- Up-to-date: /workspace/stage2_workspaces/b2/install/livox_ros_driver2/share/livox_ros_driver2/config/mixed_HAP_MID360_config.json
[4.027s] -- Up-to-date: /workspace/stage2_workspaces/b2/install/livox_ros_driver2/share/livox_ros_driver2/launch_ROS2
[4.044s] -- Up-to-date: /workspace/stage2_workspaces/b2/install/livox_ros_driver2/share/livox_ros_driver2/launch_ROS2/msg_HAP_launch.py
[4.059s] -- Up-to-date: /workspace/stage2_workspaces/b2/install/livox_ros_driver2/share/livox_ros_driver2/launch_ROS2/msg_MID360s_launch.py
[4.078s] -- Up-to-date: /workspace/stage2_workspaces/b2/install/livox_ros_driver2/share/livox_ros_driver2/launch_ROS2/msg_MID360_launch.py
[4.097s] -- Up-to-date: /workspace/stage2_workspaces/b2/install/livox_ros_driver2/share/livox_ros_driver2/launch_ROS2/rviz_HAP_launch.py
[4.116s] -- Up-to-date: /workspace/stage2_workspaces/b2/install/livox_ros_driver2/share/livox_ros_driver2/launch_ROS2/rviz_MID360s_launch.py
[4.136s] -- Up-to-date: /workspace/stage2_workspaces/b2/install/livox_ros_driver2/share/livox_ros_driver2/launch_ROS2/rviz_MID360_launch.py
[4.155s] -- Up-to-date: /workspace/stage2_workspaces/b2/install/livox_ros_driver2/share/livox_ros_driver2/launch_ROS2/rviz_mixed.py
[4.183s] -- Up-to-date: /workspace/stage2_workspaces/b2/install/livox_ros_driver2/share/ament_index/resource_index/package_run_dependencies/livox_ros_driver2
[4.212s] -- Up-to-date: /workspace/stage2_workspaces/b2/install/livox_ros_driver2/share/ament_index/resource_index/parent_prefix_path/livox_ros_driver2
[4.227s] -- Up-to-date: /workspace/stage2_workspaces/b2/install/livox_ros_driver2/share/livox_ros_driver2/environment/ament_prefix_path.sh
[4.246s] -- Up-to-date: /workspace/stage2_workspaces/b2/install/livox_ros_driver2/share/livox_ros_driver2/environment/ament_prefix_path.dsv
[4.258s] -- Up-to-date: /workspace/stage2_workspaces/b2/install/livox_ros_driver2/share/livox_ros_driver2/environment/path.sh
[4.278s] -- Up-to-date: /workspace/stage2_workspaces/b2/install/livox_ros_driver2/share/livox_ros_driver2/environment/path.dsv
[4.295s] -- Up-to-date: /workspace/stage2_workspaces/b2/install/livox_ros_driver2/share/livox_ros_driver2/local_setup.bash
[4.311s] -- Up-to-date: /workspace/stage2_workspaces/b2/install/livox_ros_driver2/share/livox_ros_driver2/local_setup.sh
[4.328s] -- Up-to-date: /workspace/stage2_workspaces/b2/install/livox_ros_driver2/share/livox_ros_driver2/local_setup.zsh
[4.347s] -- Up-to-date: /workspace/stage2_workspaces/b2/install/livox_ros_driver2/share/livox_ros_driver2/local_setup.dsv
[4.364s] -- Installing: /workspace/stage2_workspaces/b2/install/livox_ros_driver2/share/livox_ros_driver2/package.dsv
[4.430s] -- Up-to-date: /workspace/stage2_workspaces/b2/install/livox_ros_driver2/share/ament_index/resource_index/packages/livox_ros_driver2
[4.459s] -- Up-to-date: /workspace/stage2_workspaces/b2/install/livox_ros_driver2/share/ament_index/resource_index/rclcpp_components/livox_ros_driver2
[4.500s] -- Up-to-date: /workspace/stage2_workspaces/b2/install/livox_ros_driver2/share/livox_ros_driver2/cmake/export_livox_interfaces2__rosidl_generator_cExport.cmake
[4.524s] -- Up-to-date: /workspace/stage2_workspaces/b2/install/livox_ros_driver2/share/livox_ros_driver2/cmake/export_livox_interfaces2__rosidl_generator_cExport-release.cmake
[4.555s] -- Up-to-date: /workspace/stage2_workspaces/b2/install/livox_ros_driver2/share/livox_ros_driver2/cmake/export_livox_interfaces2__rosidl_typesupport_fastrtps_cExport.cmake
[4.572s] -- Up-to-date: /workspace/stage2_workspaces/b2/install/livox_ros_driver2/share/livox_ros_driver2/cmake/export_livox_interfaces2__rosidl_typesupport_fastrtps_cExport-release.cmake
[4.595s] -- Up-to-date: /workspace/stage2_workspaces/b2/install/livox_ros_driver2/share/livox_ros_driver2/cmake/livox_interfaces2__rosidl_typesupport_introspection_cExport.cmake
[4.611s] -- Up-to-date: /workspace/stage2_workspaces/b2/install/livox_ros_driver2/share/livox_ros_driver2/cmake/livox_interfaces2__rosidl_typesupport_introspection_cExport-release.cmake
[4.634s] -- Up-to-date: /workspace/stage2_workspaces/b2/install/livox_ros_driver2/share/livox_ros_driver2/cmake/livox_interfaces2__rosidl_typesupport_cExport.cmake
[4.649s] -- Up-to-date: /workspace/stage2_workspaces/b2/install/livox_ros_driver2/share/livox_ros_driver2/cmake/livox_interfaces2__rosidl_typesupport_cExport-release.cmake
[4.673s] -- Up-to-date: /workspace/stage2_workspaces/b2/install/livox_ros_driver2/share/livox_ros_driver2/cmake/export_livox_interfaces2__rosidl_generator_cppExport.cmake
[4.701s] -- Up-to-date: /workspace/stage2_workspaces/b2/install/livox_ros_driver2/share/livox_ros_driver2/cmake/export_livox_interfaces2__rosidl_typesupport_fastrtps_cppExport.cmake
[4.722s] -- Up-to-date: /workspace/stage2_workspaces/b2/install/livox_ros_driver2/share/livox_ros_driver2/cmake/export_livox_interfaces2__rosidl_typesupport_fastrtps_cppExport-release.cmake
[4.754s] -- Up-to-date: /workspace/stage2_workspaces/b2/install/livox_ros_driver2/share/livox_ros_driver2/cmake/livox_interfaces2__rosidl_typesupport_introspection_cppExport.cmake
[4.775s] -- Up-to-date: /workspace/stage2_workspaces/b2/install/livox_ros_driver2/share/livox_ros_driver2/cmake/livox_interfaces2__rosidl_typesupport_introspection_cppExport-release.cmake
[4.809s] -- Up-to-date: /workspace/stage2_workspaces/b2/install/livox_ros_driver2/share/livox_ros_driver2/cmake/livox_interfaces2__rosidl_typesupport_cppExport.cmake
[4.837s] -- Up-to-date: /workspace/stage2_workspaces/b2/install/livox_ros_driver2/share/livox_ros_driver2/cmake/livox_interfaces2__rosidl_typesupport_cppExport-release.cmake
[4.879s] -- Up-to-date: /workspace/stage2_workspaces/b2/install/livox_ros_driver2/share/livox_ros_driver2/cmake/export_livox_interfaces2__rosidl_generator_pyExport.cmake
[4.907s] -- Up-to-date: /workspace/stage2_workspaces/b2/install/livox_ros_driver2/share/livox_ros_driver2/cmake/export_livox_interfaces2__rosidl_generator_pyExport-release.cmake
[4.926s] -- Up-to-date: /workspace/stage2_workspaces/b2/install/livox_ros_driver2/share/livox_ros_driver2/cmake/rosidl_cmake-extras.cmake
[4.946s] -- Up-to-date: /workspace/stage2_workspaces/b2/install/livox_ros_driver2/share/livox_ros_driver2/cmake/ament_cmake_export_dependencies-extras.cmake
[4.967s] -- Up-to-date: /workspace/stage2_workspaces/b2/install/livox_ros_driver2/share/livox_ros_driver2/cmake/ament_cmake_export_include_directories-extras.cmake
[4.986s] -- Up-to-date: /workspace/stage2_workspaces/b2/install/livox_ros_driver2/share/livox_ros_driver2/cmake/ament_cmake_export_libraries-extras.cmake
[5.006s] -- Up-to-date: /workspace/stage2_workspaces/b2/install/livox_ros_driver2/share/livox_ros_driver2/cmake/ament_cmake_export_targets-extras.cmake
[5.026s] -- Up-to-date: /workspace/stage2_workspaces/b2/install/livox_ros_driver2/share/livox_ros_driver2/cmake/rosidl_cmake_export_typesupport_targets-extras.cmake
[5.046s] -- Up-to-date: /workspace/stage2_workspaces/b2/install/livox_ros_driver2/share/livox_ros_driver2/cmake/rosidl_cmake_export_typesupport_libraries-extras.cmake
[5.066s] -- Up-to-date: /workspace/stage2_workspaces/b2/install/livox_ros_driver2/share/livox_ros_driver2/cmake/livox_ros_driver2Config.cmake
[5.082s] -- Up-to-date: /workspace/stage2_workspaces/b2/install/livox_ros_driver2/share/livox_ros_driver2/cmake/livox_ros_driver2Config-version.cmake
[5.103s] -- Up-to-date: /workspace/stage2_workspaces/b2/install/livox_ros_driver2/share/livox_ros_driver2/package.xml
[5.112s] Invoked command in '/workspace/stage2_workspaces/b2/build/livox_ros_driver2' returned '0': CMAKE_PREFIX_PATH=/opt/ros/humble /usr/bin/cmake --install /workspace/stage2_workspaces/b2/build/livox_ros_driver2
