[0.008s] Invoking command in '/data/fastlio_baseline/workspaces/b0/build/fast_lio': AMENT_PREFIX_PATH=/data/fastlio_baseline/workspaces/b0/install/livox_ros_driver2:${AMENT_PREFIX_PATH} CMAKE_PREFIX_PATH=/data/fastlio_baseline/workspaces/b0/install/livox_ros_driver2:/opt/ros/humble LD_LIBRARY_PATH=/data/fastlio_baseline/workspaces/b0/install/livox_ros_driver2/lib:${LD_LIBRARY_PATH} PYTHONPATH=/data/fastlio_baseline/workspaces/b0/install/livox_ros_driver2/local/lib/python3.10/dist-packages:${PYTHONPATH} /usr/bin/cmake /data/fastlio_baseline/workspaces/b0/src/fast_lio -DCMAKE_BUILD_TYPE=Release -DCMAKE_EXPORT_COMPILE_COMMANDS=ON -DROS_EDITION=ROS2 -DDISTRO_ROS=humble -DCMAKE_INSTALL_PREFIX=/data/fastlio_baseline/workspaces/b0/install/fast_lio
[0.042s] -- The C compiler identification is GNU 11.4.0
[0.073s] -- The CXX compiler identification is GNU 11.4.0
[0.078s] -- Detecting C compiler ABI info
[0.119s] -- Detecting C compiler ABI info - done
[0.123s] -- Check for working C compiler: /usr/bin/cc - skipped
[0.123s] -- Detecting C compile features
[0.123s] -- Detecting C compile features - done
[0.125s] -- Detecting CXX compiler ABI info
[0.170s] -- Detecting CXX compiler ABI info - done
[0.174s] -- Check for working CXX compiler: /usr/bin/c++ - skipped
[0.174s] -- Detecting CXX compile features
[0.175s] -- Detecting CXX compile features - done
[0.175s] Current CPU archtecture: x86_64
[0.179s] Processer number:  20
[0.179s] core for MP: 3
[0.370s] -- Found PythonLibs: /usr/lib/x86_64-linux-gnu/libpython3.10.so (found version "3.10.12") 
[0.372s] -- Found ament_cmake: 1.3.14 (/opt/ros/humble/share/ament_cmake/cmake)
[0.455s] -- Found Python3: /usr/bin/python3 (found version "3.10.12") found components: Interpreter 
[0.504s] -- Found rclcpp: 16.0.19 (/opt/ros/humble/share/rclcpp/cmake)
[0.524s] -- Found rosidl_generator_c: 3.1.8 (/opt/ros/humble/share/rosidl_generator_c/cmake)
[0.527s] -- Found rosidl_adapter: 3.1.8 (/opt/ros/humble/share/rosidl_adapter/cmake)
[0.534s] -- Found rosidl_generator_cpp: 3.1.8 (/opt/ros/humble/share/rosidl_generator_cpp/cmake)
[0.540s] -- Using all available rosidl_typesupport_c: rosidl_typesupport_fastrtps_c;rosidl_typesupport_introspection_c
[0.551s] -- Using all available rosidl_typesupport_cpp: rosidl_typesupport_fastrtps_cpp;rosidl_typesupport_introspection_cpp
[0.577s] -- Found rmw_implementation_cmake: 6.1.2 (/opt/ros/humble/share/rmw_implementation_cmake/cmake)
[0.579s] -- Found rmw_fastrtps_cpp: 6.2.10 (/opt/ros/humble/share/rmw_fastrtps_cpp/cmake)
[0.632s] -- Found OpenSSL: /usr/lib/x86_64-linux-gnu/libcrypto.so (found version "3.0.2")  
[0.648s] -- Found FastRTPS: /opt/ros/humble/include  
[0.673s] -- Using RMW implementation 'rmw_fastrtps_cpp' as default
[0.678s] -- Looking for pthread.h
[0.718s] -- Looking for pthread.h - found
[0.718s] -- Performing Test CMAKE_HAVE_LIBC_PTHREAD
[0.759s] -- Performing Test CMAKE_HAVE_LIBC_PTHREAD - Success
[0.760s] -- Found Threads: TRUE  
[0.789s] -- Found rclcpp_components: 16.0.19 (/opt/ros/humble/share/rclcpp_components/cmake)
[0.805s] -- Found geometry_msgs: 4.9.1 (/opt/ros/humble/share/geometry_msgs/cmake)
[0.813s] -- Found nav_msgs: 4.9.1 (/opt/ros/humble/share/nav_msgs/cmake)
[0.826s] -- Found sensor_msgs: 4.9.1 (/opt/ros/humble/share/sensor_msgs/cmake)
[0.836s] -- Found std_srvs: 4.9.1 (/opt/ros/humble/share/std_srvs/cmake)
[0.845s] -- Found visualization_msgs: 4.9.1 (/opt/ros/humble/share/visualization_msgs/cmake)
[0.860s] -- Found pcl_ros: 2.4.5 (/opt/ros/humble/share/pcl_ros/cmake)
[0.886s] -- Checking for module 'eigen3'
[0.894s] --   Found eigen3, version 3.4.0
[0.912s] -- Found Eigen: /usr/include/eigen3 (Required is at least version "3.1") 
[0.912s] -- Eigen found (include: /usr/include/eigen3, version: 3.4.0)
[0.933s] -- Checking for module 'flann'
[0.941s] --   Found flann, version 1.9.1
[0.961s] -- Found FLANN: /usr/lib/x86_64-linux-gnu/libflann_cpp.so  
[0.961s] -- FLANN found (include: /usr/include, lib: /usr/lib/x86_64-linux-gnu/libflann_cpp.so)
[1.454s] -- Checking for module 'libusb-1.0'
[1.462s] --   Found libusb-1.0, version 1.0.25
[1.482s] -- Found libusb: /usr/lib/x86_64-linux-gnu/libusb-1.0.so  
[1.483s] -- OpenNI found (version: 1.5.4.0, include: /usr/include/ni, lib: /usr/lib/libOpenNI.so;libusb::libusb)
[1.513s] -- OpenNI2 found (version: 2.2.0.33, include: /usr/include/openni2, lib: /usr/lib/x86_64-linux-gnu/libOpenNI2.so;libusb::libusb)
[1.593s] -- Eigen found (include: /usr/include/eigen3, version: 3.4.0)
[1.597s] -- OpenNI found (version: 1.5.4.0, include: /usr/include/ni, lib: /usr/lib/libOpenNI.so;libusb::libusb)
[1.600s] -- OpenNI2 found (version: 2.2.0.33, include: /usr/include/openni2, lib: /usr/lib/x86_64-linux-gnu/libOpenNI2.so;libusb::libusb)
[1.676s] -- Found Qhull version 8.0.2
[1.757s] -- OpenNI found (version: 1.5.4.0, include: /usr/include/ni, lib: /usr/lib/libOpenNI.so;libusb::libusb)
[1.833s] -- Found PCL_COMMON: /usr/lib/x86_64-linux-gnu/libpcl_common.so  
[1.834s] -- Found PCL_KDTREE: /usr/lib/x86_64-linux-gnu/libpcl_kdtree.so  
[1.834s] -- Found PCL_OCTREE: /usr/lib/x86_64-linux-gnu/libpcl_octree.so  
[1.834s] -- Found PCL_SEARCH: /usr/lib/x86_64-linux-gnu/libpcl_search.so  
[1.835s] -- Found PCL_SAMPLE_CONSENSUS: /usr/lib/x86_64-linux-gnu/libpcl_sample_consensus.so  
[1.835s] -- Found PCL_FILTERS: /usr/lib/x86_64-linux-gnu/libpcl_filters.so  
[1.836s] -- Found PCL_2D: /usr/include/pcl-1.12  
[1.836s] -- Found PCL_GEOMETRY: /usr/include/pcl-1.12  
[1.836s] -- Found PCL_IO: /usr/lib/x86_64-linux-gnu/libpcl_io.so  
[1.837s] -- Found PCL_FEATURES: /usr/lib/x86_64-linux-gnu/libpcl_features.so  
[1.837s] -- Found PCL_ML: /usr/lib/x86_64-linux-gnu/libpcl_ml.so  
[1.838s] -- Found PCL_SEGMENTATION: /usr/lib/x86_64-linux-gnu/libpcl_segmentation.so  
[1.838s] -- Found PCL_VISUALIZATION: /usr/lib/x86_64-linux-gnu/libpcl_visualization.so  
[1.838s] -- Found PCL_SURFACE: /usr/lib/x86_64-linux-gnu/libpcl_surface.so  
[1.839s] -- Found PCL_REGISTRATION: /usr/lib/x86_64-linux-gnu/libpcl_registration.so  
[1.839s] -- Found PCL_KEYPOINTS: /usr/lib/x86_64-linux-gnu/libpcl_keypoints.so  
[1.840s] -- Found PCL_TRACKING: /usr/lib/x86_64-linux-gnu/libpcl_tracking.so  
[1.840s] -- Found PCL_RECOGNITION: /usr/lib/x86_64-linux-gnu/libpcl_recognition.so  
[1.841s] -- Found PCL_STEREO: /usr/lib/x86_64-linux-gnu/libpcl_stereo.so  
[1.841s] -- Found PCL_APPS: /usr/lib/x86_64-linux-gnu/libpcl_apps.so  
[1.842s] -- Found PCL_IN_HAND_SCANNER: /usr/include/pcl-1.12  
[1.842s] -- Found PCL_MODELER: /usr/include/pcl-1.12  
[1.843s] -- Found PCL_POINT_CLOUD_EDITOR: /usr/include/pcl-1.12  
[1.843s] -- Found PCL_OUTOFCORE: /usr/lib/x86_64-linux-gnu/libpcl_outofcore.so  
[1.843s] -- Found PCL_PEOPLE: /usr/lib/x86_64-linux-gnu/libpcl_people.so  
[1.865s] -- Found eigen3_cmake_module: 0.1.1 (/opt/ros/humble/share/eigen3_cmake_module/cmake)
[1.866s] -- Found Eigen3: TRUE (found version "3.4.0") 
[1.867s] -- Ensuring Eigen3 include directory is part of orocos-kdl CMake target
[1.922s] -- Found livox_ros_driver2: 1.0.0 (/data/fastlio_baseline/workspaces/b0/install/livox_ros_driver2/share/livox_ros_driver2/cmake)
[1.933s] -- Found rosidl_default_generators: 1.2.1 (/opt/ros/humble/share/rosidl_default_generators/cmake)
[1.941s] CMake Warning (dev) at CMakeLists.txt:81 (find_package):
[1.941s]   Policy CMP0074 is not set: find_package uses <PackageName>_ROOT variables.
[1.941s]   Run "cmake --help-policy CMP0074" for policy details.  Use the cmake_policy
[1.941s]   command to set the policy and suppress this warning.
[1.941s] 
[1.941s]   CMake variable PCL_ROOT is set to:
[1.941s] 
[1.941s]     /usr
[1.941s] 
[1.941s]   For compatibility, CMake is ignoring the variable.
[1.941s] This warning is for project developers.  Use -Wno-dev to suppress it.
[1.941s] 
[1.945s] Eigen:/usr/include/eigen3
[1.945s] -- PCL: /usr/include/pcl-1.12
[2.089s] -- Found ament_cmake_ros: 0.10.0 (/opt/ros/humble/share/ament_cmake_ros/cmake)
[2.255s] -- Using all available rosidl_typesupport_c: rosidl_typesupport_fastrtps_c;rosidl_typesupport_introspection_c
[2.324s] -- Using all available rosidl_typesupport_cpp: rosidl_typesupport_fastrtps_cpp;rosidl_typesupport_introspection_cpp
[2.337s] -- Found PythonInterp: /usr/bin/python3 (found suitable version "3.10.12", minimum required is "3.6") 
[2.338s] -- Found python_cmake_module: 0.10.0 (/opt/ros/humble/share/python_cmake_module/cmake)
[2.352s] -- Found PythonLibs: /usr/lib/x86_64-linux-gnu/libpython3.10.so (found suitable version "3.10.12", minimum required is "3.5") 
[2.352s] -- Using PYTHON_EXECUTABLE: /usr/bin/python3
[2.352s] -- Using PYTHON_INCLUDE_DIRS: /usr/include/python3.10
[2.352s] -- Using PYTHON_LIBRARIES: /usr/lib/x86_64-linux-gnu/libpython3.10.so
[2.364s] -- Found PythonExtra: .so  
[2.429s] -- Configuring done
[2.480s] -- Generating done
[2.483s] CMake Warning:
[2.483s]   Manually-specified variables were not used by the project:
[2.483s] 
[2.483s]     DISTRO_ROS
[2.483s]     ROS_EDITION
[2.483s] 
[2.483s] 
[2.494s] -- Build files have been written to: /data/fastlio_baseline/workspaces/b0/build/fast_lio
[2.505s] Invoked command in '/data/fastlio_baseline/workspaces/b0/build/fast_lio' returned '0': AMENT_PREFIX_PATH=/data/fastlio_baseline/workspaces/b0/install/livox_ros_driver2:${AMENT_PREFIX_PATH} CMAKE_PREFIX_PATH=/data/fastlio_baseline/workspaces/b0/install/livox_ros_driver2:/opt/ros/humble LD_LIBRARY_PATH=/data/fastlio_baseline/workspaces/b0/install/livox_ros_driver2/lib:${LD_LIBRARY_PATH} PYTHONPATH=/data/fastlio_baseline/workspaces/b0/install/livox_ros_driver2/local/lib/python3.10/dist-packages:${PYTHONPATH} /usr/bin/cmake /data/fastlio_baseline/workspaces/b0/src/fast_lio -DCMAKE_BUILD_TYPE=Release -DCMAKE_EXPORT_COMPILE_COMMANDS=ON -DROS_EDITION=ROS2 -DDISTRO_ROS=humble -DCMAKE_INSTALL_PREFIX=/data/fastlio_baseline/workspaces/b0/install/fast_lio
[2.506s] Invoking command in '/data/fastlio_baseline/workspaces/b0/build/fast_lio': AMENT_PREFIX_PATH=/data/fastlio_baseline/workspaces/b0/install/livox_ros_driver2:${AMENT_PREFIX_PATH} CMAKE_PREFIX_PATH=/data/fastlio_baseline/workspaces/b0/install/livox_ros_driver2:/opt/ros/humble LD_LIBRARY_PATH=/data/fastlio_baseline/workspaces/b0/install/livox_ros_driver2/lib:${LD_LIBRARY_PATH} PYTHONPATH=/data/fastlio_baseline/workspaces/b0/install/livox_ros_driver2/local/lib/python3.10/dist-packages:${PYTHONPATH} /usr/bin/cmake --build /data/fastlio_baseline/workspaces/b0/build/fast_lio -- -j20 -l20
[2.531s] [  2%] Generating C code for ROS interfaces
[2.537s] [  5%] Generating Rust code for ROS interfaces
[2.537s] [  8%] Generating C++ code for ROS interfaces
[2.542s] [  8%] Built target ament_cmake_python_copy_fast_lio
[2.666s] running egg_info
[2.666s] creating fast_lio.egg-info
[2.667s] writing fast_lio.egg-info/PKG-INFO
[2.667s] writing dependency_links to fast_lio.egg-info/dependency_links.txt
[2.667s] writing top-level names to fast_lio.egg-info/top_level.txt
[2.668s] writing manifest file 'fast_lio.egg-info/SOURCES.txt'
[2.670s] reading manifest file 'fast_lio.egg-info/SOURCES.txt'
[2.670s] writing manifest file 'fast_lio.egg-info/SOURCES.txt'
[2.688s] [  8%] Built target ament_cmake_python_build_fast_lio_egg
[2.688s] [  8%] Built target fast_lio__rs
[2.694s] [ 11%] Building C object CMakeFiles/fast_lio__rosidl_generator_c.dir/rosidl_generator_c/fast_lio/msg/detail/pose6_d__functions.c.o
[2.699s] [ 11%] Built target fast_lio__cpp
[2.705s] [ 16%] Generating C++ type support for eProsima Fast-RTPS
[2.705s] [ 16%] Generating C++ introspection for ROS interfaces
[2.705s] [ 19%] Generating C++ type support dispatch for ROS interfaces
[2.750s] [ 22%] Linking C shared library libfast_lio__rosidl_generator_c.so
[2.771s] [ 22%] Built target fast_lio__rosidl_generator_c
[2.777s] [ 25%] Generating C introspection for ROS interfaces
[2.777s] [ 27%] Generating C type support for eProsima Fast-RTPS
[2.777s] [ 30%] Generating C type support dispatch for ROS interfaces
[2.854s] [ 33%] Building CXX object CMakeFiles/fast_lio__rosidl_typesupport_cpp.dir/rosidl_typesupport_cpp/fast_lio/msg/pose6_d__type_support.cpp.o
[2.862s] [ 36%] Building CXX object CMakeFiles/fast_lio__rosidl_typesupport_introspection_cpp.dir/rosidl_typesupport_introspection_cpp/fast_lio/msg/detail/pose6_d__type_support.cpp.o
[2.865s] [ 38%] Building CXX object CMakeFiles/fast_lio__rosidl_typesupport_fastrtps_cpp.dir/rosidl_typesupport_fastrtps_cpp/fast_lio/msg/detail/dds_fastrtps/pose6_d__type_support.cpp.o
[2.925s] [ 41%] Building CXX object CMakeFiles/fast_lio__rosidl_typesupport_c.dir/rosidl_typesupport_c/fast_lio/msg/pose6_d__type_support.cpp.o
[2.935s] [ 44%] Building C object CMakeFiles/fast_lio__rosidl_typesupport_introspection_c.dir/rosidl_typesupport_introspection_c/fast_lio/msg/detail/pose6_d__type_support.c.o
[2.941s] [ 47%] Building CXX object CMakeFiles/fast_lio__rosidl_typesupport_fastrtps_c.dir/rosidl_typesupport_fastrtps_c/fast_lio/msg/detail/pose6_d__type_support_c.cpp.o
[2.941s] [ 50%] Linking CXX shared library libfast_lio__rosidl_typesupport_c.so
[2.965s] [ 50%] Built target fast_lio__rosidl_typesupport_c
[2.971s] [ 52%] Linking C shared library libfast_lio__rosidl_typesupport_introspection_c.so
[2.991s] [ 52%] Built target fast_lio__rosidl_typesupport_introspection_c
[3.000s] [ 55%] Linking CXX shared library libfast_lio__rosidl_typesupport_cpp.so
[3.023s] [ 55%] Built target fast_lio__rosidl_typesupport_cpp
[3.036s] [ 63%] Building CXX object CMakeFiles/fastlio_mapping.dir/src/preprocess.cpp.o
[3.036s] [ 63%] Building CXX object CMakeFiles/fastlio_mapping.dir/src/laserMapping.cpp.o
[3.036s] [ 63%] Building CXX object CMakeFiles/fastlio_mapping.dir/include/ikd-Tree/ikd_Tree.cpp.o
[3.068s] [ 66%] Linking CXX shared library libfast_lio__rosidl_typesupport_introspection_cpp.so
[3.088s] [ 69%] Linking CXX shared library libfast_lio__rosidl_typesupport_fastrtps_cpp.so
[3.092s] [ 69%] Built target fast_lio__rosidl_typesupport_introspection_cpp
[3.125s] [ 72%] Linking CXX shared library libfast_lio__rosidl_typesupport_fastrtps_c.so
[3.129s] [ 72%] Built target fast_lio__rosidl_typesupport_fastrtps_cpp
[3.180s] [ 72%] Built target fast_lio__rosidl_typesupport_fastrtps_c
[3.193s] [ 72%] Built target fast_lio
[3.204s] [ 75%] Generating Python code for ROS interfaces
[3.406s] [ 75%] Built target fast_lio__py
[3.417s] [ 77%] Building C object CMakeFiles/fast_lio__rosidl_generator_py.dir/rosidl_generator_py/fast_lio/msg/_pose6_d_s.c.o
[3.495s] [ 80%] Linking C shared library rosidl_generator_py/fast_lio/libfast_lio__rosidl_generator_py.so
[3.522s] [ 80%] Built target fast_lio__rosidl_generator_py
[3.534s] [ 86%] Building C object CMakeFiles/fast_lio__rosidl_typesupport_introspection_c__pyext.dir/rosidl_generator_py/fast_lio/_fast_lio_s.ep.rosidl_typesupport_introspection_c.c.o
[3.534s] [ 86%] Building C object CMakeFiles/fast_lio__rosidl_typesupport_fastrtps_c__pyext.dir/rosidl_generator_py/fast_lio/_fast_lio_s.ep.rosidl_typesupport_fastrtps_c.c.o
[3.534s] [ 88%] Building C object CMakeFiles/fast_lio__rosidl_typesupport_c__pyext.dir/rosidl_generator_py/fast_lio/_fast_lio_s.ep.rosidl_typesupport_c.c.o
[3.593s] [ 91%] Linking C shared library rosidl_generator_py/fast_lio/fast_lio_s__rosidl_typesupport_c.cpython-310-x86_64-linux-gnu.so
[3.596s] [ 94%] Linking C shared library rosidl_generator_py/fast_lio/fast_lio_s__rosidl_typesupport_fastrtps_c.cpython-310-x86_64-linux-gnu.so
[3.601s] [ 97%] Linking C shared library rosidl_generator_py/fast_lio/fast_lio_s__rosidl_typesupport_introspection_c.cpython-310-x86_64-linux-gnu.so
[3.613s] [ 97%] Built target fast_lio__rosidl_typesupport_c__pyext
[3.616s] [ 97%] Built target fast_lio__rosidl_typesupport_fastrtps_c__pyext
[3.620s] [ 97%] Built target fast_lio__rosidl_typesupport_introspection_c__pyext
[6.637s] In file included from /usr/include/boost/smart_ptr/detail/sp_thread_sleep.hpp:22,
[6.638s]                  from /usr/include/boost/smart_ptr/detail/yield_k.hpp:23,
[6.638s]                  from /usr/include/boost/smart_ptr/detail/spinlock_gcc_atomic.hpp:14,
[6.638s]                  from /usr/include/boost/smart_ptr/detail/spinlock.hpp:42,
[6.638s]                  from /usr/include/boost/smart_ptr/detail/spinlock_pool.hpp:25,
[6.638s]                  from /usr/include/boost/smart_ptr/shared_ptr.hpp:29,
[6.638s]                  from /usr/include/boost/shared_ptr.hpp:17,
[6.638s]                  from /usr/include/boost/date_time/microsec_time_clock.hpp:18,
[6.638s]                  from /usr/include/boost/interprocess/detail/posix_time_types_wrk.hpp:31,
[6.638s]                  from /usr/include/boost/interprocess/detail/os_thread_functions.hpp:36,
[6.638s]                  from /usr/include/boost/interprocess/sync/file_lock.hpp:26,
[6.638s]                  from /usr/include/pcl-1.12/pcl/io/pcd_io.h:46,
[6.638s]                  from /opt/ros/humble/include/pcl_conversions/pcl_conversions/pcl_conversions.h:73,
[6.638s]                  from /data/fastlio_baseline/workspaces/b0/src/fast_lio/src/IMU_Processing.hpp:18,
[6.638s]                  from /data/fastlio_baseline/workspaces/b0/src/fast_lio/src/laserMapping.cpp:47:
[6.638s] /usr/include/boost/bind.hpp:36:1: note: ‘#pragma message: The practice of declaring the Bind placeholders (_1, _2, ...) in the global namespace is deprecated. Please use <boost/bind/bind.hpp> + using namespace boost::placeholders, or define BOOST_BIND_GLOBAL_PLACEHOLDERS to retain the current behavior.’
[6.638s]    36 | BOOST_PRAGMA_MESSAGE(
[6.638s]       | ^~~~~~~~~~~~~~~~~~~~
[44.684s] [100%] Linking CXX executable fastlio_mapping
[45.348s] [100%] Built target fastlio_mapping
[45.356s] Invoked command in '/data/fastlio_baseline/workspaces/b0/build/fast_lio' returned '0': AMENT_PREFIX_PATH=/data/fastlio_baseline/workspaces/b0/install/livox_ros_driver2:${AMENT_PREFIX_PATH} CMAKE_PREFIX_PATH=/data/fastlio_baseline/workspaces/b0/install/livox_ros_driver2:/opt/ros/humble LD_LIBRARY_PATH=/data/fastlio_baseline/workspaces/b0/install/livox_ros_driver2/lib:${LD_LIBRARY_PATH} PYTHONPATH=/data/fastlio_baseline/workspaces/b0/install/livox_ros_driver2/local/lib/python3.10/dist-packages:${PYTHONPATH} /usr/bin/cmake --build /data/fastlio_baseline/workspaces/b0/build/fast_lio -- -j20 -l20
[45.357s] Invoking command in '/data/fastlio_baseline/workspaces/b0/build/fast_lio': AMENT_PREFIX_PATH=/data/fastlio_baseline/workspaces/b0/install/livox_ros_driver2:${AMENT_PREFIX_PATH} CMAKE_PREFIX_PATH=/data/fastlio_baseline/workspaces/b0/install/livox_ros_driver2:/opt/ros/humble LD_LIBRARY_PATH=/data/fastlio_baseline/workspaces/b0/install/livox_ros_driver2/lib:${LD_LIBRARY_PATH} PYTHONPATH=/data/fastlio_baseline/workspaces/b0/install/livox_ros_driver2/local/lib/python3.10/dist-packages:${PYTHONPATH} /usr/bin/cmake --install /data/fastlio_baseline/workspaces/b0/build/fast_lio
[45.362s] -- Install configuration: "Release"
[45.363s] -- Installing: /data/fastlio_baseline/workspaces/b0/install/fast_lio/share/ament_index/resource_index/rosidl_interfaces/fast_lio
[45.363s] -- Installing: /data/fastlio_baseline/workspaces/b0/install/fast_lio/include/fast_lio/fast_lio
[45.364s] -- Installing: /data/fastlio_baseline/workspaces/b0/install/fast_lio/include/fast_lio/fast_lio/msg
[45.364s] -- Installing: /data/fastlio_baseline/workspaces/b0/install/fast_lio/include/fast_lio/fast_lio/msg/rosidl_generator_c__visibility_control.h
[45.364s] -- Installing: /data/fastlio_baseline/workspaces/b0/install/fast_lio/include/fast_lio/fast_lio/msg/detail
[45.364s] -- Installing: /data/fastlio_baseline/workspaces/b0/install/fast_lio/include/fast_lio/fast_lio/msg/detail/pose6_d__struct.h
[45.364s] -- Installing: /data/fastlio_baseline/workspaces/b0/install/fast_lio/include/fast_lio/fast_lio/msg/detail/pose6_d__functions.c
[45.364s] -- Installing: /data/fastlio_baseline/workspaces/b0/install/fast_lio/include/fast_lio/fast_lio/msg/detail/pose6_d__functions.h
[45.365s] -- Installing: /data/fastlio_baseline/workspaces/b0/install/fast_lio/include/fast_lio/fast_lio/msg/detail/pose6_d__type_support.h
[45.365s] -- Installing: /data/fastlio_baseline/workspaces/b0/install/fast_lio/include/fast_lio/fast_lio/msg/pose6_d.h
[45.365s] -- Installing: /data/fastlio_baseline/workspaces/b0/install/fast_lio/share/fast_lio/environment/library_path.sh
[45.366s] -- Installing: /data/fastlio_baseline/workspaces/b0/install/fast_lio/share/fast_lio/environment/library_path.dsv
[45.366s] -- Installing: /data/fastlio_baseline/workspaces/b0/install/fast_lio/lib/libfast_lio__rosidl_generator_c.so
[45.366s] -- Set runtime path of "/data/fastlio_baseline/workspaces/b0/install/fast_lio/lib/libfast_lio__rosidl_generator_c.so" to ""
[45.367s] -- Up-to-date: /data/fastlio_baseline/workspaces/b0/install/fast_lio/include/fast_lio/fast_lio
[45.367s] -- Up-to-date: /data/fastlio_baseline/workspaces/b0/install/fast_lio/include/fast_lio/fast_lio/msg
[45.367s] -- Up-to-date: /data/fastlio_baseline/workspaces/b0/install/fast_lio/include/fast_lio/fast_lio/msg/detail
[45.367s] -- Installing: /data/fastlio_baseline/workspaces/b0/install/fast_lio/include/fast_lio/fast_lio/msg/detail/pose6_d__rosidl_typesupport_fastrtps_c.h
[45.367s] -- Installing: /data/fastlio_baseline/workspaces/b0/install/fast_lio/include/fast_lio/fast_lio/msg/rosidl_typesupport_fastrtps_c__visibility_control.h
[45.367s] -- Installing: /data/fastlio_baseline/workspaces/b0/install/fast_lio/lib/libfast_lio__rosidl_typesupport_fastrtps_c.so
[45.368s] -- Set runtime path of "/data/fastlio_baseline/workspaces/b0/install/fast_lio/lib/libfast_lio__rosidl_typesupport_fastrtps_c.so" to ""
[45.368s] -- Up-to-date: /data/fastlio_baseline/workspaces/b0/install/fast_lio/include/fast_lio/fast_lio
[45.368s] -- Up-to-date: /data/fastlio_baseline/workspaces/b0/install/fast_lio/include/fast_lio/fast_lio/msg
[45.368s] -- Installing: /data/fastlio_baseline/workspaces/b0/install/fast_lio/include/fast_lio/fast_lio/msg/rosidl_generator_cpp__visibility_control.hpp
[45.368s] -- Up-to-date: /data/fastlio_baseline/workspaces/b0/install/fast_lio/include/fast_lio/fast_lio/msg/detail
[45.369s] -- Installing: /data/fastlio_baseline/workspaces/b0/install/fast_lio/include/fast_lio/fast_lio/msg/detail/pose6_d__builder.hpp
[45.369s] -- Installing: /data/fastlio_baseline/workspaces/b0/install/fast_lio/include/fast_lio/fast_lio/msg/detail/pose6_d__struct.hpp
[45.369s] -- Installing: /data/fastlio_baseline/workspaces/b0/install/fast_lio/include/fast_lio/fast_lio/msg/detail/pose6_d__traits.hpp
[45.369s] -- Installing: /data/fastlio_baseline/workspaces/b0/install/fast_lio/include/fast_lio/fast_lio/msg/detail/pose6_d__type_support.hpp
[45.370s] -- Installing: /data/fastlio_baseline/workspaces/b0/install/fast_lio/include/fast_lio/fast_lio/msg/pose6_d.hpp
[45.370s] -- Up-to-date: /data/fastlio_baseline/workspaces/b0/install/fast_lio/include/fast_lio/fast_lio
[45.370s] -- Up-to-date: /data/fastlio_baseline/workspaces/b0/install/fast_lio/include/fast_lio/fast_lio/msg
[45.370s] -- Installing: /data/fastlio_baseline/workspaces/b0/install/fast_lio/include/fast_lio/fast_lio/msg/rosidl_typesupport_fastrtps_cpp__visibility_control.h
[45.370s] -- Up-to-date: /data/fastlio_baseline/workspaces/b0/install/fast_lio/include/fast_lio/fast_lio/msg/detail
[45.370s] -- Installing: /data/fastlio_baseline/workspaces/b0/install/fast_lio/include/fast_lio/fast_lio/msg/detail/dds_fastrtps
[45.370s] -- Installing: /data/fastlio_baseline/workspaces/b0/install/fast_lio/include/fast_lio/fast_lio/msg/detail/pose6_d__rosidl_typesupport_fastrtps_cpp.hpp
[45.371s] -- Installing: /data/fastlio_baseline/workspaces/b0/install/fast_lio/lib/libfast_lio__rosidl_typesupport_fastrtps_cpp.so
[45.371s] -- Set runtime path of "/data/fastlio_baseline/workspaces/b0/install/fast_lio/lib/libfast_lio__rosidl_typesupport_fastrtps_cpp.so" to ""
[45.371s] -- Up-to-date: /data/fastlio_baseline/workspaces/b0/install/fast_lio/include/fast_lio/fast_lio
[45.372s] -- Up-to-date: /data/fastlio_baseline/workspaces/b0/install/fast_lio/include/fast_lio/fast_lio/msg
[45.372s] -- Installing: /data/fastlio_baseline/workspaces/b0/install/fast_lio/include/fast_lio/fast_lio/msg/rosidl_typesupport_introspection_c__visibility_control.h
[45.372s] -- Up-to-date: /data/fastlio_baseline/workspaces/b0/install/fast_lio/include/fast_lio/fast_lio/msg/detail
[45.372s] -- Installing: /data/fastlio_baseline/workspaces/b0/install/fast_lio/include/fast_lio/fast_lio/msg/detail/pose6_d__rosidl_typesupport_introspection_c.h
[45.372s] -- Installing: /data/fastlio_baseline/workspaces/b0/install/fast_lio/include/fast_lio/fast_lio/msg/detail/pose6_d__type_support.c
[45.372s] -- Installing: /data/fastlio_baseline/workspaces/b0/install/fast_lio/lib/libfast_lio__rosidl_typesupport_introspection_c.so
[45.372s] -- Set runtime path of "/data/fastlio_baseline/workspaces/b0/install/fast_lio/lib/libfast_lio__rosidl_typesupport_introspection_c.so" to ""
[45.372s] -- Installing: /data/fastlio_baseline/workspaces/b0/install/fast_lio/lib/libfast_lio__rosidl_typesupport_c.so
[45.373s] -- Set runtime path of "/data/fastlio_baseline/workspaces/b0/install/fast_lio/lib/libfast_lio__rosidl_typesupport_c.so" to ""
[45.373s] -- Up-to-date: /data/fastlio_baseline/workspaces/b0/install/fast_lio/include/fast_lio/fast_lio
[45.373s] -- Up-to-date: /data/fastlio_baseline/workspaces/b0/install/fast_lio/include/fast_lio/fast_lio/msg
[45.373s] -- Up-to-date: /data/fastlio_baseline/workspaces/b0/install/fast_lio/include/fast_lio/fast_lio/msg/detail
[45.374s] -- Installing: /data/fastlio_baseline/workspaces/b0/install/fast_lio/include/fast_lio/fast_lio/msg/detail/pose6_d__rosidl_typesupport_introspection_cpp.hpp
[45.374s] -- Installing: /data/fastlio_baseline/workspaces/b0/install/fast_lio/include/fast_lio/fast_lio/msg/detail/pose6_d__type_support.cpp
[45.374s] -- Installing: /data/fastlio_baseline/workspaces/b0/install/fast_lio/lib/libfast_lio__rosidl_typesupport_introspection_cpp.so
[45.374s] -- Set runtime path of "/data/fastlio_baseline/workspaces/b0/install/fast_lio/lib/libfast_lio__rosidl_typesupport_introspection_cpp.so" to ""
[45.374s] -- Installing: /data/fastlio_baseline/workspaces/b0/install/fast_lio/lib/libfast_lio__rosidl_typesupport_cpp.so
[45.375s] -- Set runtime path of "/data/fastlio_baseline/workspaces/b0/install/fast_lio/lib/libfast_lio__rosidl_typesupport_cpp.so" to ""
[45.375s] -- Installing: /data/fastlio_baseline/workspaces/b0/install/fast_lio/share/fast_lio/environment/pythonpath.sh
[45.375s] -- Installing: /data/fastlio_baseline/workspaces/b0/install/fast_lio/share/fast_lio/environment/pythonpath.dsv
[45.375s] -- Installing: /data/fastlio_baseline/workspaces/b0/install/fast_lio/local/lib/python3.10/dist-packages/fast_lio-0.0.0-py3.10.egg-info
[45.376s] -- Installing: /data/fastlio_baseline/workspaces/b0/install/fast_lio/local/lib/python3.10/dist-packages/fast_lio-0.0.0-py3.10.egg-info/SOURCES.txt
[45.376s] -- Installing: /data/fastlio_baseline/workspaces/b0/install/fast_lio/local/lib/python3.10/dist-packages/fast_lio-0.0.0-py3.10.egg-info/top_level.txt
[45.376s] -- Installing: /data/fastlio_baseline/workspaces/b0/install/fast_lio/local/lib/python3.10/dist-packages/fast_lio-0.0.0-py3.10.egg-info/dependency_links.txt
[45.376s] -- Installing: /data/fastlio_baseline/workspaces/b0/install/fast_lio/local/lib/python3.10/dist-packages/fast_lio-0.0.0-py3.10.egg-info/PKG-INFO
[45.376s] -- Installing: /data/fastlio_baseline/workspaces/b0/install/fast_lio/local/lib/python3.10/dist-packages/fast_lio
[45.377s] -- Installing: /data/fastlio_baseline/workspaces/b0/install/fast_lio/local/lib/python3.10/dist-packages/fast_lio/fast_lio_s__rosidl_typesupport_introspection_c.cpython-310-x86_64-linux-gnu.so
[45.377s] -- Installing: /data/fastlio_baseline/workspaces/b0/install/fast_lio/local/lib/python3.10/dist-packages/fast_lio/__init__.py
[45.377s] -- Installing: /data/fastlio_baseline/workspaces/b0/install/fast_lio/local/lib/python3.10/dist-packages/fast_lio/_fast_lio_s.ep.rosidl_typesupport_fastrtps_c.c
[45.377s] -- Installing: /data/fastlio_baseline/workspaces/b0/install/fast_lio/local/lib/python3.10/dist-packages/fast_lio/_fast_lio_s.ep.rosidl_typesupport_c.c
[45.377s] -- Installing: /data/fastlio_baseline/workspaces/b0/install/fast_lio/local/lib/python3.10/dist-packages/fast_lio/fast_lio_s__rosidl_typesupport_fastrtps_c.cpython-310-x86_64-linux-gnu.so
[45.378s] -- Installing: /data/fastlio_baseline/workspaces/b0/install/fast_lio/local/lib/python3.10/dist-packages/fast_lio/_fast_lio_s.ep.rosidl_typesupport_introspection_c.c
[45.378s] -- Installing: /data/fastlio_baseline/workspaces/b0/install/fast_lio/local/lib/python3.10/dist-packages/fast_lio/libfast_lio__rosidl_generator_py.so
[45.378s] -- Installing: /data/fastlio_baseline/workspaces/b0/install/fast_lio/local/lib/python3.10/dist-packages/fast_lio/fast_lio_s__rosidl_typesupport_c.cpython-310-x86_64-linux-gnu.so
[45.378s] -- Installing: /data/fastlio_baseline/workspaces/b0/install/fast_lio/local/lib/python3.10/dist-packages/fast_lio/msg
[45.378s] -- Installing: /data/fastlio_baseline/workspaces/b0/install/fast_lio/local/lib/python3.10/dist-packages/fast_lio/msg/__init__.py
[45.378s] -- Installing: /data/fastlio_baseline/workspaces/b0/install/fast_lio/local/lib/python3.10/dist-packages/fast_lio/msg/_pose6_d.py
[45.378s] -- Installing: /data/fastlio_baseline/workspaces/b0/install/fast_lio/local/lib/python3.10/dist-packages/fast_lio/msg/_pose6_d_s.c
[45.399s] Listing '/data/fastlio_baseline/workspaces/b0/install/fast_lio/local/lib/python3.10/dist-packages/fast_lio'...
[45.399s] Compiling '/data/fastlio_baseline/workspaces/b0/install/fast_lio/local/lib/python3.10/dist-packages/fast_lio/__init__.py'...
[45.399s] Listing '/data/fastlio_baseline/workspaces/b0/install/fast_lio/local/lib/python3.10/dist-packages/fast_lio/msg'...
[45.399s] Compiling '/data/fastlio_baseline/workspaces/b0/install/fast_lio/local/lib/python3.10/dist-packages/fast_lio/msg/__init__.py'...
[45.399s] Compiling '/data/fastlio_baseline/workspaces/b0/install/fast_lio/local/lib/python3.10/dist-packages/fast_lio/msg/_pose6_d.py'...
[45.402s] -- Installing: /data/fastlio_baseline/workspaces/b0/install/fast_lio/local/lib/python3.10/dist-packages/fast_lio/fast_lio_s__rosidl_typesupport_fastrtps_c.cpython-310-x86_64-linux-gnu.so
[45.402s] -- Set runtime path of "/data/fastlio_baseline/workspaces/b0/install/fast_lio/local/lib/python3.10/dist-packages/fast_lio/fast_lio_s__rosidl_typesupport_fastrtps_c.cpython-310-x86_64-linux-gnu.so" to ""
[45.402s] -- Installing: /data/fastlio_baseline/workspaces/b0/install/fast_lio/local/lib/python3.10/dist-packages/fast_lio/fast_lio_s__rosidl_typesupport_introspection_c.cpython-310-x86_64-linux-gnu.so
[45.402s] -- Set runtime path of "/data/fastlio_baseline/workspaces/b0/install/fast_lio/local/lib/python3.10/dist-packages/fast_lio/fast_lio_s__rosidl_typesupport_introspection_c.cpython-310-x86_64-linux-gnu.so" to ""
[45.402s] -- Installing: /data/fastlio_baseline/workspaces/b0/install/fast_lio/local/lib/python3.10/dist-packages/fast_lio/fast_lio_s__rosidl_typesupport_c.cpython-310-x86_64-linux-gnu.so
[45.403s] -- Set runtime path of "/data/fastlio_baseline/workspaces/b0/install/fast_lio/local/lib/python3.10/dist-packages/fast_lio/fast_lio_s__rosidl_typesupport_c.cpython-310-x86_64-linux-gnu.so" to ""
[45.403s] -- Installing: /data/fastlio_baseline/workspaces/b0/install/fast_lio/lib/libfast_lio__rosidl_generator_py.so
[45.403s] -- Set runtime path of "/data/fastlio_baseline/workspaces/b0/install/fast_lio/lib/libfast_lio__rosidl_generator_py.so" to ""
[45.403s] -- Installing: /data/fastlio_baseline/workspaces/b0/install/fast_lio/share/ament_index/resource_index/rust_packages/fast_lio
[45.404s] -- Installing: /data/fastlio_baseline/workspaces/b0/install/fast_lio/share/fast_lio/rust
[45.404s] -- Installing: /data/fastlio_baseline/workspaces/b0/install/fast_lio/share/fast_lio/rust/src
[45.404s] -- Installing: /data/fastlio_baseline/workspaces/b0/install/fast_lio/share/fast_lio/rust/src/lib.rs
[45.404s] -- Installing: /data/fastlio_baseline/workspaces/b0/install/fast_lio/share/fast_lio/rust/src/msg
[45.404s] -- Installing: /data/fastlio_baseline/workspaces/b0/install/fast_lio/share/fast_lio/rust/src/msg/rmw.rs
[45.405s] -- Installing: /data/fastlio_baseline/workspaces/b0/install/fast_lio/share/fast_lio/rust/src/msg.rs
[45.405s] -- Installing: /data/fastlio_baseline/workspaces/b0/install/fast_lio/share/fast_lio/rust/Cargo.toml
[45.405s] -- Installing: /data/fastlio_baseline/workspaces/b0/install/fast_lio/share/fast_lio/rust/build.rs
[45.405s] -- Installing: /data/fastlio_baseline/workspaces/b0/install/fast_lio/share/fast_lio/msg/Pose6D.idl
[45.405s] -- Installing: /data/fastlio_baseline/workspaces/b0/install/fast_lio/share/fast_lio/msg/Pose6D.msg
[45.405s] -- Installing: /data/fastlio_baseline/workspaces/b0/install/fast_lio/lib/fast_lio/fastlio_mapping
[45.406s] -- Set runtime path of "/data/fastlio_baseline/workspaces/b0/install/fast_lio/lib/fast_lio/fastlio_mapping" to ""
[45.406s] -- Installing: /data/fastlio_baseline/workspaces/b0/install/fast_lio/share/fast_lio/config
[45.406s] -- Installing: /data/fastlio_baseline/workspaces/b0/install/fast_lio/share/fast_lio/config/mid360.yaml
[45.406s] -- Installing: /data/fastlio_baseline/workspaces/b0/install/fast_lio/share/fast_lio/config/velodyne.yaml
[45.407s] -- Installing: /data/fastlio_baseline/workspaces/b0/install/fast_lio/share/fast_lio/config/ouster64.yaml
[45.407s] -- Installing: /data/fastlio_baseline/workspaces/b0/install/fast_lio/share/fast_lio/config/avia.yaml
[45.407s] -- Installing: /data/fastlio_baseline/workspaces/b0/install/fast_lio/share/fast_lio/config/horizon.yaml
[45.407s] -- Installing: /data/fastlio_baseline/workspaces/b0/install/fast_lio/share/fast_lio/launch
[45.407s] -- Installing: /data/fastlio_baseline/workspaces/b0/install/fast_lio/share/fast_lio/launch/gdb_debug_example.launch
[45.407s] -- Installing: /data/fastlio_baseline/workspaces/b0/install/fast_lio/share/fast_lio/launch/mapping.launch.py
[45.407s] -- Installing: /data/fastlio_baseline/workspaces/b0/install/fast_lio/share/fast_lio/rviz
[45.407s] -- Installing: /data/fastlio_baseline/workspaces/b0/install/fast_lio/share/fast_lio/rviz/fastlio.rviz
[45.408s] -- Installing: /data/fastlio_baseline/workspaces/b0/install/fast_lio/share/ament_index/resource_index/package_run_dependencies/fast_lio
[45.408s] -- Installing: /data/fastlio_baseline/workspaces/b0/install/fast_lio/share/ament_index/resource_index/parent_prefix_path/fast_lio
[45.408s] -- Installing: /data/fastlio_baseline/workspaces/b0/install/fast_lio/share/fast_lio/environment/ament_prefix_path.sh
[45.408s] -- Installing: /data/fastlio_baseline/workspaces/b0/install/fast_lio/share/fast_lio/environment/ament_prefix_path.dsv
[45.408s] -- Installing: /data/fastlio_baseline/workspaces/b0/install/fast_lio/share/fast_lio/environment/path.sh
[45.409s] -- Installing: /data/fastlio_baseline/workspaces/b0/install/fast_lio/share/fast_lio/environment/path.dsv
[45.409s] -- Installing: /data/fastlio_baseline/workspaces/b0/install/fast_lio/share/fast_lio/local_setup.bash
[45.410s] -- Installing: /data/fastlio_baseline/workspaces/b0/install/fast_lio/share/fast_lio/local_setup.sh
[45.410s] -- Installing: /data/fastlio_baseline/workspaces/b0/install/fast_lio/share/fast_lio/local_setup.zsh
[45.410s] -- Installing: /data/fastlio_baseline/workspaces/b0/install/fast_lio/share/fast_lio/local_setup.dsv
[45.410s] -- Installing: /data/fastlio_baseline/workspaces/b0/install/fast_lio/share/fast_lio/package.dsv
[45.410s] -- Installing: /data/fastlio_baseline/workspaces/b0/install/fast_lio/share/ament_index/resource_index/packages/fast_lio
[45.410s] -- Installing: /data/fastlio_baseline/workspaces/b0/install/fast_lio/share/fast_lio/cmake/export_fast_lio__rosidl_generator_cExport.cmake
[45.410s] -- Installing: /data/fastlio_baseline/workspaces/b0/install/fast_lio/share/fast_lio/cmake/export_fast_lio__rosidl_generator_cExport-release.cmake
[45.411s] -- Installing: /data/fastlio_baseline/workspaces/b0/install/fast_lio/share/fast_lio/cmake/export_fast_lio__rosidl_typesupport_fastrtps_cExport.cmake
[45.411s] -- Installing: /data/fastlio_baseline/workspaces/b0/install/fast_lio/share/fast_lio/cmake/export_fast_lio__rosidl_typesupport_fastrtps_cExport-release.cmake
[45.411s] -- Installing: /data/fastlio_baseline/workspaces/b0/install/fast_lio/share/fast_lio/cmake/export_fast_lio__rosidl_generator_cppExport.cmake
[45.411s] -- Installing: /data/fastlio_baseline/workspaces/b0/install/fast_lio/share/fast_lio/cmake/export_fast_lio__rosidl_typesupport_fastrtps_cppExport.cmake
[45.411s] -- Installing: /data/fastlio_baseline/workspaces/b0/install/fast_lio/share/fast_lio/cmake/export_fast_lio__rosidl_typesupport_fastrtps_cppExport-release.cmake
[45.411s] -- Installing: /data/fastlio_baseline/workspaces/b0/install/fast_lio/share/fast_lio/cmake/fast_lio__rosidl_typesupport_introspection_cExport.cmake
[45.412s] -- Installing: /data/fastlio_baseline/workspaces/b0/install/fast_lio/share/fast_lio/cmake/fast_lio__rosidl_typesupport_introspection_cExport-release.cmake
[45.412s] -- Installing: /data/fastlio_baseline/workspaces/b0/install/fast_lio/share/fast_lio/cmake/fast_lio__rosidl_typesupport_cExport.cmake
[45.412s] -- Installing: /data/fastlio_baseline/workspaces/b0/install/fast_lio/share/fast_lio/cmake/fast_lio__rosidl_typesupport_cExport-release.cmake
[45.412s] -- Installing: /data/fastlio_baseline/workspaces/b0/install/fast_lio/share/fast_lio/cmake/fast_lio__rosidl_typesupport_introspection_cppExport.cmake
[45.412s] -- Installing: /data/fastlio_baseline/workspaces/b0/install/fast_lio/share/fast_lio/cmake/fast_lio__rosidl_typesupport_introspection_cppExport-release.cmake
[45.412s] -- Installing: /data/fastlio_baseline/workspaces/b0/install/fast_lio/share/fast_lio/cmake/fast_lio__rosidl_typesupport_cppExport.cmake
[45.412s] -- Installing: /data/fastlio_baseline/workspaces/b0/install/fast_lio/share/fast_lio/cmake/fast_lio__rosidl_typesupport_cppExport-release.cmake
[45.412s] -- Installing: /data/fastlio_baseline/workspaces/b0/install/fast_lio/share/fast_lio/cmake/export_fast_lio__rosidl_generator_pyExport.cmake
[45.412s] -- Installing: /data/fastlio_baseline/workspaces/b0/install/fast_lio/share/fast_lio/cmake/export_fast_lio__rosidl_generator_pyExport-release.cmake
[45.412s] -- Installing: /data/fastlio_baseline/workspaces/b0/install/fast_lio/share/fast_lio/cmake/rosidl_cmake-extras.cmake
[45.412s] -- Installing: /data/fastlio_baseline/workspaces/b0/install/fast_lio/share/fast_lio/cmake/ament_cmake_export_include_directories-extras.cmake
[45.412s] -- Installing: /data/fastlio_baseline/workspaces/b0/install/fast_lio/share/fast_lio/cmake/ament_cmake_export_libraries-extras.cmake
[45.412s] -- Installing: /data/fastlio_baseline/workspaces/b0/install/fast_lio/share/fast_lio/cmake/ament_cmake_export_targets-extras.cmake
[45.412s] -- Installing: /data/fastlio_baseline/workspaces/b0/install/fast_lio/share/fast_lio/cmake/rosidl_cmake_export_typesupport_targets-extras.cmake
[45.412s] -- Installing: /data/fastlio_baseline/workspaces/b0/install/fast_lio/share/fast_lio/cmake/ament_cmake_export_dependencies-extras.cmake
[45.412s] -- Installing: /data/fastlio_baseline/workspaces/b0/install/fast_lio/share/fast_lio/cmake/rosidl_cmake_export_typesupport_libraries-extras.cmake
[45.412s] -- Installing: /data/fastlio_baseline/workspaces/b0/install/fast_lio/share/fast_lio/cmake/fast_lioConfig.cmake
[45.412s] -- Installing: /data/fastlio_baseline/workspaces/b0/install/fast_lio/share/fast_lio/cmake/fast_lioConfig-version.cmake
[45.412s] -- Installing: /data/fastlio_baseline/workspaces/b0/install/fast_lio/share/fast_lio/package.xml
[45.414s] Invoked command in '/data/fastlio_baseline/workspaces/b0/build/fast_lio' returned '0': AMENT_PREFIX_PATH=/data/fastlio_baseline/workspaces/b0/install/livox_ros_driver2:${AMENT_PREFIX_PATH} CMAKE_PREFIX_PATH=/data/fastlio_baseline/workspaces/b0/install/livox_ros_driver2:/opt/ros/humble LD_LIBRARY_PATH=/data/fastlio_baseline/workspaces/b0/install/livox_ros_driver2/lib:${LD_LIBRARY_PATH} PYTHONPATH=/data/fastlio_baseline/workspaces/b0/install/livox_ros_driver2/local/lib/python3.10/dist-packages:${PYTHONPATH} /usr/bin/cmake --install /data/fastlio_baseline/workspaces/b0/build/fast_lio
