[0.117s] Invoking command in '/workspace/stage2_workspaces/b2/build/fast_lio': AMENT_PREFIX_PATH=/workspace/stage2_workspaces/b2/install/livox_ros_driver2:${AMENT_PREFIX_PATH} CMAKE_PREFIX_PATH=/workspace/stage2_workspaces/b2/install/livox_ros_driver2:/opt/ros/humble LD_LIBRARY_PATH=/workspace/stage2_workspaces/b2/install/livox_ros_driver2/lib:${LD_LIBRARY_PATH} PYTHONPATH=/workspace/stage2_workspaces/b2/install/livox_ros_driver2/local/lib/python3.10/dist-packages:${PYTHONPATH} /usr/bin/cmake /workspace/stage2_workspaces/b2/src/fast_lio -DCMAKE_BUILD_TYPE=Release -DCMAKE_EXPORT_COMPILE_COMMANDS=ON -DROS_EDITION=ROS2 -DDISTRO_ROS=humble -DCMAKE_INSTALL_PREFIX=/workspace/stage2_workspaces/b2/install/fast_lio
[0.285s] Current CPU archtecture: x86_64
[0.344s] Processer number:  20
[0.345s] core for MP: 3
[0.349s] -- Found PythonLibs: /usr/lib/x86_64-linux-gnu/libpython3.10.so (found version "3.10.12") 
[0.357s] -- Found ament_cmake: 1.3.14 (/opt/ros/humble/share/ament_cmake/cmake)
[0.927s] -- Found rclcpp: 16.0.19 (/opt/ros/humble/share/rclcpp/cmake)
[0.970s] -- Found rosidl_generator_c: 3.1.8 (/opt/ros/humble/share/rosidl_generator_c/cmake)
[0.973s] -- Found rosidl_adapter: 3.1.8 (/opt/ros/humble/share/rosidl_adapter/cmake)
[0.980s] -- Found rosidl_generator_cpp: 3.1.8 (/opt/ros/humble/share/rosidl_generator_cpp/cmake)
[0.993s] -- Using all available rosidl_typesupport_c: rosidl_typesupport_fastrtps_c;rosidl_typesupport_introspection_c
[1.008s] -- Using all available rosidl_typesupport_cpp: rosidl_typesupport_fastrtps_cpp;rosidl_typesupport_introspection_cpp
[1.044s] -- Found rmw_implementation_cmake: 6.1.2 (/opt/ros/humble/share/rmw_implementation_cmake/cmake)
[1.049s] -- Found rmw_fastrtps_cpp: 6.2.10 (/opt/ros/humble/share/rmw_fastrtps_cpp/cmake)
[1.453s] -- Using RMW implementation 'rmw_fastrtps_cpp' as default
[1.494s] -- Found rclcpp_components: 16.0.19 (/opt/ros/humble/share/rclcpp_components/cmake)
[1.512s] -- Found geometry_msgs: 4.9.1 (/opt/ros/humble/share/geometry_msgs/cmake)
[1.523s] -- Found nav_msgs: 4.9.1 (/opt/ros/humble/share/nav_msgs/cmake)
[1.535s] -- Found sensor_msgs: 4.9.1 (/opt/ros/humble/share/sensor_msgs/cmake)
[1.548s] -- Found std_srvs: 4.9.1 (/opt/ros/humble/share/std_srvs/cmake)
[1.557s] -- Found visualization_msgs: 4.9.1 (/opt/ros/humble/share/visualization_msgs/cmake)
[1.572s] -- Found pcl_ros: 2.4.5 (/opt/ros/humble/share/pcl_ros/cmake)
[1.644s] -- Eigen found (include: /usr/include/eigen3, version: 3.4.0)
[1.766s] -- FLANN found (include: /usr/include, lib: /usr/lib/x86_64-linux-gnu/libflann_cpp.so)
[3.273s] -- OpenNI found (version: 1.5.4.0, include: /usr/include/ni, lib: /usr/lib/libOpenNI.so;libusb::libusb)
[3.298s] -- OpenNI2 found (version: 2.2.0.33, include: /usr/include/openni2, lib: /usr/lib/x86_64-linux-gnu/libOpenNI2.so;libusb::libusb)
[3.737s] -- Eigen found (include: /usr/include/eigen3, version: 3.4.0)
[3.760s] -- OpenNI found (version: 1.5.4.0, include: /usr/include/ni, lib: /usr/lib/libOpenNI.so;libusb::libusb)
[3.783s] -- OpenNI2 found (version: 2.2.0.33, include: /usr/include/openni2, lib: /usr/lib/x86_64-linux-gnu/libOpenNI2.so;libusb::libusb)
[4.163s] -- Found Qhull version 8.0.2
[4.561s] -- OpenNI found (version: 1.5.4.0, include: /usr/include/ni, lib: /usr/lib/libOpenNI.so;libusb::libusb)
[4.962s] -- Found eigen3_cmake_module: 0.1.1 (/opt/ros/humble/share/eigen3_cmake_module/cmake)
[4.963s] -- Ensuring Eigen3 include directory is part of orocos-kdl CMake target
[5.028s] -- Found livox_ros_driver2: 1.0.0 (/workspace/stage2_workspaces/b2/install/livox_ros_driver2/share/livox_ros_driver2/cmake)
[5.385s] -- Found rosidl_default_generators: 1.2.1 (/opt/ros/humble/share/rosidl_default_generators/cmake)
[5.405s] CMake Warning (dev) at CMakeLists.txt:81 (find_package):
[5.405s]   Policy CMP0074 is not set: find_package uses <PackageName>_ROOT variables.
[5.406s]   Run "cmake --help-policy CMP0074" for policy details.  Use the cmake_policy
[5.407s]   command to set the policy and suppress this warning.
[5.407s] 
[5.408s]   CMake variable PCL_ROOT is set to:
[5.409s] 
[5.409s]     /usr
[5.410s] 
[5.411s]   For compatibility, CMake is ignoring the variable.
[5.411s] This warning is for project developers.  Use -Wno-dev to suppress it.
[5.412s] 
[5.447s] Eigen:/usr/include/eigen3
[5.448s] -- PCL: /usr/include/pcl-1.12
[6.422s] -- Found ament_cmake_ros: 0.10.0 (/opt/ros/humble/share/ament_cmake_ros/cmake)
[7.723s] -- Using all available rosidl_typesupport_c: rosidl_typesupport_fastrtps_c;rosidl_typesupport_introspection_c
[8.218s] -- Using all available rosidl_typesupport_cpp: rosidl_typesupport_fastrtps_cpp;rosidl_typesupport_introspection_cpp
[8.305s] -- Found python_cmake_module: 0.10.0 (/opt/ros/humble/share/python_cmake_module/cmake)
[8.385s] -- Found PythonLibs: /usr/lib/x86_64-linux-gnu/libpython3.10.so (found suitable version "3.10.12", minimum required is "3.5") 
[8.385s] -- Using PYTHON_EXECUTABLE: /usr/bin/python3
[8.386s] -- Using PYTHON_INCLUDE_DIRS: /usr/include/python3.10
[8.386s] -- Using PYTHON_LIBRARIES: /usr/lib/x86_64-linux-gnu/libpython3.10.so
[9.027s] -- Configuring done
[10.913s] -- Generating done
[11.582s] -- Build files have been written to: /workspace/stage2_workspaces/b2/build/fast_lio
[11.593s] Invoked command in '/workspace/stage2_workspaces/b2/build/fast_lio' returned '0': AMENT_PREFIX_PATH=/workspace/stage2_workspaces/b2/install/livox_ros_driver2:${AMENT_PREFIX_PATH} CMAKE_PREFIX_PATH=/workspace/stage2_workspaces/b2/install/livox_ros_driver2:/opt/ros/humble LD_LIBRARY_PATH=/workspace/stage2_workspaces/b2/install/livox_ros_driver2/lib:${LD_LIBRARY_PATH} PYTHONPATH=/workspace/stage2_workspaces/b2/install/livox_ros_driver2/local/lib/python3.10/dist-packages:${PYTHONPATH} /usr/bin/cmake /workspace/stage2_workspaces/b2/src/fast_lio -DCMAKE_BUILD_TYPE=Release -DCMAKE_EXPORT_COMPILE_COMMANDS=ON -DROS_EDITION=ROS2 -DDISTRO_ROS=humble -DCMAKE_INSTALL_PREFIX=/workspace/stage2_workspaces/b2/install/fast_lio
[11.600s] Invoking command in '/workspace/stage2_workspaces/b2/build/fast_lio': AMENT_PREFIX_PATH=/workspace/stage2_workspaces/b2/install/livox_ros_driver2:${AMENT_PREFIX_PATH} CMAKE_PREFIX_PATH=/workspace/stage2_workspaces/b2/install/livox_ros_driver2:/opt/ros/humble LD_LIBRARY_PATH=/workspace/stage2_workspaces/b2/install/livox_ros_driver2/lib:${LD_LIBRARY_PATH} PYTHONPATH=/workspace/stage2_workspaces/b2/install/livox_ros_driver2/local/lib/python3.10/dist-packages:${PYTHONPATH} /usr/bin/cmake --build /workspace/stage2_workspaces/b2/build/fast_lio -- -j20 -l20
[12.048s] [  2%] Generating C code for ROS interfaces
[12.087s] [  5%] Generating C++ code for ROS interfaces
[12.103s] [  8%] Generating Rust code for ROS interfaces
[12.150s] [  8%] Built target ament_cmake_python_copy_fast_lio
[12.497s] [  8%] Built target fast_lio__cpp
[12.525s] [  8%] Built target fast_lio__rs
[12.547s] [ 13%] Generating C++ introspection for ROS interfaces
[12.548s] [ 13%] Building C object CMakeFiles/fast_lio__rosidl_generator_c.dir/rosidl_generator_c/fast_lio/msg/detail/pose6_d__functions.c.o
[12.552s] [ 16%] Generating C++ type support dispatch for ROS interfaces
[12.559s] [ 18%] Generating C++ type support for eProsima Fast-RTPS
[12.844s] [ 21%] Linking C shared library libfast_lio__rosidl_generator_c.so
[12.887s] running egg_info
[12.888s] creating fast_lio.egg-info
[12.890s] writing fast_lio.egg-info/PKG-INFO
[12.895s] writing dependency_links to fast_lio.egg-info/dependency_links.txt
[12.902s] writing top-level names to fast_lio.egg-info/top_level.txt
[12.907s] writing manifest file 'fast_lio.egg-info/SOURCES.txt'
[12.924s] reading manifest file 'fast_lio.egg-info/SOURCES.txt'
[12.948s] writing manifest file 'fast_lio.egg-info/SOURCES.txt'
[12.960s] [ 24%] Building CXX object CMakeFiles/fast_lio__rosidl_typesupport_cpp.dir/rosidl_typesupport_cpp/fast_lio/msg/pose6_d__type_support.cpp.o
[12.979s] [ 27%] Building CXX object CMakeFiles/fast_lio__rosidl_typesupport_fastrtps_cpp.dir/rosidl_typesupport_fastrtps_cpp/fast_lio/msg/detail/dds_fastrtps/pose6_d__type_support.cpp.o
[12.984s] [ 29%] Building CXX object CMakeFiles/fast_lio__rosidl_typesupport_introspection_cpp.dir/rosidl_typesupport_introspection_cpp/fast_lio/msg/detail/pose6_d__type_support.cpp.o
[12.995s] [ 29%] Built target fast_lio__rosidl_generator_c
[13.008s] [ 29%] Built target ament_cmake_python_build_fast_lio_egg
[13.057s] [ 32%] Generating C type support dispatch for ROS interfaces
[13.063s] [ 35%] Generating C type support for eProsima Fast-RTPS
[13.083s] [ 37%] Generating C introspection for ROS interfaces
[13.419s] [ 40%] Linking CXX shared library libfast_lio__rosidl_typesupport_cpp.so
[13.466s] [ 43%] Building CXX object CMakeFiles/fast_lio__rosidl_typesupport_c.dir/rosidl_typesupport_c/fast_lio/msg/pose6_d__type_support.cpp.o
[13.538s] [ 45%] Building CXX object CMakeFiles/fast_lio__rosidl_typesupport_fastrtps_c.dir/rosidl_typesupport_fastrtps_c/fast_lio/msg/detail/pose6_d__type_support_c.cpp.o
[13.581s] [ 45%] Built target fast_lio__rosidl_typesupport_cpp
[13.595s] [ 48%] Building C object CMakeFiles/fast_lio__rosidl_typesupport_introspection_c.dir/rosidl_typesupport_introspection_c/fast_lio/msg/detail/pose6_d__type_support.c.o
[13.629s] [ 51%] Linking CXX shared library libfast_lio__rosidl_typesupport_introspection_cpp.so
[13.638s] [ 54%] Linking CXX shared library libfast_lio__rosidl_typesupport_c.so
[13.690s] [ 56%] Linking CXX shared library libfast_lio__rosidl_typesupport_fastrtps_cpp.so
[13.715s] [ 59%] Building CXX object CMakeFiles/fastlio_mapping.dir/src/laserMapping.cpp.o
[13.719s] [ 62%] Building CXX object CMakeFiles/fastlio_mapping.dir/src/lifecycle_observer.cpp.o
[13.723s] [ 64%] Building CXX object CMakeFiles/fastlio_mapping.dir/include/ikd-Tree/ikd_Tree.cpp.o
[13.730s] [ 67%] Building CXX object CMakeFiles/fastlio_mapping.dir/src/preprocess.cpp.o
[13.811s] [ 67%] Built target fast_lio__rosidl_typesupport_introspection_cpp
[13.820s] [ 67%] Built target fast_lio__rosidl_typesupport_c
[13.896s] [ 67%] Built target fast_lio__rosidl_typesupport_fastrtps_cpp
[13.923s] [ 70%] Linking C shared library libfast_lio__rosidl_typesupport_introspection_c.so
[14.172s] [ 70%] Built target fast_lio__rosidl_typesupport_introspection_c
[14.237s] [ 72%] Linking CXX shared library libfast_lio__rosidl_typesupport_fastrtps_c.so
[14.525s] [ 72%] Built target fast_lio__rosidl_typesupport_fastrtps_c
[14.745s] [ 72%] Built target fast_lio
[14.979s] [ 75%] Generating Python code for ROS interfaces
[15.633s] [ 75%] Built target fast_lio__py
[15.929s] [ 78%] Building C object CMakeFiles/fast_lio__rosidl_generator_py.dir/rosidl_generator_py/fast_lio/msg/_pose6_d_s.c.o
[16.424s] [ 81%] Linking C shared library rosidl_generator_py/fast_lio/libfast_lio__rosidl_generator_py.so
[16.736s] [ 81%] Built target fast_lio__rosidl_generator_py
[16.865s] [ 83%] Building C object CMakeFiles/fast_lio__rosidl_typesupport_introspection_c__pyext.dir/rosidl_generator_py/fast_lio/_fast_lio_s.ep.rosidl_typesupport_introspection_c.c.o
[16.870s] [ 86%] Building C object CMakeFiles/fast_lio__rosidl_typesupport_fastrtps_c__pyext.dir/rosidl_generator_py/fast_lio/_fast_lio_s.ep.rosidl_typesupport_fastrtps_c.c.o
[16.901s] [ 89%] Building C object CMakeFiles/fast_lio__rosidl_typesupport_c__pyext.dir/rosidl_generator_py/fast_lio/_fast_lio_s.ep.rosidl_typesupport_c.c.o
[17.287s] [ 91%] Linking C shared library rosidl_generator_py/fast_lio/fast_lio_s__rosidl_typesupport_c.cpython-310-x86_64-linux-gnu.so
[17.292s] [ 94%] Linking C shared library rosidl_generator_py/fast_lio/fast_lio_s__rosidl_typesupport_introspection_c.cpython-310-x86_64-linux-gnu.so
[17.301s] [ 97%] Linking C shared library rosidl_generator_py/fast_lio/fast_lio_s__rosidl_typesupport_fastrtps_c.cpython-310-x86_64-linux-gnu.so
[17.450s] [ 97%] Built target fast_lio__rosidl_typesupport_c__pyext
[17.461s] [ 97%] Built target fast_lio__rosidl_typesupport_introspection_c__pyext
[17.556s] [ 97%] Built target fast_lio__rosidl_typesupport_fastrtps_c__pyext
[25.568s] In file included from /usr/include/boost/smart_ptr/detail/sp_thread_sleep.hpp:22,
[25.568s]                  from /usr/include/boost/smart_ptr/detail/yield_k.hpp:23,
[25.569s]                  from /usr/include/boost/smart_ptr/detail/spinlock_gcc_atomic.hpp:14,
[25.570s]                  from /usr/include/boost/smart_ptr/detail/spinlock.hpp:42,
[25.570s]                  from /usr/include/boost/smart_ptr/detail/spinlock_pool.hpp:25,
[25.571s]                  from /usr/include/boost/smart_ptr/shared_ptr.hpp:29,
[25.571s]                  from /usr/include/boost/shared_ptr.hpp:17,
[25.572s]                  from /usr/include/boost/date_time/microsec_time_clock.hpp:18,
[25.573s]                  from /usr/include/boost/interprocess/detail/posix_time_types_wrk.hpp:31,
[25.573s]                  from /usr/include/boost/interprocess/detail/os_thread_functions.hpp:36,
[25.574s]                  from /usr/include/boost/interprocess/sync/file_lock.hpp:26,
[25.574s]                  from /usr/include/pcl-1.12/pcl/io/pcd_io.h:46,
[25.575s]                  from /opt/ros/humble/include/pcl_conversions/pcl_conversions/pcl_conversions.h:73,
[25.575s]                  from /workspace/stage2_workspaces/b2/src/fast_lio/src/IMU_Processing.hpp:18,
[25.576s]                  from /workspace/stage2_workspaces/b2/src/fast_lio/src/laserMapping.cpp:50:
[25.577s] /usr/include/boost/bind.hpp:36:1: note: ‘#pragma message: The practice of declaring the Bind placeholders (_1, _2, ...) in the global namespace is deprecated. Please use <boost/bind/bind.hpp> + using namespace boost::placeholders, or define BOOST_BIND_GLOBAL_PLACEHOLDERS to retain the current behavior.’
[25.577s]    36 | BOOST_PRAGMA_MESSAGE(
[25.578s]       | ^~~~~~~~~~~~~~~~~~~~
[66.024s] [100%] Linking CXX executable fastlio_mapping
[68.104s] [100%] Built target fastlio_mapping
[68.311s] Invoked command in '/workspace/stage2_workspaces/b2/build/fast_lio' returned '0': AMENT_PREFIX_PATH=/workspace/stage2_workspaces/b2/install/livox_ros_driver2:${AMENT_PREFIX_PATH} CMAKE_PREFIX_PATH=/workspace/stage2_workspaces/b2/install/livox_ros_driver2:/opt/ros/humble LD_LIBRARY_PATH=/workspace/stage2_workspaces/b2/install/livox_ros_driver2/lib:${LD_LIBRARY_PATH} PYTHONPATH=/workspace/stage2_workspaces/b2/install/livox_ros_driver2/local/lib/python3.10/dist-packages:${PYTHONPATH} /usr/bin/cmake --build /workspace/stage2_workspaces/b2/build/fast_lio -- -j20 -l20
[68.327s] Invoking command in '/workspace/stage2_workspaces/b2/build/fast_lio': AMENT_PREFIX_PATH=/workspace/stage2_workspaces/b2/install/livox_ros_driver2:${AMENT_PREFIX_PATH} CMAKE_PREFIX_PATH=/workspace/stage2_workspaces/b2/install/livox_ros_driver2:/opt/ros/humble LD_LIBRARY_PATH=/workspace/stage2_workspaces/b2/install/livox_ros_driver2/lib:${LD_LIBRARY_PATH} PYTHONPATH=/workspace/stage2_workspaces/b2/install/livox_ros_driver2/local/lib/python3.10/dist-packages:${PYTHONPATH} /usr/bin/cmake --install /workspace/stage2_workspaces/b2/build/fast_lio
[68.407s] -- Install configuration: "Release"
[68.434s] -- Installing: /workspace/stage2_workspaces/b2/install/fast_lio/share/ament_index/resource_index/rosidl_interfaces/fast_lio
[68.493s] -- Installing: /workspace/stage2_workspaces/b2/install/fast_lio/include/fast_lio/fast_lio
[68.514s] -- Installing: /workspace/stage2_workspaces/b2/install/fast_lio/include/fast_lio/fast_lio/msg
[68.539s] -- Installing: /workspace/stage2_workspaces/b2/install/fast_lio/include/fast_lio/fast_lio/msg/detail
[68.576s] -- Installing: /workspace/stage2_workspaces/b2/install/fast_lio/include/fast_lio/fast_lio/msg/detail/pose6_d__functions.c
[68.658s] -- Installing: /workspace/stage2_workspaces/b2/install/fast_lio/include/fast_lio/fast_lio/msg/detail/pose6_d__functions.h
[68.739s] -- Installing: /workspace/stage2_workspaces/b2/install/fast_lio/include/fast_lio/fast_lio/msg/detail/pose6_d__struct.h
[68.820s] -- Installing: /workspace/stage2_workspaces/b2/install/fast_lio/include/fast_lio/fast_lio/msg/detail/pose6_d__type_support.h
[68.890s] -- Installing: /workspace/stage2_workspaces/b2/install/fast_lio/include/fast_lio/fast_lio/msg/pose6_d.h
[68.943s] -- Installing: /workspace/stage2_workspaces/b2/install/fast_lio/include/fast_lio/fast_lio/msg/rosidl_generator_c__visibility_control.h
[68.991s] -- Installing: /workspace/stage2_workspaces/b2/install/fast_lio/share/fast_lio/environment/library_path.sh
[69.027s] -- Installing: /workspace/stage2_workspaces/b2/install/fast_lio/share/fast_lio/environment/library_path.dsv
[69.065s] -- Installing: /workspace/stage2_workspaces/b2/install/fast_lio/lib/libfast_lio__rosidl_generator_c.so
[69.109s] -- Set runtime path of "/workspace/stage2_workspaces/b2/install/fast_lio/lib/libfast_lio__rosidl_generator_c.so" to ""
[69.116s] -- Up-to-date: /workspace/stage2_workspaces/b2/install/fast_lio/include/fast_lio/fast_lio
[69.128s] -- Up-to-date: /workspace/stage2_workspaces/b2/install/fast_lio/include/fast_lio/fast_lio/msg
[69.142s] -- Up-to-date: /workspace/stage2_workspaces/b2/install/fast_lio/include/fast_lio/fast_lio/msg/detail
[69.162s] -- Installing: /workspace/stage2_workspaces/b2/install/fast_lio/include/fast_lio/fast_lio/msg/detail/pose6_d__rosidl_typesupport_fastrtps_c.h
[69.213s] -- Installing: /workspace/stage2_workspaces/b2/install/fast_lio/include/fast_lio/fast_lio/msg/rosidl_typesupport_fastrtps_c__visibility_control.h
[69.256s] -- Installing: /workspace/stage2_workspaces/b2/install/fast_lio/lib/libfast_lio__rosidl_typesupport_fastrtps_c.so
[69.302s] -- Set runtime path of "/workspace/stage2_workspaces/b2/install/fast_lio/lib/libfast_lio__rosidl_typesupport_fastrtps_c.so" to ""
[69.313s] -- Up-to-date: /workspace/stage2_workspaces/b2/install/fast_lio/include/fast_lio/fast_lio
[69.336s] -- Up-to-date: /workspace/stage2_workspaces/b2/install/fast_lio/include/fast_lio/fast_lio/msg
[69.362s] -- Up-to-date: /workspace/stage2_workspaces/b2/install/fast_lio/include/fast_lio/fast_lio/msg/detail
[69.394s] -- Installing: /workspace/stage2_workspaces/b2/install/fast_lio/include/fast_lio/fast_lio/msg/detail/pose6_d__builder.hpp
[69.458s] -- Installing: /workspace/stage2_workspaces/b2/install/fast_lio/include/fast_lio/fast_lio/msg/detail/pose6_d__struct.hpp
[69.513s] -- Installing: /workspace/stage2_workspaces/b2/install/fast_lio/include/fast_lio/fast_lio/msg/detail/pose6_d__traits.hpp
[69.566s] -- Installing: /workspace/stage2_workspaces/b2/install/fast_lio/include/fast_lio/fast_lio/msg/detail/pose6_d__type_support.hpp
[69.619s] -- Installing: /workspace/stage2_workspaces/b2/install/fast_lio/include/fast_lio/fast_lio/msg/pose6_d.hpp
[69.663s] -- Installing: /workspace/stage2_workspaces/b2/install/fast_lio/include/fast_lio/fast_lio/msg/rosidl_generator_cpp__visibility_control.hpp
[69.708s] -- Up-to-date: /workspace/stage2_workspaces/b2/install/fast_lio/include/fast_lio/fast_lio
[69.721s] -- Up-to-date: /workspace/stage2_workspaces/b2/install/fast_lio/include/fast_lio/fast_lio/msg
[69.736s] -- Up-to-date: /workspace/stage2_workspaces/b2/install/fast_lio/include/fast_lio/fast_lio/msg/detail
[69.753s] -- Installing: /workspace/stage2_workspaces/b2/install/fast_lio/include/fast_lio/fast_lio/msg/detail/dds_fastrtps
[69.782s] -- Installing: /workspace/stage2_workspaces/b2/install/fast_lio/include/fast_lio/fast_lio/msg/detail/pose6_d__rosidl_typesupport_fastrtps_cpp.hpp
[69.837s] -- Installing: /workspace/stage2_workspaces/b2/install/fast_lio/include/fast_lio/fast_lio/msg/rosidl_typesupport_fastrtps_cpp__visibility_control.h
[69.901s] -- Installing: /workspace/stage2_workspaces/b2/install/fast_lio/lib/libfast_lio__rosidl_typesupport_fastrtps_cpp.so
[69.976s] -- Set runtime path of "/workspace/stage2_workspaces/b2/install/fast_lio/lib/libfast_lio__rosidl_typesupport_fastrtps_cpp.so" to ""
[69.986s] -- Up-to-date: /workspace/stage2_workspaces/b2/install/fast_lio/include/fast_lio/fast_lio
[70.006s] -- Up-to-date: /workspace/stage2_workspaces/b2/install/fast_lio/include/fast_lio/fast_lio/msg
[70.029s] -- Up-to-date: /workspace/stage2_workspaces/b2/install/fast_lio/include/fast_lio/fast_lio/msg/detail
[70.069s] -- Installing: /workspace/stage2_workspaces/b2/install/fast_lio/include/fast_lio/fast_lio/msg/detail/pose6_d__rosidl_typesupport_introspection_c.h
[70.154s] -- Installing: /workspace/stage2_workspaces/b2/install/fast_lio/include/fast_lio/fast_lio/msg/detail/pose6_d__type_support.c
[70.222s] -- Installing: /workspace/stage2_workspaces/b2/install/fast_lio/include/fast_lio/fast_lio/msg/rosidl_typesupport_introspection_c__visibility_control.h
[70.281s] -- Installing: /workspace/stage2_workspaces/b2/install/fast_lio/lib/libfast_lio__rosidl_typesupport_introspection_c.so
[70.336s] -- Set runtime path of "/workspace/stage2_workspaces/b2/install/fast_lio/lib/libfast_lio__rosidl_typesupport_introspection_c.so" to ""
[70.349s] -- Installing: /workspace/stage2_workspaces/b2/install/fast_lio/lib/libfast_lio__rosidl_typesupport_c.so
[70.412s] -- Set runtime path of "/workspace/stage2_workspaces/b2/install/fast_lio/lib/libfast_lio__rosidl_typesupport_c.so" to ""
[70.421s] -- Up-to-date: /workspace/stage2_workspaces/b2/install/fast_lio/include/fast_lio/fast_lio
[70.441s] -- Up-to-date: /workspace/stage2_workspaces/b2/install/fast_lio/include/fast_lio/fast_lio/msg
[70.459s] -- Up-to-date: /workspace/stage2_workspaces/b2/install/fast_lio/include/fast_lio/fast_lio/msg/detail
[70.478s] -- Installing: /workspace/stage2_workspaces/b2/install/fast_lio/include/fast_lio/fast_lio/msg/detail/pose6_d__rosidl_typesupport_introspection_cpp.hpp
[70.529s] -- Installing: /workspace/stage2_workspaces/b2/install/fast_lio/include/fast_lio/fast_lio/msg/detail/pose6_d__type_support.cpp
[70.592s] -- Installing: /workspace/stage2_workspaces/b2/install/fast_lio/lib/libfast_lio__rosidl_typesupport_introspection_cpp.so
[70.665s] -- Set runtime path of "/workspace/stage2_workspaces/b2/install/fast_lio/lib/libfast_lio__rosidl_typesupport_introspection_cpp.so" to ""
[70.677s] -- Installing: /workspace/stage2_workspaces/b2/install/fast_lio/lib/libfast_lio__rosidl_typesupport_cpp.so
[70.725s] -- Set runtime path of "/workspace/stage2_workspaces/b2/install/fast_lio/lib/libfast_lio__rosidl_typesupport_cpp.so" to ""
[70.734s] -- Installing: /workspace/stage2_workspaces/b2/install/fast_lio/share/fast_lio/environment/pythonpath.sh
[70.770s] -- Installing: /workspace/stage2_workspaces/b2/install/fast_lio/share/fast_lio/environment/pythonpath.dsv
[70.804s] -- Installing: /workspace/stage2_workspaces/b2/install/fast_lio/local/lib/python3.10/dist-packages/fast_lio-0.0.0-py3.10.egg-info
[70.827s] -- Installing: /workspace/stage2_workspaces/b2/install/fast_lio/local/lib/python3.10/dist-packages/fast_lio-0.0.0-py3.10.egg-info/dependency_links.txt
[70.877s] -- Installing: /workspace/stage2_workspaces/b2/install/fast_lio/local/lib/python3.10/dist-packages/fast_lio-0.0.0-py3.10.egg-info/PKG-INFO
[70.926s] -- Installing: /workspace/stage2_workspaces/b2/install/fast_lio/local/lib/python3.10/dist-packages/fast_lio-0.0.0-py3.10.egg-info/SOURCES.txt
[70.974s] -- Installing: /workspace/stage2_workspaces/b2/install/fast_lio/local/lib/python3.10/dist-packages/fast_lio-0.0.0-py3.10.egg-info/top_level.txt
[71.026s] -- Installing: /workspace/stage2_workspaces/b2/install/fast_lio/local/lib/python3.10/dist-packages/fast_lio
[71.053s] -- Installing: /workspace/stage2_workspaces/b2/install/fast_lio/local/lib/python3.10/dist-packages/fast_lio/fast_lio_s__rosidl_typesupport_c.cpython-310-x86_64-linux-gnu.so
[71.130s] -- Installing: /workspace/stage2_workspaces/b2/install/fast_lio/local/lib/python3.10/dist-packages/fast_lio/fast_lio_s__rosidl_typesupport_fastrtps_c.cpython-310-x86_64-linux-gnu.so
[71.212s] -- Installing: /workspace/stage2_workspaces/b2/install/fast_lio/local/lib/python3.10/dist-packages/fast_lio/fast_lio_s__rosidl_typesupport_introspection_c.cpython-310-x86_64-linux-gnu.so
[71.286s] -- Installing: /workspace/stage2_workspaces/b2/install/fast_lio/local/lib/python3.10/dist-packages/fast_lio/libfast_lio__rosidl_generator_py.so
[71.342s] -- Installing: /workspace/stage2_workspaces/b2/install/fast_lio/local/lib/python3.10/dist-packages/fast_lio/msg
[71.381s] -- Installing: /workspace/stage2_workspaces/b2/install/fast_lio/local/lib/python3.10/dist-packages/fast_lio/msg/_pose6_d.py
[71.471s] -- Installing: /workspace/stage2_workspaces/b2/install/fast_lio/local/lib/python3.10/dist-packages/fast_lio/msg/_pose6_d_s.c
[71.559s] -- Installing: /workspace/stage2_workspaces/b2/install/fast_lio/local/lib/python3.10/dist-packages/fast_lio/msg/__init__.py
[71.618s] -- Installing: /workspace/stage2_workspaces/b2/install/fast_lio/local/lib/python3.10/dist-packages/fast_lio/_fast_lio_s.ep.rosidl_typesupport_c.c
[71.689s] -- Installing: /workspace/stage2_workspaces/b2/install/fast_lio/local/lib/python3.10/dist-packages/fast_lio/_fast_lio_s.ep.rosidl_typesupport_fastrtps_c.c
[71.745s] -- Installing: /workspace/stage2_workspaces/b2/install/fast_lio/local/lib/python3.10/dist-packages/fast_lio/_fast_lio_s.ep.rosidl_typesupport_introspection_c.c
[71.791s] -- Installing: /workspace/stage2_workspaces/b2/install/fast_lio/local/lib/python3.10/dist-packages/fast_lio/__init__.py
[72.241s] Listing '/workspace/stage2_workspaces/b2/install/fast_lio/local/lib/python3.10/dist-packages/fast_lio'...
[72.241s] Compiling '/workspace/stage2_workspaces/b2/install/fast_lio/local/lib/python3.10/dist-packages/fast_lio/__init__.py'...
[72.242s] Listing '/workspace/stage2_workspaces/b2/install/fast_lio/local/lib/python3.10/dist-packages/fast_lio/msg'...
[72.242s] Compiling '/workspace/stage2_workspaces/b2/install/fast_lio/local/lib/python3.10/dist-packages/fast_lio/msg/__init__.py'...
[72.243s] Compiling '/workspace/stage2_workspaces/b2/install/fast_lio/local/lib/python3.10/dist-packages/fast_lio/msg/_pose6_d.py'...
[72.288s] -- Installing: /workspace/stage2_workspaces/b2/install/fast_lio/local/lib/python3.10/dist-packages/fast_lio/fast_lio_s__rosidl_typesupport_fastrtps_c.cpython-310-x86_64-linux-gnu.so
[72.409s] -- Set runtime path of "/workspace/stage2_workspaces/b2/install/fast_lio/local/lib/python3.10/dist-packages/fast_lio/fast_lio_s__rosidl_typesupport_fastrtps_c.cpython-310-x86_64-linux-gnu.so" to ""
[72.458s] -- Installing: /workspace/stage2_workspaces/b2/install/fast_lio/local/lib/python3.10/dist-packages/fast_lio/fast_lio_s__rosidl_typesupport_introspection_c.cpython-310-x86_64-linux-gnu.so
[72.539s] -- Set runtime path of "/workspace/stage2_workspaces/b2/install/fast_lio/local/lib/python3.10/dist-packages/fast_lio/fast_lio_s__rosidl_typesupport_introspection_c.cpython-310-x86_64-linux-gnu.so" to ""
[72.575s] -- Installing: /workspace/stage2_workspaces/b2/install/fast_lio/local/lib/python3.10/dist-packages/fast_lio/fast_lio_s__rosidl_typesupport_c.cpython-310-x86_64-linux-gnu.so
[72.677s] -- Set runtime path of "/workspace/stage2_workspaces/b2/install/fast_lio/local/lib/python3.10/dist-packages/fast_lio/fast_lio_s__rosidl_typesupport_c.cpython-310-x86_64-linux-gnu.so" to ""
[72.696s] -- Installing: /workspace/stage2_workspaces/b2/install/fast_lio/lib/libfast_lio__rosidl_generator_py.so
[72.754s] -- Set runtime path of "/workspace/stage2_workspaces/b2/install/fast_lio/lib/libfast_lio__rosidl_generator_py.so" to ""
[72.777s] -- Installing: /workspace/stage2_workspaces/b2/install/fast_lio/share/ament_index/resource_index/rust_packages/fast_lio
[72.822s] -- Installing: /workspace/stage2_workspaces/b2/install/fast_lio/share/fast_lio/rust
[72.840s] -- Installing: /workspace/stage2_workspaces/b2/install/fast_lio/share/fast_lio/rust/build.rs
[72.899s] -- Installing: /workspace/stage2_workspaces/b2/install/fast_lio/share/fast_lio/rust/Cargo.toml
[72.969s] -- Installing: /workspace/stage2_workspaces/b2/install/fast_lio/share/fast_lio/rust/src
[73.005s] -- Installing: /workspace/stage2_workspaces/b2/install/fast_lio/share/fast_lio/rust/src/lib.rs
[73.078s] -- Installing: /workspace/stage2_workspaces/b2/install/fast_lio/share/fast_lio/rust/src/msg
[73.118s] -- Installing: /workspace/stage2_workspaces/b2/install/fast_lio/share/fast_lio/rust/src/msg/rmw.rs
[73.192s] -- Installing: /workspace/stage2_workspaces/b2/install/fast_lio/share/fast_lio/rust/src/msg.rs
[73.247s] -- Installing: /workspace/stage2_workspaces/b2/install/fast_lio/share/fast_lio/msg/Pose6D.idl
[73.306s] -- Installing: /workspace/stage2_workspaces/b2/install/fast_lio/share/fast_lio/msg/Pose6D.msg
[73.373s] -- Installing: /workspace/stage2_workspaces/b2/install/fast_lio/lib/fast_lio/fastlio_mapping
[73.503s] -- Set runtime path of "/workspace/stage2_workspaces/b2/install/fast_lio/lib/fast_lio/fastlio_mapping" to ""
[73.511s] -- Installing: /workspace/stage2_workspaces/b2/install/fast_lio/share/fast_lio/config
[73.531s] -- Installing: /workspace/stage2_workspaces/b2/install/fast_lio/share/fast_lio/config/avia.yaml
[73.573s] -- Installing: /workspace/stage2_workspaces/b2/install/fast_lio/share/fast_lio/config/horizon.yaml
[73.625s] -- Installing: /workspace/stage2_workspaces/b2/install/fast_lio/share/fast_lio/config/mid360.yaml
[73.688s] -- Installing: /workspace/stage2_workspaces/b2/install/fast_lio/share/fast_lio/config/ouster64.yaml
[73.737s] -- Installing: /workspace/stage2_workspaces/b2/install/fast_lio/share/fast_lio/config/velodyne.yaml
[73.775s] -- Installing: /workspace/stage2_workspaces/b2/install/fast_lio/share/fast_lio/launch
[73.791s] -- Installing: /workspace/stage2_workspaces/b2/install/fast_lio/share/fast_lio/launch/gdb_debug_example.launch
[73.831s] -- Installing: /workspace/stage2_workspaces/b2/install/fast_lio/share/fast_lio/launch/mapping.launch.py
[73.871s] -- Installing: /workspace/stage2_workspaces/b2/install/fast_lio/share/fast_lio/rviz
[73.893s] -- Installing: /workspace/stage2_workspaces/b2/install/fast_lio/share/fast_lio/rviz/fastlio.rviz
[73.968s] -- Installing: /workspace/stage2_workspaces/b2/install/fast_lio/share/ament_index/resource_index/package_run_dependencies/fast_lio
[74.061s] -- Installing: /workspace/stage2_workspaces/b2/install/fast_lio/share/ament_index/resource_index/parent_prefix_path/fast_lio
[74.130s] -- Installing: /workspace/stage2_workspaces/b2/install/fast_lio/share/fast_lio/environment/ament_prefix_path.sh
[74.174s] -- Installing: /workspace/stage2_workspaces/b2/install/fast_lio/share/fast_lio/environment/ament_prefix_path.dsv
[74.228s] -- Installing: /workspace/stage2_workspaces/b2/install/fast_lio/share/fast_lio/environment/path.sh
[74.290s] -- Installing: /workspace/stage2_workspaces/b2/install/fast_lio/share/fast_lio/environment/path.dsv
[74.359s] -- Installing: /workspace/stage2_workspaces/b2/install/fast_lio/share/fast_lio/local_setup.bash
[74.412s] -- Installing: /workspace/stage2_workspaces/b2/install/fast_lio/share/fast_lio/local_setup.sh
[74.464s] -- Installing: /workspace/stage2_workspaces/b2/install/fast_lio/share/fast_lio/local_setup.zsh
[74.513s] -- Installing: /workspace/stage2_workspaces/b2/install/fast_lio/share/fast_lio/local_setup.dsv
[74.555s] -- Installing: /workspace/stage2_workspaces/b2/install/fast_lio/share/fast_lio/package.dsv
[74.626s] -- Installing: /workspace/stage2_workspaces/b2/install/fast_lio/share/ament_index/resource_index/packages/fast_lio
[74.741s] -- Installing: /workspace/stage2_workspaces/b2/install/fast_lio/share/fast_lio/cmake/export_fast_lio__rosidl_generator_cExport.cmake
[74.837s] -- Installing: /workspace/stage2_workspaces/b2/install/fast_lio/share/fast_lio/cmake/export_fast_lio__rosidl_generator_cExport-release.cmake
[74.938s] -- Installing: /workspace/stage2_workspaces/b2/install/fast_lio/share/fast_lio/cmake/export_fast_lio__rosidl_typesupport_fastrtps_cExport.cmake
[75.043s] -- Installing: /workspace/stage2_workspaces/b2/install/fast_lio/share/fast_lio/cmake/export_fast_lio__rosidl_typesupport_fastrtps_cExport-release.cmake
[75.153s] -- Installing: /workspace/stage2_workspaces/b2/install/fast_lio/share/fast_lio/cmake/export_fast_lio__rosidl_generator_cppExport.cmake
[75.269s] -- Installing: /workspace/stage2_workspaces/b2/install/fast_lio/share/fast_lio/cmake/export_fast_lio__rosidl_typesupport_fastrtps_cppExport.cmake
[75.381s] -- Installing: /workspace/stage2_workspaces/b2/install/fast_lio/share/fast_lio/cmake/export_fast_lio__rosidl_typesupport_fastrtps_cppExport-release.cmake
[75.492s] -- Installing: /workspace/stage2_workspaces/b2/install/fast_lio/share/fast_lio/cmake/fast_lio__rosidl_typesupport_introspection_cExport.cmake
[75.595s] -- Installing: /workspace/stage2_workspaces/b2/install/fast_lio/share/fast_lio/cmake/fast_lio__rosidl_typesupport_introspection_cExport-release.cmake
[75.695s] -- Installing: /workspace/stage2_workspaces/b2/install/fast_lio/share/fast_lio/cmake/fast_lio__rosidl_typesupport_cExport.cmake
[75.788s] -- Installing: /workspace/stage2_workspaces/b2/install/fast_lio/share/fast_lio/cmake/fast_lio__rosidl_typesupport_cExport-release.cmake
[75.883s] -- Installing: /workspace/stage2_workspaces/b2/install/fast_lio/share/fast_lio/cmake/fast_lio__rosidl_typesupport_introspection_cppExport.cmake
[75.985s] -- Installing: /workspace/stage2_workspaces/b2/install/fast_lio/share/fast_lio/cmake/fast_lio__rosidl_typesupport_introspection_cppExport-release.cmake
[76.076s] -- Installing: /workspace/stage2_workspaces/b2/install/fast_lio/share/fast_lio/cmake/fast_lio__rosidl_typesupport_cppExport.cmake
[76.157s] -- Installing: /workspace/stage2_workspaces/b2/install/fast_lio/share/fast_lio/cmake/fast_lio__rosidl_typesupport_cppExport-release.cmake
[76.224s] -- Installing: /workspace/stage2_workspaces/b2/install/fast_lio/share/fast_lio/cmake/export_fast_lio__rosidl_generator_pyExport.cmake
[76.282s] -- Installing: /workspace/stage2_workspaces/b2/install/fast_lio/share/fast_lio/cmake/export_fast_lio__rosidl_generator_pyExport-release.cmake
[76.347s] -- Installing: /workspace/stage2_workspaces/b2/install/fast_lio/share/fast_lio/cmake/rosidl_cmake-extras.cmake
[76.417s] -- Installing: /workspace/stage2_workspaces/b2/install/fast_lio/share/fast_lio/cmake/ament_cmake_export_include_directories-extras.cmake
[76.478s] -- Installing: /workspace/stage2_workspaces/b2/install/fast_lio/share/fast_lio/cmake/ament_cmake_export_libraries-extras.cmake
[76.517s] -- Installing: /workspace/stage2_workspaces/b2/install/fast_lio/share/fast_lio/cmake/ament_cmake_export_targets-extras.cmake
[76.557s] -- Installing: /workspace/stage2_workspaces/b2/install/fast_lio/share/fast_lio/cmake/rosidl_cmake_export_typesupport_targets-extras.cmake
[76.595s] -- Installing: /workspace/stage2_workspaces/b2/install/fast_lio/share/fast_lio/cmake/ament_cmake_export_dependencies-extras.cmake
[76.643s] -- Installing: /workspace/stage2_workspaces/b2/install/fast_lio/share/fast_lio/cmake/rosidl_cmake_export_typesupport_libraries-extras.cmake
[76.700s] -- Installing: /workspace/stage2_workspaces/b2/install/fast_lio/share/fast_lio/cmake/fast_lioConfig.cmake
[76.743s] -- Installing: /workspace/stage2_workspaces/b2/install/fast_lio/share/fast_lio/cmake/fast_lioConfig-version.cmake
[76.781s] -- Installing: /workspace/stage2_workspaces/b2/install/fast_lio/share/fast_lio/package.xml
[76.819s] Invoked command in '/workspace/stage2_workspaces/b2/build/fast_lio' returned '0': AMENT_PREFIX_PATH=/workspace/stage2_workspaces/b2/install/livox_ros_driver2:${AMENT_PREFIX_PATH} CMAKE_PREFIX_PATH=/workspace/stage2_workspaces/b2/install/livox_ros_driver2:/opt/ros/humble LD_LIBRARY_PATH=/workspace/stage2_workspaces/b2/install/livox_ros_driver2/lib:${LD_LIBRARY_PATH} PYTHONPATH=/workspace/stage2_workspaces/b2/install/livox_ros_driver2/local/lib/python3.10/dist-packages:${PYTHONPATH} /usr/bin/cmake --install /workspace/stage2_workspaces/b2/build/fast_lio
