[0.084s] DEBUG:colcon:Command line arguments: ['/usr/bin/colcon', '--log-base', 'log', 'build', '--base-paths', 'src', '--build-base', 'build', '--install-base', 'install', '--packages-up-to', 'fast_lio', '--event-handlers', 'console_direct+', '--cmake-args', '-DCMAKE_BUILD_TYPE=Release', '-DCMAKE_EXPORT_COMPILE_COMMANDS=ON', '-DROS_EDITION=ROS2', '-DDISTRO_ROS=humble']
[0.084s] DEBUG:colcon:Parsed command line arguments: Namespace(log_base='log', log_level=None, verb_name='build', build_base='/workspace/stage2_workspaces/b2/build', install_base='/workspace/stage2_workspaces/b2/install', merge_install=False, symlink_install=False, test_result_base=None, continue_on_error=False, executor='parallel', parallel_workers=20, event_handlers=['console_direct+'], ignore_user_meta=False, metas=['./colcon.meta'], base_paths=['src'], packages_ignore=None, packages_ignore_regex=None, paths=None, packages_up_to=['fast_lio'], packages_up_to_regex=None, packages_above=None, packages_above_and_dependencies=None, packages_above_depth=None, packages_select_by_dep=None, packages_skip_by_dep=None, packages_skip_up_to=None, packages_select_build_failed=False, packages_skip_build_finished=False, packages_select_test_failures=False, packages_skip_test_passed=False, packages_select=None, packages_skip=None, packages_select_regex=None, packages_skip_regex=None, packages_start=None, packages_end=None, cmake_args=['-DCMAKE_BUILD_TYPE=Release', '-DCMAKE_EXPORT_COMPILE_COMMANDS=ON', '-DROS_EDITION=ROS2', '-DDISTRO_ROS=humble'], cmake_target=None, cmake_target_skip_unavailable=False, cmake_clean_cache=False, cmake_clean_first=False, cmake_force_configure=False, ament_cmake_args=None, catkin_cmake_args=None, catkin_skip_building_tests=False, mixin_files=None, mixin=None, verb_parser=<colcon_mixin.mixin.mixin_argument.MixinArgumentDecorator object at 0x7e8f97094dc0>, verb_extension=<colcon_core.verb.build.BuildVerb object at 0x7e8f97094850>, main=<bound method BuildVerb.main of <colcon_core.verb.build.BuildVerb object at 0x7e8f97094850>>, mixin_verb=('build',))
[0.171s] Level 1:colcon.colcon_core.package_discovery:discover_packages(colcon_meta) check parameters
[0.172s] INFO:colcon.colcon_metadata.package_discovery.colcon_meta:Using configuration from '/root/.colcon/metadata/default/Gazebo.meta'
[0.172s] INFO:colcon.colcon_metadata.package_discovery.colcon_meta:Using configuration from '/root/.colcon/metadata/default/fastdds.meta'
[0.172s] INFO:colcon.colcon_metadata.package_discovery.colcon_meta:Using configuration from '/root/.colcon/metadata/default/fastrtps.meta'
[0.173s] Level 1:colcon.colcon_core.package_discovery:discover_packages(recursive) check parameters
[0.173s] Level 1:colcon.colcon_core.package_discovery:discover_packages(ignore) check parameters
[0.173s] Level 1:colcon.colcon_core.package_discovery:discover_packages(path) check parameters
[0.173s] Level 1:colcon.colcon_core.package_discovery:discover_packages(recursive) discover
[0.173s] INFO:colcon.colcon_core.package_discovery:Crawling recursively for packages in '/workspace/stage2_workspaces/b2/src'
[0.174s] Level 1:colcon.colcon_core.package_identification:_identify(src) by extensions ['ignore', 'ignore_ament_install']
[0.174s] Level 1:colcon.colcon_core.package_identification:_identify(src) by extension 'ignore'
[0.175s] Level 1:colcon.colcon_core.package_identification:_identify(src) by extension 'ignore_ament_install'
[0.176s] Level 1:colcon.colcon_core.package_identification:_identify(src) by extensions ['colcon_pkg']
[0.176s] Level 1:colcon.colcon_core.package_identification:_identify(src) by extension 'colcon_pkg'
[0.177s] Level 1:colcon.colcon_core.package_identification:_identify(src) by extensions ['colcon_meta']
[0.177s] Level 1:colcon.colcon_core.package_identification:_identify(src) by extension 'colcon_meta'
[0.178s] Level 1:colcon.colcon_core.package_identification:_identify(src) by extensions ['ros']
[0.178s] Level 1:colcon.colcon_core.package_identification:_identify(src) by extension 'ros'
[0.203s] Level 1:colcon.colcon_core.package_identification:_identify(src) by extensions ['cmake', 'python']
[0.203s] Level 1:colcon.colcon_core.package_identification:_identify(src) by extension 'cmake'
[0.204s] Level 1:colcon.colcon_core.package_identification:_identify(src) by extension 'python'
[0.204s] Level 1:colcon.colcon_core.package_identification:_identify(src) by extensions ['python_setup_py']
[0.204s] Level 1:colcon.colcon_core.package_identification:_identify(src) by extension 'python_setup_py'
[0.207s] Level 1:colcon.colcon_core.package_identification:_identify(src/fast_lio) by extensions ['ignore', 'ignore_ament_install']
[0.207s] Level 1:colcon.colcon_core.package_identification:_identify(src/fast_lio) by extension 'ignore'
[0.208s] Level 1:colcon.colcon_core.package_identification:_identify(src/fast_lio) by extension 'ignore_ament_install'
[0.210s] Level 1:colcon.colcon_core.package_identification:_identify(src/fast_lio) by extensions ['colcon_pkg']
[0.210s] Level 1:colcon.colcon_core.package_identification:_identify(src/fast_lio) by extension 'colcon_pkg'
[0.211s] Level 1:colcon.colcon_core.package_identification:_identify(src/fast_lio) by extensions ['colcon_meta']
[0.211s] Level 1:colcon.colcon_core.package_identification:_identify(src/fast_lio) by extension 'colcon_meta'
[0.212s] Level 1:colcon.colcon_core.package_identification:_identify(src/fast_lio) by extensions ['ros']
[0.212s] Level 1:colcon.colcon_core.package_identification:_identify(src/fast_lio) by extension 'ros'
[0.221s] DEBUG:colcon.colcon_core.package_identification:Package 'src/fast_lio' with type 'ros.ament_cmake' and name 'fast_lio'
[0.224s] Level 1:colcon.colcon_core.package_identification:_identify(src/livox_ros_driver2) by extensions ['ignore', 'ignore_ament_install']
[0.224s] Level 1:colcon.colcon_core.package_identification:_identify(src/livox_ros_driver2) by extension 'ignore'
[0.225s] Level 1:colcon.colcon_core.package_identification:_identify(src/livox_ros_driver2) by extension 'ignore_ament_install'
[0.226s] Level 1:colcon.colcon_core.package_identification:_identify(src/livox_ros_driver2) by extensions ['colcon_pkg']
[0.227s] Level 1:colcon.colcon_core.package_identification:_identify(src/livox_ros_driver2) by extension 'colcon_pkg'
[0.227s] Level 1:colcon.colcon_core.package_identification:_identify(src/livox_ros_driver2) by extensions ['colcon_meta']
[0.227s] Level 1:colcon.colcon_core.package_identification:_identify(src/livox_ros_driver2) by extension 'colcon_meta'
[0.229s] Level 1:colcon.colcon_core.package_identification:_identify(src/livox_ros_driver2) by extensions ['ros']
[0.229s] Level 1:colcon.colcon_core.package_identification:_identify(src/livox_ros_driver2) by extension 'ros'
[0.236s] DEBUG:colcon.colcon_core.package_identification:Package 'src/livox_ros_driver2' with type 'ros.ament_cmake' and name 'livox_ros_driver2'
[0.237s] Level 1:colcon.colcon_core.package_discovery:discover_packages(recursive) using defaults
[0.252s] Level 5:colcon.colcon_core.verb:set package 'livox_ros_driver2' build argument 'cmake_args' from command line to '['-DCMAKE_BUILD_TYPE=Release', '-DCMAKE_EXPORT_COMPILE_COMMANDS=ON', '-DROS_EDITION=ROS2', '-DDISTRO_ROS=humble']'
[0.252s] Level 5:colcon.colcon_core.verb:set package 'livox_ros_driver2' build argument 'cmake_target' from command line to 'None'
[0.252s] Level 5:colcon.colcon_core.verb:set package 'livox_ros_driver2' build argument 'cmake_target_skip_unavailable' from command line to 'False'
[0.252s] Level 5:colcon.colcon_core.verb:set package 'livox_ros_driver2' build argument 'cmake_clean_cache' from command line to 'False'
[0.253s] Level 5:colcon.colcon_core.verb:set package 'livox_ros_driver2' build argument 'cmake_clean_first' from command line to 'False'
[0.253s] Level 5:colcon.colcon_core.verb:set package 'livox_ros_driver2' build argument 'cmake_force_configure' from command line to 'False'
[0.253s] Level 5:colcon.colcon_core.verb:set package 'livox_ros_driver2' build argument 'ament_cmake_args' from command line to 'None'
[0.253s] Level 5:colcon.colcon_core.verb:set package 'livox_ros_driver2' build argument 'catkin_cmake_args' from command line to 'None'
[0.253s] Level 5:colcon.colcon_core.verb:set package 'livox_ros_driver2' build argument 'catkin_skip_building_tests' from command line to 'False'
[0.253s] DEBUG:colcon.colcon_core.verb:Building package 'livox_ros_driver2' with the following arguments: {'ament_cmake_args': None, 'build_base': '/workspace/stage2_workspaces/b2/build/livox_ros_driver2', 'catkin_cmake_args': None, 'catkin_skip_building_tests': False, 'cmake_args': ['-DCMAKE_BUILD_TYPE=Release', '-DCMAKE_EXPORT_COMPILE_COMMANDS=ON', '-DROS_EDITION=ROS2', '-DDISTRO_ROS=humble'], 'cmake_clean_cache': False, 'cmake_clean_first': False, 'cmake_force_configure': False, 'cmake_target': None, 'cmake_target_skip_unavailable': False, 'install_base': '/workspace/stage2_workspaces/b2/install/livox_ros_driver2', 'merge_install': False, 'path': '/workspace/stage2_workspaces/b2/src/livox_ros_driver2', 'symlink_install': False, 'test_result_base': None}
[0.253s] Level 5:colcon.colcon_core.verb:set package 'fast_lio' build argument 'cmake_args' from command line to '['-DCMAKE_BUILD_TYPE=Release', '-DCMAKE_EXPORT_COMPILE_COMMANDS=ON', '-DROS_EDITION=ROS2', '-DDISTRO_ROS=humble']'
[0.254s] Level 5:colcon.colcon_core.verb:set package 'fast_lio' build argument 'cmake_target' from command line to 'None'
[0.254s] Level 5:colcon.colcon_core.verb:set package 'fast_lio' build argument 'cmake_target_skip_unavailable' from command line to 'False'
[0.254s] Level 5:colcon.colcon_core.verb:set package 'fast_lio' build argument 'cmake_clean_cache' from command line to 'False'
[0.254s] Level 5:colcon.colcon_core.verb:set package 'fast_lio' build argument 'cmake_clean_first' from command line to 'False'
[0.254s] Level 5:colcon.colcon_core.verb:set package 'fast_lio' build argument 'cmake_force_configure' from command line to 'False'
[0.254s] Level 5:colcon.colcon_core.verb:set package 'fast_lio' build argument 'ament_cmake_args' from command line to 'None'
[0.254s] Level 5:colcon.colcon_core.verb:set package 'fast_lio' build argument 'catkin_cmake_args' from command line to 'None'
[0.254s] Level 5:colcon.colcon_core.verb:set package 'fast_lio' build argument 'catkin_skip_building_tests' from command line to 'False'
[0.254s] DEBUG:colcon.colcon_core.verb:Building package 'fast_lio' with the following arguments: {'ament_cmake_args': None, 'build_base': '/workspace/stage2_workspaces/b2/build/fast_lio', 'catkin_cmake_args': None, 'catkin_skip_building_tests': False, 'cmake_args': ['-DCMAKE_BUILD_TYPE=Release', '-DCMAKE_EXPORT_COMPILE_COMMANDS=ON', '-DROS_EDITION=ROS2', '-DDISTRO_ROS=humble'], 'cmake_clean_cache': False, 'cmake_clean_first': False, 'cmake_force_configure': False, 'cmake_target': None, 'cmake_target_skip_unavailable': False, 'install_base': '/workspace/stage2_workspaces/b2/install/fast_lio', 'merge_install': False, 'path': '/workspace/stage2_workspaces/b2/src/fast_lio', 'symlink_install': False, 'test_result_base': None}
[0.254s] INFO:colcon.colcon_core.executor:Executing jobs using 'parallel' executor
[0.255s] DEBUG:colcon.colcon_parallel_executor.executor.parallel:run_until_complete
[0.255s] INFO:colcon.colcon_ros.task.ament_cmake.build:Building ROS package in '/workspace/stage2_workspaces/b2/src/livox_ros_driver2' with build type 'ament_cmake'
[0.255s] INFO:colcon.colcon_cmake.task.cmake.build:Building CMake package in '/workspace/stage2_workspaces/b2/src/livox_ros_driver2'
[0.257s] INFO:colcon.colcon_core.plugin_system:Skipping extension 'colcon_core.shell.bat': Not used on non-Windows systems
[0.257s] INFO:colcon.colcon_core.shell:Skip shell extension 'powershell' for command environment: Not usable outside of PowerShell
[0.257s] DEBUG:colcon.colcon_core.shell:Skip shell extension 'dsv' for command environment
[0.303s] DEBUG:colcon.colcon_core.event_handler.log_command:Invoking command in '/workspace/stage2_workspaces/b2/build/livox_ros_driver2': CMAKE_PREFIX_PATH=/opt/ros/humble /usr/bin/cmake --build /workspace/stage2_workspaces/b2/build/livox_ros_driver2 -- -j20 -l20
[2.384s] DEBUG:colcon.colcon_core.event_handler.log_command:Invoked command in '/workspace/stage2_workspaces/b2/build/livox_ros_driver2' returned '0': CMAKE_PREFIX_PATH=/opt/ros/humble /usr/bin/cmake --build /workspace/stage2_workspaces/b2/build/livox_ros_driver2 -- -j20 -l20
[2.401s] DEBUG:colcon.colcon_core.event_handler.log_command:Invoking command in '/workspace/stage2_workspaces/b2/build/livox_ros_driver2': CMAKE_PREFIX_PATH=/opt/ros/humble /usr/bin/cmake --install /workspace/stage2_workspaces/b2/build/livox_ros_driver2
[5.681s] Level 1:colcon.colcon_core.environment:create_environment_scripts_only(livox_ros_driver2)
[5.681s] DEBUG:colcon.colcon_core.event_handler.log_command:Invoked command in '/workspace/stage2_workspaces/b2/build/livox_ros_driver2' returned '0': CMAKE_PREFIX_PATH=/opt/ros/humble /usr/bin/cmake --install /workspace/stage2_workspaces/b2/build/livox_ros_driver2
[5.685s] Level 1:colcon.colcon_core.environment:checking '/workspace/stage2_workspaces/b2/install/livox_ros_driver2' for CMake module files
[5.813s] Level 1:colcon.colcon_core.environment:checking '/workspace/stage2_workspaces/b2/install/livox_ros_driver2' for CMake config files
[5.914s] Level 1:colcon.colcon_core.shell:create_environment_hook('livox_ros_driver2', 'cmake_prefix_path')
[5.914s] INFO:colcon.colcon_core.shell:Creating environment hook '/workspace/stage2_workspaces/b2/install/livox_ros_driver2/share/livox_ros_driver2/hook/cmake_prefix_path.ps1'
[5.923s] INFO:colcon.colcon_core.shell:Creating environment descriptor '/workspace/stage2_workspaces/b2/install/livox_ros_driver2/share/livox_ros_driver2/hook/cmake_prefix_path.dsv'
[5.930s] INFO:colcon.colcon_core.shell:Creating environment hook '/workspace/stage2_workspaces/b2/install/livox_ros_driver2/share/livox_ros_driver2/hook/cmake_prefix_path.sh'
[5.940s] Level 1:colcon.colcon_core.environment:checking '/workspace/stage2_workspaces/b2/install/livox_ros_driver2/lib'
[5.943s] Level 1:colcon.colcon_core.shell:create_environment_hook('livox_ros_driver2', 'ld_library_path_lib')
[5.943s] INFO:colcon.colcon_core.shell:Creating environment hook '/workspace/stage2_workspaces/b2/install/livox_ros_driver2/share/livox_ros_driver2/hook/ld_library_path_lib.ps1'
[5.950s] INFO:colcon.colcon_core.shell:Creating environment descriptor '/workspace/stage2_workspaces/b2/install/livox_ros_driver2/share/livox_ros_driver2/hook/ld_library_path_lib.dsv'
[5.958s] INFO:colcon.colcon_core.shell:Creating environment hook '/workspace/stage2_workspaces/b2/install/livox_ros_driver2/share/livox_ros_driver2/hook/ld_library_path_lib.sh'
[5.965s] Level 1:colcon.colcon_core.environment:checking '/workspace/stage2_workspaces/b2/install/livox_ros_driver2/bin'
[5.966s] Level 1:colcon.colcon_core.environment:checking '/workspace/stage2_workspaces/b2/install/livox_ros_driver2/lib/pkgconfig/livox_ros_driver2.pc'
[5.968s] Level 1:colcon.colcon_core.environment:checking '/workspace/stage2_workspaces/b2/install/livox_ros_driver2/lib/python3.10/site-packages'
[5.969s] Level 1:colcon.colcon_core.environment:checking '/workspace/stage2_workspaces/b2/install/livox_ros_driver2/bin'
[5.970s] INFO:colcon.colcon_core.shell:Creating package script '/workspace/stage2_workspaces/b2/install/livox_ros_driver2/share/livox_ros_driver2/package.ps1'
[5.977s] INFO:colcon.colcon_core.shell:Creating package descriptor '/workspace/stage2_workspaces/b2/install/livox_ros_driver2/share/livox_ros_driver2/package.dsv'
[5.984s] INFO:colcon.colcon_core.shell:Creating package script '/workspace/stage2_workspaces/b2/install/livox_ros_driver2/share/livox_ros_driver2/package.sh'
[5.991s] INFO:colcon.colcon_core.shell:Creating package script '/workspace/stage2_workspaces/b2/install/livox_ros_driver2/share/livox_ros_driver2/package.bash'
[5.999s] INFO:colcon.colcon_core.shell:Creating package script '/workspace/stage2_workspaces/b2/install/livox_ros_driver2/share/livox_ros_driver2/package.zsh'
[6.007s] Level 1:colcon.colcon_core.environment:create_file_with_runtime_dependencies(/workspace/stage2_workspaces/b2/install/livox_ros_driver2/share/colcon-core/packages/livox_ros_driver2)
[6.020s] Level 1:colcon.colcon_core.environment:create_environment_scripts_only(livox_ros_driver2)
[6.021s] Level 1:colcon.colcon_core.environment:checking '/workspace/stage2_workspaces/b2/install/livox_ros_driver2' for CMake module files
[6.154s] Level 1:colcon.colcon_core.environment:checking '/workspace/stage2_workspaces/b2/install/livox_ros_driver2' for CMake config files
[6.276s] Level 1:colcon.colcon_core.shell:create_environment_hook('livox_ros_driver2', 'cmake_prefix_path')
[6.276s] INFO:colcon.colcon_core.shell:Creating environment hook '/workspace/stage2_workspaces/b2/install/livox_ros_driver2/share/livox_ros_driver2/hook/cmake_prefix_path.ps1'
[6.285s] INFO:colcon.colcon_core.shell:Creating environment descriptor '/workspace/stage2_workspaces/b2/install/livox_ros_driver2/share/livox_ros_driver2/hook/cmake_prefix_path.dsv'
[6.294s] INFO:colcon.colcon_core.shell:Creating environment hook '/workspace/stage2_workspaces/b2/install/livox_ros_driver2/share/livox_ros_driver2/hook/cmake_prefix_path.sh'
[6.305s] Level 1:colcon.colcon_core.environment:checking '/workspace/stage2_workspaces/b2/install/livox_ros_driver2/lib'
[6.308s] Level 1:colcon.colcon_core.shell:create_environment_hook('livox_ros_driver2', 'ld_library_path_lib')
[6.309s] INFO:colcon.colcon_core.shell:Creating environment hook '/workspace/stage2_workspaces/b2/install/livox_ros_driver2/share/livox_ros_driver2/hook/ld_library_path_lib.ps1'
[6.318s] INFO:colcon.colcon_core.shell:Creating environment descriptor '/workspace/stage2_workspaces/b2/install/livox_ros_driver2/share/livox_ros_driver2/hook/ld_library_path_lib.dsv'
[6.330s] INFO:colcon.colcon_core.shell:Creating environment hook '/workspace/stage2_workspaces/b2/install/livox_ros_driver2/share/livox_ros_driver2/hook/ld_library_path_lib.sh'
[6.343s] Level 1:colcon.colcon_core.environment:checking '/workspace/stage2_workspaces/b2/install/livox_ros_driver2/bin'
[6.345s] Level 1:colcon.colcon_core.environment:checking '/workspace/stage2_workspaces/b2/install/livox_ros_driver2/lib/pkgconfig/livox_ros_driver2.pc'
[6.346s] Level 1:colcon.colcon_core.environment:checking '/workspace/stage2_workspaces/b2/install/livox_ros_driver2/lib/python3.10/site-packages'
[6.348s] Level 1:colcon.colcon_core.environment:checking '/workspace/stage2_workspaces/b2/install/livox_ros_driver2/bin'
[6.349s] INFO:colcon.colcon_core.shell:Creating package script '/workspace/stage2_workspaces/b2/install/livox_ros_driver2/share/livox_ros_driver2/package.ps1'
[6.357s] INFO:colcon.colcon_core.shell:Creating package descriptor '/workspace/stage2_workspaces/b2/install/livox_ros_driver2/share/livox_ros_driver2/package.dsv'
[6.364s] INFO:colcon.colcon_core.shell:Creating package script '/workspace/stage2_workspaces/b2/install/livox_ros_driver2/share/livox_ros_driver2/package.sh'
[6.373s] INFO:colcon.colcon_core.shell:Creating package script '/workspace/stage2_workspaces/b2/install/livox_ros_driver2/share/livox_ros_driver2/package.bash'
[6.381s] INFO:colcon.colcon_core.shell:Creating package script '/workspace/stage2_workspaces/b2/install/livox_ros_driver2/share/livox_ros_driver2/package.zsh'
[6.389s] Level 1:colcon.colcon_core.environment:create_file_with_runtime_dependencies(/workspace/stage2_workspaces/b2/install/livox_ros_driver2/share/colcon-core/packages/livox_ros_driver2)
[6.394s] INFO:colcon.colcon_ros.task.ament_cmake.build:Building ROS package in '/workspace/stage2_workspaces/b2/src/fast_lio' with build type 'ament_cmake'
[6.395s] INFO:colcon.colcon_cmake.task.cmake.build:Building CMake package in '/workspace/stage2_workspaces/b2/src/fast_lio'
[6.395s] INFO:colcon.colcon_core.shell:Skip shell extension 'powershell' for command environment: Not usable outside of PowerShell
[6.395s] DEBUG:colcon.colcon_core.shell:Skip shell extension 'dsv' for command environment
[6.518s] DEBUG:colcon.colcon_core.event_handler.log_command:Invoking command in '/workspace/stage2_workspaces/b2/build/fast_lio': AMENT_PREFIX_PATH=/workspace/stage2_workspaces/b2/install/livox_ros_driver2:${AMENT_PREFIX_PATH} CMAKE_PREFIX_PATH=/workspace/stage2_workspaces/b2/install/livox_ros_driver2:/opt/ros/humble LD_LIBRARY_PATH=/workspace/stage2_workspaces/b2/install/livox_ros_driver2/lib:${LD_LIBRARY_PATH} PYTHONPATH=/workspace/stage2_workspaces/b2/install/livox_ros_driver2/local/lib/python3.10/dist-packages:${PYTHONPATH} /usr/bin/cmake /workspace/stage2_workspaces/b2/src/fast_lio -DCMAKE_BUILD_TYPE=Release -DCMAKE_EXPORT_COMPILE_COMMANDS=ON -DROS_EDITION=ROS2 -DDISTRO_ROS=humble -DCMAKE_INSTALL_PREFIX=/workspace/stage2_workspaces/b2/install/fast_lio
[17.992s] DEBUG:colcon.colcon_core.event_handler.log_command:Invoked command in '/workspace/stage2_workspaces/b2/build/fast_lio' returned '0': AMENT_PREFIX_PATH=/workspace/stage2_workspaces/b2/install/livox_ros_driver2:${AMENT_PREFIX_PATH} CMAKE_PREFIX_PATH=/workspace/stage2_workspaces/b2/install/livox_ros_driver2:/opt/ros/humble LD_LIBRARY_PATH=/workspace/stage2_workspaces/b2/install/livox_ros_driver2/lib:${LD_LIBRARY_PATH} PYTHONPATH=/workspace/stage2_workspaces/b2/install/livox_ros_driver2/local/lib/python3.10/dist-packages:${PYTHONPATH} /usr/bin/cmake /workspace/stage2_workspaces/b2/src/fast_lio -DCMAKE_BUILD_TYPE=Release -DCMAKE_EXPORT_COMPILE_COMMANDS=ON -DROS_EDITION=ROS2 -DDISTRO_ROS=humble -DCMAKE_INSTALL_PREFIX=/workspace/stage2_workspaces/b2/install/fast_lio
[17.999s] DEBUG:colcon.colcon_core.event_handler.log_command:Invoking command in '/workspace/stage2_workspaces/b2/build/fast_lio': AMENT_PREFIX_PATH=/workspace/stage2_workspaces/b2/install/livox_ros_driver2:${AMENT_PREFIX_PATH} CMAKE_PREFIX_PATH=/workspace/stage2_workspaces/b2/install/livox_ros_driver2:/opt/ros/humble LD_LIBRARY_PATH=/workspace/stage2_workspaces/b2/install/livox_ros_driver2/lib:${LD_LIBRARY_PATH} PYTHONPATH=/workspace/stage2_workspaces/b2/install/livox_ros_driver2/local/lib/python3.10/dist-packages:${PYTHONPATH} /usr/bin/cmake --build /workspace/stage2_workspaces/b2/build/fast_lio -- -j20 -l20
[74.707s] DEBUG:colcon.colcon_core.event_handler.log_command:Invoked command in '/workspace/stage2_workspaces/b2/build/fast_lio' returned '0': AMENT_PREFIX_PATH=/workspace/stage2_workspaces/b2/install/livox_ros_driver2:${AMENT_PREFIX_PATH} CMAKE_PREFIX_PATH=/workspace/stage2_workspaces/b2/install/livox_ros_driver2:/opt/ros/humble LD_LIBRARY_PATH=/workspace/stage2_workspaces/b2/install/livox_ros_driver2/lib:${LD_LIBRARY_PATH} PYTHONPATH=/workspace/stage2_workspaces/b2/install/livox_ros_driver2/local/lib/python3.10/dist-packages:${PYTHONPATH} /usr/bin/cmake --build /workspace/stage2_workspaces/b2/build/fast_lio -- -j20 -l20
[74.724s] DEBUG:colcon.colcon_core.event_handler.log_command:Invoking command in '/workspace/stage2_workspaces/b2/build/fast_lio': AMENT_PREFIX_PATH=/workspace/stage2_workspaces/b2/install/livox_ros_driver2:${AMENT_PREFIX_PATH} CMAKE_PREFIX_PATH=/workspace/stage2_workspaces/b2/install/livox_ros_driver2:/opt/ros/humble LD_LIBRARY_PATH=/workspace/stage2_workspaces/b2/install/livox_ros_driver2/lib:${LD_LIBRARY_PATH} PYTHONPATH=/workspace/stage2_workspaces/b2/install/livox_ros_driver2/local/lib/python3.10/dist-packages:${PYTHONPATH} /usr/bin/cmake --install /workspace/stage2_workspaces/b2/build/fast_lio
[83.215s] Level 1:colcon.colcon_core.environment:create_environment_scripts_only(fast_lio)
[83.215s] Level 1:colcon.colcon_core.environment:checking '/workspace/stage2_workspaces/b2/install/fast_lio' for CMake module files
[83.216s] DEBUG:colcon.colcon_core.event_handler.log_command:Invoked command in '/workspace/stage2_workspaces/b2/build/fast_lio' returned '0': AMENT_PREFIX_PATH=/workspace/stage2_workspaces/b2/install/livox_ros_driver2:${AMENT_PREFIX_PATH} CMAKE_PREFIX_PATH=/workspace/stage2_workspaces/b2/install/livox_ros_driver2:/opt/ros/humble LD_LIBRARY_PATH=/workspace/stage2_workspaces/b2/install/livox_ros_driver2/lib:${LD_LIBRARY_PATH} PYTHONPATH=/workspace/stage2_workspaces/b2/install/livox_ros_driver2/local/lib/python3.10/dist-packages:${PYTHONPATH} /usr/bin/cmake --install /workspace/stage2_workspaces/b2/build/fast_lio
[83.378s] Level 1:colcon.colcon_core.environment:checking '/workspace/stage2_workspaces/b2/install/fast_lio' for CMake config files
[83.511s] Level 1:colcon.colcon_core.shell:create_environment_hook('fast_lio', 'cmake_prefix_path')
[83.511s] INFO:colcon.colcon_core.shell:Creating environment hook '/workspace/stage2_workspaces/b2/install/fast_lio/share/fast_lio/hook/cmake_prefix_path.ps1'
[83.521s] INFO:colcon.colcon_core.shell:Creating environment descriptor '/workspace/stage2_workspaces/b2/install/fast_lio/share/fast_lio/hook/cmake_prefix_path.dsv'
[83.536s] INFO:colcon.colcon_core.shell:Creating environment hook '/workspace/stage2_workspaces/b2/install/fast_lio/share/fast_lio/hook/cmake_prefix_path.sh'
[83.551s] Level 1:colcon.colcon_core.environment:checking '/workspace/stage2_workspaces/b2/install/fast_lio/lib'
[83.554s] Level 1:colcon.colcon_core.shell:create_environment_hook('fast_lio', 'ld_library_path_lib')
[83.555s] INFO:colcon.colcon_core.shell:Creating environment hook '/workspace/stage2_workspaces/b2/install/fast_lio/share/fast_lio/hook/ld_library_path_lib.ps1'
[83.567s] INFO:colcon.colcon_core.shell:Creating environment descriptor '/workspace/stage2_workspaces/b2/install/fast_lio/share/fast_lio/hook/ld_library_path_lib.dsv'
[83.580s] INFO:colcon.colcon_core.shell:Creating environment hook '/workspace/stage2_workspaces/b2/install/fast_lio/share/fast_lio/hook/ld_library_path_lib.sh'
[83.593s] Level 1:colcon.colcon_core.environment:checking '/workspace/stage2_workspaces/b2/install/fast_lio/bin'
[83.594s] Level 1:colcon.colcon_core.environment:checking '/workspace/stage2_workspaces/b2/install/fast_lio/lib/pkgconfig/fast_lio.pc'
[83.596s] Level 1:colcon.colcon_core.environment:checking '/workspace/stage2_workspaces/b2/install/fast_lio/lib/python3.10/site-packages'
[83.597s] Level 1:colcon.colcon_core.environment:checking '/workspace/stage2_workspaces/b2/install/fast_lio/bin'
[83.598s] INFO:colcon.colcon_core.shell:Creating package script '/workspace/stage2_workspaces/b2/install/fast_lio/share/fast_lio/package.ps1'
[83.609s] INFO:colcon.colcon_core.shell:Creating package descriptor '/workspace/stage2_workspaces/b2/install/fast_lio/share/fast_lio/package.dsv'
[83.621s] INFO:colcon.colcon_core.shell:Creating package script '/workspace/stage2_workspaces/b2/install/fast_lio/share/fast_lio/package.sh'
[83.632s] INFO:colcon.colcon_core.shell:Creating package script '/workspace/stage2_workspaces/b2/install/fast_lio/share/fast_lio/package.bash'
[83.643s] INFO:colcon.colcon_core.shell:Creating package script '/workspace/stage2_workspaces/b2/install/fast_lio/share/fast_lio/package.zsh'
[83.653s] Level 1:colcon.colcon_core.environment:create_file_with_runtime_dependencies(/workspace/stage2_workspaces/b2/install/fast_lio/share/colcon-core/packages/fast_lio)
[83.674s] Level 1:colcon.colcon_core.environment:create_environment_scripts_only(fast_lio)
[83.674s] Level 1:colcon.colcon_core.environment:checking '/workspace/stage2_workspaces/b2/install/fast_lio' for CMake module files
[83.823s] Level 1:colcon.colcon_core.environment:checking '/workspace/stage2_workspaces/b2/install/fast_lio' for CMake config files
[83.919s] Level 1:colcon.colcon_core.shell:create_environment_hook('fast_lio', 'cmake_prefix_path')
[83.919s] INFO:colcon.colcon_core.shell:Creating environment hook '/workspace/stage2_workspaces/b2/install/fast_lio/share/fast_lio/hook/cmake_prefix_path.ps1'
[83.927s] INFO:colcon.colcon_core.shell:Creating environment descriptor '/workspace/stage2_workspaces/b2/install/fast_lio/share/fast_lio/hook/cmake_prefix_path.dsv'
[83.934s] INFO:colcon.colcon_core.shell:Creating environment hook '/workspace/stage2_workspaces/b2/install/fast_lio/share/fast_lio/hook/cmake_prefix_path.sh'
[83.943s] Level 1:colcon.colcon_core.environment:checking '/workspace/stage2_workspaces/b2/install/fast_lio/lib'
[83.946s] Level 1:colcon.colcon_core.shell:create_environment_hook('fast_lio', 'ld_library_path_lib')
[83.946s] INFO:colcon.colcon_core.shell:Creating environment hook '/workspace/stage2_workspaces/b2/install/fast_lio/share/fast_lio/hook/ld_library_path_lib.ps1'
[83.953s] INFO:colcon.colcon_core.shell:Creating environment descriptor '/workspace/stage2_workspaces/b2/install/fast_lio/share/fast_lio/hook/ld_library_path_lib.dsv'
[83.961s] INFO:colcon.colcon_core.shell:Creating environment hook '/workspace/stage2_workspaces/b2/install/fast_lio/share/fast_lio/hook/ld_library_path_lib.sh'
[83.969s] Level 1:colcon.colcon_core.environment:checking '/workspace/stage2_workspaces/b2/install/fast_lio/bin'
[83.970s] Level 1:colcon.colcon_core.environment:checking '/workspace/stage2_workspaces/b2/install/fast_lio/lib/pkgconfig/fast_lio.pc'
[83.971s] Level 1:colcon.colcon_core.environment:checking '/workspace/stage2_workspaces/b2/install/fast_lio/lib/python3.10/site-packages'
[83.973s] Level 1:colcon.colcon_core.environment:checking '/workspace/stage2_workspaces/b2/install/fast_lio/bin'
[83.974s] INFO:colcon.colcon_core.shell:Creating package script '/workspace/stage2_workspaces/b2/install/fast_lio/share/fast_lio/package.ps1'
[83.981s] INFO:colcon.colcon_core.shell:Creating package descriptor '/workspace/stage2_workspaces/b2/install/fast_lio/share/fast_lio/package.dsv'
[83.989s] INFO:colcon.colcon_core.shell:Creating package script '/workspace/stage2_workspaces/b2/install/fast_lio/share/fast_lio/package.sh'
[83.996s] INFO:colcon.colcon_core.shell:Creating package script '/workspace/stage2_workspaces/b2/install/fast_lio/share/fast_lio/package.bash'
[84.003s] INFO:colcon.colcon_core.shell:Creating package script '/workspace/stage2_workspaces/b2/install/fast_lio/share/fast_lio/package.zsh'
[84.011s] Level 1:colcon.colcon_core.environment:create_file_with_runtime_dependencies(/workspace/stage2_workspaces/b2/install/fast_lio/share/colcon-core/packages/fast_lio)
[84.016s] DEBUG:colcon.colcon_parallel_executor.executor.parallel:closing loop
[84.016s] DEBUG:colcon.colcon_parallel_executor.executor.parallel:loop closed
[84.016s] DEBUG:colcon.colcon_parallel_executor.executor.parallel:run_until_complete finished with '0'
[84.016s] DEBUG:colcon.colcon_core.event_reactor:joining thread
[84.041s] INFO:colcon.colcon_core.plugin_system:Skipping extension 'colcon_notification.desktop_notification.notify_send': Could not find 'notify-send'
[84.042s] INFO:colcon.colcon_core.plugin_system:Skipping extension 'colcon_notification.desktop_notification.terminal_notifier': Not used on non-Darwin systems
[84.042s] INFO:colcon.colcon_core.plugin_system:Skipping extension 'colcon_notification.desktop_notification.win32': Not used on non-Windows systems
[84.042s] INFO:colcon.colcon_notification.desktop_notification:Sending desktop notification using 'notify2'
[84.044s] DEBUG:colcon.colcon_notification.desktop_notification.notify2:Failed to initialize notify2: org.freedesktop.DBus.Error.Spawn.ExecFailed: /usr/bin/dbus-launch terminated abnormally without any error message
[84.044s] DEBUG:colcon.colcon_core.event_reactor:joined thread
[84.044s] INFO:colcon.colcon_core.shell:Creating prefix script '/workspace/stage2_workspaces/b2/install/local_setup.ps1'
[84.049s] INFO:colcon.colcon_core.shell:Creating prefix util module '/workspace/stage2_workspaces/b2/install/_local_setup_util_ps1.py'
[84.055s] INFO:colcon.colcon_core.shell:Creating prefix chain script '/workspace/stage2_workspaces/b2/install/setup.ps1'
[84.061s] INFO:colcon.colcon_core.shell:Creating prefix script '/workspace/stage2_workspaces/b2/install/local_setup.sh'
[84.065s] INFO:colcon.colcon_core.shell:Creating prefix util module '/workspace/stage2_workspaces/b2/install/_local_setup_util_sh.py'
[84.070s] INFO:colcon.colcon_core.shell:Creating prefix chain script '/workspace/stage2_workspaces/b2/install/setup.sh'
[84.075s] INFO:colcon.colcon_core.shell:Creating prefix script '/workspace/stage2_workspaces/b2/install/local_setup.bash'
[84.080s] INFO:colcon.colcon_core.shell:Creating prefix chain script '/workspace/stage2_workspaces/b2/install/setup.bash'
[84.085s] INFO:colcon.colcon_core.shell:Creating prefix script '/workspace/stage2_workspaces/b2/install/local_setup.zsh'
[84.089s] INFO:colcon.colcon_core.shell:Creating prefix chain script '/workspace/stage2_workspaces/b2/install/setup.zsh'
