[0.006s] Invoking command in '/data/fastlio_baseline/workspaces/b1/build/fast_lio': AMENT_PREFIX_PATH=/data/fastlio_baseline/workspaces/b1/install/livox_ros_driver2:${AMENT_PREFIX_PATH} CMAKE_PREFIX_PATH=/data/fastlio_baseline/workspaces/b1/install/livox_ros_driver2:/opt/ros/humble LD_LIBRARY_PATH=/data/fastlio_baseline/workspaces/b1/install/livox_ros_driver2/lib:${LD_LIBRARY_PATH} PYTHONPATH=/data/fastlio_baseline/workspaces/b1/install/livox_ros_driver2/local/lib/python3.10/dist-packages:${PYTHONPATH} /usr/bin/cmake /data/fastlio_baseline/workspaces/b1/src/fast_lio -DCMAKE_BUILD_TYPE=Release -DCMAKE_EXPORT_COMPILE_COMMANDS=ON -DROS_EDITION=ROS2 -DDISTRO_ROS=humble -DCMAKE_INSTALL_PREFIX=/data/fastlio_baseline/workspaces/b1/install/fast_lio
[0.035s] -- The C compiler identification is GNU 11.4.0
[0.067s] -- The CXX compiler identification is GNU 11.4.0
[0.071s] -- Detecting C compiler ABI info
[0.109s] -- Detecting C compiler ABI info - done
[0.113s] -- Check for working C compiler: /usr/bin/cc - skipped
[0.113s] -- Detecting C compile features
[0.113s] -- Detecting C compile features - done
[0.114s] -- Detecting CXX compiler ABI info
[0.159s] -- Detecting CXX compiler ABI info - done
[0.163s] -- Check for working CXX compiler: /usr/bin/c++ - skipped
[0.163s] -- Detecting CXX compile features
[0.163s] -- Detecting CXX compile features - done
[0.163s] Current CPU archtecture: x86_64
[0.168s] Processer number:  20
[0.168s] core for MP: 3
[0.356s] -- Found PythonLibs: /usr/lib/x86_64-linux-gnu/libpython3.10.so (found version "3.10.12") 
[0.357s] -- Found ament_cmake: 1.3.14 (/opt/ros/humble/share/ament_cmake/cmake)
[0.441s] -- Found Python3: /usr/bin/python3 (found version "3.10.12") found components: Interpreter 
[0.490s] -- Found rclcpp: 16.0.19 (/opt/ros/humble/share/rclcpp/cmake)
[0.513s] -- Found rosidl_generator_c: 3.1.8 (/opt/ros/humble/share/rosidl_generator_c/cmake)
[0.516s] -- Found rosidl_adapter: 3.1.8 (/opt/ros/humble/share/rosidl_adapter/cmake)
[0.521s] -- Found rosidl_generator_cpp: 3.1.8 (/opt/ros/humble/share/rosidl_generator_cpp/cmake)
[0.528s] -- Using all available rosidl_typesupport_c: rosidl_typesupport_fastrtps_c;rosidl_typesupport_introspection_c
[0.537s] -- Using all available rosidl_typesupport_cpp: rosidl_typesupport_fastrtps_cpp;rosidl_typesupport_introspection_cpp
[0.561s] -- Found rmw_implementation_cmake: 6.1.2 (/opt/ros/humble/share/rmw_implementation_cmake/cmake)
[0.562s] -- Found rmw_fastrtps_cpp: 6.2.10 (/opt/ros/humble/share/rmw_fastrtps_cpp/cmake)
[0.610s] -- Found OpenSSL: /usr/lib/x86_64-linux-gnu/libcrypto.so (found version "3.0.2")  
[0.625s] -- Found FastRTPS: /opt/ros/humble/include  
[0.649s] -- Using RMW implementation 'rmw_fastrtps_cpp' as default
[0.654s] -- Looking for pthread.h
[0.696s] -- Looking for pthread.h - found
[0.697s] -- Performing Test CMAKE_HAVE_LIBC_PTHREAD
[0.737s] -- Performing Test CMAKE_HAVE_LIBC_PTHREAD - Success
[0.738s] -- Found Threads: TRUE  
[0.765s] -- Found rclcpp_components: 16.0.19 (/opt/ros/humble/share/rclcpp_components/cmake)
[0.781s] -- Found geometry_msgs: 4.9.1 (/opt/ros/humble/share/geometry_msgs/cmake)
[0.789s] -- Found nav_msgs: 4.9.1 (/opt/ros/humble/share/nav_msgs/cmake)
[0.802s] -- Found sensor_msgs: 4.9.1 (/opt/ros/humble/share/sensor_msgs/cmake)
[0.812s] -- Found std_srvs: 4.9.1 (/opt/ros/humble/share/std_srvs/cmake)
[0.822s] -- Found visualization_msgs: 4.9.1 (/opt/ros/humble/share/visualization_msgs/cmake)
[0.837s] -- Found pcl_ros: 2.4.5 (/opt/ros/humble/share/pcl_ros/cmake)
[0.864s] -- Checking for module 'eigen3'
[0.871s] --   Found eigen3, version 3.4.0
[0.891s] -- Found Eigen: /usr/include/eigen3 (Required is at least version "3.1") 
[0.891s] -- Eigen found (include: /usr/include/eigen3, version: 3.4.0)
[0.912s] -- Checking for module 'flann'
[0.920s] --   Found flann, version 1.9.1
[0.942s] -- Found FLANN: /usr/lib/x86_64-linux-gnu/libflann_cpp.so  
[0.942s] -- FLANN found (include: /usr/include, lib: /usr/lib/x86_64-linux-gnu/libflann_cpp.so)
[1.443s] -- Checking for module 'libusb-1.0'
[1.450s] --   Found libusb-1.0, version 1.0.25
[1.470s] -- Found libusb: /usr/lib/x86_64-linux-gnu/libusb-1.0.so  
[1.470s] -- OpenNI found (version: 1.5.4.0, include: /usr/include/ni, lib: /usr/lib/libOpenNI.so;libusb::libusb)
[1.501s] -- OpenNI2 found (version: 2.2.0.33, include: /usr/include/openni2, lib: /usr/lib/x86_64-linux-gnu/libOpenNI2.so;libusb::libusb)
[1.583s] -- Eigen found (include: /usr/include/eigen3, version: 3.4.0)
[1.587s] -- OpenNI found (version: 1.5.4.0, include: /usr/include/ni, lib: /usr/lib/libOpenNI.so;libusb::libusb)
[1.591s] -- OpenNI2 found (version: 2.2.0.33, include: /usr/include/openni2, lib: /usr/lib/x86_64-linux-gnu/libOpenNI2.so;libusb::libusb)
[1.674s] -- Found Qhull version 8.0.2
[1.755s] -- OpenNI found (version: 1.5.4.0, include: /usr/include/ni, lib: /usr/lib/libOpenNI.so;libusb::libusb)
[1.833s] -- Found PCL_COMMON: /usr/lib/x86_64-linux-gnu/libpcl_common.so  
[1.833s] -- Found PCL_KDTREE: /usr/lib/x86_64-linux-gnu/libpcl_kdtree.so  
[1.834s] -- Found PCL_OCTREE: /usr/lib/x86_64-linux-gnu/libpcl_octree.so  
[1.834s] -- Found PCL_SEARCH: /usr/lib/x86_64-linux-gnu/libpcl_search.so  
[1.835s] -- Found PCL_SAMPLE_CONSENSUS: /usr/lib/x86_64-linux-gnu/libpcl_sample_consensus.so  
[1.835s] -- Found PCL_FILTERS: /usr/lib/x86_64-linux-gnu/libpcl_filters.so  
[1.835s] -- Found PCL_2D: /usr/include/pcl-1.12  
[1.836s] -- Found PCL_GEOMETRY: /usr/include/pcl-1.12  
[1.836s] -- Found PCL_IO: /usr/lib/x86_64-linux-gnu/libpcl_io.so  
[1.837s] -- Found PCL_FEATURES: /usr/lib/x86_64-linux-gnu/libpcl_features.so  
[1.837s] -- Found PCL_ML: /usr/lib/x86_64-linux-gnu/libpcl_ml.so  
[1.838s] -- Found PCL_SEGMENTATION: /usr/lib/x86_64-linux-gnu/libpcl_segmentation.so  
[1.838s] -- Found PCL_VISUALIZATION: /usr/lib/x86_64-linux-gnu/libpcl_visualization.so  
[1.839s] -- Found PCL_SURFACE: /usr/lib/x86_64-linux-gnu/libpcl_surface.so  
[1.839s] -- Found PCL_REGISTRATION: /usr/lib/x86_64-linux-gnu/libpcl_registration.so  
[1.840s] -- Found PCL_KEYPOINTS: /usr/lib/x86_64-linux-gnu/libpcl_keypoints.so  
[1.840s] -- Found PCL_TRACKING: /usr/lib/x86_64-linux-gnu/libpcl_tracking.so  
[1.841s] -- Found PCL_RECOGNITION: /usr/lib/x86_64-linux-gnu/libpcl_recognition.so  
[1.841s] -- Found PCL_STEREO: /usr/lib/x86_64-linux-gnu/libpcl_stereo.so  
[1.841s] -- Found PCL_APPS: /usr/lib/x86_64-linux-gnu/libpcl_apps.so  
[1.842s] -- Found PCL_IN_HAND_SCANNER: /usr/include/pcl-1.12  
[1.842s] -- Found PCL_MODELER: /usr/include/pcl-1.12  
[1.842s] -- Found PCL_POINT_CLOUD_EDITOR: /usr/include/pcl-1.12  
[1.843s] -- Found PCL_OUTOFCORE: /usr/lib/x86_64-linux-gnu/libpcl_outofcore.so  
[1.843s] -- Found PCL_PEOPLE: /usr/lib/x86_64-linux-gnu/libpcl_people.so  
[1.865s] -- Found eigen3_cmake_module: 0.1.1 (/opt/ros/humble/share/eigen3_cmake_module/cmake)
[1.866s] -- Found Eigen3: TRUE (found version "3.4.0") 
[1.866s] -- Ensuring Eigen3 include directory is part of orocos-kdl CMake target
[1.924s] -- Found livox_ros_driver2: 1.0.0 (/data/fastlio_baseline/workspaces/b1/install/livox_ros_driver2/share/livox_ros_driver2/cmake)
[1.936s] -- Found rosidl_default_generators: 1.2.1 (/opt/ros/humble/share/rosidl_default_generators/cmake)
[1.943s] CMake Warning (dev) at CMakeLists.txt:81 (find_package):
[1.944s]   Policy CMP0074 is not set: find_package uses <PackageName>_ROOT variables.
[1.944s]   Run "cmake --help-policy CMP0074" for policy details.  Use the cmake_policy
[1.944s]   command to set the policy and suppress this warning.
[1.944s] 
[1.944s]   CMake variable PCL_ROOT is set to:
[1.944s] 
[1.944s]     /usr
[1.944s] 
[1.944s]   For compatibility, CMake is ignoring the variable.
[1.944s] This warning is for project developers.  Use -Wno-dev to suppress it.
[1.944s] 
[1.948s] Eigen:/usr/include/eigen3
[1.948s] -- PCL: /usr/include/pcl-1.12
[2.093s] -- Found ament_cmake_ros: 0.10.0 (/opt/ros/humble/share/ament_cmake_ros/cmake)
[2.264s] -- Using all available rosidl_typesupport_c: rosidl_typesupport_fastrtps_c;rosidl_typesupport_introspection_c
[2.328s] -- Using all available rosidl_typesupport_cpp: rosidl_typesupport_fastrtps_cpp;rosidl_typesupport_introspection_cpp
[2.341s] -- Found PythonInterp: /usr/bin/python3 (found suitable version "3.10.12", minimum required is "3.6") 
[2.342s] -- Found python_cmake_module: 0.10.0 (/opt/ros/humble/share/python_cmake_module/cmake)
[2.355s] -- Found PythonLibs: /usr/lib/x86_64-linux-gnu/libpython3.10.so (found suitable version "3.10.12", minimum required is "3.5") 
[2.355s] -- Using PYTHON_EXECUTABLE: /usr/bin/python3
[2.355s] -- Using PYTHON_INCLUDE_DIRS: /usr/include/python3.10
[2.355s] -- Using PYTHON_LIBRARIES: /usr/lib/x86_64-linux-gnu/libpython3.10.so
[2.368s] -- Found PythonExtra: .so  
[2.433s] -- Configuring done
[2.487s] -- Generating done
[2.489s] CMake Warning:
[2.490s]   Manually-specified variables were not used by the project:
[2.490s] 
[2.490s]     DISTRO_ROS
[2.490s]     ROS_EDITION
[2.490s] 
[2.490s] 
[2.500s] -- Build files have been written to: /data/fastlio_baseline/workspaces/b1/build/fast_lio
[2.512s] Invoked command in '/data/fastlio_baseline/workspaces/b1/build/fast_lio' returned '0': AMENT_PREFIX_PATH=/data/fastlio_baseline/workspaces/b1/install/livox_ros_driver2:${AMENT_PREFIX_PATH} CMAKE_PREFIX_PATH=/data/fastlio_baseline/workspaces/b1/install/livox_ros_driver2:/opt/ros/humble LD_LIBRARY_PATH=/data/fastlio_baseline/workspaces/b1/install/livox_ros_driver2/lib:${LD_LIBRARY_PATH} PYTHONPATH=/data/fastlio_baseline/workspaces/b1/install/livox_ros_driver2/local/lib/python3.10/dist-packages:${PYTHONPATH} /usr/bin/cmake /data/fastlio_baseline/workspaces/b1/src/fast_lio -DCMAKE_BUILD_TYPE=Release -DCMAKE_EXPORT_COMPILE_COMMANDS=ON -DROS_EDITION=ROS2 -DDISTRO_ROS=humble -DCMAKE_INSTALL_PREFIX=/data/fastlio_baseline/workspaces/b1/install/fast_lio
[2.513s] Invoking command in '/data/fastlio_baseline/workspaces/b1/build/fast_lio': AMENT_PREFIX_PATH=/data/fastlio_baseline/workspaces/b1/install/livox_ros_driver2:${AMENT_PREFIX_PATH} CMAKE_PREFIX_PATH=/data/fastlio_baseline/workspaces/b1/install/livox_ros_driver2:/opt/ros/humble LD_LIBRARY_PATH=/data/fastlio_baseline/workspaces/b1/install/livox_ros_driver2/lib:${LD_LIBRARY_PATH} PYTHONPATH=/data/fastlio_baseline/workspaces/b1/install/livox_ros_driver2/local/lib/python3.10/dist-packages:${PYTHONPATH} /usr/bin/cmake --build /data/fastlio_baseline/workspaces/b1/build/fast_lio -- -j20 -l20
[2.540s] [  2%] Generating C code for ROS interfaces
[2.546s] [  8%] Generating Rust code for ROS interfaces
[2.546s] [  8%] Generating C++ code for ROS interfaces
[2.552s] [  8%] Built target ament_cmake_python_copy_fast_lio
[2.667s] running egg_info
[2.667s] creating fast_lio.egg-info
[2.668s] writing fast_lio.egg-info/PKG-INFO
[2.668s] writing dependency_links to fast_lio.egg-info/dependency_links.txt
[2.668s] writing top-level names to fast_lio.egg-info/top_level.txt
[2.668s] writing manifest file 'fast_lio.egg-info/SOURCES.txt'
[2.670s] reading manifest file 'fast_lio.egg-info/SOURCES.txt'
[2.670s] writing manifest file 'fast_lio.egg-info/SOURCES.txt'
[2.685s] [  8%] Built target ament_cmake_python_build_fast_lio_egg
[2.694s] [  8%] Built target fast_lio__rs
[2.701s] [ 11%] Building C object CMakeFiles/fast_lio__rosidl_generator_c.dir/rosidl_generator_c/fast_lio/msg/detail/pose6_d__functions.c.o
[2.703s] [ 11%] Built target fast_lio__cpp
[2.709s] [ 19%] Generating C++ introspection for ROS interfaces
[2.709s] [ 19%] Generating C++ type support dispatch for ROS interfaces
[2.709s] [ 19%] Generating C++ type support for eProsima Fast-RTPS
[2.762s] [ 22%] Linking C shared library libfast_lio__rosidl_generator_c.so
[2.783s] [ 22%] Built target fast_lio__rosidl_generator_c
[2.789s] [ 30%] Generating C introspection for ROS interfaces
[2.789s] [ 30%] Generating C type support dispatch for ROS interfaces
[2.789s] [ 30%] Generating C type support for eProsima Fast-RTPS
[2.868s] [ 33%] Building CXX object CMakeFiles/fast_lio__rosidl_typesupport_cpp.dir/rosidl_typesupport_cpp/fast_lio/msg/pose6_d__type_support.cpp.o
[2.873s] [ 36%] Building CXX object CMakeFiles/fast_lio__rosidl_typesupport_introspection_cpp.dir/rosidl_typesupport_introspection_cpp/fast_lio/msg/detail/pose6_d__type_support.cpp.o
[2.898s] [ 38%] Building CXX object CMakeFiles/fast_lio__rosidl_typesupport_fastrtps_cpp.dir/rosidl_typesupport_fastrtps_cpp/fast_lio/msg/detail/dds_fastrtps/pose6_d__type_support.cpp.o
[2.940s] [ 41%] Building C object CMakeFiles/fast_lio__rosidl_typesupport_introspection_c.dir/rosidl_typesupport_introspection_c/fast_lio/msg/detail/pose6_d__type_support.c.o
[2.969s] [ 44%] Building CXX object CMakeFiles/fast_lio__rosidl_typesupport_c.dir/rosidl_typesupport_c/fast_lio/msg/pose6_d__type_support.cpp.o
[2.977s] [ 47%] Linking C shared library libfast_lio__rosidl_typesupport_introspection_c.so
[2.980s] [ 50%] Building CXX object CMakeFiles/fast_lio__rosidl_typesupport_fastrtps_c.dir/rosidl_typesupport_fastrtps_c/fast_lio/msg/detail/pose6_d__type_support_c.cpp.o
[2.987s] [ 52%] Linking CXX shared library libfast_lio__rosidl_typesupport_c.so
[2.997s] [ 52%] Built target fast_lio__rosidl_typesupport_introspection_c
[3.013s] [ 52%] Built target fast_lio__rosidl_typesupport_c
[3.025s] [ 55%] Linking CXX shared library libfast_lio__rosidl_typesupport_cpp.so
[3.049s] [ 55%] Built target fast_lio__rosidl_typesupport_cpp
[3.062s] [ 58%] Building CXX object CMakeFiles/fastlio_mapping.dir/src/preprocess.cpp.o
[3.063s] [ 61%] Building CXX object CMakeFiles/fastlio_mapping.dir/src/laserMapping.cpp.o
[3.063s] [ 63%] Building CXX object CMakeFiles/fastlio_mapping.dir/include/ikd-Tree/ikd_Tree.cpp.o
[3.117s] [ 66%] Linking CXX shared library libfast_lio__rosidl_typesupport_introspection_cpp.so
[3.131s] [ 69%] Linking CXX shared library libfast_lio__rosidl_typesupport_fastrtps_cpp.so
[3.142s] [ 69%] Built target fast_lio__rosidl_typesupport_introspection_cpp
[3.175s] [ 72%] Linking CXX shared library libfast_lio__rosidl_typesupport_fastrtps_c.so
[3.183s] [ 72%] Built target fast_lio__rosidl_typesupport_fastrtps_cpp
[3.225s] [ 72%] Built target fast_lio__rosidl_typesupport_fastrtps_c
[3.237s] [ 72%] Built target fast_lio
[3.250s] [ 75%] Generating Python code for ROS interfaces
[3.458s] [ 75%] Built target fast_lio__py
[3.469s] [ 77%] Building C object CMakeFiles/fast_lio__rosidl_generator_py.dir/rosidl_generator_py/fast_lio/msg/_pose6_d_s.c.o
[3.544s] [ 80%] Linking C shared library rosidl_generator_py/fast_lio/libfast_lio__rosidl_generator_py.so
[3.578s] [ 80%] Built target fast_lio__rosidl_generator_py
[3.594s] [ 83%] Building C object CMakeFiles/fast_lio__rosidl_typesupport_fastrtps_c__pyext.dir/rosidl_generator_py/fast_lio/_fast_lio_s.ep.rosidl_typesupport_fastrtps_c.c.o
[3.595s] [ 86%] Building C object CMakeFiles/fast_lio__rosidl_typesupport_c__pyext.dir/rosidl_generator_py/fast_lio/_fast_lio_s.ep.rosidl_typesupport_c.c.o
[3.595s] [ 88%] Building C object CMakeFiles/fast_lio__rosidl_typesupport_introspection_c__pyext.dir/rosidl_generator_py/fast_lio/_fast_lio_s.ep.rosidl_typesupport_introspection_c.c.o
[3.656s] [ 91%] Linking C shared library rosidl_generator_py/fast_lio/fast_lio_s__rosidl_typesupport_introspection_c.cpython-310-x86_64-linux-gnu.so
[3.656s] [ 94%] Linking C shared library rosidl_generator_py/fast_lio/fast_lio_s__rosidl_typesupport_c.cpython-310-x86_64-linux-gnu.so
[3.662s] [ 97%] Linking C shared library rosidl_generator_py/fast_lio/fast_lio_s__rosidl_typesupport_fastrtps_c.cpython-310-x86_64-linux-gnu.so
[3.677s] [ 97%] Built target fast_lio__rosidl_typesupport_c__pyext
[3.677s] [ 97%] Built target fast_lio__rosidl_typesupport_introspection_c__pyext
[3.684s] [ 97%] Built target fast_lio__rosidl_typesupport_fastrtps_c__pyext
[6.651s] In file included from /usr/include/boost/smart_ptr/detail/sp_thread_sleep.hpp:22,
[6.652s]                  from /usr/include/boost/smart_ptr/detail/yield_k.hpp:23,
[6.652s]                  from /usr/include/boost/smart_ptr/detail/spinlock_gcc_atomic.hpp:14,
[6.652s]                  from /usr/include/boost/smart_ptr/detail/spinlock.hpp:42,
[6.652s]                  from /usr/include/boost/smart_ptr/detail/spinlock_pool.hpp:25,
[6.652s]                  from /usr/include/boost/smart_ptr/shared_ptr.hpp:29,
[6.652s]                  from /usr/include/boost/shared_ptr.hpp:17,
[6.652s]                  from /usr/include/boost/date_time/microsec_time_clock.hpp:18,
[6.652s]                  from /usr/include/boost/interprocess/detail/posix_time_types_wrk.hpp:31,
[6.652s]                  from /usr/include/boost/interprocess/detail/os_thread_functions.hpp:36,
[6.652s]                  from /usr/include/boost/interprocess/sync/file_lock.hpp:26,
[6.652s]                  from /usr/include/pcl-1.12/pcl/io/pcd_io.h:46,
[6.652s]                  from /opt/ros/humble/include/pcl_conversions/pcl_conversions/pcl_conversions.h:73,
[6.652s]                  from /data/fastlio_baseline/workspaces/b1/src/fast_lio/src/IMU_Processing.hpp:18,
[6.652s]                  from /data/fastlio_baseline/workspaces/b1/src/fast_lio/src/laserMapping.cpp:49:
[6.652s] /usr/include/boost/bind.hpp:36:1: note: ‘#pragma message: The practice of declaring the Bind placeholders (_1, _2, ...) in the global namespace is deprecated. Please use <boost/bind/bind.hpp> + using namespace boost::placeholders, or define BOOST_BIND_GLOBAL_PLACEHOLDERS to retain the current behavior.’
[6.652s]    36 | BOOST_PRAGMA_MESSAGE(
[6.652s]       | ^~~~~~~~~~~~~~~~~~~~
[44.501s] [100%] Linking CXX executable fastlio_mapping
[45.154s] [100%] Built target fastlio_mapping
[45.161s] Invoked command in '/data/fastlio_baseline/workspaces/b1/build/fast_lio' returned '0': AMENT_PREFIX_PATH=/data/fastlio_baseline/workspaces/b1/install/livox_ros_driver2:${AMENT_PREFIX_PATH} CMAKE_PREFIX_PATH=/data/fastlio_baseline/workspaces/b1/install/livox_ros_driver2:/opt/ros/humble LD_LIBRARY_PATH=/data/fastlio_baseline/workspaces/b1/install/livox_ros_driver2/lib:${LD_LIBRARY_PATH} PYTHONPATH=/data/fastlio_baseline/workspaces/b1/install/livox_ros_driver2/local/lib/python3.10/dist-packages:${PYTHONPATH} /usr/bin/cmake --build /data/fastlio_baseline/workspaces/b1/build/fast_lio -- -j20 -l20
[45.163s] Invoking command in '/data/fastlio_baseline/workspaces/b1/build/fast_lio': AMENT_PREFIX_PATH=/data/fastlio_baseline/workspaces/b1/install/livox_ros_driver2:${AMENT_PREFIX_PATH} CMAKE_PREFIX_PATH=/data/fastlio_baseline/workspaces/b1/install/livox_ros_driver2:/opt/ros/humble LD_LIBRARY_PATH=/data/fastlio_baseline/workspaces/b1/install/livox_ros_driver2/lib:${LD_LIBRARY_PATH} PYTHONPATH=/data/fastlio_baseline/workspaces/b1/install/livox_ros_driver2/local/lib/python3.10/dist-packages:${PYTHONPATH} /usr/bin/cmake --install /data/fastlio_baseline/workspaces/b1/build/fast_lio
[45.167s] -- Install configuration: "Release"
[45.167s] -- Installing: /data/fastlio_baseline/workspaces/b1/install/fast_lio/share/ament_index/resource_index/rosidl_interfaces/fast_lio
[45.168s] -- Installing: /data/fastlio_baseline/workspaces/b1/install/fast_lio/include/fast_lio/fast_lio
[45.168s] -- Installing: /data/fastlio_baseline/workspaces/b1/install/fast_lio/include/fast_lio/fast_lio/msg
[45.168s] -- Installing: /data/fastlio_baseline/workspaces/b1/install/fast_lio/include/fast_lio/fast_lio/msg/rosidl_generator_c__visibility_control.h
[45.168s] -- Installing: /data/fastlio_baseline/workspaces/b1/install/fast_lio/include/fast_lio/fast_lio/msg/detail
[45.168s] -- Installing: /data/fastlio_baseline/workspaces/b1/install/fast_lio/include/fast_lio/fast_lio/msg/detail/pose6_d__struct.h
[45.169s] -- Installing: /data/fastlio_baseline/workspaces/b1/install/fast_lio/include/fast_lio/fast_lio/msg/detail/pose6_d__functions.c
[45.169s] -- Installing: /data/fastlio_baseline/workspaces/b1/install/fast_lio/include/fast_lio/fast_lio/msg/detail/pose6_d__functions.h
[45.169s] -- Installing: /data/fastlio_baseline/workspaces/b1/install/fast_lio/include/fast_lio/fast_lio/msg/detail/pose6_d__type_support.h
[45.169s] -- Installing: /data/fastlio_baseline/workspaces/b1/install/fast_lio/include/fast_lio/fast_lio/msg/pose6_d.h
[45.169s] -- Installing: /data/fastlio_baseline/workspaces/b1/install/fast_lio/share/fast_lio/environment/library_path.sh
[45.169s] -- Installing: /data/fastlio_baseline/workspaces/b1/install/fast_lio/share/fast_lio/environment/library_path.dsv
[45.170s] -- Installing: /data/fastlio_baseline/workspaces/b1/install/fast_lio/lib/libfast_lio__rosidl_generator_c.so
[45.170s] -- Set runtime path of "/data/fastlio_baseline/workspaces/b1/install/fast_lio/lib/libfast_lio__rosidl_generator_c.so" to ""
[45.170s] -- Up-to-date: /data/fastlio_baseline/workspaces/b1/install/fast_lio/include/fast_lio/fast_lio
[45.170s] -- Up-to-date: /data/fastlio_baseline/workspaces/b1/install/fast_lio/include/fast_lio/fast_lio/msg
[45.170s] -- Up-to-date: /data/fastlio_baseline/workspaces/b1/install/fast_lio/include/fast_lio/fast_lio/msg/detail
[45.171s] -- Installing: /data/fastlio_baseline/workspaces/b1/install/fast_lio/include/fast_lio/fast_lio/msg/detail/pose6_d__rosidl_typesupport_fastrtps_c.h
[45.171s] -- Installing: /data/fastlio_baseline/workspaces/b1/install/fast_lio/include/fast_lio/fast_lio/msg/rosidl_typesupport_fastrtps_c__visibility_control.h
[45.171s] -- Installing: /data/fastlio_baseline/workspaces/b1/install/fast_lio/lib/libfast_lio__rosidl_typesupport_fastrtps_c.so
[45.171s] -- Set runtime path of "/data/fastlio_baseline/workspaces/b1/install/fast_lio/lib/libfast_lio__rosidl_typesupport_fastrtps_c.so" to ""
[45.171s] -- Up-to-date: /data/fastlio_baseline/workspaces/b1/install/fast_lio/include/fast_lio/fast_lio
[45.171s] -- Up-to-date: /data/fastlio_baseline/workspaces/b1/install/fast_lio/include/fast_lio/fast_lio/msg
[45.171s] -- Installing: /data/fastlio_baseline/workspaces/b1/install/fast_lio/include/fast_lio/fast_lio/msg/rosidl_generator_cpp__visibility_control.hpp
[45.171s] -- Up-to-date: /data/fastlio_baseline/workspaces/b1/install/fast_lio/include/fast_lio/fast_lio/msg/detail
[45.172s] -- Installing: /data/fastlio_baseline/workspaces/b1/install/fast_lio/include/fast_lio/fast_lio/msg/detail/pose6_d__builder.hpp
[45.172s] -- Installing: /data/fastlio_baseline/workspaces/b1/install/fast_lio/include/fast_lio/fast_lio/msg/detail/pose6_d__struct.hpp
[45.172s] -- Installing: /data/fastlio_baseline/workspaces/b1/install/fast_lio/include/fast_lio/fast_lio/msg/detail/pose6_d__traits.hpp
[45.172s] -- Installing: /data/fastlio_baseline/workspaces/b1/install/fast_lio/include/fast_lio/fast_lio/msg/detail/pose6_d__type_support.hpp
[45.172s] -- Installing: /data/fastlio_baseline/workspaces/b1/install/fast_lio/include/fast_lio/fast_lio/msg/pose6_d.hpp
[45.173s] -- Up-to-date: /data/fastlio_baseline/workspaces/b1/install/fast_lio/include/fast_lio/fast_lio
[45.173s] -- Up-to-date: /data/fastlio_baseline/workspaces/b1/install/fast_lio/include/fast_lio/fast_lio/msg
[45.174s] -- Installing: /data/fastlio_baseline/workspaces/b1/install/fast_lio/include/fast_lio/fast_lio/msg/rosidl_typesupport_fastrtps_cpp__visibility_control.h
[45.174s] -- Up-to-date: /data/fastlio_baseline/workspaces/b1/install/fast_lio/include/fast_lio/fast_lio/msg/detail
[45.174s] -- Installing: /data/fastlio_baseline/workspaces/b1/install/fast_lio/include/fast_lio/fast_lio/msg/detail/dds_fastrtps
[45.174s] -- Installing: /data/fastlio_baseline/workspaces/b1/install/fast_lio/include/fast_lio/fast_lio/msg/detail/pose6_d__rosidl_typesupport_fastrtps_cpp.hpp
[45.175s] -- Installing: /data/fastlio_baseline/workspaces/b1/install/fast_lio/lib/libfast_lio__rosidl_typesupport_fastrtps_cpp.so
[45.176s] -- Set runtime path of "/data/fastlio_baseline/workspaces/b1/install/fast_lio/lib/libfast_lio__rosidl_typesupport_fastrtps_cpp.so" to ""
[45.176s] -- Up-to-date: /data/fastlio_baseline/workspaces/b1/install/fast_lio/include/fast_lio/fast_lio
[45.176s] -- Up-to-date: /data/fastlio_baseline/workspaces/b1/install/fast_lio/include/fast_lio/fast_lio/msg
[45.176s] -- Installing: /data/fastlio_baseline/workspaces/b1/install/fast_lio/include/fast_lio/fast_lio/msg/rosidl_typesupport_introspection_c__visibility_control.h
[45.176s] -- Up-to-date: /data/fastlio_baseline/workspaces/b1/install/fast_lio/include/fast_lio/fast_lio/msg/detail
[45.176s] -- Installing: /data/fastlio_baseline/workspaces/b1/install/fast_lio/include/fast_lio/fast_lio/msg/detail/pose6_d__rosidl_typesupport_introspection_c.h
[45.177s] -- Installing: /data/fastlio_baseline/workspaces/b1/install/fast_lio/include/fast_lio/fast_lio/msg/detail/pose6_d__type_support.c
[45.177s] -- Installing: /data/fastlio_baseline/workspaces/b1/install/fast_lio/lib/libfast_lio__rosidl_typesupport_introspection_c.so
[45.177s] -- Set runtime path of "/data/fastlio_baseline/workspaces/b1/install/fast_lio/lib/libfast_lio__rosidl_typesupport_introspection_c.so" to ""
[45.177s] -- Installing: /data/fastlio_baseline/workspaces/b1/install/fast_lio/lib/libfast_lio__rosidl_typesupport_c.so
[45.177s] -- Set runtime path of "/data/fastlio_baseline/workspaces/b1/install/fast_lio/lib/libfast_lio__rosidl_typesupport_c.so" to ""
[45.178s] -- Up-to-date: /data/fastlio_baseline/workspaces/b1/install/fast_lio/include/fast_lio/fast_lio
[45.178s] -- Up-to-date: /data/fastlio_baseline/workspaces/b1/install/fast_lio/include/fast_lio/fast_lio/msg
[45.178s] -- Up-to-date: /data/fastlio_baseline/workspaces/b1/install/fast_lio/include/fast_lio/fast_lio/msg/detail
[45.178s] -- Installing: /data/fastlio_baseline/workspaces/b1/install/fast_lio/include/fast_lio/fast_lio/msg/detail/pose6_d__rosidl_typesupport_introspection_cpp.hpp
[45.178s] -- Installing: /data/fastlio_baseline/workspaces/b1/install/fast_lio/include/fast_lio/fast_lio/msg/detail/pose6_d__type_support.cpp
[45.179s] -- Installing: /data/fastlio_baseline/workspaces/b1/install/fast_lio/lib/libfast_lio__rosidl_typesupport_introspection_cpp.so
[45.179s] -- Set runtime path of "/data/fastlio_baseline/workspaces/b1/install/fast_lio/lib/libfast_lio__rosidl_typesupport_introspection_cpp.so" to ""
[45.179s] -- Installing: /data/fastlio_baseline/workspaces/b1/install/fast_lio/lib/libfast_lio__rosidl_typesupport_cpp.so
[45.179s] -- Set runtime path of "/data/fastlio_baseline/workspaces/b1/install/fast_lio/lib/libfast_lio__rosidl_typesupport_cpp.so" to ""
[45.180s] -- Installing: /data/fastlio_baseline/workspaces/b1/install/fast_lio/share/fast_lio/environment/pythonpath.sh
[45.180s] -- Installing: /data/fastlio_baseline/workspaces/b1/install/fast_lio/share/fast_lio/environment/pythonpath.dsv
[45.180s] -- Installing: /data/fastlio_baseline/workspaces/b1/install/fast_lio/local/lib/python3.10/dist-packages/fast_lio-0.0.0-py3.10.egg-info
[45.180s] -- Installing: /data/fastlio_baseline/workspaces/b1/install/fast_lio/local/lib/python3.10/dist-packages/fast_lio-0.0.0-py3.10.egg-info/SOURCES.txt
[45.180s] -- Installing: /data/fastlio_baseline/workspaces/b1/install/fast_lio/local/lib/python3.10/dist-packages/fast_lio-0.0.0-py3.10.egg-info/top_level.txt
[45.181s] -- Installing: /data/fastlio_baseline/workspaces/b1/install/fast_lio/local/lib/python3.10/dist-packages/fast_lio-0.0.0-py3.10.egg-info/dependency_links.txt
[45.181s] -- Installing: /data/fastlio_baseline/workspaces/b1/install/fast_lio/local/lib/python3.10/dist-packages/fast_lio-0.0.0-py3.10.egg-info/PKG-INFO
[45.181s] -- Installing: /data/fastlio_baseline/workspaces/b1/install/fast_lio/local/lib/python3.10/dist-packages/fast_lio
[45.182s] -- Installing: /data/fastlio_baseline/workspaces/b1/install/fast_lio/local/lib/python3.10/dist-packages/fast_lio/fast_lio_s__rosidl_typesupport_introspection_c.cpython-310-x86_64-linux-gnu.so
[45.182s] -- Installing: /data/fastlio_baseline/workspaces/b1/install/fast_lio/local/lib/python3.10/dist-packages/fast_lio/__init__.py
[45.182s] -- Installing: /data/fastlio_baseline/workspaces/b1/install/fast_lio/local/lib/python3.10/dist-packages/fast_lio/_fast_lio_s.ep.rosidl_typesupport_fastrtps_c.c
[45.182s] -- Installing: /data/fastlio_baseline/workspaces/b1/install/fast_lio/local/lib/python3.10/dist-packages/fast_lio/_fast_lio_s.ep.rosidl_typesupport_c.c
[45.182s] -- Installing: /data/fastlio_baseline/workspaces/b1/install/fast_lio/local/lib/python3.10/dist-packages/fast_lio/fast_lio_s__rosidl_typesupport_fastrtps_c.cpython-310-x86_64-linux-gnu.so
[45.182s] -- Installing: /data/fastlio_baseline/workspaces/b1/install/fast_lio/local/lib/python3.10/dist-packages/fast_lio/_fast_lio_s.ep.rosidl_typesupport_introspection_c.c
[45.182s] -- Installing: /data/fastlio_baseline/workspaces/b1/install/fast_lio/local/lib/python3.10/dist-packages/fast_lio/libfast_lio__rosidl_generator_py.so
[45.182s] -- Installing: /data/fastlio_baseline/workspaces/b1/install/fast_lio/local/lib/python3.10/dist-packages/fast_lio/fast_lio_s__rosidl_typesupport_c.cpython-310-x86_64-linux-gnu.so
[45.182s] -- Installing: /data/fastlio_baseline/workspaces/b1/install/fast_lio/local/lib/python3.10/dist-packages/fast_lio/msg
[45.182s] -- Installing: /data/fastlio_baseline/workspaces/b1/install/fast_lio/local/lib/python3.10/dist-packages/fast_lio/msg/__init__.py
[45.182s] -- Installing: /data/fastlio_baseline/workspaces/b1/install/fast_lio/local/lib/python3.10/dist-packages/fast_lio/msg/_pose6_d.py
[45.182s] -- Installing: /data/fastlio_baseline/workspaces/b1/install/fast_lio/local/lib/python3.10/dist-packages/fast_lio/msg/_pose6_d_s.c
[45.205s] Listing '/data/fastlio_baseline/workspaces/b1/install/fast_lio/local/lib/python3.10/dist-packages/fast_lio'...
[45.205s] Compiling '/data/fastlio_baseline/workspaces/b1/install/fast_lio/local/lib/python3.10/dist-packages/fast_lio/__init__.py'...
[45.205s] Listing '/data/fastlio_baseline/workspaces/b1/install/fast_lio/local/lib/python3.10/dist-packages/fast_lio/msg'...
[45.205s] Compiling '/data/fastlio_baseline/workspaces/b1/install/fast_lio/local/lib/python3.10/dist-packages/fast_lio/msg/__init__.py'...
[45.205s] Compiling '/data/fastlio_baseline/workspaces/b1/install/fast_lio/local/lib/python3.10/dist-packages/fast_lio/msg/_pose6_d.py'...
[45.208s] -- Installing: /data/fastlio_baseline/workspaces/b1/install/fast_lio/local/lib/python3.10/dist-packages/fast_lio/fast_lio_s__rosidl_typesupport_fastrtps_c.cpython-310-x86_64-linux-gnu.so
[45.209s] -- Set runtime path of "/data/fastlio_baseline/workspaces/b1/install/fast_lio/local/lib/python3.10/dist-packages/fast_lio/fast_lio_s__rosidl_typesupport_fastrtps_c.cpython-310-x86_64-linux-gnu.so" to ""
[45.209s] -- Installing: /data/fastlio_baseline/workspaces/b1/install/fast_lio/local/lib/python3.10/dist-packages/fast_lio/fast_lio_s__rosidl_typesupport_introspection_c.cpython-310-x86_64-linux-gnu.so
[45.209s] -- Set runtime path of "/data/fastlio_baseline/workspaces/b1/install/fast_lio/local/lib/python3.10/dist-packages/fast_lio/fast_lio_s__rosidl_typesupport_introspection_c.cpython-310-x86_64-linux-gnu.so" to ""
[45.209s] -- Installing: /data/fastlio_baseline/workspaces/b1/install/fast_lio/local/lib/python3.10/dist-packages/fast_lio/fast_lio_s__rosidl_typesupport_c.cpython-310-x86_64-linux-gnu.so
[45.209s] -- Set runtime path of "/data/fastlio_baseline/workspaces/b1/install/fast_lio/local/lib/python3.10/dist-packages/fast_lio/fast_lio_s__rosidl_typesupport_c.cpython-310-x86_64-linux-gnu.so" to ""
[45.209s] -- Installing: /data/fastlio_baseline/workspaces/b1/install/fast_lio/lib/libfast_lio__rosidl_generator_py.so
[45.209s] -- Set runtime path of "/data/fastlio_baseline/workspaces/b1/install/fast_lio/lib/libfast_lio__rosidl_generator_py.so" to ""
[45.210s] -- Installing: /data/fastlio_baseline/workspaces/b1/install/fast_lio/share/ament_index/resource_index/rust_packages/fast_lio
[45.210s] -- Installing: /data/fastlio_baseline/workspaces/b1/install/fast_lio/share/fast_lio/rust
[45.210s] -- Installing: /data/fastlio_baseline/workspaces/b1/install/fast_lio/share/fast_lio/rust/src
[45.210s] -- Installing: /data/fastlio_baseline/workspaces/b1/install/fast_lio/share/fast_lio/rust/src/lib.rs
[45.210s] -- Installing: /data/fastlio_baseline/workspaces/b1/install/fast_lio/share/fast_lio/rust/src/msg
[45.211s] -- Installing: /data/fastlio_baseline/workspaces/b1/install/fast_lio/share/fast_lio/rust/src/msg/rmw.rs
[45.211s] -- Installing: /data/fastlio_baseline/workspaces/b1/install/fast_lio/share/fast_lio/rust/src/msg.rs
[45.211s] -- Installing: /data/fastlio_baseline/workspaces/b1/install/fast_lio/share/fast_lio/rust/Cargo.toml
[45.211s] -- Installing: /data/fastlio_baseline/workspaces/b1/install/fast_lio/share/fast_lio/rust/build.rs
[45.211s] -- Installing: /data/fastlio_baseline/workspaces/b1/install/fast_lio/share/fast_lio/msg/Pose6D.idl
[45.212s] -- Installing: /data/fastlio_baseline/workspaces/b1/install/fast_lio/share/fast_lio/msg/Pose6D.msg
[45.212s] -- Installing: /data/fastlio_baseline/workspaces/b1/install/fast_lio/lib/fast_lio/fastlio_mapping
[45.213s] -- Set runtime path of "/data/fastlio_baseline/workspaces/b1/install/fast_lio/lib/fast_lio/fastlio_mapping" to ""
[45.213s] -- Installing: /data/fastlio_baseline/workspaces/b1/install/fast_lio/share/fast_lio/config
[45.214s] -- Installing: /data/fastlio_baseline/workspaces/b1/install/fast_lio/share/fast_lio/config/mid360.yaml
[45.214s] -- Installing: /data/fastlio_baseline/workspaces/b1/install/fast_lio/share/fast_lio/config/velodyne.yaml
[45.214s] -- Installing: /data/fastlio_baseline/workspaces/b1/install/fast_lio/share/fast_lio/config/ouster64.yaml
[45.214s] -- Installing: /data/fastlio_baseline/workspaces/b1/install/fast_lio/share/fast_lio/config/avia.yaml
[45.214s] -- Installing: /data/fastlio_baseline/workspaces/b1/install/fast_lio/share/fast_lio/config/horizon.yaml
[45.215s] -- Installing: /data/fastlio_baseline/workspaces/b1/install/fast_lio/share/fast_lio/launch
[45.215s] -- Installing: /data/fastlio_baseline/workspaces/b1/install/fast_lio/share/fast_lio/launch/gdb_debug_example.launch
[45.215s] -- Installing: /data/fastlio_baseline/workspaces/b1/install/fast_lio/share/fast_lio/launch/mapping.launch.py
[45.215s] -- Installing: /data/fastlio_baseline/workspaces/b1/install/fast_lio/share/fast_lio/rviz
[45.216s] -- Installing: /data/fastlio_baseline/workspaces/b1/install/fast_lio/share/fast_lio/rviz/fastlio.rviz
[45.216s] -- Installing: /data/fastlio_baseline/workspaces/b1/install/fast_lio/share/ament_index/resource_index/package_run_dependencies/fast_lio
[45.216s] -- Installing: /data/fastlio_baseline/workspaces/b1/install/fast_lio/share/ament_index/resource_index/parent_prefix_path/fast_lio
[45.216s] -- Installing: /data/fastlio_baseline/workspaces/b1/install/fast_lio/share/fast_lio/environment/ament_prefix_path.sh
[45.216s] -- Installing: /data/fastlio_baseline/workspaces/b1/install/fast_lio/share/fast_lio/environment/ament_prefix_path.dsv
[45.216s] -- Installing: /data/fastlio_baseline/workspaces/b1/install/fast_lio/share/fast_lio/environment/path.sh
[45.216s] -- Installing: /data/fastlio_baseline/workspaces/b1/install/fast_lio/share/fast_lio/environment/path.dsv
[45.216s] -- Installing: /data/fastlio_baseline/workspaces/b1/install/fast_lio/share/fast_lio/local_setup.bash
[45.216s] -- Installing: /data/fastlio_baseline/workspaces/b1/install/fast_lio/share/fast_lio/local_setup.sh
[45.216s] -- Installing: /data/fastlio_baseline/workspaces/b1/install/fast_lio/share/fast_lio/local_setup.zsh
[45.216s] -- Installing: /data/fastlio_baseline/workspaces/b1/install/fast_lio/share/fast_lio/local_setup.dsv
[45.217s] -- Installing: /data/fastlio_baseline/workspaces/b1/install/fast_lio/share/fast_lio/package.dsv
[45.217s] -- Installing: /data/fastlio_baseline/workspaces/b1/install/fast_lio/share/ament_index/resource_index/packages/fast_lio
[45.217s] -- Installing: /data/fastlio_baseline/workspaces/b1/install/fast_lio/share/fast_lio/cmake/export_fast_lio__rosidl_generator_cExport.cmake
[45.218s] -- Installing: /data/fastlio_baseline/workspaces/b1/install/fast_lio/share/fast_lio/cmake/export_fast_lio__rosidl_generator_cExport-release.cmake
[45.218s] -- Installing: /data/fastlio_baseline/workspaces/b1/install/fast_lio/share/fast_lio/cmake/export_fast_lio__rosidl_typesupport_fastrtps_cExport.cmake
[45.218s] -- Installing: /data/fastlio_baseline/workspaces/b1/install/fast_lio/share/fast_lio/cmake/export_fast_lio__rosidl_typesupport_fastrtps_cExport-release.cmake
[45.218s] -- Installing: /data/fastlio_baseline/workspaces/b1/install/fast_lio/share/fast_lio/cmake/export_fast_lio__rosidl_generator_cppExport.cmake
[45.219s] -- Installing: /data/fastlio_baseline/workspaces/b1/install/fast_lio/share/fast_lio/cmake/export_fast_lio__rosidl_typesupport_fastrtps_cppExport.cmake
[45.219s] -- Installing: /data/fastlio_baseline/workspaces/b1/install/fast_lio/share/fast_lio/cmake/export_fast_lio__rosidl_typesupport_fastrtps_cppExport-release.cmake
[45.219s] -- Installing: /data/fastlio_baseline/workspaces/b1/install/fast_lio/share/fast_lio/cmake/fast_lio__rosidl_typesupport_introspection_cExport.cmake
[45.219s] -- Installing: /data/fastlio_baseline/workspaces/b1/install/fast_lio/share/fast_lio/cmake/fast_lio__rosidl_typesupport_introspection_cExport-release.cmake
[45.219s] -- Installing: /data/fastlio_baseline/workspaces/b1/install/fast_lio/share/fast_lio/cmake/fast_lio__rosidl_typesupport_cExport.cmake
[45.220s] -- Installing: /data/fastlio_baseline/workspaces/b1/install/fast_lio/share/fast_lio/cmake/fast_lio__rosidl_typesupport_cExport-release.cmake
[45.220s] -- Installing: /data/fastlio_baseline/workspaces/b1/install/fast_lio/share/fast_lio/cmake/fast_lio__rosidl_typesupport_introspection_cppExport.cmake
[45.220s] -- Installing: /data/fastlio_baseline/workspaces/b1/install/fast_lio/share/fast_lio/cmake/fast_lio__rosidl_typesupport_introspection_cppExport-release.cmake
[45.220s] -- Installing: /data/fastlio_baseline/workspaces/b1/install/fast_lio/share/fast_lio/cmake/fast_lio__rosidl_typesupport_cppExport.cmake
[45.220s] -- Installing: /data/fastlio_baseline/workspaces/b1/install/fast_lio/share/fast_lio/cmake/fast_lio__rosidl_typesupport_cppExport-release.cmake
[45.221s] -- Installing: /data/fastlio_baseline/workspaces/b1/install/fast_lio/share/fast_lio/cmake/export_fast_lio__rosidl_generator_pyExport.cmake
[45.221s] -- Installing: /data/fastlio_baseline/workspaces/b1/install/fast_lio/share/fast_lio/cmake/export_fast_lio__rosidl_generator_pyExport-release.cmake
[45.221s] -- Installing: /data/fastlio_baseline/workspaces/b1/install/fast_lio/share/fast_lio/cmake/rosidl_cmake-extras.cmake
[45.221s] -- Installing: /data/fastlio_baseline/workspaces/b1/install/fast_lio/share/fast_lio/cmake/ament_cmake_export_include_directories-extras.cmake
[45.221s] -- Installing: /data/fastlio_baseline/workspaces/b1/install/fast_lio/share/fast_lio/cmake/ament_cmake_export_libraries-extras.cmake
[45.221s] -- Installing: /data/fastlio_baseline/workspaces/b1/install/fast_lio/share/fast_lio/cmake/ament_cmake_export_targets-extras.cmake
[45.221s] -- Installing: /data/fastlio_baseline/workspaces/b1/install/fast_lio/share/fast_lio/cmake/rosidl_cmake_export_typesupport_targets-extras.cmake
[45.221s] -- Installing: /data/fastlio_baseline/workspaces/b1/install/fast_lio/share/fast_lio/cmake/ament_cmake_export_dependencies-extras.cmake
[45.221s] -- Installing: /data/fastlio_baseline/workspaces/b1/install/fast_lio/share/fast_lio/cmake/rosidl_cmake_export_typesupport_libraries-extras.cmake
[45.221s] -- Installing: /data/fastlio_baseline/workspaces/b1/install/fast_lio/share/fast_lio/cmake/fast_lioConfig.cmake
[45.221s] -- Installing: /data/fastlio_baseline/workspaces/b1/install/fast_lio/share/fast_lio/cmake/fast_lioConfig-version.cmake
[45.221s] -- Installing: /data/fastlio_baseline/workspaces/b1/install/fast_lio/share/fast_lio/package.xml
[45.223s] Invoked command in '/data/fastlio_baseline/workspaces/b1/build/fast_lio' returned '0': AMENT_PREFIX_PATH=/data/fastlio_baseline/workspaces/b1/install/livox_ros_driver2:${AMENT_PREFIX_PATH} CMAKE_PREFIX_PATH=/data/fastlio_baseline/workspaces/b1/install/livox_ros_driver2:/opt/ros/humble LD_LIBRARY_PATH=/data/fastlio_baseline/workspaces/b1/install/livox_ros_driver2/lib:${LD_LIBRARY_PATH} PYTHONPATH=/data/fastlio_baseline/workspaces/b1/install/livox_ros_driver2/local/lib/python3.10/dist-packages:${PYTHONPATH} /usr/bin/cmake --install /data/fastlio_baseline/workspaces/b1/build/fast_lio
