[0.109s] DEBUG:colcon:Command line arguments: ['/usr/bin/colcon', '--log-base', 'log', 'build', '--base-paths', 'src', '--build-base', 'build', '--install-base', 'install', '--packages-up-to', 'fast_lio', '--event-handlers', 'console_direct+', '--cmake-args', '-DCMAKE_BUILD_TYPE=Release', '-DCMAKE_EXPORT_COMPILE_COMMANDS=ON', '-DROS_EDITION=ROS2', '-DDISTRO_ROS=humble']
[0.109s] DEBUG:colcon:Parsed command line arguments: Namespace(log_base='log', log_level=None, verb_name='build', build_base='/data/fastlio_baseline/workspaces/b1/build', install_base='/data/fastlio_baseline/workspaces/b1/install', merge_install=False, symlink_install=False, test_result_base=None, continue_on_error=False, executor='parallel', parallel_workers=20, event_handlers=['console_direct+'], ignore_user_meta=False, metas=['./colcon.meta'], base_paths=['src'], packages_ignore=None, packages_ignore_regex=None, paths=None, packages_up_to=['fast_lio'], packages_up_to_regex=None, packages_above=None, packages_above_and_dependencies=None, packages_above_depth=None, packages_select_by_dep=None, packages_skip_by_dep=None, packages_skip_up_to=None, packages_select_build_failed=False, packages_skip_build_finished=False, packages_select_test_failures=False, packages_skip_test_passed=False, packages_select=None, packages_skip=None, packages_select_regex=None, packages_skip_regex=None, packages_start=None, packages_end=None, cmake_args=['-DCMAKE_BUILD_TYPE=Release', '-DCMAKE_EXPORT_COMPILE_COMMANDS=ON', '-DROS_EDITION=ROS2', '-DDISTRO_ROS=humble'], cmake_target=None, cmake_target_skip_unavailable=False, cmake_clean_cache=False, cmake_clean_first=False, cmake_force_configure=False, ament_cmake_args=None, catkin_cmake_args=None, catkin_skip_building_tests=False, mixin_files=None, mixin=None, verb_parser=<colcon_mixin.mixin.mixin_argument.MixinArgumentDecorator object at 0x75d0ef2d4dc0>, verb_extension=<colcon_core.verb.build.BuildVerb object at 0x75d0ef2d4850>, main=<bound method BuildVerb.main of <colcon_core.verb.build.BuildVerb object at 0x75d0ef2d4850>>, mixin_verb=('build',))
[0.278s] Level 1:colcon.colcon_core.package_discovery:discover_packages(colcon_meta) check parameters
[0.279s] INFO:colcon.colcon_metadata.package_discovery.colcon_meta:Using configuration from '/root/.colcon/metadata/default/Gazebo.meta'
[0.279s] INFO:colcon.colcon_metadata.package_discovery.colcon_meta:Using configuration from '/root/.colcon/metadata/default/fastdds.meta'
[0.279s] INFO:colcon.colcon_metadata.package_discovery.colcon_meta:Using configuration from '/root/.colcon/metadata/default/fastrtps.meta'
[0.279s] Level 1:colcon.colcon_core.package_discovery:discover_packages(recursive) check parameters
[0.280s] Level 1:colcon.colcon_core.package_discovery:discover_packages(ignore) check parameters
[0.280s] Level 1:colcon.colcon_core.package_discovery:discover_packages(path) check parameters
[0.280s] Level 1:colcon.colcon_core.package_discovery:discover_packages(recursive) discover
[0.280s] INFO:colcon.colcon_core.package_discovery:Crawling recursively for packages in '/data/fastlio_baseline/workspaces/b1/src'
[0.280s] Level 1:colcon.colcon_core.package_identification:_identify(src) by extensions ['ignore', 'ignore_ament_install']
[0.280s] Level 1:colcon.colcon_core.package_identification:_identify(src) by extension 'ignore'
[0.280s] Level 1:colcon.colcon_core.package_identification:_identify(src) by extension 'ignore_ament_install'
[0.280s] Level 1:colcon.colcon_core.package_identification:_identify(src) by extensions ['colcon_pkg']
[0.280s] Level 1:colcon.colcon_core.package_identification:_identify(src) by extension 'colcon_pkg'
[0.280s] Level 1:colcon.colcon_core.package_identification:_identify(src) by extensions ['colcon_meta']
[0.280s] Level 1:colcon.colcon_core.package_identification:_identify(src) by extension 'colcon_meta'
[0.280s] Level 1:colcon.colcon_core.package_identification:_identify(src) by extensions ['ros']
[0.280s] Level 1:colcon.colcon_core.package_identification:_identify(src) by extension 'ros'
[0.308s] Level 1:colcon.colcon_core.package_identification:_identify(src) by extensions ['cmake', 'python']
[0.308s] Level 1:colcon.colcon_core.package_identification:_identify(src) by extension 'cmake'
[0.308s] Level 1:colcon.colcon_core.package_identification:_identify(src) by extension 'python'
[0.308s] Level 1:colcon.colcon_core.package_identification:_identify(src) by extensions ['python_setup_py']
[0.308s] Level 1:colcon.colcon_core.package_identification:_identify(src) by extension 'python_setup_py'
[0.308s] Level 1:colcon.colcon_core.package_identification:_identify(src/fast_lio) by extensions ['ignore', 'ignore_ament_install']
[0.308s] Level 1:colcon.colcon_core.package_identification:_identify(src/fast_lio) by extension 'ignore'
[0.308s] Level 1:colcon.colcon_core.package_identification:_identify(src/fast_lio) by extension 'ignore_ament_install'
[0.308s] Level 1:colcon.colcon_core.package_identification:_identify(src/fast_lio) by extensions ['colcon_pkg']
[0.308s] Level 1:colcon.colcon_core.package_identification:_identify(src/fast_lio) by extension 'colcon_pkg'
[0.308s] Level 1:colcon.colcon_core.package_identification:_identify(src/fast_lio) by extensions ['colcon_meta']
[0.308s] Level 1:colcon.colcon_core.package_identification:_identify(src/fast_lio) by extension 'colcon_meta'
[0.309s] Level 1:colcon.colcon_core.package_identification:_identify(src/fast_lio) by extensions ['ros']
[0.309s] Level 1:colcon.colcon_core.package_identification:_identify(src/fast_lio) by extension 'ros'
[0.311s] DEBUG:colcon.colcon_core.package_identification:Package 'src/fast_lio' with type 'ros.ament_cmake' and name 'fast_lio'
[0.311s] Level 1:colcon.colcon_core.package_identification:_identify(src/livox_ros_driver2) by extensions ['ignore', 'ignore_ament_install']
[0.311s] Level 1:colcon.colcon_core.package_identification:_identify(src/livox_ros_driver2) by extension 'ignore'
[0.311s] Level 1:colcon.colcon_core.package_identification:_identify(src/livox_ros_driver2) by extension 'ignore_ament_install'
[0.311s] Level 1:colcon.colcon_core.package_identification:_identify(src/livox_ros_driver2) by extensions ['colcon_pkg']
[0.311s] Level 1:colcon.colcon_core.package_identification:_identify(src/livox_ros_driver2) by extension 'colcon_pkg'
[0.311s] Level 1:colcon.colcon_core.package_identification:_identify(src/livox_ros_driver2) by extensions ['colcon_meta']
[0.311s] Level 1:colcon.colcon_core.package_identification:_identify(src/livox_ros_driver2) by extension 'colcon_meta'
[0.311s] Level 1:colcon.colcon_core.package_identification:_identify(src/livox_ros_driver2) by extensions ['ros']
[0.311s] Level 1:colcon.colcon_core.package_identification:_identify(src/livox_ros_driver2) by extension 'ros'
[0.312s] DEBUG:colcon.colcon_core.package_identification:Package 'src/livox_ros_driver2' with type 'ros.ament_cmake' and name 'livox_ros_driver2'
[0.312s] Level 1:colcon.colcon_core.package_discovery:discover_packages(recursive) using defaults
[0.327s] Level 5:colcon.colcon_core.verb:set package 'livox_ros_driver2' build argument 'cmake_args' from command line to '['-DCMAKE_BUILD_TYPE=Release', '-DCMAKE_EXPORT_COMPILE_COMMANDS=ON', '-DROS_EDITION=ROS2', '-DDISTRO_ROS=humble']'
[0.327s] Level 5:colcon.colcon_core.verb:set package 'livox_ros_driver2' build argument 'cmake_target' from command line to 'None'
[0.327s] Level 5:colcon.colcon_core.verb:set package 'livox_ros_driver2' build argument 'cmake_target_skip_unavailable' from command line to 'False'
[0.327s] Level 5:colcon.colcon_core.verb:set package 'livox_ros_driver2' build argument 'cmake_clean_cache' from command line to 'False'
[0.327s] Level 5:colcon.colcon_core.verb:set package 'livox_ros_driver2' build argument 'cmake_clean_first' from command line to 'False'
[0.327s] Level 5:colcon.colcon_core.verb:set package 'livox_ros_driver2' build argument 'cmake_force_configure' from command line to 'False'
[0.327s] Level 5:colcon.colcon_core.verb:set package 'livox_ros_driver2' build argument 'ament_cmake_args' from command line to 'None'
[0.327s] Level 5:colcon.colcon_core.verb:set package 'livox_ros_driver2' build argument 'catkin_cmake_args' from command line to 'None'
[0.327s] Level 5:colcon.colcon_core.verb:set package 'livox_ros_driver2' build argument 'catkin_skip_building_tests' from command line to 'False'
[0.327s] DEBUG:colcon.colcon_core.verb:Building package 'livox_ros_driver2' with the following arguments: {'ament_cmake_args': None, 'build_base': '/data/fastlio_baseline/workspaces/b1/build/livox_ros_driver2', 'catkin_cmake_args': None, 'catkin_skip_building_tests': False, 'cmake_args': ['-DCMAKE_BUILD_TYPE=Release', '-DCMAKE_EXPORT_COMPILE_COMMANDS=ON', '-DROS_EDITION=ROS2', '-DDISTRO_ROS=humble'], 'cmake_clean_cache': False, 'cmake_clean_first': False, 'cmake_force_configure': False, 'cmake_target': None, 'cmake_target_skip_unavailable': False, 'install_base': '/data/fastlio_baseline/workspaces/b1/install/livox_ros_driver2', 'merge_install': False, 'path': '/data/fastlio_baseline/workspaces/b1/src/livox_ros_driver2', 'symlink_install': False, 'test_result_base': None}
[0.328s] Level 5:colcon.colcon_core.verb:set package 'fast_lio' build argument 'cmake_args' from command line to '['-DCMAKE_BUILD_TYPE=Release', '-DCMAKE_EXPORT_COMPILE_COMMANDS=ON', '-DROS_EDITION=ROS2', '-DDISTRO_ROS=humble']'
[0.328s] Level 5:colcon.colcon_core.verb:set package 'fast_lio' build argument 'cmake_target' from command line to 'None'
[0.328s] Level 5:colcon.colcon_core.verb:set package 'fast_lio' build argument 'cmake_target_skip_unavailable' from command line to 'False'
[0.328s] Level 5:colcon.colcon_core.verb:set package 'fast_lio' build argument 'cmake_clean_cache' from command line to 'False'
[0.328s] Level 5:colcon.colcon_core.verb:set package 'fast_lio' build argument 'cmake_clean_first' from command line to 'False'
[0.328s] Level 5:colcon.colcon_core.verb:set package 'fast_lio' build argument 'cmake_force_configure' from command line to 'False'
[0.328s] Level 5:colcon.colcon_core.verb:set package 'fast_lio' build argument 'ament_cmake_args' from command line to 'None'
[0.328s] Level 5:colcon.colcon_core.verb:set package 'fast_lio' build argument 'catkin_cmake_args' from command line to 'None'
[0.328s] Level 5:colcon.colcon_core.verb:set package 'fast_lio' build argument 'catkin_skip_building_tests' from command line to 'False'
[0.328s] DEBUG:colcon.colcon_core.verb:Building package 'fast_lio' with the following arguments: {'ament_cmake_args': None, 'build_base': '/data/fastlio_baseline/workspaces/b1/build/fast_lio', 'catkin_cmake_args': None, 'catkin_skip_building_tests': False, 'cmake_args': ['-DCMAKE_BUILD_TYPE=Release', '-DCMAKE_EXPORT_COMPILE_COMMANDS=ON', '-DROS_EDITION=ROS2', '-DDISTRO_ROS=humble'], 'cmake_clean_cache': False, 'cmake_clean_first': False, 'cmake_force_configure': False, 'cmake_target': None, 'cmake_target_skip_unavailable': False, 'install_base': '/data/fastlio_baseline/workspaces/b1/install/fast_lio', 'merge_install': False, 'path': '/data/fastlio_baseline/workspaces/b1/src/fast_lio', 'symlink_install': False, 'test_result_base': None}
[0.328s] INFO:colcon.colcon_core.executor:Executing jobs using 'parallel' executor
[0.328s] DEBUG:colcon.colcon_parallel_executor.executor.parallel:run_until_complete
[0.329s] INFO:colcon.colcon_ros.task.ament_cmake.build:Building ROS package in '/data/fastlio_baseline/workspaces/b1/src/livox_ros_driver2' with build type 'ament_cmake'
[0.329s] INFO:colcon.colcon_cmake.task.cmake.build:Building CMake package in '/data/fastlio_baseline/workspaces/b1/src/livox_ros_driver2'
[0.332s] INFO:colcon.colcon_core.plugin_system:Skipping extension 'colcon_core.shell.bat': Not used on non-Windows systems
[0.333s] INFO:colcon.colcon_core.shell:Skip shell extension 'powershell' for command environment: Not usable outside of PowerShell
[0.333s] DEBUG:colcon.colcon_core.shell:Skip shell extension 'dsv' for command environment
[0.341s] DEBUG:colcon.colcon_core.event_handler.log_command:Invoking command in '/data/fastlio_baseline/workspaces/b1/build/livox_ros_driver2': CMAKE_PREFIX_PATH=/opt/ros/humble /usr/bin/cmake /data/fastlio_baseline/workspaces/b1/src/livox_ros_driver2 -DCMAKE_BUILD_TYPE=Release -DCMAKE_EXPORT_COMPILE_COMMANDS=ON -DROS_EDITION=ROS2 -DDISTRO_ROS=humble -DCMAKE_INSTALL_PREFIX=/data/fastlio_baseline/workspaces/b1/install/livox_ros_driver2
[3.007s] DEBUG:colcon.colcon_core.event_handler.log_command:Invoked command in '/data/fastlio_baseline/workspaces/b1/build/livox_ros_driver2' returned '0': CMAKE_PREFIX_PATH=/opt/ros/humble /usr/bin/cmake /data/fastlio_baseline/workspaces/b1/src/livox_ros_driver2 -DCMAKE_BUILD_TYPE=Release -DCMAKE_EXPORT_COMPILE_COMMANDS=ON -DROS_EDITION=ROS2 -DDISTRO_ROS=humble -DCMAKE_INSTALL_PREFIX=/data/fastlio_baseline/workspaces/b1/install/livox_ros_driver2
[3.008s] DEBUG:colcon.colcon_core.event_handler.log_command:Invoking command in '/data/fastlio_baseline/workspaces/b1/build/livox_ros_driver2': CMAKE_PREFIX_PATH=/opt/ros/humble /usr/bin/cmake --build /data/fastlio_baseline/workspaces/b1/build/livox_ros_driver2 -- -j20 -l20
[10.093s] DEBUG:colcon.colcon_core.event_handler.log_command:Invoked command in '/data/fastlio_baseline/workspaces/b1/build/livox_ros_driver2' returned '0': CMAKE_PREFIX_PATH=/opt/ros/humble /usr/bin/cmake --build /data/fastlio_baseline/workspaces/b1/build/livox_ros_driver2 -- -j20 -l20
[10.098s] DEBUG:colcon.colcon_core.event_handler.log_command:Invoking command in '/data/fastlio_baseline/workspaces/b1/build/livox_ros_driver2': CMAKE_PREFIX_PATH=/opt/ros/humble /usr/bin/cmake --install /data/fastlio_baseline/workspaces/b1/build/livox_ros_driver2
[10.157s] Level 1:colcon.colcon_core.environment:create_environment_scripts_only(livox_ros_driver2)
[10.160s] DEBUG:colcon.colcon_core.event_handler.log_command:Invoked command in '/data/fastlio_baseline/workspaces/b1/build/livox_ros_driver2' returned '0': CMAKE_PREFIX_PATH=/opt/ros/humble /usr/bin/cmake --install /data/fastlio_baseline/workspaces/b1/build/livox_ros_driver2
[10.164s] Level 1:colcon.colcon_core.environment:checking '/data/fastlio_baseline/workspaces/b1/install/livox_ros_driver2' for CMake module files
[10.165s] Level 1:colcon.colcon_core.environment:checking '/data/fastlio_baseline/workspaces/b1/install/livox_ros_driver2' for CMake config files
[10.165s] Level 1:colcon.colcon_core.shell:create_environment_hook('livox_ros_driver2', 'cmake_prefix_path')
[10.165s] INFO:colcon.colcon_core.shell:Creating environment hook '/data/fastlio_baseline/workspaces/b1/install/livox_ros_driver2/share/livox_ros_driver2/hook/cmake_prefix_path.ps1'
[10.166s] INFO:colcon.colcon_core.shell:Creating environment descriptor '/data/fastlio_baseline/workspaces/b1/install/livox_ros_driver2/share/livox_ros_driver2/hook/cmake_prefix_path.dsv'
[10.166s] INFO:colcon.colcon_core.shell:Creating environment hook '/data/fastlio_baseline/workspaces/b1/install/livox_ros_driver2/share/livox_ros_driver2/hook/cmake_prefix_path.sh'
[10.167s] Level 1:colcon.colcon_core.environment:checking '/data/fastlio_baseline/workspaces/b1/install/livox_ros_driver2/lib'
[10.167s] Level 1:colcon.colcon_core.shell:create_environment_hook('livox_ros_driver2', 'ld_library_path_lib')
[10.167s] INFO:colcon.colcon_core.shell:Creating environment hook '/data/fastlio_baseline/workspaces/b1/install/livox_ros_driver2/share/livox_ros_driver2/hook/ld_library_path_lib.ps1'
[10.167s] INFO:colcon.colcon_core.shell:Creating environment descriptor '/data/fastlio_baseline/workspaces/b1/install/livox_ros_driver2/share/livox_ros_driver2/hook/ld_library_path_lib.dsv'
[10.167s] INFO:colcon.colcon_core.shell:Creating environment hook '/data/fastlio_baseline/workspaces/b1/install/livox_ros_driver2/share/livox_ros_driver2/hook/ld_library_path_lib.sh'
[10.168s] Level 1:colcon.colcon_core.environment:checking '/data/fastlio_baseline/workspaces/b1/install/livox_ros_driver2/bin'
[10.168s] Level 1:colcon.colcon_core.environment:checking '/data/fastlio_baseline/workspaces/b1/install/livox_ros_driver2/lib/pkgconfig/livox_ros_driver2.pc'
[10.168s] Level 1:colcon.colcon_core.environment:checking '/data/fastlio_baseline/workspaces/b1/install/livox_ros_driver2/lib/python3.10/site-packages'
[10.168s] Level 1:colcon.colcon_core.environment:checking '/data/fastlio_baseline/workspaces/b1/install/livox_ros_driver2/bin'
[10.169s] INFO:colcon.colcon_core.shell:Creating package script '/data/fastlio_baseline/workspaces/b1/install/livox_ros_driver2/share/livox_ros_driver2/package.ps1'
[10.169s] INFO:colcon.colcon_core.shell:Creating package descriptor '/data/fastlio_baseline/workspaces/b1/install/livox_ros_driver2/share/livox_ros_driver2/package.dsv'
[10.170s] INFO:colcon.colcon_core.shell:Creating package script '/data/fastlio_baseline/workspaces/b1/install/livox_ros_driver2/share/livox_ros_driver2/package.sh'
[10.171s] INFO:colcon.colcon_core.shell:Creating package script '/data/fastlio_baseline/workspaces/b1/install/livox_ros_driver2/share/livox_ros_driver2/package.bash'
[10.171s] INFO:colcon.colcon_core.shell:Creating package script '/data/fastlio_baseline/workspaces/b1/install/livox_ros_driver2/share/livox_ros_driver2/package.zsh'
[10.172s] Level 1:colcon.colcon_core.environment:create_file_with_runtime_dependencies(/data/fastlio_baseline/workspaces/b1/install/livox_ros_driver2/share/colcon-core/packages/livox_ros_driver2)
[10.172s] Level 1:colcon.colcon_core.environment:create_environment_scripts_only(livox_ros_driver2)
[10.172s] Level 1:colcon.colcon_core.environment:checking '/data/fastlio_baseline/workspaces/b1/install/livox_ros_driver2' for CMake module files
[10.173s] Level 1:colcon.colcon_core.environment:checking '/data/fastlio_baseline/workspaces/b1/install/livox_ros_driver2' for CMake config files
[10.173s] Level 1:colcon.colcon_core.shell:create_environment_hook('livox_ros_driver2', 'cmake_prefix_path')
[10.173s] INFO:colcon.colcon_core.shell:Creating environment hook '/data/fastlio_baseline/workspaces/b1/install/livox_ros_driver2/share/livox_ros_driver2/hook/cmake_prefix_path.ps1'
[10.173s] INFO:colcon.colcon_core.shell:Creating environment descriptor '/data/fastlio_baseline/workspaces/b1/install/livox_ros_driver2/share/livox_ros_driver2/hook/cmake_prefix_path.dsv'
[10.174s] INFO:colcon.colcon_core.shell:Creating environment hook '/data/fastlio_baseline/workspaces/b1/install/livox_ros_driver2/share/livox_ros_driver2/hook/cmake_prefix_path.sh'
[10.174s] Level 1:colcon.colcon_core.environment:checking '/data/fastlio_baseline/workspaces/b1/install/livox_ros_driver2/lib'
[10.174s] Level 1:colcon.colcon_core.shell:create_environment_hook('livox_ros_driver2', 'ld_library_path_lib')
[10.174s] INFO:colcon.colcon_core.shell:Creating environment hook '/data/fastlio_baseline/workspaces/b1/install/livox_ros_driver2/share/livox_ros_driver2/hook/ld_library_path_lib.ps1'
[10.174s] INFO:colcon.colcon_core.shell:Creating environment descriptor '/data/fastlio_baseline/workspaces/b1/install/livox_ros_driver2/share/livox_ros_driver2/hook/ld_library_path_lib.dsv'
[10.174s] INFO:colcon.colcon_core.shell:Creating environment hook '/data/fastlio_baseline/workspaces/b1/install/livox_ros_driver2/share/livox_ros_driver2/hook/ld_library_path_lib.sh'
[10.174s] Level 1:colcon.colcon_core.environment:checking '/data/fastlio_baseline/workspaces/b1/install/livox_ros_driver2/bin'
[10.174s] Level 1:colcon.colcon_core.environment:checking '/data/fastlio_baseline/workspaces/b1/install/livox_ros_driver2/lib/pkgconfig/livox_ros_driver2.pc'
[10.175s] Level 1:colcon.colcon_core.environment:checking '/data/fastlio_baseline/workspaces/b1/install/livox_ros_driver2/lib/python3.10/site-packages'
[10.175s] Level 1:colcon.colcon_core.environment:checking '/data/fastlio_baseline/workspaces/b1/install/livox_ros_driver2/bin'
[10.175s] INFO:colcon.colcon_core.shell:Creating package script '/data/fastlio_baseline/workspaces/b1/install/livox_ros_driver2/share/livox_ros_driver2/package.ps1'
[10.175s] INFO:colcon.colcon_core.shell:Creating package descriptor '/data/fastlio_baseline/workspaces/b1/install/livox_ros_driver2/share/livox_ros_driver2/package.dsv'
[10.175s] INFO:colcon.colcon_core.shell:Creating package script '/data/fastlio_baseline/workspaces/b1/install/livox_ros_driver2/share/livox_ros_driver2/package.sh'
[10.176s] INFO:colcon.colcon_core.shell:Creating package script '/data/fastlio_baseline/workspaces/b1/install/livox_ros_driver2/share/livox_ros_driver2/package.bash'
[10.176s] INFO:colcon.colcon_core.shell:Creating package script '/data/fastlio_baseline/workspaces/b1/install/livox_ros_driver2/share/livox_ros_driver2/package.zsh'
[10.176s] Level 1:colcon.colcon_core.environment:create_file_with_runtime_dependencies(/data/fastlio_baseline/workspaces/b1/install/livox_ros_driver2/share/colcon-core/packages/livox_ros_driver2)
[10.176s] INFO:colcon.colcon_ros.task.ament_cmake.build:Building ROS package in '/data/fastlio_baseline/workspaces/b1/src/fast_lio' with build type 'ament_cmake'
[10.176s] INFO:colcon.colcon_cmake.task.cmake.build:Building CMake package in '/data/fastlio_baseline/workspaces/b1/src/fast_lio'
[10.176s] INFO:colcon.colcon_core.shell:Skip shell extension 'powershell' for command environment: Not usable outside of PowerShell
[10.176s] DEBUG:colcon.colcon_core.shell:Skip shell extension 'dsv' for command environment
[10.183s] DEBUG:colcon.colcon_core.event_handler.log_command:Invoking command in '/data/fastlio_baseline/workspaces/b1/build/fast_lio': AMENT_PREFIX_PATH=/data/fastlio_baseline/workspaces/b1/install/livox_ros_driver2:${AMENT_PREFIX_PATH} CMAKE_PREFIX_PATH=/data/fastlio_baseline/workspaces/b1/install/livox_ros_driver2:/opt/ros/humble LD_LIBRARY_PATH=/data/fastlio_baseline/workspaces/b1/install/livox_ros_driver2/lib:${LD_LIBRARY_PATH} PYTHONPATH=/data/fastlio_baseline/workspaces/b1/install/livox_ros_driver2/local/lib/python3.10/dist-packages:${PYTHONPATH} /usr/bin/cmake /data/fastlio_baseline/workspaces/b1/src/fast_lio -DCMAKE_BUILD_TYPE=Release -DCMAKE_EXPORT_COMPILE_COMMANDS=ON -DROS_EDITION=ROS2 -DDISTRO_ROS=humble -DCMAKE_INSTALL_PREFIX=/data/fastlio_baseline/workspaces/b1/install/fast_lio
[12.689s] DEBUG:colcon.colcon_core.event_handler.log_command:Invoked command in '/data/fastlio_baseline/workspaces/b1/build/fast_lio' returned '0': AMENT_PREFIX_PATH=/data/fastlio_baseline/workspaces/b1/install/livox_ros_driver2:${AMENT_PREFIX_PATH} CMAKE_PREFIX_PATH=/data/fastlio_baseline/workspaces/b1/install/livox_ros_driver2:/opt/ros/humble LD_LIBRARY_PATH=/data/fastlio_baseline/workspaces/b1/install/livox_ros_driver2/lib:${LD_LIBRARY_PATH} PYTHONPATH=/data/fastlio_baseline/workspaces/b1/install/livox_ros_driver2/local/lib/python3.10/dist-packages:${PYTHONPATH} /usr/bin/cmake /data/fastlio_baseline/workspaces/b1/src/fast_lio -DCMAKE_BUILD_TYPE=Release -DCMAKE_EXPORT_COMPILE_COMMANDS=ON -DROS_EDITION=ROS2 -DDISTRO_ROS=humble -DCMAKE_INSTALL_PREFIX=/data/fastlio_baseline/workspaces/b1/install/fast_lio
[12.690s] DEBUG:colcon.colcon_core.event_handler.log_command:Invoking command in '/data/fastlio_baseline/workspaces/b1/build/fast_lio': AMENT_PREFIX_PATH=/data/fastlio_baseline/workspaces/b1/install/livox_ros_driver2:${AMENT_PREFIX_PATH} CMAKE_PREFIX_PATH=/data/fastlio_baseline/workspaces/b1/install/livox_ros_driver2:/opt/ros/humble LD_LIBRARY_PATH=/data/fastlio_baseline/workspaces/b1/install/livox_ros_driver2/lib:${LD_LIBRARY_PATH} PYTHONPATH=/data/fastlio_baseline/workspaces/b1/install/livox_ros_driver2/local/lib/python3.10/dist-packages:${PYTHONPATH} /usr/bin/cmake --build /data/fastlio_baseline/workspaces/b1/build/fast_lio -- -j20 -l20
[55.336s] DEBUG:colcon.colcon_core.event_handler.log_command:Invoked command in '/data/fastlio_baseline/workspaces/b1/build/fast_lio' returned '0': AMENT_PREFIX_PATH=/data/fastlio_baseline/workspaces/b1/install/livox_ros_driver2:${AMENT_PREFIX_PATH} CMAKE_PREFIX_PATH=/data/fastlio_baseline/workspaces/b1/install/livox_ros_driver2:/opt/ros/humble LD_LIBRARY_PATH=/data/fastlio_baseline/workspaces/b1/install/livox_ros_driver2/lib:${LD_LIBRARY_PATH} PYTHONPATH=/data/fastlio_baseline/workspaces/b1/install/livox_ros_driver2/local/lib/python3.10/dist-packages:${PYTHONPATH} /usr/bin/cmake --build /data/fastlio_baseline/workspaces/b1/build/fast_lio -- -j20 -l20
[55.338s] DEBUG:colcon.colcon_core.event_handler.log_command:Invoking command in '/data/fastlio_baseline/workspaces/b1/build/fast_lio': AMENT_PREFIX_PATH=/data/fastlio_baseline/workspaces/b1/install/livox_ros_driver2:${AMENT_PREFIX_PATH} CMAKE_PREFIX_PATH=/data/fastlio_baseline/workspaces/b1/install/livox_ros_driver2:/opt/ros/humble LD_LIBRARY_PATH=/data/fastlio_baseline/workspaces/b1/install/livox_ros_driver2/lib:${LD_LIBRARY_PATH} PYTHONPATH=/data/fastlio_baseline/workspaces/b1/install/livox_ros_driver2/local/lib/python3.10/dist-packages:${PYTHONPATH} /usr/bin/cmake --install /data/fastlio_baseline/workspaces/b1/build/fast_lio
[55.397s] Level 1:colcon.colcon_core.environment:create_environment_scripts_only(fast_lio)
[55.397s] Level 1:colcon.colcon_core.environment:checking '/data/fastlio_baseline/workspaces/b1/install/fast_lio' for CMake module files
[55.397s] DEBUG:colcon.colcon_core.event_handler.log_command:Invoked command in '/data/fastlio_baseline/workspaces/b1/build/fast_lio' returned '0': AMENT_PREFIX_PATH=/data/fastlio_baseline/workspaces/b1/install/livox_ros_driver2:${AMENT_PREFIX_PATH} CMAKE_PREFIX_PATH=/data/fastlio_baseline/workspaces/b1/install/livox_ros_driver2:/opt/ros/humble LD_LIBRARY_PATH=/data/fastlio_baseline/workspaces/b1/install/livox_ros_driver2/lib:${LD_LIBRARY_PATH} PYTHONPATH=/data/fastlio_baseline/workspaces/b1/install/livox_ros_driver2/local/lib/python3.10/dist-packages:${PYTHONPATH} /usr/bin/cmake --install /data/fastlio_baseline/workspaces/b1/build/fast_lio
[55.398s] Level 1:colcon.colcon_core.environment:checking '/data/fastlio_baseline/workspaces/b1/install/fast_lio' for CMake config files
[55.398s] Level 1:colcon.colcon_core.shell:create_environment_hook('fast_lio', 'cmake_prefix_path')
[55.398s] INFO:colcon.colcon_core.shell:Creating environment hook '/data/fastlio_baseline/workspaces/b1/install/fast_lio/share/fast_lio/hook/cmake_prefix_path.ps1'
[55.399s] INFO:colcon.colcon_core.shell:Creating environment descriptor '/data/fastlio_baseline/workspaces/b1/install/fast_lio/share/fast_lio/hook/cmake_prefix_path.dsv'
[55.399s] INFO:colcon.colcon_core.shell:Creating environment hook '/data/fastlio_baseline/workspaces/b1/install/fast_lio/share/fast_lio/hook/cmake_prefix_path.sh'
[55.399s] Level 1:colcon.colcon_core.environment:checking '/data/fastlio_baseline/workspaces/b1/install/fast_lio/lib'
[55.399s] Level 1:colcon.colcon_core.shell:create_environment_hook('fast_lio', 'ld_library_path_lib')
[55.399s] INFO:colcon.colcon_core.shell:Creating environment hook '/data/fastlio_baseline/workspaces/b1/install/fast_lio/share/fast_lio/hook/ld_library_path_lib.ps1'
[55.399s] INFO:colcon.colcon_core.shell:Creating environment descriptor '/data/fastlio_baseline/workspaces/b1/install/fast_lio/share/fast_lio/hook/ld_library_path_lib.dsv'
[55.399s] INFO:colcon.colcon_core.shell:Creating environment hook '/data/fastlio_baseline/workspaces/b1/install/fast_lio/share/fast_lio/hook/ld_library_path_lib.sh'
[55.400s] Level 1:colcon.colcon_core.environment:checking '/data/fastlio_baseline/workspaces/b1/install/fast_lio/bin'
[55.400s] Level 1:colcon.colcon_core.environment:checking '/data/fastlio_baseline/workspaces/b1/install/fast_lio/lib/pkgconfig/fast_lio.pc'
[55.400s] Level 1:colcon.colcon_core.environment:checking '/data/fastlio_baseline/workspaces/b1/install/fast_lio/lib/python3.10/site-packages'
[55.400s] Level 1:colcon.colcon_core.environment:checking '/data/fastlio_baseline/workspaces/b1/install/fast_lio/bin'
[55.400s] INFO:colcon.colcon_core.shell:Creating package script '/data/fastlio_baseline/workspaces/b1/install/fast_lio/share/fast_lio/package.ps1'
[55.401s] INFO:colcon.colcon_core.shell:Creating package descriptor '/data/fastlio_baseline/workspaces/b1/install/fast_lio/share/fast_lio/package.dsv'
[55.401s] INFO:colcon.colcon_core.shell:Creating package script '/data/fastlio_baseline/workspaces/b1/install/fast_lio/share/fast_lio/package.sh'
[55.401s] INFO:colcon.colcon_core.shell:Creating package script '/data/fastlio_baseline/workspaces/b1/install/fast_lio/share/fast_lio/package.bash'
[55.401s] INFO:colcon.colcon_core.shell:Creating package script '/data/fastlio_baseline/workspaces/b1/install/fast_lio/share/fast_lio/package.zsh'
[55.401s] Level 1:colcon.colcon_core.environment:create_file_with_runtime_dependencies(/data/fastlio_baseline/workspaces/b1/install/fast_lio/share/colcon-core/packages/fast_lio)
[55.402s] Level 1:colcon.colcon_core.environment:create_environment_scripts_only(fast_lio)
[55.402s] Level 1:colcon.colcon_core.environment:checking '/data/fastlio_baseline/workspaces/b1/install/fast_lio' for CMake module files
[55.402s] Level 1:colcon.colcon_core.environment:checking '/data/fastlio_baseline/workspaces/b1/install/fast_lio' for CMake config files
[55.402s] Level 1:colcon.colcon_core.shell:create_environment_hook('fast_lio', 'cmake_prefix_path')
[55.403s] INFO:colcon.colcon_core.shell:Creating environment hook '/data/fastlio_baseline/workspaces/b1/install/fast_lio/share/fast_lio/hook/cmake_prefix_path.ps1'
[55.403s] INFO:colcon.colcon_core.shell:Creating environment descriptor '/data/fastlio_baseline/workspaces/b1/install/fast_lio/share/fast_lio/hook/cmake_prefix_path.dsv'
[55.403s] INFO:colcon.colcon_core.shell:Creating environment hook '/data/fastlio_baseline/workspaces/b1/install/fast_lio/share/fast_lio/hook/cmake_prefix_path.sh'
[55.403s] Level 1:colcon.colcon_core.environment:checking '/data/fastlio_baseline/workspaces/b1/install/fast_lio/lib'
[55.403s] Level 1:colcon.colcon_core.shell:create_environment_hook('fast_lio', 'ld_library_path_lib')
[55.403s] INFO:colcon.colcon_core.shell:Creating environment hook '/data/fastlio_baseline/workspaces/b1/install/fast_lio/share/fast_lio/hook/ld_library_path_lib.ps1'
[55.404s] INFO:colcon.colcon_core.shell:Creating environment descriptor '/data/fastlio_baseline/workspaces/b1/install/fast_lio/share/fast_lio/hook/ld_library_path_lib.dsv'
[55.404s] INFO:colcon.colcon_core.shell:Creating environment hook '/data/fastlio_baseline/workspaces/b1/install/fast_lio/share/fast_lio/hook/ld_library_path_lib.sh'
[55.404s] Level 1:colcon.colcon_core.environment:checking '/data/fastlio_baseline/workspaces/b1/install/fast_lio/bin'
[55.404s] Level 1:colcon.colcon_core.environment:checking '/data/fastlio_baseline/workspaces/b1/install/fast_lio/lib/pkgconfig/fast_lio.pc'
[55.404s] Level 1:colcon.colcon_core.environment:checking '/data/fastlio_baseline/workspaces/b1/install/fast_lio/lib/python3.10/site-packages'
[55.404s] Level 1:colcon.colcon_core.environment:checking '/data/fastlio_baseline/workspaces/b1/install/fast_lio/bin'
[55.404s] INFO:colcon.colcon_core.shell:Creating package script '/data/fastlio_baseline/workspaces/b1/install/fast_lio/share/fast_lio/package.ps1'
[55.405s] INFO:colcon.colcon_core.shell:Creating package descriptor '/data/fastlio_baseline/workspaces/b1/install/fast_lio/share/fast_lio/package.dsv'
[55.405s] INFO:colcon.colcon_core.shell:Creating package script '/data/fastlio_baseline/workspaces/b1/install/fast_lio/share/fast_lio/package.sh'
[55.405s] INFO:colcon.colcon_core.shell:Creating package script '/data/fastlio_baseline/workspaces/b1/install/fast_lio/share/fast_lio/package.bash'
[55.405s] INFO:colcon.colcon_core.shell:Creating package script '/data/fastlio_baseline/workspaces/b1/install/fast_lio/share/fast_lio/package.zsh'
[55.405s] Level 1:colcon.colcon_core.environment:create_file_with_runtime_dependencies(/data/fastlio_baseline/workspaces/b1/install/fast_lio/share/colcon-core/packages/fast_lio)
[55.406s] DEBUG:colcon.colcon_parallel_executor.executor.parallel:closing loop
[55.406s] DEBUG:colcon.colcon_parallel_executor.executor.parallel:loop closed
[55.406s] DEBUG:colcon.colcon_parallel_executor.executor.parallel:run_until_complete finished with '0'
[55.406s] DEBUG:colcon.colcon_core.event_reactor:joining thread
[55.414s] INFO:colcon.colcon_core.plugin_system:Skipping extension 'colcon_notification.desktop_notification.notify_send': Could not find 'notify-send'
[55.414s] INFO:colcon.colcon_core.plugin_system:Skipping extension 'colcon_notification.desktop_notification.terminal_notifier': Not used on non-Darwin systems
[55.414s] INFO:colcon.colcon_core.plugin_system:Skipping extension 'colcon_notification.desktop_notification.win32': Not used on non-Windows systems
[55.414s] INFO:colcon.colcon_notification.desktop_notification:Sending desktop notification using 'notify2'
[55.416s] DEBUG:colcon.colcon_notification.desktop_notification.notify2:Failed to initialize notify2: org.freedesktop.DBus.Error.Spawn.ExecFailed: /usr/bin/dbus-launch terminated abnormally without any error message
[55.416s] DEBUG:colcon.colcon_core.event_reactor:joined thread
[55.416s] INFO:colcon.colcon_core.shell:Creating prefix script '/data/fastlio_baseline/workspaces/b1/install/local_setup.ps1'
[55.417s] INFO:colcon.colcon_core.shell:Creating prefix util module '/data/fastlio_baseline/workspaces/b1/install/_local_setup_util_ps1.py'
[55.418s] INFO:colcon.colcon_core.shell:Creating prefix chain script '/data/fastlio_baseline/workspaces/b1/install/setup.ps1'
[55.419s] INFO:colcon.colcon_core.shell:Creating prefix script '/data/fastlio_baseline/workspaces/b1/install/local_setup.sh'
[55.419s] INFO:colcon.colcon_core.shell:Creating prefix util module '/data/fastlio_baseline/workspaces/b1/install/_local_setup_util_sh.py'
[55.419s] INFO:colcon.colcon_core.shell:Creating prefix chain script '/data/fastlio_baseline/workspaces/b1/install/setup.sh'
[55.420s] INFO:colcon.colcon_core.shell:Creating prefix script '/data/fastlio_baseline/workspaces/b1/install/local_setup.bash'
[55.420s] INFO:colcon.colcon_core.shell:Creating prefix chain script '/data/fastlio_baseline/workspaces/b1/install/setup.bash'
[55.421s] INFO:colcon.colcon_core.shell:Creating prefix script '/data/fastlio_baseline/workspaces/b1/install/local_setup.zsh'
[55.421s] INFO:colcon.colcon_core.shell:Creating prefix chain script '/data/fastlio_baseline/workspaces/b1/install/setup.zsh'
