[INFO] [launch]: All log files can be found below /root/.ros/log/2026-07-31-11-50-23-174102-dc3ae6023b26-9929
[INFO] [launch]: Default logging verbosity is set to INFO
[INFO] [fastlio_mapping-1]: process started with pid [9940]
[fastlio_mapping-1] [INFO] [1785498623.337660719] [laser_mapping]: p_pre->lidar_type 1
[fastlio_mapping-1] Multi thread started 
[fastlio_mapping-1] ~~~~/data/fastlio_baseline/workspaces/b1/src/fast_lio/ file opened
[fastlio_mapping-1] [INFO] [1785498623.347232651] [laser_mapping]: Node init finished.
[fastlio_mapping-1] Too few input point cloud!
[fastlio_mapping-1] Too few input point cloud!
[fastlio_mapping-1] [WARN] [1785498637.614649785] [laser_mapping]: No point, skip this scan!
[fastlio_mapping-1] 
[fastlio_mapping-1] Too few input point cloud!
[fastlio_mapping-1] [WARN] [1785498637.739691539] [laser_mapping]: No point, skip this scan!
[fastlio_mapping-1] 
[fastlio_mapping-1] IMU Initial Done
[fastlio_mapping-1] Too few input point cloud!
[fastlio_mapping-1] [WARN] [1785498637.839729680] [laser_mapping]: No point, skip this scan!
[fastlio_mapping-1] 
[fastlio_mapping-1] Too few input point cloud!
[fastlio_mapping-1] [WARN] [1785498637.939759372] [laser_mapping]: No point, skip this scan!
[fastlio_mapping-1] 
[fastlio_mapping-1] Too few input point cloud!
[fastlio_mapping-1] [WARN] [1785498638.039748105] [laser_mapping]: No point, skip this scan!
[fastlio_mapping-1] 
[fastlio_mapping-1] Too few input point cloud!
[fastlio_mapping-1] [WARN] [1785498638.116818235] [laser_mapping]: No point, skip this scan!
[fastlio_mapping-1] 
[fastlio_mapping-1] Too few input point cloud!
[fastlio_mapping-1] [WARN] [1785498638.214800569] [laser_mapping]: No point, skip this scan!
[fastlio_mapping-1] 
[fastlio_mapping-1] Too few input point cloud!
[fastlio_mapping-1] [WARN] [1785498638.339854229] [laser_mapping]: No point, skip this scan!
[fastlio_mapping-1] 
[fastlio_mapping-1] Too few input point cloud!
[fastlio_mapping-1] [WARN] [1785498638.415600419] [laser_mapping]: No point, skip this scan!
[fastlio_mapping-1] 
[fastlio_mapping-1] Too few input point cloud!
[fastlio_mapping-1] [WARN] [1785498638.515168789] [laser_mapping]: No point, skip this scan!
[fastlio_mapping-1] 
[fastlio_mapping-1] Too few input point cloud!
[fastlio_mapping-1] [WARN] [1785498638.639815407] [laser_mapping]: No point, skip this scan!
[fastlio_mapping-1] 
[fastlio_mapping-1] Too few input point cloud!
[fastlio_mapping-1] [WARN] [1785498638.739817288] [laser_mapping]: No point, skip this scan!
[fastlio_mapping-1] 
[fastlio_mapping-1] Too few input point cloud!
[fastlio_mapping-1] [WARN] [1785498638.814766252] [laser_mapping]: No point, skip this scan!
[fastlio_mapping-1] 
[fastlio_mapping-1] Too few input point cloud!
[fastlio_mapping-1] [WARN] [1785498638.914744612] [laser_mapping]: No point, skip this scan!
[fastlio_mapping-1] 
[fastlio_mapping-1] Too few input point cloud!
[fastlio_mapping-1] [WARN] [1785498639.039879217] [laser_mapping]: No point, skip this scan!
[fastlio_mapping-1] 
[fastlio_mapping-1] Too few input point cloud!
[fastlio_mapping-1] [WARN] [1785498639.114798708] [laser_mapping]: No point, skip this scan!
[fastlio_mapping-1] 
[fastlio_mapping-1] Too few input point cloud!
[fastlio_mapping-1] [WARN] [1785498639.239810558] [laser_mapping]: No point, skip this scan!
[fastlio_mapping-1] 
[fastlio_mapping-1] Too few input point cloud!
[fastlio_mapping-1] [WARN] [1785498639.339829626] [laser_mapping]: No point, skip this scan!
[fastlio_mapping-1] 
[fastlio_mapping-1] Too few input point cloud!
[fastlio_mapping-1] [WARN] [1785498639.414799331] [laser_mapping]: No point, skip this scan!
[fastlio_mapping-1] 
[fastlio_mapping-1] Too few input point cloud!
[fastlio_mapping-1] [WARN] [1785498639.539777412] [laser_mapping]: No point, skip this scan!
[fastlio_mapping-1] 
[fastlio_mapping-1] Too few input point cloud!
[fastlio_mapping-1] [WARN] [1785498639.639794250] [laser_mapping]: No point, skip this scan!
[fastlio_mapping-1] 
[fastlio_mapping-1] Too few input point cloud!
[fastlio_mapping-1] [WARN] [1785498639.714798946] [laser_mapping]: No point, skip this scan!
[fastlio_mapping-1] 
[fastlio_mapping-1] Too few input point cloud!
[fastlio_mapping-1] [WARN] [1785498639.815721113] [laser_mapping]: No point, skip this scan!
[fastlio_mapping-1] 
[fastlio_mapping-1] Too few input point cloud!
[fastlio_mapping-1] [WARN] [1785498639.914906127] [laser_mapping]: No point, skip this scan!
[fastlio_mapping-1] 
[fastlio_mapping-1] Too few input point cloud!
[fastlio_mapping-1] [WARN] [1785498640.014832588] [laser_mapping]: No point, skip this scan!
[fastlio_mapping-1] 
[fastlio_mapping-1] Too few input point cloud!
[fastlio_mapping-1] [WARN] [1785498640.114777284] [laser_mapping]: No point, skip this scan!
[fastlio_mapping-1] 
[fastlio_mapping-1] Too few input point cloud!
[fastlio_mapping-1] [WARN] [1785498640.214965420] [laser_mapping]: No point, skip this scan!
[fastlio_mapping-1] 
[fastlio_mapping-1] Too few input point cloud!
[fastlio_mapping-1] [WARN] [1785498640.314839104] [laser_mapping]: No point, skip this scan!
[fastlio_mapping-1] 
[fastlio_mapping-1] Too few input point cloud!
[fastlio_mapping-1] [WARN] [1785498640.439855886] [laser_mapping]: No point, skip this scan!
[fastlio_mapping-1] 
[fastlio_mapping-1] Too few input point cloud!
[fastlio_mapping-1] [WARN] [1785498640.514813560] [laser_mapping]: No point, skip this scan!
[fastlio_mapping-1] 
[fastlio_mapping-1] Too few input point cloud!
[fastlio_mapping-1] [WARN] [1785498640.614843605] [laser_mapping]: No point, skip this scan!
[fastlio_mapping-1] 
[fastlio_mapping-1] Too few input point cloud!
[fastlio_mapping-1] [WARN] [1785498640.739833545] [laser_mapping]: No point, skip this scan!
[fastlio_mapping-1] 
[fastlio_mapping-1] Too few input point cloud!
[fastlio_mapping-1] [WARN] [1785498640.814871729] [laser_mapping]: No point, skip this scan!
[fastlio_mapping-1] 
[fastlio_mapping-1] Too few input point cloud!
[fastlio_mapping-1] [WARN] [1785498640.939893228] [laser_mapping]: No point, skip this scan!
[fastlio_mapping-1] 
[fastlio_mapping-1] Too few input point cloud!
[fastlio_mapping-1] [WARN] [1785498641.039911690] [laser_mapping]: No point, skip this scan!
[fastlio_mapping-1] 
[fastlio_mapping-1] Too few input point cloud!
[fastlio_mapping-1] [WARN] [1785498641.114886102] [laser_mapping]: No point, skip this scan!
[fastlio_mapping-1] 
[fastlio_mapping-1] Too few input point cloud!
[fastlio_mapping-1] [WARN] [1785498641.239910646] [laser_mapping]: No point, skip this scan!
[fastlio_mapping-1] 
[fastlio_mapping-1] Too few input point cloud!
[fastlio_mapping-1] [WARN] [1785498641.314884620] [laser_mapping]: No point, skip this scan!
[fastlio_mapping-1] 
[fastlio_mapping-1] Too few input point cloud!
[fastlio_mapping-1] [WARN] [1785498641.414834531] [laser_mapping]: No point, skip this scan!
[fastlio_mapping-1] 
[fastlio_mapping-1] Too few input point cloud!
[fastlio_mapping-1] [WARN] [1785498641.514864175] [laser_mapping]: No point, skip this scan!
[fastlio_mapping-1] 
[fastlio_mapping-1] Too few input point cloud!
[fastlio_mapping-1] [WARN] [1785498641.614869952] [laser_mapping]: No point, skip this scan!
[fastlio_mapping-1] 
[fastlio_mapping-1] Too few input point cloud!
[fastlio_mapping-1] [WARN] [1785498641.714871558] [laser_mapping]: No point, skip this scan!
[fastlio_mapping-1] 
[fastlio_mapping-1] Too few input point cloud!
[fastlio_mapping-1] [WARN] [1785498641.814994776] [laser_mapping]: No point, skip this scan!
[fastlio_mapping-1] 
[fastlio_mapping-1] Too few input point cloud!
[fastlio_mapping-1] [WARN] [1785498641.939880175] [laser_mapping]: No point, skip this scan!
[fastlio_mapping-1] 
[fastlio_mapping-1] Too few input point cloud!
[fastlio_mapping-1] [WARN] [1785498642.014888013] [laser_mapping]: No point, skip this scan!
[fastlio_mapping-1] 
[fastlio_mapping-1] Too few input point cloud!
[fastlio_mapping-1] [WARN] [1785498642.114887149] [laser_mapping]: No point, skip this scan!
[fastlio_mapping-1] 
[fastlio_mapping-1] Too few input point cloud!
[fastlio_mapping-1] [WARN] [1785498642.214962947] [laser_mapping]: No point, skip this scan!
[fastlio_mapping-1] 
[fastlio_mapping-1] Too few input point cloud!
[fastlio_mapping-1] [WARN] [1785498642.314870260] [laser_mapping]: No point, skip this scan!
[fastlio_mapping-1] 
[fastlio_mapping-1] Too few input point cloud!
[fastlio_mapping-1] [WARN] [1785498642.414935051] [laser_mapping]: No point, skip this scan!
[fastlio_mapping-1] 
[fastlio_mapping-1] Too few input point cloud!
[fastlio_mapping-1] [WARN] [1785498642.514908090] [laser_mapping]: No point, skip this scan!
[fastlio_mapping-1] 
[fastlio_mapping-1] Too few input point cloud!
[fastlio_mapping-1] [WARN] [1785498642.614888975] [laser_mapping]: No point, skip this scan!
[fastlio_mapping-1] 
[fastlio_mapping-1] Too few input point cloud!
[fastlio_mapping-1] [WARN] [1785498642.714913800] [laser_mapping]: No point, skip this scan!
[fastlio_mapping-1] 
[fastlio_mapping-1] Too few input point cloud!
[fastlio_mapping-1] [WARN] [1785498642.814956198] [laser_mapping]: No point, skip this scan!
[fastlio_mapping-1] 
[fastlio_mapping-1] Too few input point cloud!
[fastlio_mapping-1] [WARN] [1785498642.914971752] [laser_mapping]: No point, skip this scan!
[fastlio_mapping-1] 
[fastlio_mapping-1] Too few input point cloud!
[fastlio_mapping-1] [WARN] [1785498643.014915768] [laser_mapping]: No point, skip this scan!
[fastlio_mapping-1] 
[fastlio_mapping-1] Too few input point cloud!
[fastlio_mapping-1] [WARN] [1785498643.139963187] [laser_mapping]: No point, skip this scan!
[fastlio_mapping-1] 
[fastlio_mapping-1] Too few input point cloud!
[fastlio_mapping-1] [WARN] [1785498643.215010745] [laser_mapping]: No point, skip this scan!
[fastlio_mapping-1] 
[fastlio_mapping-1] Too few input point cloud!
[fastlio_mapping-1] [WARN] [1785498643.314989488] [laser_mapping]: No point, skip this scan!
[fastlio_mapping-1] 
[fastlio_mapping-1] Too few input point cloud!
[fastlio_mapping-1] [WARN] [1785498643.414949167] [laser_mapping]: No point, skip this scan!
[fastlio_mapping-1] 
[fastlio_mapping-1] Too few input point cloud!
[fastlio_mapping-1] [WARN] [1785498643.514920307] [laser_mapping]: No point, skip this scan!
[fastlio_mapping-1] 
[fastlio_mapping-1] Too few input point cloud!
[fastlio_mapping-1] [WARN] [1785498643.615003629] [laser_mapping]: No point, skip this scan!
[fastlio_mapping-1] 
[fastlio_mapping-1] Too few input point cloud!
[fastlio_mapping-1] [WARN] [1785498643.714982847] [laser_mapping]: No point, skip this scan!
[fastlio_mapping-1] 
[fastlio_mapping-1] Too few input point cloud!
[fastlio_mapping-1] [WARN] [1785498643.815322269] [laser_mapping]: No point, skip this scan!
[fastlio_mapping-1] 
[fastlio_mapping-1] Too few input point cloud!
[fastlio_mapping-1] [WARN] [1785498643.914963191] [laser_mapping]: No point, skip this scan!
[fastlio_mapping-1] 
[fastlio_mapping-1] Too few input point cloud!
[fastlio_mapping-1] [WARN] [1785498644.039991967] [laser_mapping]: No point, skip this scan!
[fastlio_mapping-1] 
[fastlio_mapping-1] Too few input point cloud!
[fastlio_mapping-1] [WARN] [1785498644.114988281] [laser_mapping]: No point, skip this scan!
[fastlio_mapping-1] 
[fastlio_mapping-1] Too few input point cloud!
[fastlio_mapping-1] [WARN] [1785498644.214936584] [laser_mapping]: No point, skip this scan!
[fastlio_mapping-1] 
[fastlio_mapping-1] Too few input point cloud!
[fastlio_mapping-1] [WARN] [1785498644.314972759] [laser_mapping]: No point, skip this scan!
[fastlio_mapping-1] 
[fastlio_mapping-1] Too few input point cloud!
[fastlio_mapping-1] [WARN] [1785498644.414995371] [laser_mapping]: No point, skip this scan!
[fastlio_mapping-1] 
[fastlio_mapping-1] Too few input point cloud!
[fastlio_mapping-1] [WARN] [1785498644.515551744] [laser_mapping]: No point, skip this scan!
[fastlio_mapping-1] 
[fastlio_mapping-1] Too few input point cloud!
[fastlio_mapping-1] [WARN] [1785498644.616307911] [laser_mapping]: No point, skip this scan!
[fastlio_mapping-1] 
[fastlio_mapping-1] Too few input point cloud!
[fastlio_mapping-1] [WARN] [1785498644.716758534] [laser_mapping]: No point, skip this scan!
[fastlio_mapping-1] 
[fastlio_mapping-1] Too few input point cloud!
[fastlio_mapping-1] [WARN] [1785498644.839998717] [laser_mapping]: No point, skip this scan!
[fastlio_mapping-1] 
[fastlio_mapping-1] Too few input point cloud!
[fastlio_mapping-1] [WARN] [1785498644.914994714] [laser_mapping]: No point, skip this scan!
[fastlio_mapping-1] 
[fastlio_mapping-1] Too few input point cloud!
[fastlio_mapping-1] [WARN] [1785498645.040002788] [laser_mapping]: No point, skip this scan!
[fastlio_mapping-1] 
[fastlio_mapping-1] Too few input point cloud!
[fastlio_mapping-1] [WARN] [1785498645.140118979] [laser_mapping]: No point, skip this scan!
[fastlio_mapping-1] 
[fastlio_mapping-1] Too few input point cloud!
[fastlio_mapping-1] [WARN] [1785498645.215070399] [laser_mapping]: No point, skip this scan!
[fastlio_mapping-1] 
[fastlio_mapping-1] Too few input point cloud!
[fastlio_mapping-1] [WARN] [1785498645.340044320] [laser_mapping]: No point, skip this scan!
[fastlio_mapping-1] 
[fastlio_mapping-1] Too few input point cloud!
[fastlio_mapping-1] [WARN] [1785498645.415051209] [laser_mapping]: No point, skip this scan!
[fastlio_mapping-1] 
[fastlio_mapping-1] Too few input point cloud!
[fastlio_mapping-1] [WARN] [1785498645.515028706] [laser_mapping]: No point, skip this scan!
[fastlio_mapping-1] 
[fastlio_mapping-1] Too few input point cloud!
[fastlio_mapping-1] [WARN] [1785498645.615046768] [laser_mapping]: No point, skip this scan!
[fastlio_mapping-1] 
[fastlio_mapping-1] Too few input point cloud!
[fastlio_mapping-1] [WARN] [1785498645.715029537] [laser_mapping]: No point, skip this scan!
[fastlio_mapping-1] 
[fastlio_mapping-1] Too few input point cloud!
[fastlio_mapping-1] [WARN] [1785498645.840037306] [laser_mapping]: No point, skip this scan!
[fastlio_mapping-1] 
[fastlio_mapping-1] Too few input point cloud!
[fastlio_mapping-1] [WARN] [1785498645.915083166] [laser_mapping]: No point, skip this scan!
[fastlio_mapping-1] 
[fastlio_mapping-1] Too few input point cloud!
[fastlio_mapping-1] [WARN] [1785498646.015490374] [laser_mapping]: No point, skip this scan!
[fastlio_mapping-1] 
[fastlio_mapping-1] Too few input point cloud!
[fastlio_mapping-1] [WARN] [1785498646.140225378] [laser_mapping]: No point, skip this scan!
[fastlio_mapping-1] 
[fastlio_mapping-1] Too few input point cloud!
[fastlio_mapping-1] [WARN] [1785498646.215110140] [laser_mapping]: No point, skip this scan!
[fastlio_mapping-1] 
[fastlio_mapping-1] Too few input point cloud!
[fastlio_mapping-1] [WARN] [1785498646.315282007] [laser_mapping]: No point, skip this scan!
[fastlio_mapping-1] 
[fastlio_mapping-1] Too few input point cloud!
[fastlio_mapping-1] [WARN] [1785498646.440115115] [laser_mapping]: No point, skip this scan!
[fastlio_mapping-1] 
[fastlio_mapping-1] Too few input point cloud!
[fastlio_mapping-1] [WARN] [1785498646.516551346] [laser_mapping]: No point, skip this scan!
[fastlio_mapping-1] 
[fastlio_mapping-1] Too few input point cloud!
[fastlio_mapping-1] [WARN] [1785498646.615173595] [laser_mapping]: No point, skip this scan!
[fastlio_mapping-1] 
[fastlio_mapping-1] Too few input point cloud!
[fastlio_mapping-1] [WARN] [1785498646.715118048] [laser_mapping]: No point, skip this scan!
[fastlio_mapping-1] 
[fastlio_mapping-1] Too few input point cloud!
[fastlio_mapping-1] [WARN] [1785498646.815139573] [laser_mapping]: No point, skip this scan!
[fastlio_mapping-1] 
[fastlio_mapping-1] Too few input point cloud!
[fastlio_mapping-1] [WARN] [1785498646.940122693] [laser_mapping]: No point, skip this scan!
[fastlio_mapping-1] 
[fastlio_mapping-1] Too few input point cloud!
[fastlio_mapping-1] [WARN] [1785498647.040095513] [laser_mapping]: No point, skip this scan!
[fastlio_mapping-1] 
[fastlio_mapping-1] Too few input point cloud!
[fastlio_mapping-1] [WARN] [1785498647.140179657] [laser_mapping]: No point, skip this scan!
[fastlio_mapping-1] 
[fastlio_mapping-1] Too few input point cloud!
[fastlio_mapping-1] [WARN] [1785498647.215103573] [laser_mapping]: No point, skip this scan!
[fastlio_mapping-1] 
[fastlio_mapping-1] Too few input point cloud!
[fastlio_mapping-1] [WARN] [1785498647.315171557] [laser_mapping]: No point, skip this scan!
[fastlio_mapping-1] 
[fastlio_mapping-1] Too few input point cloud!
[fastlio_mapping-1] [WARN] [1785498647.415145856] [laser_mapping]: No point, skip this scan!
[fastlio_mapping-1] 
[fastlio_mapping-1] Too few input point cloud!
[fastlio_mapping-1] [WARN] [1785498647.516165393] [laser_mapping]: No point, skip this scan!
[fastlio_mapping-1] 
[fastlio_mapping-1] Too few input point cloud!
[fastlio_mapping-1] [WARN] [1785498647.615077394] [laser_mapping]: No point, skip this scan!
[fastlio_mapping-1] 
[fastlio_mapping-1] Too few input point cloud!
[fastlio_mapping-1] [WARN] [1785498647.715254235] [laser_mapping]: No point, skip this scan!
[fastlio_mapping-1] 
[fastlio_mapping-1] Too few input point cloud!
[fastlio_mapping-1] [WARN] [1785498647.815150213] [laser_mapping]: No point, skip this scan!
[fastlio_mapping-1] 
[fastlio_mapping-1] Too few input point cloud!
[fastlio_mapping-1] [WARN] [1785498647.916564016] [laser_mapping]: No point, skip this scan!
[fastlio_mapping-1] 
[fastlio_mapping-1] Too few input point cloud!
[fastlio_mapping-1] [WARN] [1785498648.015190412] [laser_mapping]: No point, skip this scan!
[fastlio_mapping-1] 
[fastlio_mapping-1] Too few input point cloud!
[fastlio_mapping-1] [WARN] [1785498648.115140172] [laser_mapping]: No point, skip this scan!
[fastlio_mapping-1] 
[fastlio_mapping-1] Too few input point cloud!
[fastlio_mapping-1] [WARN] [1785498648.215131056] [laser_mapping]: No point, skip this scan!
[fastlio_mapping-1] 
[fastlio_mapping-1] Too few input point cloud!
[fastlio_mapping-1] [WARN] [1785498648.340173389] [laser_mapping]: No point, skip this scan!
[fastlio_mapping-1] 
[fastlio_mapping-1] [INFO] [1785498648.417090953] [laser_mapping]: Initialize the map kdtree
[fastlio_mapping-1] [INFO] [1785498648.540440688] [laser_mapping]: Initialize the map kdtree
[fastlio_mapping-1] catch sig %d2
[fastlio_mapping-1] Rebuild thread terminated normally
[INFO] [fastlio_mapping-1]: process has finished cleanly [pid 9940]
