-- livox_ros_driver2 version: 1.2.6
-- Found ament_cmake_auto: 1.3.14 (/opt/ros/humble/share/ament_cmake_auto/cmake)
-- Using all available rosidl_typesupport_c: rosidl_typesupport_fastrtps_c;rosidl_typesupport_introspection_c
-- Found rosidl_adapter: 3.1.8 (/opt/ros/humble/share/rosidl_adapter/cmake)
-- Using all available rosidl_typesupport_cpp: rosidl_typesupport_fastrtps_cpp;rosidl_typesupport_introspection_cpp
-- Found rmw_implementation_cmake: 6.1.2 (/opt/ros/humble/share/rmw_implementation_cmake/cmake)
-- Found rmw_fastrtps_cpp: 6.2.10 (/opt/ros/humble/share/rmw_fastrtps_cpp/cmake)
-- Using RMW implementation 'rmw_fastrtps_cpp' as default
-- Eigen found (include: /usr/include/eigen3, version: 3.4.0)
-- FLANN found (include: /usr/include, lib: /usr/lib/x86_64-linux-gnu/libflann_cpp.so)
-- OpenNI found (version: 1.5.4.0, include: /usr/include/ni, lib: /usr/lib/libOpenNI.so;libusb::libusb)
-- OpenNI2 found (version: 2.2.0.33, include: /usr/include/openni2, lib: /usr/lib/x86_64-linux-gnu/libOpenNI2.so;libusb::libusb)
-- Eigen found (include: /usr/include/eigen3, version: 3.4.0)
-- OpenNI found (version: 1.5.4.0, include: /usr/include/ni, lib: /usr/lib/libOpenNI.so;libusb::libusb)
-- OpenNI2 found (version: 2.2.0.33, include: /usr/include/openni2, lib: /usr/lib/x86_64-linux-gnu/libOpenNI2.so;libusb::libusb)
-- Found Qhull version 8.0.2
-- OpenNI found (version: 1.5.4.0, include: /usr/include/ni, lib: /usr/lib/libOpenNI.so;libusb::libusb)
-- Checking for module 'apr-1'
--   No package 'apr-1' found
-- Found ament_cmake_ros: 0.10.0 (/opt/ros/humble/share/ament_cmake_ros/cmake)
-- Using all available rosidl_typesupport_c: rosidl_typesupport_fastrtps_c;rosidl_typesupport_introspection_c
-- Using all available rosidl_typesupport_cpp: rosidl_typesupport_fastrtps_cpp;rosidl_typesupport_introspection_cpp
-- Found python_cmake_module: 0.10.0 (/opt/ros/humble/share/python_cmake_module/cmake)
-- Using PYTHON_EXECUTABLE: /usr/bin/python3
-- Using PYTHON_INCLUDE_DIRS: /usr/include/python3.10
-- Using PYTHON_LIBRARIES: /usr/lib/x86_64-linux-gnu/libpython3.10.so
-- Found ament_lint_auto: 0.12.15 (/opt/ros/humble/share/ament_lint_auto/cmake)
-- Added test 'copyright' to check source files copyright and LICENSE
-- Added test 'cppcheck' to perform static code analysis on C / C++ code
-- Configured cppcheck include dirs: /data/fastlio_baseline/workspaces/b0/src/livox_ros_driver2/3rdparty;/data/fastlio_baseline/workspaces/b0/src/livox_ros_driver2/src
-- Configured cppcheck exclude dirs and/or files: 
-- Added test 'cpplint' to check C / C++ code against the Google style
-- Configured cpplint exclude dirs and/or files: 
-- Added test 'flake8' to check Python code syntax and style conventions
-- Added test 'lint_cmake' to check CMake code style
-- Added test 'pep257' to check Python code against some of the docstring style conventions in PEP 257
-- Added test 'uncrustify' to check C / C++ code style
-- Configured uncrustify additional arguments: 
-- Added test 'xmllint' to check XML markup files
-- Configuring done
-- Generating done
-- Build files have been written to: /data/fastlio_baseline/workspaces/b0/build/livox_ros_driver2
[  1%] Generating C code for ROS interfaces
[  5%] Generating C++ code for ROS interfaces
[  5%] Generating Rust code for ROS interfaces
[  6%] Building CXX object CMakeFiles/livox_ros_driver2_node.dir/rclcpp_components/node_main_livox_ros_driver2_node.cpp.o
[  6%] Built target ament_cmake_python_copy_livox_ros_driver2
running egg_info
creating livox_ros_driver2.egg-info
writing livox_ros_driver2.egg-info/PKG-INFO
writing dependency_links to livox_ros_driver2.egg-info/dependency_links.txt
writing top-level names to livox_ros_driver2.egg-info/top_level.txt
writing manifest file 'livox_ros_driver2.egg-info/SOURCES.txt'
reading manifest file 'livox_ros_driver2.egg-info/SOURCES.txt'
writing manifest file 'livox_ros_driver2.egg-info/SOURCES.txt'
[  6%] Built target ament_cmake_python_build_livox_ros_driver2_egg
[  6%] Built target livox_interfaces2__rs
[  6%] Built target livox_interfaces2__cpp
[ 10%] Building C object CMakeFiles/livox_interfaces2__rosidl_generator_c.dir/rosidl_generator_c/livox_ros_driver2/msg/detail/custom_point__functions.c.o
[ 10%] Building C object CMakeFiles/livox_interfaces2__rosidl_generator_c.dir/rosidl_generator_c/livox_ros_driver2/msg/detail/custom_msg__functions.c.o
[ 13%] Generating C++ type support for eProsima Fast-RTPS
[ 13%] Generating C++ type support dispatch for ROS interfaces
[ 15%] Generating C++ introspection for ROS interfaces
[ 17%] Linking C shared library liblivox_ros_driver2__rosidl_generator_c.so
[ 17%] Built target livox_interfaces2__rosidl_generator_c
[ 18%] Generating C type support for eProsima Fast-RTPS
[ 20%] Generating C introspection for ROS interfaces
[ 22%] Generating C type support dispatch for ROS interfaces
[ 24%] Building CXX object CMakeFiles/livox_interfaces2__rosidl_typesupport_introspection_cpp.dir/rosidl_typesupport_introspection_cpp/livox_ros_driver2/msg/detail/custom_msg__type_support.cpp.o
[ 25%] Building CXX object CMakeFiles/livox_interfaces2__rosidl_typesupport_cpp.dir/rosidl_typesupport_cpp/livox_ros_driver2/msg/custom_msg__type_support.cpp.o
[ 27%] Building CXX object CMakeFiles/livox_interfaces2__rosidl_typesupport_cpp.dir/rosidl_typesupport_cpp/livox_ros_driver2/msg/custom_point__type_support.cpp.o
[ 29%] Building CXX object CMakeFiles/livox_interfaces2__rosidl_typesupport_introspection_cpp.dir/rosidl_typesupport_introspection_cpp/livox_ros_driver2/msg/detail/custom_point__type_support.cpp.o
[ 31%] Building CXX object CMakeFiles/livox_interfaces2__rosidl_typesupport_fastrtps_cpp.dir/rosidl_typesupport_fastrtps_cpp/livox_ros_driver2/msg/detail/dds_fastrtps/custom_msg__type_support.cpp.o
[ 32%] Building CXX object CMakeFiles/livox_interfaces2__rosidl_typesupport_fastrtps_cpp.dir/rosidl_typesupport_fastrtps_cpp/livox_ros_driver2/msg/detail/dds_fastrtps/custom_point__type_support.cpp.o
[ 34%] Building C object CMakeFiles/livox_interfaces2__rosidl_typesupport_introspection_c.dir/rosidl_typesupport_introspection_c/livox_ros_driver2/msg/detail/custom_point__type_support.c.o
[ 36%] Building C object CMakeFiles/livox_interfaces2__rosidl_typesupport_introspection_c.dir/rosidl_typesupport_introspection_c/livox_ros_driver2/msg/detail/custom_msg__type_support.c.o
[ 37%] Building CXX object CMakeFiles/livox_interfaces2__rosidl_typesupport_c.dir/rosidl_typesupport_c/livox_ros_driver2/msg/custom_msg__type_support.cpp.o
[ 39%] Building CXX object CMakeFiles/livox_interfaces2__rosidl_typesupport_c.dir/rosidl_typesupport_c/livox_ros_driver2/msg/custom_point__type_support.cpp.o
[ 41%] Linking CXX shared library liblivox_ros_driver2__rosidl_typesupport_c.so
[ 43%] Building CXX object CMakeFiles/livox_interfaces2__rosidl_typesupport_fastrtps_c.dir/rosidl_typesupport_fastrtps_c/livox_ros_driver2/msg/detail/custom_msg__type_support_c.cpp.o
[ 44%] Building CXX object CMakeFiles/livox_interfaces2__rosidl_typesupport_fastrtps_c.dir/rosidl_typesupport_fastrtps_c/livox_ros_driver2/msg/detail/custom_point__type_support_c.cpp.o
[ 46%] Linking C shared library liblivox_ros_driver2__rosidl_typesupport_introspection_c.so
[ 46%] Built target livox_interfaces2__rosidl_typesupport_introspection_c
[ 46%] Built target livox_interfaces2__rosidl_typesupport_c
[ 48%] Linking CXX shared library liblivox_ros_driver2__rosidl_typesupport_cpp.so
[ 48%] Built target livox_interfaces2__rosidl_typesupport_cpp
[ 50%] Building CXX object CMakeFiles/livox_ros_driver2.dir/src/livox_ros_driver2.cpp.o
[ 51%] Building CXX object CMakeFiles/livox_ros_driver2.dir/src/lddc.cpp.o
[ 53%] Building CXX object CMakeFiles/livox_ros_driver2.dir/src/lds.cpp.o
[ 55%] Building CXX object CMakeFiles/livox_ros_driver2.dir/src/lds_lidar.cpp.o
[ 56%] Building CXX object CMakeFiles/livox_ros_driver2.dir/src/comm/comm.cpp.o
[ 58%] Building CXX object CMakeFiles/livox_ros_driver2.dir/src/parse_cfg_file/parse_cfg_file.cpp.o
[ 60%] Building CXX object CMakeFiles/livox_ros_driver2.dir/src/driver_node.cpp.o
[ 62%] Building CXX object CMakeFiles/livox_ros_driver2.dir/src/comm/lidar_imu_data_queue.cpp.o
[ 63%] Building CXX object CMakeFiles/livox_ros_driver2.dir/src/comm/semaphore.cpp.o
[ 65%] Building CXX object CMakeFiles/livox_ros_driver2.dir/src/comm/pub_handler.cpp.o
[ 67%] Building CXX object CMakeFiles/livox_ros_driver2.dir/src/comm/ldq.cpp.o
[ 68%] Building CXX object CMakeFiles/livox_ros_driver2.dir/src/comm/cache_index.cpp.o
[ 70%] Building CXX object CMakeFiles/livox_ros_driver2.dir/src/parse_cfg_file/parse_livox_lidar_cfg.cpp.o
[ 72%] Building CXX object CMakeFiles/livox_ros_driver2.dir/src/call_back/lidar_common_callback.cpp.o
[ 74%] Building CXX object CMakeFiles/livox_ros_driver2.dir/src/call_back/livox_lidar_callback.cpp.o
[ 75%] Linking CXX shared library liblivox_ros_driver2__rosidl_typesupport_introspection_cpp.so
[ 77%] Linking CXX shared library liblivox_ros_driver2__rosidl_typesupport_fastrtps_cpp.so
[ 79%] Linking CXX shared library liblivox_ros_driver2__rosidl_typesupport_fastrtps_c.so
[ 79%] Built target livox_interfaces2__rosidl_typesupport_fastrtps_cpp
[ 79%] Built target livox_interfaces2__rosidl_typesupport_introspection_cpp
[ 79%] Built target livox_interfaces2__rosidl_typesupport_fastrtps_c
[ 79%] Built target livox_interfaces2
[ 81%] Generating Python code for ROS interfaces
[ 81%] Built target livox_interfaces2__py
[ 82%] Building C object CMakeFiles/livox_interfaces2__rosidl_generator_py.dir/rosidl_generator_py/livox_ros_driver2/msg/_custom_point_s.c.o
[ 84%] Building C object CMakeFiles/livox_interfaces2__rosidl_generator_py.dir/rosidl_generator_py/livox_ros_driver2/msg/_custom_msg_s.c.o
[ 86%] Linking C shared library rosidl_generator_py/livox_ros_driver2/liblivox_interfaces2__rosidl_generator_py.so
[ 86%] Built target livox_interfaces2__rosidl_generator_py
[ 87%] Building C object CMakeFiles/livox_ros_driver2__rosidl_typesupport_introspection_c__pyext.dir/rosidl_generator_py/livox_ros_driver2/_livox_ros_driver2_s.ep.rosidl_typesupport_introspection_c.c.o
[ 89%] Building C object CMakeFiles/livox_ros_driver2__rosidl_typesupport_c__pyext.dir/rosidl_generator_py/livox_ros_driver2/_livox_ros_driver2_s.ep.rosidl_typesupport_c.c.o
[ 91%] Building C object CMakeFiles/livox_ros_driver2__rosidl_typesupport_fastrtps_c__pyext.dir/rosidl_generator_py/livox_ros_driver2/_livox_ros_driver2_s.ep.rosidl_typesupport_fastrtps_c.c.o
[ 93%] Linking C shared library rosidl_generator_py/livox_ros_driver2/livox_ros_driver2_s__rosidl_typesupport_fastrtps_c.cpython-310-x86_64-linux-gnu.so
[ 94%] Linking C shared library rosidl_generator_py/livox_ros_driver2/livox_ros_driver2_s__rosidl_typesupport_c.cpython-310-x86_64-linux-gnu.so
[ 96%] Linking C shared library rosidl_generator_py/livox_ros_driver2/livox_ros_driver2_s__rosidl_typesupport_introspection_c.cpython-310-x86_64-linux-gnu.so
[ 96%] Built target livox_ros_driver2__rosidl_typesupport_fastrtps_c__pyext
[ 96%] Built target livox_ros_driver2__rosidl_typesupport_c__pyext
[ 96%] Built target livox_ros_driver2__rosidl_typesupport_introspection_c__pyext
[ 98%] Linking CXX executable livox_ros_driver2_node
[ 98%] Built target livox_ros_driver2_node
[100%] Linking CXX shared library liblivox_ros_driver2.so
[100%] Built target livox_ros_driver2
-- Install configuration: "Release"
-- Installing: /data/fastlio_baseline/workspaces/b0/install/livox_ros_driver2/share/ament_index/resource_index/rosidl_interfaces/livox_ros_driver2
-- Installing: /data/fastlio_baseline/workspaces/b0/install/livox_ros_driver2/include/livox_ros_driver2/livox_ros_driver2
-- Installing: /data/fastlio_baseline/workspaces/b0/install/livox_ros_driver2/include/livox_ros_driver2/livox_ros_driver2/msg
-- Installing: /data/fastlio_baseline/workspaces/b0/install/livox_ros_driver2/include/livox_ros_driver2/livox_ros_driver2/msg/custom_msg.h
-- Installing: /data/fastlio_baseline/workspaces/b0/install/livox_ros_driver2/include/livox_ros_driver2/livox_ros_driver2/msg/rosidl_generator_c__visibility_control.h
-- Installing: /data/fastlio_baseline/workspaces/b0/install/livox_ros_driver2/include/livox_ros_driver2/livox_ros_driver2/msg/custom_point.h
-- Installing: /data/fastlio_baseline/workspaces/b0/install/livox_ros_driver2/include/livox_ros_driver2/livox_ros_driver2/msg/detail
-- Installing: /data/fastlio_baseline/workspaces/b0/install/livox_ros_driver2/include/livox_ros_driver2/livox_ros_driver2/msg/detail/custom_msg__type_support.h
-- Installing: /data/fastlio_baseline/workspaces/b0/install/livox_ros_driver2/include/livox_ros_driver2/livox_ros_driver2/msg/detail/custom_msg__struct.h
-- Installing: /data/fastlio_baseline/workspaces/b0/install/livox_ros_driver2/include/livox_ros_driver2/livox_ros_driver2/msg/detail/custom_point__struct.h
-- Installing: /data/fastlio_baseline/workspaces/b0/install/livox_ros_driver2/include/livox_ros_driver2/livox_ros_driver2/msg/detail/custom_msg__functions.h
-- Installing: /data/fastlio_baseline/workspaces/b0/install/livox_ros_driver2/include/livox_ros_driver2/livox_ros_driver2/msg/detail/custom_msg__functions.c
-- Installing: /data/fastlio_baseline/workspaces/b0/install/livox_ros_driver2/include/livox_ros_driver2/livox_ros_driver2/msg/detail/custom_point__type_support.h
-- Installing: /data/fastlio_baseline/workspaces/b0/install/livox_ros_driver2/include/livox_ros_driver2/livox_ros_driver2/msg/detail/custom_point__functions.h
-- Installing: /data/fastlio_baseline/workspaces/b0/install/livox_ros_driver2/include/livox_ros_driver2/livox_ros_driver2/msg/detail/custom_point__functions.c
-- Installing: /data/fastlio_baseline/workspaces/b0/install/livox_ros_driver2/share/livox_ros_driver2/environment/library_path.sh
-- Installing: /data/fastlio_baseline/workspaces/b0/install/livox_ros_driver2/share/livox_ros_driver2/environment/library_path.dsv
-- Installing: /data/fastlio_baseline/workspaces/b0/install/livox_ros_driver2/lib/liblivox_ros_driver2__rosidl_generator_c.so
-- Set runtime path of "/data/fastlio_baseline/workspaces/b0/install/livox_ros_driver2/lib/liblivox_ros_driver2__rosidl_generator_c.so" to ""
-- Up-to-date: /data/fastlio_baseline/workspaces/b0/install/livox_ros_driver2/include/livox_ros_driver2/livox_ros_driver2
-- Up-to-date: /data/fastlio_baseline/workspaces/b0/install/livox_ros_driver2/include/livox_ros_driver2/livox_ros_driver2/msg
-- Up-to-date: /data/fastlio_baseline/workspaces/b0/install/livox_ros_driver2/include/livox_ros_driver2/livox_ros_driver2/msg/detail
-- Installing: /data/fastlio_baseline/workspaces/b0/install/livox_ros_driver2/include/livox_ros_driver2/livox_ros_driver2/msg/detail/custom_msg__rosidl_typesupport_fastrtps_c.h
-- Installing: /data/fastlio_baseline/workspaces/b0/install/livox_ros_driver2/include/livox_ros_driver2/livox_ros_driver2/msg/detail/custom_point__rosidl_typesupport_fastrtps_c.h
-- Installing: /data/fastlio_baseline/workspaces/b0/install/livox_ros_driver2/include/livox_ros_driver2/livox_ros_driver2/msg/rosidl_typesupport_fastrtps_c__visibility_control.h
-- Installing: /data/fastlio_baseline/workspaces/b0/install/livox_ros_driver2/lib/liblivox_ros_driver2__rosidl_typesupport_fastrtps_c.so
-- Set runtime path of "/data/fastlio_baseline/workspaces/b0/install/livox_ros_driver2/lib/liblivox_ros_driver2__rosidl_typesupport_fastrtps_c.so" to ""
-- Up-to-date: /data/fastlio_baseline/workspaces/b0/install/livox_ros_driver2/include/livox_ros_driver2/livox_ros_driver2
-- Up-to-date: /data/fastlio_baseline/workspaces/b0/install/livox_ros_driver2/include/livox_ros_driver2/livox_ros_driver2/msg
-- Installing: /data/fastlio_baseline/workspaces/b0/install/livox_ros_driver2/include/livox_ros_driver2/livox_ros_driver2/msg/rosidl_typesupport_introspection_c__visibility_control.h
-- Up-to-date: /data/fastlio_baseline/workspaces/b0/install/livox_ros_driver2/include/livox_ros_driver2/livox_ros_driver2/msg/detail
-- Installing: /data/fastlio_baseline/workspaces/b0/install/livox_ros_driver2/include/livox_ros_driver2/livox_ros_driver2/msg/detail/custom_msg__rosidl_typesupport_introspection_c.h
-- Installing: /data/fastlio_baseline/workspaces/b0/install/livox_ros_driver2/include/livox_ros_driver2/livox_ros_driver2/msg/detail/custom_msg__type_support.c
-- Installing: /data/fastlio_baseline/workspaces/b0/install/livox_ros_driver2/include/livox_ros_driver2/livox_ros_driver2/msg/detail/custom_point__type_support.c
-- Installing: /data/fastlio_baseline/workspaces/b0/install/livox_ros_driver2/include/livox_ros_driver2/livox_ros_driver2/msg/detail/custom_point__rosidl_typesupport_introspection_c.h
-- Installing: /data/fastlio_baseline/workspaces/b0/install/livox_ros_driver2/lib/liblivox_ros_driver2__rosidl_typesupport_introspection_c.so
-- Set runtime path of "/data/fastlio_baseline/workspaces/b0/install/livox_ros_driver2/lib/liblivox_ros_driver2__rosidl_typesupport_introspection_c.so" to ""
-- Installing: /data/fastlio_baseline/workspaces/b0/install/livox_ros_driver2/lib/liblivox_ros_driver2__rosidl_typesupport_c.so
-- Set runtime path of "/data/fastlio_baseline/workspaces/b0/install/livox_ros_driver2/lib/liblivox_ros_driver2__rosidl_typesupport_c.so" to ""
-- Up-to-date: /data/fastlio_baseline/workspaces/b0/install/livox_ros_driver2/include/livox_ros_driver2/livox_ros_driver2
-- Up-to-date: /data/fastlio_baseline/workspaces/b0/install/livox_ros_driver2/include/livox_ros_driver2/livox_ros_driver2/msg
-- Installing: /data/fastlio_baseline/workspaces/b0/install/livox_ros_driver2/include/livox_ros_driver2/livox_ros_driver2/msg/custom_point.hpp
-- Installing: /data/fastlio_baseline/workspaces/b0/install/livox_ros_driver2/include/livox_ros_driver2/livox_ros_driver2/msg/rosidl_generator_cpp__visibility_control.hpp
-- Up-to-date: /data/fastlio_baseline/workspaces/b0/install/livox_ros_driver2/include/livox_ros_driver2/livox_ros_driver2/msg/detail
-- Installing: /data/fastlio_baseline/workspaces/b0/install/livox_ros_driver2/include/livox_ros_driver2/livox_ros_driver2/msg/detail/custom_point__traits.hpp
-- Installing: /data/fastlio_baseline/workspaces/b0/install/livox_ros_driver2/include/livox_ros_driver2/livox_ros_driver2/msg/detail/custom_point__struct.hpp
-- Installing: /data/fastlio_baseline/workspaces/b0/install/livox_ros_driver2/include/livox_ros_driver2/livox_ros_driver2/msg/detail/custom_msg__type_support.hpp
-- Installing: /data/fastlio_baseline/workspaces/b0/install/livox_ros_driver2/include/livox_ros_driver2/livox_ros_driver2/msg/detail/custom_msg__traits.hpp
-- Installing: /data/fastlio_baseline/workspaces/b0/install/livox_ros_driver2/include/livox_ros_driver2/livox_ros_driver2/msg/detail/custom_msg__struct.hpp
-- Installing: /data/fastlio_baseline/workspaces/b0/install/livox_ros_driver2/include/livox_ros_driver2/livox_ros_driver2/msg/detail/custom_point__type_support.hpp
-- Installing: /data/fastlio_baseline/workspaces/b0/install/livox_ros_driver2/include/livox_ros_driver2/livox_ros_driver2/msg/detail/custom_msg__builder.hpp
-- Installing: /data/fastlio_baseline/workspaces/b0/install/livox_ros_driver2/include/livox_ros_driver2/livox_ros_driver2/msg/detail/custom_point__builder.hpp
-- Installing: /data/fastlio_baseline/workspaces/b0/install/livox_ros_driver2/include/livox_ros_driver2/livox_ros_driver2/msg/custom_msg.hpp
-- Up-to-date: /data/fastlio_baseline/workspaces/b0/install/livox_ros_driver2/include/livox_ros_driver2/livox_ros_driver2
-- Up-to-date: /data/fastlio_baseline/workspaces/b0/install/livox_ros_driver2/include/livox_ros_driver2/livox_ros_driver2/msg
-- Installing: /data/fastlio_baseline/workspaces/b0/install/livox_ros_driver2/include/livox_ros_driver2/livox_ros_driver2/msg/rosidl_typesupport_fastrtps_cpp__visibility_control.h
-- Up-to-date: /data/fastlio_baseline/workspaces/b0/install/livox_ros_driver2/include/livox_ros_driver2/livox_ros_driver2/msg/detail
-- Installing: /data/fastlio_baseline/workspaces/b0/install/livox_ros_driver2/include/livox_ros_driver2/livox_ros_driver2/msg/detail/custom_msg__rosidl_typesupport_fastrtps_cpp.hpp
-- Installing: /data/fastlio_baseline/workspaces/b0/install/livox_ros_driver2/include/livox_ros_driver2/livox_ros_driver2/msg/detail/custom_point__rosidl_typesupport_fastrtps_cpp.hpp
-- Installing: /data/fastlio_baseline/workspaces/b0/install/livox_ros_driver2/include/livox_ros_driver2/livox_ros_driver2/msg/detail/dds_fastrtps
-- Installing: /data/fastlio_baseline/workspaces/b0/install/livox_ros_driver2/lib/liblivox_ros_driver2__rosidl_typesupport_fastrtps_cpp.so
-- Set runtime path of "/data/fastlio_baseline/workspaces/b0/install/livox_ros_driver2/lib/liblivox_ros_driver2__rosidl_typesupport_fastrtps_cpp.so" to ""
-- Up-to-date: /data/fastlio_baseline/workspaces/b0/install/livox_ros_driver2/include/livox_ros_driver2/livox_ros_driver2
-- Up-to-date: /data/fastlio_baseline/workspaces/b0/install/livox_ros_driver2/include/livox_ros_driver2/livox_ros_driver2/msg
-- Up-to-date: /data/fastlio_baseline/workspaces/b0/install/livox_ros_driver2/include/livox_ros_driver2/livox_ros_driver2/msg/detail
-- Installing: /data/fastlio_baseline/workspaces/b0/install/livox_ros_driver2/include/livox_ros_driver2/livox_ros_driver2/msg/detail/custom_msg__type_support.cpp
-- Installing: /data/fastlio_baseline/workspaces/b0/install/livox_ros_driver2/include/livox_ros_driver2/livox_ros_driver2/msg/detail/custom_point__rosidl_typesupport_introspection_cpp.hpp
-- Installing: /data/fastlio_baseline/workspaces/b0/install/livox_ros_driver2/include/livox_ros_driver2/livox_ros_driver2/msg/detail/custom_msg__rosidl_typesupport_introspection_cpp.hpp
-- Installing: /data/fastlio_baseline/workspaces/b0/install/livox_ros_driver2/include/livox_ros_driver2/livox_ros_driver2/msg/detail/custom_point__type_support.cpp
-- Installing: /data/fastlio_baseline/workspaces/b0/install/livox_ros_driver2/lib/liblivox_ros_driver2__rosidl_typesupport_introspection_cpp.so
-- Set runtime path of "/data/fastlio_baseline/workspaces/b0/install/livox_ros_driver2/lib/liblivox_ros_driver2__rosidl_typesupport_introspection_cpp.so" to ""
-- Installing: /data/fastlio_baseline/workspaces/b0/install/livox_ros_driver2/lib/liblivox_ros_driver2__rosidl_typesupport_cpp.so
-- Set runtime path of "/data/fastlio_baseline/workspaces/b0/install/livox_ros_driver2/lib/liblivox_ros_driver2__rosidl_typesupport_cpp.so" to ""
-- Installing: /data/fastlio_baseline/workspaces/b0/install/livox_ros_driver2/share/livox_ros_driver2/environment/pythonpath.sh
-- Installing: /data/fastlio_baseline/workspaces/b0/install/livox_ros_driver2/share/livox_ros_driver2/environment/pythonpath.dsv
-- Installing: /data/fastlio_baseline/workspaces/b0/install/livox_ros_driver2/local/lib/python3.10/dist-packages/livox_ros_driver2-1.0.0-py3.10.egg-info
-- Installing: /data/fastlio_baseline/workspaces/b0/install/livox_ros_driver2/local/lib/python3.10/dist-packages/livox_ros_driver2-1.0.0-py3.10.egg-info/SOURCES.txt
-- Installing: /data/fastlio_baseline/workspaces/b0/install/livox_ros_driver2/local/lib/python3.10/dist-packages/livox_ros_driver2-1.0.0-py3.10.egg-info/top_level.txt
-- Installing: /data/fastlio_baseline/workspaces/b0/install/livox_ros_driver2/local/lib/python3.10/dist-packages/livox_ros_driver2-1.0.0-py3.10.egg-info/dependency_links.txt
-- Installing: /data/fastlio_baseline/workspaces/b0/install/livox_ros_driver2/local/lib/python3.10/dist-packages/livox_ros_driver2-1.0.0-py3.10.egg-info/PKG-INFO
-- Installing: /data/fastlio_baseline/workspaces/b0/install/livox_ros_driver2/local/lib/python3.10/dist-packages/livox_ros_driver2
-- Installing: /data/fastlio_baseline/workspaces/b0/install/livox_ros_driver2/local/lib/python3.10/dist-packages/livox_ros_driver2/__init__.py
-- Installing: /data/fastlio_baseline/workspaces/b0/install/livox_ros_driver2/local/lib/python3.10/dist-packages/livox_ros_driver2/_livox_ros_driver2_s.ep.rosidl_typesupport_fastrtps_c.c
-- Installing: /data/fastlio_baseline/workspaces/b0/install/livox_ros_driver2/local/lib/python3.10/dist-packages/livox_ros_driver2/liblivox_interfaces2__rosidl_generator_py.so
-- Installing: /data/fastlio_baseline/workspaces/b0/install/livox_ros_driver2/local/lib/python3.10/dist-packages/livox_ros_driver2/livox_ros_driver2_s__rosidl_typesupport_introspection_c.cpython-310-x86_64-linux-gnu.so
-- Installing: /data/fastlio_baseline/workspaces/b0/install/livox_ros_driver2/local/lib/python3.10/dist-packages/livox_ros_driver2/_livox_ros_driver2_s.ep.rosidl_typesupport_c.c
-- Installing: /data/fastlio_baseline/workspaces/b0/install/livox_ros_driver2/local/lib/python3.10/dist-packages/livox_ros_driver2/_livox_ros_driver2_s.ep.rosidl_typesupport_introspection_c.c
-- Installing: /data/fastlio_baseline/workspaces/b0/install/livox_ros_driver2/local/lib/python3.10/dist-packages/livox_ros_driver2/livox_ros_driver2_s__rosidl_typesupport_c.cpython-310-x86_64-linux-gnu.so
-- Installing: /data/fastlio_baseline/workspaces/b0/install/livox_ros_driver2/local/lib/python3.10/dist-packages/livox_ros_driver2/livox_ros_driver2_s__rosidl_typesupport_fastrtps_c.cpython-310-x86_64-linux-gnu.so
-- Installing: /data/fastlio_baseline/workspaces/b0/install/livox_ros_driver2/local/lib/python3.10/dist-packages/livox_ros_driver2/msg
-- Installing: /data/fastlio_baseline/workspaces/b0/install/livox_ros_driver2/local/lib/python3.10/dist-packages/livox_ros_driver2/msg/__init__.py
-- Installing: /data/fastlio_baseline/workspaces/b0/install/livox_ros_driver2/local/lib/python3.10/dist-packages/livox_ros_driver2/msg/_custom_msg_s.c
-- Installing: /data/fastlio_baseline/workspaces/b0/install/livox_ros_driver2/local/lib/python3.10/dist-packages/livox_ros_driver2/msg/_custom_point_s.c
-- Installing: /data/fastlio_baseline/workspaces/b0/install/livox_ros_driver2/local/lib/python3.10/dist-packages/livox_ros_driver2/msg/_custom_point.py
-- Installing: /data/fastlio_baseline/workspaces/b0/install/livox_ros_driver2/local/lib/python3.10/dist-packages/livox_ros_driver2/msg/_custom_msg.py
Listing '/data/fastlio_baseline/workspaces/b0/install/livox_ros_driver2/local/lib/python3.10/dist-packages/livox_ros_driver2'...
Compiling '/data/fastlio_baseline/workspaces/b0/install/livox_ros_driver2/local/lib/python3.10/dist-packages/livox_ros_driver2/__init__.py'...
Listing '/data/fastlio_baseline/workspaces/b0/install/livox_ros_driver2/local/lib/python3.10/dist-packages/livox_ros_driver2/msg'...
Compiling '/data/fastlio_baseline/workspaces/b0/install/livox_ros_driver2/local/lib/python3.10/dist-packages/livox_ros_driver2/msg/__init__.py'...
Compiling '/data/fastlio_baseline/workspaces/b0/install/livox_ros_driver2/local/lib/python3.10/dist-packages/livox_ros_driver2/msg/_custom_msg.py'...
Compiling '/data/fastlio_baseline/workspaces/b0/install/livox_ros_driver2/local/lib/python3.10/dist-packages/livox_ros_driver2/msg/_custom_point.py'...
-- Installing: /data/fastlio_baseline/workspaces/b0/install/livox_ros_driver2/local/lib/python3.10/dist-packages/livox_ros_driver2/livox_ros_driver2_s__rosidl_typesupport_fastrtps_c.cpython-310-x86_64-linux-gnu.so
-- Set runtime path of "/data/fastlio_baseline/workspaces/b0/install/livox_ros_driver2/local/lib/python3.10/dist-packages/livox_ros_driver2/livox_ros_driver2_s__rosidl_typesupport_fastrtps_c.cpython-310-x86_64-linux-gnu.so" to ""
-- Installing: /data/fastlio_baseline/workspaces/b0/install/livox_ros_driver2/local/lib/python3.10/dist-packages/livox_ros_driver2/livox_ros_driver2_s__rosidl_typesupport_introspection_c.cpython-310-x86_64-linux-gnu.so
-- Set runtime path of "/data/fastlio_baseline/workspaces/b0/install/livox_ros_driver2/local/lib/python3.10/dist-packages/livox_ros_driver2/livox_ros_driver2_s__rosidl_typesupport_introspection_c.cpython-310-x86_64-linux-gnu.so" to ""
-- Installing: /data/fastlio_baseline/workspaces/b0/install/livox_ros_driver2/local/lib/python3.10/dist-packages/livox_ros_driver2/livox_ros_driver2_s__rosidl_typesupport_c.cpython-310-x86_64-linux-gnu.so
-- Set runtime path of "/data/fastlio_baseline/workspaces/b0/install/livox_ros_driver2/local/lib/python3.10/dist-packages/livox_ros_driver2/livox_ros_driver2_s__rosidl_typesupport_c.cpython-310-x86_64-linux-gnu.so" to ""
-- Installing: /data/fastlio_baseline/workspaces/b0/install/livox_ros_driver2/lib/liblivox_interfaces2__rosidl_generator_py.so
-- Set runtime path of "/data/fastlio_baseline/workspaces/b0/install/livox_ros_driver2/lib/liblivox_interfaces2__rosidl_generator_py.so" to ""
-- Installing: /data/fastlio_baseline/workspaces/b0/install/livox_ros_driver2/share/ament_index/resource_index/rust_packages/livox_ros_driver2
-- Installing: /data/fastlio_baseline/workspaces/b0/install/livox_ros_driver2/share/livox_ros_driver2/rust
-- Installing: /data/fastlio_baseline/workspaces/b0/install/livox_ros_driver2/share/livox_ros_driver2/rust/src
-- Installing: /data/fastlio_baseline/workspaces/b0/install/livox_ros_driver2/share/livox_ros_driver2/rust/src/lib.rs
-- Installing: /data/fastlio_baseline/workspaces/b0/install/livox_ros_driver2/share/livox_ros_driver2/rust/src/msg
-- Installing: /data/fastlio_baseline/workspaces/b0/install/livox_ros_driver2/share/livox_ros_driver2/rust/src/msg/rmw.rs
-- Installing: /data/fastlio_baseline/workspaces/b0/install/livox_ros_driver2/share/livox_ros_driver2/rust/src/msg.rs
-- Installing: /data/fastlio_baseline/workspaces/b0/install/livox_ros_driver2/share/livox_ros_driver2/rust/Cargo.toml
-- Installing: /data/fastlio_baseline/workspaces/b0/install/livox_ros_driver2/share/livox_ros_driver2/rust/build.rs
-- Installing: /data/fastlio_baseline/workspaces/b0/install/livox_ros_driver2/share/livox_ros_driver2/msg/CustomPoint.idl
-- Installing: /data/fastlio_baseline/workspaces/b0/install/livox_ros_driver2/share/livox_ros_driver2/msg/CustomMsg.idl
-- Installing: /data/fastlio_baseline/workspaces/b0/install/livox_ros_driver2/share/livox_ros_driver2/msg/CustomPoint.msg
-- Installing: /data/fastlio_baseline/workspaces/b0/install/livox_ros_driver2/share/livox_ros_driver2/msg/CustomMsg.msg
-- Installing: /data/fastlio_baseline/workspaces/b0/install/livox_ros_driver2/lib/livox_ros_driver2/livox_ros_driver2_node
-- Set runtime path of "/data/fastlio_baseline/workspaces/b0/install/livox_ros_driver2/lib/livox_ros_driver2/livox_ros_driver2_node" to ""
-- Installing: /data/fastlio_baseline/workspaces/b0/install/livox_ros_driver2/lib/liblivox_ros_driver2.so
-- Set runtime path of "/data/fastlio_baseline/workspaces/b0/install/livox_ros_driver2/lib/liblivox_ros_driver2.so" to ""
-- Installing: /data/fastlio_baseline/workspaces/b0/install/livox_ros_driver2/share/livox_ros_driver2/config
-- Installing: /data/fastlio_baseline/workspaces/b0/install/livox_ros_driver2/share/livox_ros_driver2/config/HAP_config.json
-- Installing: /data/fastlio_baseline/workspaces/b0/install/livox_ros_driver2/share/livox_ros_driver2/config/display_point_cloud_ROS1.rviz
-- Installing: /data/fastlio_baseline/workspaces/b0/install/livox_ros_driver2/share/livox_ros_driver2/config/MID360_config.json
-- Installing: /data/fastlio_baseline/workspaces/b0/install/livox_ros_driver2/share/livox_ros_driver2/config/mixed_HAP_MID360_config.json
-- Installing: /data/fastlio_baseline/workspaces/b0/install/livox_ros_driver2/share/livox_ros_driver2/config/display_point_cloud_ROS2.rviz
-- Installing: /data/fastlio_baseline/workspaces/b0/install/livox_ros_driver2/share/livox_ros_driver2/config/MID360s_config.json
-- Installing: /data/fastlio_baseline/workspaces/b0/install/livox_ros_driver2/share/livox_ros_driver2/launch_ROS2
-- Installing: /data/fastlio_baseline/workspaces/b0/install/livox_ros_driver2/share/livox_ros_driver2/launch_ROS2/msg_MID360_launch.py
-- Installing: /data/fastlio_baseline/workspaces/b0/install/livox_ros_driver2/share/livox_ros_driver2/launch_ROS2/rviz_MID360_launch.py
-- Installing: /data/fastlio_baseline/workspaces/b0/install/livox_ros_driver2/share/livox_ros_driver2/launch_ROS2/rviz_MID360s_launch.py
-- Installing: /data/fastlio_baseline/workspaces/b0/install/livox_ros_driver2/share/livox_ros_driver2/launch_ROS2/rviz_mixed.py
-- Installing: /data/fastlio_baseline/workspaces/b0/install/livox_ros_driver2/share/livox_ros_driver2/launch_ROS2/rviz_HAP_launch.py
-- Installing: /data/fastlio_baseline/workspaces/b0/install/livox_ros_driver2/share/livox_ros_driver2/launch_ROS2/msg_HAP_launch.py
-- Installing: /data/fastlio_baseline/workspaces/b0/install/livox_ros_driver2/share/livox_ros_driver2/launch_ROS2/msg_MID360s_launch.py
-- Installing: /data/fastlio_baseline/workspaces/b0/install/livox_ros_driver2/share/ament_index/resource_index/package_run_dependencies/livox_ros_driver2
-- Installing: /data/fastlio_baseline/workspaces/b0/install/livox_ros_driver2/share/ament_index/resource_index/parent_prefix_path/livox_ros_driver2
-- Installing: /data/fastlio_baseline/workspaces/b0/install/livox_ros_driver2/share/livox_ros_driver2/environment/ament_prefix_path.sh
-- Installing: /data/fastlio_baseline/workspaces/b0/install/livox_ros_driver2/share/livox_ros_driver2/environment/ament_prefix_path.dsv
-- Installing: /data/fastlio_baseline/workspaces/b0/install/livox_ros_driver2/share/livox_ros_driver2/environment/path.sh
-- Installing: /data/fastlio_baseline/workspaces/b0/install/livox_ros_driver2/share/livox_ros_driver2/environment/path.dsv
-- Installing: /data/fastlio_baseline/workspaces/b0/install/livox_ros_driver2/share/livox_ros_driver2/local_setup.bash
-- Installing: /data/fastlio_baseline/workspaces/b0/install/livox_ros_driver2/share/livox_ros_driver2/local_setup.sh
-- Installing: /data/fastlio_baseline/workspaces/b0/install/livox_ros_driver2/share/livox_ros_driver2/local_setup.zsh
-- Installing: /data/fastlio_baseline/workspaces/b0/install/livox_ros_driver2/share/livox_ros_driver2/local_setup.dsv
-- Installing: /data/fastlio_baseline/workspaces/b0/install/livox_ros_driver2/share/livox_ros_driver2/package.dsv
-- Installing: /data/fastlio_baseline/workspaces/b0/install/livox_ros_driver2/share/ament_index/resource_index/packages/livox_ros_driver2
-- Installing: /data/fastlio_baseline/workspaces/b0/install/livox_ros_driver2/share/ament_index/resource_index/rclcpp_components/livox_ros_driver2
-- Installing: /data/fastlio_baseline/workspaces/b0/install/livox_ros_driver2/share/livox_ros_driver2/cmake/export_livox_interfaces2__rosidl_generator_cExport.cmake
-- Installing: /data/fastlio_baseline/workspaces/b0/install/livox_ros_driver2/share/livox_ros_driver2/cmake/export_livox_interfaces2__rosidl_generator_cExport-release.cmake
-- Installing: /data/fastlio_baseline/workspaces/b0/install/livox_ros_driver2/share/livox_ros_driver2/cmake/export_livox_interfaces2__rosidl_typesupport_fastrtps_cExport.cmake
-- Installing: /data/fastlio_baseline/workspaces/b0/install/livox_ros_driver2/share/livox_ros_driver2/cmake/export_livox_interfaces2__rosidl_typesupport_fastrtps_cExport-release.cmake
-- Installing: /data/fastlio_baseline/workspaces/b0/install/livox_ros_driver2/share/livox_ros_driver2/cmake/livox_interfaces2__rosidl_typesupport_introspection_cExport.cmake
-- Installing: /data/fastlio_baseline/workspaces/b0/install/livox_ros_driver2/share/livox_ros_driver2/cmake/livox_interfaces2__rosidl_typesupport_introspection_cExport-release.cmake
-- Installing: /data/fastlio_baseline/workspaces/b0/install/livox_ros_driver2/share/livox_ros_driver2/cmake/livox_interfaces2__rosidl_typesupport_cExport.cmake
-- Installing: /data/fastlio_baseline/workspaces/b0/install/livox_ros_driver2/share/livox_ros_driver2/cmake/livox_interfaces2__rosidl_typesupport_cExport-release.cmake
-- Installing: /data/fastlio_baseline/workspaces/b0/install/livox_ros_driver2/share/livox_ros_driver2/cmake/export_livox_interfaces2__rosidl_generator_cppExport.cmake
-- Installing: /data/fastlio_baseline/workspaces/b0/install/livox_ros_driver2/share/livox_ros_driver2/cmake/export_livox_interfaces2__rosidl_typesupport_fastrtps_cppExport.cmake
-- Installing: /data/fastlio_baseline/workspaces/b0/install/livox_ros_driver2/share/livox_ros_driver2/cmake/export_livox_interfaces2__rosidl_typesupport_fastrtps_cppExport-release.cmake
-- Installing: /data/fastlio_baseline/workspaces/b0/install/livox_ros_driver2/share/livox_ros_driver2/cmake/livox_interfaces2__rosidl_typesupport_introspection_cppExport.cmake
-- Installing: /data/fastlio_baseline/workspaces/b0/install/livox_ros_driver2/share/livox_ros_driver2/cmake/livox_interfaces2__rosidl_typesupport_introspection_cppExport-release.cmake
-- Installing: /data/fastlio_baseline/workspaces/b0/install/livox_ros_driver2/share/livox_ros_driver2/cmake/livox_interfaces2__rosidl_typesupport_cppExport.cmake
-- Installing: /data/fastlio_baseline/workspaces/b0/install/livox_ros_driver2/share/livox_ros_driver2/cmake/livox_interfaces2__rosidl_typesupport_cppExport-release.cmake
-- Installing: /data/fastlio_baseline/workspaces/b0/install/livox_ros_driver2/share/livox_ros_driver2/cmake/export_livox_interfaces2__rosidl_generator_pyExport.cmake
-- Installing: /data/fastlio_baseline/workspaces/b0/install/livox_ros_driver2/share/livox_ros_driver2/cmake/export_livox_interfaces2__rosidl_generator_pyExport-release.cmake
-- Installing: /data/fastlio_baseline/workspaces/b0/install/livox_ros_driver2/share/livox_ros_driver2/cmake/rosidl_cmake-extras.cmake
-- Installing: /data/fastlio_baseline/workspaces/b0/install/livox_ros_driver2/share/livox_ros_driver2/cmake/ament_cmake_export_dependencies-extras.cmake
-- Installing: /data/fastlio_baseline/workspaces/b0/install/livox_ros_driver2/share/livox_ros_driver2/cmake/ament_cmake_export_include_directories-extras.cmake
-- Installing: /data/fastlio_baseline/workspaces/b0/install/livox_ros_driver2/share/livox_ros_driver2/cmake/ament_cmake_export_libraries-extras.cmake
-- Installing: /data/fastlio_baseline/workspaces/b0/install/livox_ros_driver2/share/livox_ros_driver2/cmake/ament_cmake_export_targets-extras.cmake
-- Installing: /data/fastlio_baseline/workspaces/b0/install/livox_ros_driver2/share/livox_ros_driver2/cmake/rosidl_cmake_export_typesupport_targets-extras.cmake
-- Installing: /data/fastlio_baseline/workspaces/b0/install/livox_ros_driver2/share/livox_ros_driver2/cmake/rosidl_cmake_export_typesupport_libraries-extras.cmake
-- Installing: /data/fastlio_baseline/workspaces/b0/install/livox_ros_driver2/share/livox_ros_driver2/cmake/livox_ros_driver2Config.cmake
-- Installing: /data/fastlio_baseline/workspaces/b0/install/livox_ros_driver2/share/livox_ros_driver2/cmake/livox_ros_driver2Config-version.cmake
-- Installing: /data/fastlio_baseline/workspaces/b0/install/livox_ros_driver2/share/livox_ros_driver2/package.xml
