[0.006s] Invoking command in '/data/fastlio_baseline/workspaces/b0/build/livox_ros_driver2': CMAKE_PREFIX_PATH=/opt/ros/humble /usr/bin/cmake /data/fastlio_baseline/workspaces/b0/src/livox_ros_driver2 -DCMAKE_BUILD_TYPE=Release -DCMAKE_EXPORT_COMPILE_COMMANDS=ON -DROS_EDITION=ROS2 -DDISTRO_ROS=humble -DCMAKE_INSTALL_PREFIX=/data/fastlio_baseline/workspaces/b0/install/livox_ros_driver2
[0.014s] -- livox_ros_driver2 version: 1.2.6
[0.014s] -- Found ament_cmake_auto: 1.3.14 (/opt/ros/humble/share/ament_cmake_auto/cmake)
[0.133s] -- Using all available rosidl_typesupport_c: rosidl_typesupport_fastrtps_c;rosidl_typesupport_introspection_c
[0.134s] -- Found rosidl_adapter: 3.1.8 (/opt/ros/humble/share/rosidl_adapter/cmake)
[0.150s] -- Using all available rosidl_typesupport_cpp: rosidl_typesupport_fastrtps_cpp;rosidl_typesupport_introspection_cpp
[0.187s] -- Found rmw_implementation_cmake: 6.1.2 (/opt/ros/humble/share/rmw_implementation_cmake/cmake)
[0.188s] -- Found rmw_fastrtps_cpp: 6.2.10 (/opt/ros/humble/share/rmw_fastrtps_cpp/cmake)
[0.250s] -- Using RMW implementation 'rmw_fastrtps_cpp' as default
[0.325s] -- Eigen found (include: /usr/include/eigen3, version: 3.4.0)
[0.341s] -- FLANN found (include: /usr/include, lib: /usr/lib/x86_64-linux-gnu/libflann_cpp.so)
[0.501s] -- OpenNI found (version: 1.5.4.0, include: /usr/include/ni, lib: /usr/lib/libOpenNI.so;libusb::libusb)
[0.504s] -- OpenNI2 found (version: 2.2.0.33, include: /usr/include/openni2, lib: /usr/lib/x86_64-linux-gnu/libOpenNI2.so;libusb::libusb)
[0.588s] -- Eigen found (include: /usr/include/eigen3, version: 3.4.0)
[0.592s] -- OpenNI found (version: 1.5.4.0, include: /usr/include/ni, lib: /usr/lib/libOpenNI.so;libusb::libusb)
[0.596s] -- OpenNI2 found (version: 2.2.0.33, include: /usr/include/openni2, lib: /usr/lib/x86_64-linux-gnu/libOpenNI2.so;libusb::libusb)
[0.671s] -- Found Qhull version 8.0.2
[0.751s] -- OpenNI found (version: 1.5.4.0, include: /usr/include/ni, lib: /usr/lib/libOpenNI.so;libusb::libusb)
[0.858s] -- Checking for module 'apr-1'
[0.859s] --   No package 'apr-1' found
[0.967s] -- Found ament_cmake_ros: 0.10.0 (/opt/ros/humble/share/ament_cmake_ros/cmake)
[1.081s] -- Using all available rosidl_typesupport_c: rosidl_typesupport_fastrtps_c;rosidl_typesupport_introspection_c
[1.229s] -- Using all available rosidl_typesupport_cpp: rosidl_typesupport_fastrtps_cpp;rosidl_typesupport_introspection_cpp
[1.242s] -- Found python_cmake_module: 0.10.0 (/opt/ros/humble/share/python_cmake_module/cmake)
[1.254s] -- Using PYTHON_EXECUTABLE: /usr/bin/python3
[1.254s] -- Using PYTHON_INCLUDE_DIRS: /usr/include/python3.10
[1.254s] -- Using PYTHON_LIBRARIES: /usr/lib/x86_64-linux-gnu/libpython3.10.so
[1.314s] -- Found ament_lint_auto: 0.12.15 (/opt/ros/humble/share/ament_lint_auto/cmake)
[1.319s] -- Added test 'copyright' to check source files copyright and LICENSE
[1.323s] -- Added test 'cppcheck' to perform static code analysis on C / C++ code
[1.323s] -- Configured cppcheck include dirs: /data/fastlio_baseline/workspaces/b0/src/livox_ros_driver2/3rdparty;/data/fastlio_baseline/workspaces/b0/src/livox_ros_driver2/src
[1.323s] -- Configured cppcheck exclude dirs and/or files: 
[1.327s] -- Added test 'cpplint' to check C / C++ code against the Google style
[1.327s] -- Configured cpplint exclude dirs and/or files: 
[1.327s] -- Added test 'flake8' to check Python code syntax and style conventions
[1.328s] -- Added test 'lint_cmake' to check CMake code style
[1.329s] -- Added test 'pep257' to check Python code against some of the docstring style conventions in PEP 257
[1.332s] -- Added test 'uncrustify' to check C / C++ code style
[1.332s] -- Configured uncrustify additional arguments: 
[1.332s] -- Added test 'xmllint' to check XML markup files
[1.333s] -- Configuring done
[1.375s] -- Generating done
[1.388s] -- Build files have been written to: /data/fastlio_baseline/workspaces/b0/build/livox_ros_driver2
[1.398s] Invoked command in '/data/fastlio_baseline/workspaces/b0/build/livox_ros_driver2' returned '0': CMAKE_PREFIX_PATH=/opt/ros/humble /usr/bin/cmake /data/fastlio_baseline/workspaces/b0/src/livox_ros_driver2 -DCMAKE_BUILD_TYPE=Release -DCMAKE_EXPORT_COMPILE_COMMANDS=ON -DROS_EDITION=ROS2 -DDISTRO_ROS=humble -DCMAKE_INSTALL_PREFIX=/data/fastlio_baseline/workspaces/b0/install/livox_ros_driver2
[1.400s] Invoking command in '/data/fastlio_baseline/workspaces/b0/build/livox_ros_driver2': CMAKE_PREFIX_PATH=/opt/ros/humble /usr/bin/cmake --build /data/fastlio_baseline/workspaces/b0/build/livox_ros_driver2 -- -j20 -l20
[1.423s] [  1%] Generating C code for ROS interfaces
[1.430s] [  5%] Generating C++ code for ROS interfaces
[1.430s] [  5%] Generating Rust code for ROS interfaces
[1.432s] [  6%] Building CXX object CMakeFiles/livox_ros_driver2_node.dir/rclcpp_components/node_main_livox_ros_driver2_node.cpp.o
[1.435s] [  6%] Built target ament_cmake_python_copy_livox_ros_driver2
[1.563s] running egg_info
[1.564s] creating livox_ros_driver2.egg-info
[1.564s] writing livox_ros_driver2.egg-info/PKG-INFO
[1.564s] writing dependency_links to livox_ros_driver2.egg-info/dependency_links.txt
[1.564s] writing top-level names to livox_ros_driver2.egg-info/top_level.txt
[1.565s] writing manifest file 'livox_ros_driver2.egg-info/SOURCES.txt'
[1.566s] reading manifest file 'livox_ros_driver2.egg-info/SOURCES.txt'
[1.567s] writing manifest file 'livox_ros_driver2.egg-info/SOURCES.txt'
[1.581s] [  6%] Built target ament_cmake_python_build_livox_ros_driver2_egg
[1.623s] [  6%] Built target livox_interfaces2__rs
[1.653s] [  6%] Built target livox_interfaces2__cpp
[1.657s] [ 10%] Building C object CMakeFiles/livox_interfaces2__rosidl_generator_c.dir/rosidl_generator_c/livox_ros_driver2/msg/detail/custom_point__functions.c.o
[1.657s] [ 10%] Building C object CMakeFiles/livox_interfaces2__rosidl_generator_c.dir/rosidl_generator_c/livox_ros_driver2/msg/detail/custom_msg__functions.c.o
[1.659s] [ 13%] Generating C++ type support for eProsima Fast-RTPS
[1.659s] [ 13%] Generating C++ type support dispatch for ROS interfaces
[1.659s] [ 15%] Generating C++ introspection for ROS interfaces
[1.728s] [ 17%] Linking C shared library liblivox_ros_driver2__rosidl_generator_c.so
[1.753s] [ 17%] Built target livox_interfaces2__rosidl_generator_c
[1.761s] [ 18%] Generating C type support for eProsima Fast-RTPS
[1.761s] [ 20%] Generating C introspection for ROS interfaces
[1.762s] [ 22%] Generating C type support dispatch for ROS interfaces
[1.888s] [ 24%] Building CXX object CMakeFiles/livox_interfaces2__rosidl_typesupport_introspection_cpp.dir/rosidl_typesupport_introspection_cpp/livox_ros_driver2/msg/detail/custom_msg__type_support.cpp.o
[1.888s] [ 25%] Building CXX object CMakeFiles/livox_interfaces2__rosidl_typesupport_cpp.dir/rosidl_typesupport_cpp/livox_ros_driver2/msg/custom_msg__type_support.cpp.o
[1.888s] [ 27%] Building CXX object CMakeFiles/livox_interfaces2__rosidl_typesupport_cpp.dir/rosidl_typesupport_cpp/livox_ros_driver2/msg/custom_point__type_support.cpp.o
[1.889s] [ 29%] Building CXX object CMakeFiles/livox_interfaces2__rosidl_typesupport_introspection_cpp.dir/rosidl_typesupport_introspection_cpp/livox_ros_driver2/msg/detail/custom_point__type_support.cpp.o
[1.903s] [ 31%] Building CXX object CMakeFiles/livox_interfaces2__rosidl_typesupport_fastrtps_cpp.dir/rosidl_typesupport_fastrtps_cpp/livox_ros_driver2/msg/detail/dds_fastrtps/custom_msg__type_support.cpp.o
[1.904s] [ 32%] Building CXX object CMakeFiles/livox_interfaces2__rosidl_typesupport_fastrtps_cpp.dir/rosidl_typesupport_fastrtps_cpp/livox_ros_driver2/msg/detail/dds_fastrtps/custom_point__type_support.cpp.o
[2.013s] [ 34%] Building C object CMakeFiles/livox_interfaces2__rosidl_typesupport_introspection_c.dir/rosidl_typesupport_introspection_c/livox_ros_driver2/msg/detail/custom_point__type_support.c.o
[2.015s] [ 36%] Building C object CMakeFiles/livox_interfaces2__rosidl_typesupport_introspection_c.dir/rosidl_typesupport_introspection_c/livox_ros_driver2/msg/detail/custom_msg__type_support.c.o
[2.020s] [ 37%] Building CXX object CMakeFiles/livox_interfaces2__rosidl_typesupport_c.dir/rosidl_typesupport_c/livox_ros_driver2/msg/custom_msg__type_support.cpp.o
[2.021s] [ 39%] Building CXX object CMakeFiles/livox_interfaces2__rosidl_typesupport_c.dir/rosidl_typesupport_c/livox_ros_driver2/msg/custom_point__type_support.cpp.o
[2.054s] [ 41%] Linking CXX shared library liblivox_ros_driver2__rosidl_typesupport_c.so
[2.055s] [ 43%] Building CXX object CMakeFiles/livox_interfaces2__rosidl_typesupport_fastrtps_c.dir/rosidl_typesupport_fastrtps_c/livox_ros_driver2/msg/detail/custom_msg__type_support_c.cpp.o
[2.055s] [ 44%] Building CXX object CMakeFiles/livox_interfaces2__rosidl_typesupport_fastrtps_c.dir/rosidl_typesupport_fastrtps_c/livox_ros_driver2/msg/detail/custom_point__type_support_c.cpp.o
[2.060s] [ 46%] Linking C shared library liblivox_ros_driver2__rosidl_typesupport_introspection_c.so
[2.089s] [ 46%] Built target livox_interfaces2__rosidl_typesupport_introspection_c
[2.093s] [ 46%] Built target livox_interfaces2__rosidl_typesupport_c
[2.097s] [ 48%] Linking CXX shared library liblivox_ros_driver2__rosidl_typesupport_cpp.so
[2.131s] [ 48%] Built target livox_interfaces2__rosidl_typesupport_cpp
[2.151s] [ 50%] Building CXX object CMakeFiles/livox_ros_driver2.dir/src/livox_ros_driver2.cpp.o
[2.152s] [ 51%] Building CXX object CMakeFiles/livox_ros_driver2.dir/src/lddc.cpp.o
[2.153s] [ 53%] Building CXX object CMakeFiles/livox_ros_driver2.dir/src/lds.cpp.o
[2.155s] [ 55%] Building CXX object CMakeFiles/livox_ros_driver2.dir/src/lds_lidar.cpp.o
[2.156s] [ 56%] Building CXX object CMakeFiles/livox_ros_driver2.dir/src/comm/comm.cpp.o
[2.156s] [ 58%] Building CXX object CMakeFiles/livox_ros_driver2.dir/src/parse_cfg_file/parse_cfg_file.cpp.o
[2.156s] [ 60%] Building CXX object CMakeFiles/livox_ros_driver2.dir/src/driver_node.cpp.o
[2.156s] [ 62%] Building CXX object CMakeFiles/livox_ros_driver2.dir/src/comm/lidar_imu_data_queue.cpp.o
[2.156s] [ 63%] Building CXX object CMakeFiles/livox_ros_driver2.dir/src/comm/semaphore.cpp.o
[2.161s] [ 65%] Building CXX object CMakeFiles/livox_ros_driver2.dir/src/comm/pub_handler.cpp.o
[2.161s] [ 67%] Building CXX object CMakeFiles/livox_ros_driver2.dir/src/comm/ldq.cpp.o
[2.167s] [ 68%] Building CXX object CMakeFiles/livox_ros_driver2.dir/src/comm/cache_index.cpp.o
[2.167s] [ 70%] Building CXX object CMakeFiles/livox_ros_driver2.dir/src/parse_cfg_file/parse_livox_lidar_cfg.cpp.o
[2.189s] [ 72%] Building CXX object CMakeFiles/livox_ros_driver2.dir/src/call_back/lidar_common_callback.cpp.o
[2.271s] [ 74%] Building CXX object CMakeFiles/livox_ros_driver2.dir/src/call_back/livox_lidar_callback.cpp.o
[2.326s] [ 75%] Linking CXX shared library liblivox_ros_driver2__rosidl_typesupport_introspection_cpp.so
[2.330s] [ 77%] Linking CXX shared library liblivox_ros_driver2__rosidl_typesupport_fastrtps_cpp.so
[2.381s] [ 79%] Linking CXX shared library liblivox_ros_driver2__rosidl_typesupport_fastrtps_c.so
[2.425s] [ 79%] Built target livox_interfaces2__rosidl_typesupport_fastrtps_cpp
[2.436s] [ 79%] Built target livox_interfaces2__rosidl_typesupport_introspection_cpp
[2.460s] [ 79%] Built target livox_interfaces2__rosidl_typesupport_fastrtps_c
[2.483s] [ 79%] Built target livox_interfaces2
[2.505s] [ 81%] Generating Python code for ROS interfaces
[3.075s] [ 81%] Built target livox_interfaces2__py
[3.091s] [ 82%] Building C object CMakeFiles/livox_interfaces2__rosidl_generator_py.dir/rosidl_generator_py/livox_ros_driver2/msg/_custom_point_s.c.o
[3.092s] [ 84%] Building C object CMakeFiles/livox_interfaces2__rosidl_generator_py.dir/rosidl_generator_py/livox_ros_driver2/msg/_custom_msg_s.c.o
[3.245s] [ 86%] Linking C shared library rosidl_generator_py/livox_ros_driver2/liblivox_interfaces2__rosidl_generator_py.so
[3.272s] [ 86%] Built target livox_interfaces2__rosidl_generator_py
[3.287s] [ 87%] Building C object CMakeFiles/livox_ros_driver2__rosidl_typesupport_introspection_c__pyext.dir/rosidl_generator_py/livox_ros_driver2/_livox_ros_driver2_s.ep.rosidl_typesupport_introspection_c.c.o
[3.288s] [ 89%] Building C object CMakeFiles/livox_ros_driver2__rosidl_typesupport_c__pyext.dir/rosidl_generator_py/livox_ros_driver2/_livox_ros_driver2_s.ep.rosidl_typesupport_c.c.o
[3.291s] [ 91%] Building C object CMakeFiles/livox_ros_driver2__rosidl_typesupport_fastrtps_c__pyext.dir/rosidl_generator_py/livox_ros_driver2/_livox_ros_driver2_s.ep.rosidl_typesupport_fastrtps_c.c.o
[3.366s] [ 93%] Linking C shared library rosidl_generator_py/livox_ros_driver2/livox_ros_driver2_s__rosidl_typesupport_fastrtps_c.cpython-310-x86_64-linux-gnu.so
[3.379s] [ 94%] Linking C shared library rosidl_generator_py/livox_ros_driver2/livox_ros_driver2_s__rosidl_typesupport_c.cpython-310-x86_64-linux-gnu.so
[3.385s] [ 96%] Linking C shared library rosidl_generator_py/livox_ros_driver2/livox_ros_driver2_s__rosidl_typesupport_introspection_c.cpython-310-x86_64-linux-gnu.so
[3.392s] [ 96%] Built target livox_ros_driver2__rosidl_typesupport_fastrtps_c__pyext
[3.406s] [ 96%] Built target livox_ros_driver2__rosidl_typesupport_c__pyext
[3.411s] [ 96%] Built target livox_ros_driver2__rosidl_typesupport_introspection_c__pyext
[4.070s] [ 98%] Linking CXX executable livox_ros_driver2_node
[4.165s] [ 98%] Built target livox_ros_driver2_node
[8.221s] [100%] Linking CXX shared library liblivox_ros_driver2.so
[8.578s] [100%] Built target livox_ros_driver2
[8.586s] Invoked command in '/data/fastlio_baseline/workspaces/b0/build/livox_ros_driver2' returned '0': CMAKE_PREFIX_PATH=/opt/ros/humble /usr/bin/cmake --build /data/fastlio_baseline/workspaces/b0/build/livox_ros_driver2 -- -j20 -l20
[8.592s] Invoking command in '/data/fastlio_baseline/workspaces/b0/build/livox_ros_driver2': CMAKE_PREFIX_PATH=/opt/ros/humble /usr/bin/cmake --install /data/fastlio_baseline/workspaces/b0/build/livox_ros_driver2
[8.597s] -- Install configuration: "Release"
[8.598s] -- Installing: /data/fastlio_baseline/workspaces/b0/install/livox_ros_driver2/share/ament_index/resource_index/rosidl_interfaces/livox_ros_driver2
[8.598s] -- Installing: /data/fastlio_baseline/workspaces/b0/install/livox_ros_driver2/include/livox_ros_driver2/livox_ros_driver2
[8.598s] -- Installing: /data/fastlio_baseline/workspaces/b0/install/livox_ros_driver2/include/livox_ros_driver2/livox_ros_driver2/msg
[8.598s] -- Installing: /data/fastlio_baseline/workspaces/b0/install/livox_ros_driver2/include/livox_ros_driver2/livox_ros_driver2/msg/custom_msg.h
[8.598s] -- Installing: /data/fastlio_baseline/workspaces/b0/install/livox_ros_driver2/include/livox_ros_driver2/livox_ros_driver2/msg/rosidl_generator_c__visibility_control.h
[8.599s] -- Installing: /data/fastlio_baseline/workspaces/b0/install/livox_ros_driver2/include/livox_ros_driver2/livox_ros_driver2/msg/custom_point.h
[8.599s] -- Installing: /data/fastlio_baseline/workspaces/b0/install/livox_ros_driver2/include/livox_ros_driver2/livox_ros_driver2/msg/detail
[8.599s] -- Installing: /data/fastlio_baseline/workspaces/b0/install/livox_ros_driver2/include/livox_ros_driver2/livox_ros_driver2/msg/detail/custom_msg__type_support.h
[8.599s] -- Installing: /data/fastlio_baseline/workspaces/b0/install/livox_ros_driver2/include/livox_ros_driver2/livox_ros_driver2/msg/detail/custom_msg__struct.h
[8.599s] -- Installing: /data/fastlio_baseline/workspaces/b0/install/livox_ros_driver2/include/livox_ros_driver2/livox_ros_driver2/msg/detail/custom_point__struct.h
[8.600s] -- Installing: /data/fastlio_baseline/workspaces/b0/install/livox_ros_driver2/include/livox_ros_driver2/livox_ros_driver2/msg/detail/custom_msg__functions.h
[8.600s] -- Installing: /data/fastlio_baseline/workspaces/b0/install/livox_ros_driver2/include/livox_ros_driver2/livox_ros_driver2/msg/detail/custom_msg__functions.c
[8.600s] -- Installing: /data/fastlio_baseline/workspaces/b0/install/livox_ros_driver2/include/livox_ros_driver2/livox_ros_driver2/msg/detail/custom_point__type_support.h
[8.600s] -- Installing: /data/fastlio_baseline/workspaces/b0/install/livox_ros_driver2/include/livox_ros_driver2/livox_ros_driver2/msg/detail/custom_point__functions.h
[8.600s] -- Installing: /data/fastlio_baseline/workspaces/b0/install/livox_ros_driver2/include/livox_ros_driver2/livox_ros_driver2/msg/detail/custom_point__functions.c
[8.600s] -- Installing: /data/fastlio_baseline/workspaces/b0/install/livox_ros_driver2/share/livox_ros_driver2/environment/library_path.sh
[8.600s] -- Installing: /data/fastlio_baseline/workspaces/b0/install/livox_ros_driver2/share/livox_ros_driver2/environment/library_path.dsv
[8.600s] -- Installing: /data/fastlio_baseline/workspaces/b0/install/livox_ros_driver2/lib/liblivox_ros_driver2__rosidl_generator_c.so
[8.600s] -- Set runtime path of "/data/fastlio_baseline/workspaces/b0/install/livox_ros_driver2/lib/liblivox_ros_driver2__rosidl_generator_c.so" to ""
[8.601s] -- Up-to-date: /data/fastlio_baseline/workspaces/b0/install/livox_ros_driver2/include/livox_ros_driver2/livox_ros_driver2
[8.601s] -- Up-to-date: /data/fastlio_baseline/workspaces/b0/install/livox_ros_driver2/include/livox_ros_driver2/livox_ros_driver2/msg
[8.601s] -- Up-to-date: /data/fastlio_baseline/workspaces/b0/install/livox_ros_driver2/include/livox_ros_driver2/livox_ros_driver2/msg/detail
[8.601s] -- Installing: /data/fastlio_baseline/workspaces/b0/install/livox_ros_driver2/include/livox_ros_driver2/livox_ros_driver2/msg/detail/custom_msg__rosidl_typesupport_fastrtps_c.h
[8.601s] -- Installing: /data/fastlio_baseline/workspaces/b0/install/livox_ros_driver2/include/livox_ros_driver2/livox_ros_driver2/msg/detail/custom_point__rosidl_typesupport_fastrtps_c.h
[8.601s] -- Installing: /data/fastlio_baseline/workspaces/b0/install/livox_ros_driver2/include/livox_ros_driver2/livox_ros_driver2/msg/rosidl_typesupport_fastrtps_c__visibility_control.h
[8.601s] -- Installing: /data/fastlio_baseline/workspaces/b0/install/livox_ros_driver2/lib/liblivox_ros_driver2__rosidl_typesupport_fastrtps_c.so
[8.602s] -- Set runtime path of "/data/fastlio_baseline/workspaces/b0/install/livox_ros_driver2/lib/liblivox_ros_driver2__rosidl_typesupport_fastrtps_c.so" to ""
[8.602s] -- Up-to-date: /data/fastlio_baseline/workspaces/b0/install/livox_ros_driver2/include/livox_ros_driver2/livox_ros_driver2
[8.602s] -- Up-to-date: /data/fastlio_baseline/workspaces/b0/install/livox_ros_driver2/include/livox_ros_driver2/livox_ros_driver2/msg
[8.602s] -- Installing: /data/fastlio_baseline/workspaces/b0/install/livox_ros_driver2/include/livox_ros_driver2/livox_ros_driver2/msg/rosidl_typesupport_introspection_c__visibility_control.h
[8.603s] -- Up-to-date: /data/fastlio_baseline/workspaces/b0/install/livox_ros_driver2/include/livox_ros_driver2/livox_ros_driver2/msg/detail
[8.603s] -- Installing: /data/fastlio_baseline/workspaces/b0/install/livox_ros_driver2/include/livox_ros_driver2/livox_ros_driver2/msg/detail/custom_msg__rosidl_typesupport_introspection_c.h
[8.604s] -- Installing: /data/fastlio_baseline/workspaces/b0/install/livox_ros_driver2/include/livox_ros_driver2/livox_ros_driver2/msg/detail/custom_msg__type_support.c
[8.604s] -- Installing: /data/fastlio_baseline/workspaces/b0/install/livox_ros_driver2/include/livox_ros_driver2/livox_ros_driver2/msg/detail/custom_point__type_support.c
[8.604s] -- Installing: /data/fastlio_baseline/workspaces/b0/install/livox_ros_driver2/include/livox_ros_driver2/livox_ros_driver2/msg/detail/custom_point__rosidl_typesupport_introspection_c.h
[8.604s] -- Installing: /data/fastlio_baseline/workspaces/b0/install/livox_ros_driver2/lib/liblivox_ros_driver2__rosidl_typesupport_introspection_c.so
[8.604s] -- Set runtime path of "/data/fastlio_baseline/workspaces/b0/install/livox_ros_driver2/lib/liblivox_ros_driver2__rosidl_typesupport_introspection_c.so" to ""
[8.605s] -- Installing: /data/fastlio_baseline/workspaces/b0/install/livox_ros_driver2/lib/liblivox_ros_driver2__rosidl_typesupport_c.so
[8.605s] -- Set runtime path of "/data/fastlio_baseline/workspaces/b0/install/livox_ros_driver2/lib/liblivox_ros_driver2__rosidl_typesupport_c.so" to ""
[8.605s] -- Up-to-date: /data/fastlio_baseline/workspaces/b0/install/livox_ros_driver2/include/livox_ros_driver2/livox_ros_driver2
[8.605s] -- Up-to-date: /data/fastlio_baseline/workspaces/b0/install/livox_ros_driver2/include/livox_ros_driver2/livox_ros_driver2/msg
[8.605s] -- Installing: /data/fastlio_baseline/workspaces/b0/install/livox_ros_driver2/include/livox_ros_driver2/livox_ros_driver2/msg/custom_point.hpp
[8.605s] -- Installing: /data/fastlio_baseline/workspaces/b0/install/livox_ros_driver2/include/livox_ros_driver2/livox_ros_driver2/msg/rosidl_generator_cpp__visibility_control.hpp
[8.606s] -- Up-to-date: /data/fastlio_baseline/workspaces/b0/install/livox_ros_driver2/include/livox_ros_driver2/livox_ros_driver2/msg/detail
[8.606s] -- Installing: /data/fastlio_baseline/workspaces/b0/install/livox_ros_driver2/include/livox_ros_driver2/livox_ros_driver2/msg/detail/custom_point__traits.hpp
[8.606s] -- Installing: /data/fastlio_baseline/workspaces/b0/install/livox_ros_driver2/include/livox_ros_driver2/livox_ros_driver2/msg/detail/custom_point__struct.hpp
[8.606s] -- Installing: /data/fastlio_baseline/workspaces/b0/install/livox_ros_driver2/include/livox_ros_driver2/livox_ros_driver2/msg/detail/custom_msg__type_support.hpp
[8.606s] -- Installing: /data/fastlio_baseline/workspaces/b0/install/livox_ros_driver2/include/livox_ros_driver2/livox_ros_driver2/msg/detail/custom_msg__traits.hpp
[8.607s] -- Installing: /data/fastlio_baseline/workspaces/b0/install/livox_ros_driver2/include/livox_ros_driver2/livox_ros_driver2/msg/detail/custom_msg__struct.hpp
[8.607s] -- Installing: /data/fastlio_baseline/workspaces/b0/install/livox_ros_driver2/include/livox_ros_driver2/livox_ros_driver2/msg/detail/custom_point__type_support.hpp
[8.607s] -- Installing: /data/fastlio_baseline/workspaces/b0/install/livox_ros_driver2/include/livox_ros_driver2/livox_ros_driver2/msg/detail/custom_msg__builder.hpp
[8.607s] -- Installing: /data/fastlio_baseline/workspaces/b0/install/livox_ros_driver2/include/livox_ros_driver2/livox_ros_driver2/msg/detail/custom_point__builder.hpp
[8.608s] -- Installing: /data/fastlio_baseline/workspaces/b0/install/livox_ros_driver2/include/livox_ros_driver2/livox_ros_driver2/msg/custom_msg.hpp
[8.608s] -- Up-to-date: /data/fastlio_baseline/workspaces/b0/install/livox_ros_driver2/include/livox_ros_driver2/livox_ros_driver2
[8.608s] -- Up-to-date: /data/fastlio_baseline/workspaces/b0/install/livox_ros_driver2/include/livox_ros_driver2/livox_ros_driver2/msg
[8.609s] -- Installing: /data/fastlio_baseline/workspaces/b0/install/livox_ros_driver2/include/livox_ros_driver2/livox_ros_driver2/msg/rosidl_typesupport_fastrtps_cpp__visibility_control.h
[8.609s] -- Up-to-date: /data/fastlio_baseline/workspaces/b0/install/livox_ros_driver2/include/livox_ros_driver2/livox_ros_driver2/msg/detail
[8.609s] -- Installing: /data/fastlio_baseline/workspaces/b0/install/livox_ros_driver2/include/livox_ros_driver2/livox_ros_driver2/msg/detail/custom_msg__rosidl_typesupport_fastrtps_cpp.hpp
[8.609s] -- Installing: /data/fastlio_baseline/workspaces/b0/install/livox_ros_driver2/include/livox_ros_driver2/livox_ros_driver2/msg/detail/custom_point__rosidl_typesupport_fastrtps_cpp.hpp
[8.609s] -- Installing: /data/fastlio_baseline/workspaces/b0/install/livox_ros_driver2/include/livox_ros_driver2/livox_ros_driver2/msg/detail/dds_fastrtps
[8.609s] -- Installing: /data/fastlio_baseline/workspaces/b0/install/livox_ros_driver2/lib/liblivox_ros_driver2__rosidl_typesupport_fastrtps_cpp.so
[8.609s] -- Set runtime path of "/data/fastlio_baseline/workspaces/b0/install/livox_ros_driver2/lib/liblivox_ros_driver2__rosidl_typesupport_fastrtps_cpp.so" to ""
[8.610s] -- Up-to-date: /data/fastlio_baseline/workspaces/b0/install/livox_ros_driver2/include/livox_ros_driver2/livox_ros_driver2
[8.610s] -- Up-to-date: /data/fastlio_baseline/workspaces/b0/install/livox_ros_driver2/include/livox_ros_driver2/livox_ros_driver2/msg
[8.610s] -- Up-to-date: /data/fastlio_baseline/workspaces/b0/install/livox_ros_driver2/include/livox_ros_driver2/livox_ros_driver2/msg/detail
[8.610s] -- Installing: /data/fastlio_baseline/workspaces/b0/install/livox_ros_driver2/include/livox_ros_driver2/livox_ros_driver2/msg/detail/custom_msg__type_support.cpp
[8.610s] -- Installing: /data/fastlio_baseline/workspaces/b0/install/livox_ros_driver2/include/livox_ros_driver2/livox_ros_driver2/msg/detail/custom_point__rosidl_typesupport_introspection_cpp.hpp
[8.610s] -- Installing: /data/fastlio_baseline/workspaces/b0/install/livox_ros_driver2/include/livox_ros_driver2/livox_ros_driver2/msg/detail/custom_msg__rosidl_typesupport_introspection_cpp.hpp
[8.611s] -- Installing: /data/fastlio_baseline/workspaces/b0/install/livox_ros_driver2/include/livox_ros_driver2/livox_ros_driver2/msg/detail/custom_point__type_support.cpp
[8.611s] -- Installing: /data/fastlio_baseline/workspaces/b0/install/livox_ros_driver2/lib/liblivox_ros_driver2__rosidl_typesupport_introspection_cpp.so
[8.611s] -- Set runtime path of "/data/fastlio_baseline/workspaces/b0/install/livox_ros_driver2/lib/liblivox_ros_driver2__rosidl_typesupport_introspection_cpp.so" to ""
[8.612s] -- Installing: /data/fastlio_baseline/workspaces/b0/install/livox_ros_driver2/lib/liblivox_ros_driver2__rosidl_typesupport_cpp.so
[8.612s] -- Set runtime path of "/data/fastlio_baseline/workspaces/b0/install/livox_ros_driver2/lib/liblivox_ros_driver2__rosidl_typesupport_cpp.so" to ""
[8.613s] -- Installing: /data/fastlio_baseline/workspaces/b0/install/livox_ros_driver2/share/livox_ros_driver2/environment/pythonpath.sh
[8.613s] -- Installing: /data/fastlio_baseline/workspaces/b0/install/livox_ros_driver2/share/livox_ros_driver2/environment/pythonpath.dsv
[8.613s] -- Installing: /data/fastlio_baseline/workspaces/b0/install/livox_ros_driver2/local/lib/python3.10/dist-packages/livox_ros_driver2-1.0.0-py3.10.egg-info
[8.613s] -- Installing: /data/fastlio_baseline/workspaces/b0/install/livox_ros_driver2/local/lib/python3.10/dist-packages/livox_ros_driver2-1.0.0-py3.10.egg-info/SOURCES.txt
[8.613s] -- Installing: /data/fastlio_baseline/workspaces/b0/install/livox_ros_driver2/local/lib/python3.10/dist-packages/livox_ros_driver2-1.0.0-py3.10.egg-info/top_level.txt
[8.613s] -- Installing: /data/fastlio_baseline/workspaces/b0/install/livox_ros_driver2/local/lib/python3.10/dist-packages/livox_ros_driver2-1.0.0-py3.10.egg-info/dependency_links.txt
[8.614s] -- Installing: /data/fastlio_baseline/workspaces/b0/install/livox_ros_driver2/local/lib/python3.10/dist-packages/livox_ros_driver2-1.0.0-py3.10.egg-info/PKG-INFO
[8.614s] -- Installing: /data/fastlio_baseline/workspaces/b0/install/livox_ros_driver2/local/lib/python3.10/dist-packages/livox_ros_driver2
[8.614s] -- Installing: /data/fastlio_baseline/workspaces/b0/install/livox_ros_driver2/local/lib/python3.10/dist-packages/livox_ros_driver2/__init__.py
[8.614s] -- Installing: /data/fastlio_baseline/workspaces/b0/install/livox_ros_driver2/local/lib/python3.10/dist-packages/livox_ros_driver2/_livox_ros_driver2_s.ep.rosidl_typesupport_fastrtps_c.c
[8.614s] -- Installing: /data/fastlio_baseline/workspaces/b0/install/livox_ros_driver2/local/lib/python3.10/dist-packages/livox_ros_driver2/liblivox_interfaces2__rosidl_generator_py.so
[8.614s] -- Installing: /data/fastlio_baseline/workspaces/b0/install/livox_ros_driver2/local/lib/python3.10/dist-packages/livox_ros_driver2/livox_ros_driver2_s__rosidl_typesupport_introspection_c.cpython-310-x86_64-linux-gnu.so
[8.614s] -- Installing: /data/fastlio_baseline/workspaces/b0/install/livox_ros_driver2/local/lib/python3.10/dist-packages/livox_ros_driver2/_livox_ros_driver2_s.ep.rosidl_typesupport_c.c
[8.614s] -- Installing: /data/fastlio_baseline/workspaces/b0/install/livox_ros_driver2/local/lib/python3.10/dist-packages/livox_ros_driver2/_livox_ros_driver2_s.ep.rosidl_typesupport_introspection_c.c
[8.614s] -- Installing: /data/fastlio_baseline/workspaces/b0/install/livox_ros_driver2/local/lib/python3.10/dist-packages/livox_ros_driver2/livox_ros_driver2_s__rosidl_typesupport_c.cpython-310-x86_64-linux-gnu.so
[8.614s] -- Installing: /data/fastlio_baseline/workspaces/b0/install/livox_ros_driver2/local/lib/python3.10/dist-packages/livox_ros_driver2/livox_ros_driver2_s__rosidl_typesupport_fastrtps_c.cpython-310-x86_64-linux-gnu.so
[8.614s] -- Installing: /data/fastlio_baseline/workspaces/b0/install/livox_ros_driver2/local/lib/python3.10/dist-packages/livox_ros_driver2/msg
[8.614s] -- Installing: /data/fastlio_baseline/workspaces/b0/install/livox_ros_driver2/local/lib/python3.10/dist-packages/livox_ros_driver2/msg/__init__.py
[8.614s] -- Installing: /data/fastlio_baseline/workspaces/b0/install/livox_ros_driver2/local/lib/python3.10/dist-packages/livox_ros_driver2/msg/_custom_msg_s.c
[8.614s] -- Installing: /data/fastlio_baseline/workspaces/b0/install/livox_ros_driver2/local/lib/python3.10/dist-packages/livox_ros_driver2/msg/_custom_point_s.c
[8.614s] -- Installing: /data/fastlio_baseline/workspaces/b0/install/livox_ros_driver2/local/lib/python3.10/dist-packages/livox_ros_driver2/msg/_custom_point.py
[8.614s] -- Installing: /data/fastlio_baseline/workspaces/b0/install/livox_ros_driver2/local/lib/python3.10/dist-packages/livox_ros_driver2/msg/_custom_msg.py
[8.636s] Listing '/data/fastlio_baseline/workspaces/b0/install/livox_ros_driver2/local/lib/python3.10/dist-packages/livox_ros_driver2'...
[8.636s] Compiling '/data/fastlio_baseline/workspaces/b0/install/livox_ros_driver2/local/lib/python3.10/dist-packages/livox_ros_driver2/__init__.py'...
[8.636s] Listing '/data/fastlio_baseline/workspaces/b0/install/livox_ros_driver2/local/lib/python3.10/dist-packages/livox_ros_driver2/msg'...
[8.636s] Compiling '/data/fastlio_baseline/workspaces/b0/install/livox_ros_driver2/local/lib/python3.10/dist-packages/livox_ros_driver2/msg/__init__.py'...
[8.636s] Compiling '/data/fastlio_baseline/workspaces/b0/install/livox_ros_driver2/local/lib/python3.10/dist-packages/livox_ros_driver2/msg/_custom_msg.py'...
[8.636s] Compiling '/data/fastlio_baseline/workspaces/b0/install/livox_ros_driver2/local/lib/python3.10/dist-packages/livox_ros_driver2/msg/_custom_point.py'...
[8.639s] -- Installing: /data/fastlio_baseline/workspaces/b0/install/livox_ros_driver2/local/lib/python3.10/dist-packages/livox_ros_driver2/livox_ros_driver2_s__rosidl_typesupport_fastrtps_c.cpython-310-x86_64-linux-gnu.so
[8.639s] -- Set runtime path of "/data/fastlio_baseline/workspaces/b0/install/livox_ros_driver2/local/lib/python3.10/dist-packages/livox_ros_driver2/livox_ros_driver2_s__rosidl_typesupport_fastrtps_c.cpython-310-x86_64-linux-gnu.so" to ""
[8.639s] -- Installing: /data/fastlio_baseline/workspaces/b0/install/livox_ros_driver2/local/lib/python3.10/dist-packages/livox_ros_driver2/livox_ros_driver2_s__rosidl_typesupport_introspection_c.cpython-310-x86_64-linux-gnu.so
[8.639s] -- Set runtime path of "/data/fastlio_baseline/workspaces/b0/install/livox_ros_driver2/local/lib/python3.10/dist-packages/livox_ros_driver2/livox_ros_driver2_s__rosidl_typesupport_introspection_c.cpython-310-x86_64-linux-gnu.so" to ""
[8.639s] -- Installing: /data/fastlio_baseline/workspaces/b0/install/livox_ros_driver2/local/lib/python3.10/dist-packages/livox_ros_driver2/livox_ros_driver2_s__rosidl_typesupport_c.cpython-310-x86_64-linux-gnu.so
[8.640s] -- Set runtime path of "/data/fastlio_baseline/workspaces/b0/install/livox_ros_driver2/local/lib/python3.10/dist-packages/livox_ros_driver2/livox_ros_driver2_s__rosidl_typesupport_c.cpython-310-x86_64-linux-gnu.so" to ""
[8.640s] -- Installing: /data/fastlio_baseline/workspaces/b0/install/livox_ros_driver2/lib/liblivox_interfaces2__rosidl_generator_py.so
[8.640s] -- Set runtime path of "/data/fastlio_baseline/workspaces/b0/install/livox_ros_driver2/lib/liblivox_interfaces2__rosidl_generator_py.so" to ""
[8.641s] -- Installing: /data/fastlio_baseline/workspaces/b0/install/livox_ros_driver2/share/ament_index/resource_index/rust_packages/livox_ros_driver2
[8.641s] -- Installing: /data/fastlio_baseline/workspaces/b0/install/livox_ros_driver2/share/livox_ros_driver2/rust
[8.641s] -- Installing: /data/fastlio_baseline/workspaces/b0/install/livox_ros_driver2/share/livox_ros_driver2/rust/src
[8.641s] -- Installing: /data/fastlio_baseline/workspaces/b0/install/livox_ros_driver2/share/livox_ros_driver2/rust/src/lib.rs
[8.641s] -- Installing: /data/fastlio_baseline/workspaces/b0/install/livox_ros_driver2/share/livox_ros_driver2/rust/src/msg
[8.642s] -- Installing: /data/fastlio_baseline/workspaces/b0/install/livox_ros_driver2/share/livox_ros_driver2/rust/src/msg/rmw.rs
[8.642s] -- Installing: /data/fastlio_baseline/workspaces/b0/install/livox_ros_driver2/share/livox_ros_driver2/rust/src/msg.rs
[8.642s] -- Installing: /data/fastlio_baseline/workspaces/b0/install/livox_ros_driver2/share/livox_ros_driver2/rust/Cargo.toml
[8.642s] -- Installing: /data/fastlio_baseline/workspaces/b0/install/livox_ros_driver2/share/livox_ros_driver2/rust/build.rs
[8.642s] -- Installing: /data/fastlio_baseline/workspaces/b0/install/livox_ros_driver2/share/livox_ros_driver2/msg/CustomPoint.idl
[8.643s] -- Installing: /data/fastlio_baseline/workspaces/b0/install/livox_ros_driver2/share/livox_ros_driver2/msg/CustomMsg.idl
[8.643s] -- Installing: /data/fastlio_baseline/workspaces/b0/install/livox_ros_driver2/share/livox_ros_driver2/msg/CustomPoint.msg
[8.643s] -- Installing: /data/fastlio_baseline/workspaces/b0/install/livox_ros_driver2/share/livox_ros_driver2/msg/CustomMsg.msg
[8.643s] -- Installing: /data/fastlio_baseline/workspaces/b0/install/livox_ros_driver2/lib/livox_ros_driver2/livox_ros_driver2_node
[8.643s] -- Set runtime path of "/data/fastlio_baseline/workspaces/b0/install/livox_ros_driver2/lib/livox_ros_driver2/livox_ros_driver2_node" to ""
[8.643s] -- Installing: /data/fastlio_baseline/workspaces/b0/install/livox_ros_driver2/lib/liblivox_ros_driver2.so
[8.644s] -- Set runtime path of "/data/fastlio_baseline/workspaces/b0/install/livox_ros_driver2/lib/liblivox_ros_driver2.so" to ""
[8.644s] -- Installing: /data/fastlio_baseline/workspaces/b0/install/livox_ros_driver2/share/livox_ros_driver2/config
[8.645s] -- Installing: /data/fastlio_baseline/workspaces/b0/install/livox_ros_driver2/share/livox_ros_driver2/config/HAP_config.json
[8.645s] -- Installing: /data/fastlio_baseline/workspaces/b0/install/livox_ros_driver2/share/livox_ros_driver2/config/display_point_cloud_ROS1.rviz
[8.646s] -- Installing: /data/fastlio_baseline/workspaces/b0/install/livox_ros_driver2/share/livox_ros_driver2/config/MID360_config.json
[8.646s] -- Installing: /data/fastlio_baseline/workspaces/b0/install/livox_ros_driver2/share/livox_ros_driver2/config/mixed_HAP_MID360_config.json
[8.646s] -- Installing: /data/fastlio_baseline/workspaces/b0/install/livox_ros_driver2/share/livox_ros_driver2/config/display_point_cloud_ROS2.rviz
[8.646s] -- Installing: /data/fastlio_baseline/workspaces/b0/install/livox_ros_driver2/share/livox_ros_driver2/config/MID360s_config.json
[8.646s] -- Installing: /data/fastlio_baseline/workspaces/b0/install/livox_ros_driver2/share/livox_ros_driver2/launch_ROS2
[8.647s] -- Installing: /data/fastlio_baseline/workspaces/b0/install/livox_ros_driver2/share/livox_ros_driver2/launch_ROS2/msg_MID360_launch.py
[8.647s] -- Installing: /data/fastlio_baseline/workspaces/b0/install/livox_ros_driver2/share/livox_ros_driver2/launch_ROS2/rviz_MID360_launch.py
[8.647s] -- Installing: /data/fastlio_baseline/workspaces/b0/install/livox_ros_driver2/share/livox_ros_driver2/launch_ROS2/rviz_MID360s_launch.py
[8.647s] -- Installing: /data/fastlio_baseline/workspaces/b0/install/livox_ros_driver2/share/livox_ros_driver2/launch_ROS2/rviz_mixed.py
[8.647s] -- Installing: /data/fastlio_baseline/workspaces/b0/install/livox_ros_driver2/share/livox_ros_driver2/launch_ROS2/rviz_HAP_launch.py
[8.647s] -- Installing: /data/fastlio_baseline/workspaces/b0/install/livox_ros_driver2/share/livox_ros_driver2/launch_ROS2/msg_HAP_launch.py
[8.648s] -- Installing: /data/fastlio_baseline/workspaces/b0/install/livox_ros_driver2/share/livox_ros_driver2/launch_ROS2/msg_MID360s_launch.py
[8.648s] -- Installing: /data/fastlio_baseline/workspaces/b0/install/livox_ros_driver2/share/ament_index/resource_index/package_run_dependencies/livox_ros_driver2
[8.649s] -- Installing: /data/fastlio_baseline/workspaces/b0/install/livox_ros_driver2/share/ament_index/resource_index/parent_prefix_path/livox_ros_driver2
[8.649s] -- Installing: /data/fastlio_baseline/workspaces/b0/install/livox_ros_driver2/share/livox_ros_driver2/environment/ament_prefix_path.sh
[8.649s] -- Installing: /data/fastlio_baseline/workspaces/b0/install/livox_ros_driver2/share/livox_ros_driver2/environment/ament_prefix_path.dsv
[8.649s] -- Installing: /data/fastlio_baseline/workspaces/b0/install/livox_ros_driver2/share/livox_ros_driver2/environment/path.sh
[8.649s] -- Installing: /data/fastlio_baseline/workspaces/b0/install/livox_ros_driver2/share/livox_ros_driver2/environment/path.dsv
[8.649s] -- Installing: /data/fastlio_baseline/workspaces/b0/install/livox_ros_driver2/share/livox_ros_driver2/local_setup.bash
[8.649s] -- Installing: /data/fastlio_baseline/workspaces/b0/install/livox_ros_driver2/share/livox_ros_driver2/local_setup.sh
[8.649s] -- Installing: /data/fastlio_baseline/workspaces/b0/install/livox_ros_driver2/share/livox_ros_driver2/local_setup.zsh
[8.649s] -- Installing: /data/fastlio_baseline/workspaces/b0/install/livox_ros_driver2/share/livox_ros_driver2/local_setup.dsv
[8.649s] -- Installing: /data/fastlio_baseline/workspaces/b0/install/livox_ros_driver2/share/livox_ros_driver2/package.dsv
[8.649s] -- Installing: /data/fastlio_baseline/workspaces/b0/install/livox_ros_driver2/share/ament_index/resource_index/packages/livox_ros_driver2
[8.650s] -- Installing: /data/fastlio_baseline/workspaces/b0/install/livox_ros_driver2/share/ament_index/resource_index/rclcpp_components/livox_ros_driver2
[8.650s] -- Installing: /data/fastlio_baseline/workspaces/b0/install/livox_ros_driver2/share/livox_ros_driver2/cmake/export_livox_interfaces2__rosidl_generator_cExport.cmake
[8.650s] -- Installing: /data/fastlio_baseline/workspaces/b0/install/livox_ros_driver2/share/livox_ros_driver2/cmake/export_livox_interfaces2__rosidl_generator_cExport-release.cmake
[8.650s] -- Installing: /data/fastlio_baseline/workspaces/b0/install/livox_ros_driver2/share/livox_ros_driver2/cmake/export_livox_interfaces2__rosidl_typesupport_fastrtps_cExport.cmake
[8.650s] -- Installing: /data/fastlio_baseline/workspaces/b0/install/livox_ros_driver2/share/livox_ros_driver2/cmake/export_livox_interfaces2__rosidl_typesupport_fastrtps_cExport-release.cmake
[8.651s] -- Installing: /data/fastlio_baseline/workspaces/b0/install/livox_ros_driver2/share/livox_ros_driver2/cmake/livox_interfaces2__rosidl_typesupport_introspection_cExport.cmake
[8.651s] -- Installing: /data/fastlio_baseline/workspaces/b0/install/livox_ros_driver2/share/livox_ros_driver2/cmake/livox_interfaces2__rosidl_typesupport_introspection_cExport-release.cmake
[8.652s] -- Installing: /data/fastlio_baseline/workspaces/b0/install/livox_ros_driver2/share/livox_ros_driver2/cmake/livox_interfaces2__rosidl_typesupport_cExport.cmake
[8.652s] -- Installing: /data/fastlio_baseline/workspaces/b0/install/livox_ros_driver2/share/livox_ros_driver2/cmake/livox_interfaces2__rosidl_typesupport_cExport-release.cmake
[8.652s] -- Installing: /data/fastlio_baseline/workspaces/b0/install/livox_ros_driver2/share/livox_ros_driver2/cmake/export_livox_interfaces2__rosidl_generator_cppExport.cmake
[8.652s] -- Installing: /data/fastlio_baseline/workspaces/b0/install/livox_ros_driver2/share/livox_ros_driver2/cmake/export_livox_interfaces2__rosidl_typesupport_fastrtps_cppExport.cmake
[8.652s] -- Installing: /data/fastlio_baseline/workspaces/b0/install/livox_ros_driver2/share/livox_ros_driver2/cmake/export_livox_interfaces2__rosidl_typesupport_fastrtps_cppExport-release.cmake
[8.652s] -- Installing: /data/fastlio_baseline/workspaces/b0/install/livox_ros_driver2/share/livox_ros_driver2/cmake/livox_interfaces2__rosidl_typesupport_introspection_cppExport.cmake
[8.653s] -- Installing: /data/fastlio_baseline/workspaces/b0/install/livox_ros_driver2/share/livox_ros_driver2/cmake/livox_interfaces2__rosidl_typesupport_introspection_cppExport-release.cmake
[8.653s] -- Installing: /data/fastlio_baseline/workspaces/b0/install/livox_ros_driver2/share/livox_ros_driver2/cmake/livox_interfaces2__rosidl_typesupport_cppExport.cmake
[8.653s] -- Installing: /data/fastlio_baseline/workspaces/b0/install/livox_ros_driver2/share/livox_ros_driver2/cmake/livox_interfaces2__rosidl_typesupport_cppExport-release.cmake
[8.653s] -- Installing: /data/fastlio_baseline/workspaces/b0/install/livox_ros_driver2/share/livox_ros_driver2/cmake/export_livox_interfaces2__rosidl_generator_pyExport.cmake
[8.653s] -- Installing: /data/fastlio_baseline/workspaces/b0/install/livox_ros_driver2/share/livox_ros_driver2/cmake/export_livox_interfaces2__rosidl_generator_pyExport-release.cmake
[8.653s] -- Installing: /data/fastlio_baseline/workspaces/b0/install/livox_ros_driver2/share/livox_ros_driver2/cmake/rosidl_cmake-extras.cmake
[8.653s] -- Installing: /data/fastlio_baseline/workspaces/b0/install/livox_ros_driver2/share/livox_ros_driver2/cmake/ament_cmake_export_dependencies-extras.cmake
[8.653s] -- Installing: /data/fastlio_baseline/workspaces/b0/install/livox_ros_driver2/share/livox_ros_driver2/cmake/ament_cmake_export_include_directories-extras.cmake
[8.653s] -- Installing: /data/fastlio_baseline/workspaces/b0/install/livox_ros_driver2/share/livox_ros_driver2/cmake/ament_cmake_export_libraries-extras.cmake
[8.653s] -- Installing: /data/fastlio_baseline/workspaces/b0/install/livox_ros_driver2/share/livox_ros_driver2/cmake/ament_cmake_export_targets-extras.cmake
[8.653s] -- Installing: /data/fastlio_baseline/workspaces/b0/install/livox_ros_driver2/share/livox_ros_driver2/cmake/rosidl_cmake_export_typesupport_targets-extras.cmake
[8.653s] -- Installing: /data/fastlio_baseline/workspaces/b0/install/livox_ros_driver2/share/livox_ros_driver2/cmake/rosidl_cmake_export_typesupport_libraries-extras.cmake
[8.654s] -- Installing: /data/fastlio_baseline/workspaces/b0/install/livox_ros_driver2/share/livox_ros_driver2/cmake/livox_ros_driver2Config.cmake
[8.654s] -- Installing: /data/fastlio_baseline/workspaces/b0/install/livox_ros_driver2/share/livox_ros_driver2/cmake/livox_ros_driver2Config-version.cmake
[8.654s] -- Installing: /data/fastlio_baseline/workspaces/b0/install/livox_ros_driver2/share/livox_ros_driver2/package.xml
[8.655s] Invoked command in '/data/fastlio_baseline/workspaces/b0/build/livox_ros_driver2' returned '0': CMAKE_PREFIX_PATH=/opt/ros/humble /usr/bin/cmake --install /data/fastlio_baseline/workspaces/b0/build/livox_ros_driver2
