[INFO] [launch]: All log files can be found below /root/.ros/log/2026-07-31-13-03-48-371710-dc3ae6023b26-11158
[INFO] [launch]: Default logging verbosity is set to INFO
[INFO] [fastlio_mapping-1]: process started with pid [11169]
[fastlio_mapping-1] [INFO] [1785503028.485289269] [laser_mapping]: p_pre->lidar_type 1
[fastlio_mapping-1] Multi thread started 
[fastlio_mapping-1] ~~~~/data/fastlio_baseline/workspaces/b1/src/fast_lio/ file opened
[fastlio_mapping-1] [INFO] [1785503028.492242871] [laser_mapping]: Node init finished.
[fastlio_mapping-1] Too few input point cloud!
[fastlio_mapping-1] Too few input point cloud!
[fastlio_mapping-1] [WARN] [1785503042.863672647] [laser_mapping]: No point, skip this scan!
[fastlio_mapping-1] 
[fastlio_mapping-1] Too few input point cloud!
[fastlio_mapping-1] IMU Initial Done
[fastlio_mapping-1] [WARN] [1785503042.988706876] [laser_mapping]: No point, skip this scan!
[fastlio_mapping-1] 
[fastlio_mapping-1] Too few input point cloud!
[fastlio_mapping-1] [WARN] [1785503043.063707132] [laser_mapping]: No point, skip this scan!
[fastlio_mapping-1] 
[fastlio_mapping-1] Too few input point cloud!
[fastlio_mapping-1] [WARN] [1785503043.163752767] [laser_mapping]: No point, skip this scan!
[fastlio_mapping-1] 
[fastlio_mapping-1] Too few input point cloud!
[fastlio_mapping-1] [WARN] [1785503043.262806339] [laser_mapping]: No point, skip this scan!
[fastlio_mapping-1] 
[fastlio_mapping-1] Too few input point cloud!
[fastlio_mapping-1] [WARN] [1785503043.387862475] [laser_mapping]: No point, skip this scan!
[fastlio_mapping-1] 
[fastlio_mapping-1] Too few input point cloud!
[fastlio_mapping-1] [WARN] [1785503043.462834603] [laser_mapping]: No point, skip this scan!
[fastlio_mapping-1] 
[fastlio_mapping-1] Too few input point cloud!
[fastlio_mapping-1] [WARN] [1785503043.587898458] [laser_mapping]: No point, skip this scan!
[fastlio_mapping-1] 
[fastlio_mapping-1] Too few input point cloud!
[fastlio_mapping-1] [WARN] [1785503043.662858532] [laser_mapping]: No point, skip this scan!
[fastlio_mapping-1] 
[fastlio_mapping-1] Too few input point cloud!
[fastlio_mapping-1] [WARN] [1785503043.762865066] [laser_mapping]: No point, skip this scan!
[fastlio_mapping-1] 
[fastlio_mapping-1] Too few input point cloud!
[fastlio_mapping-1] [WARN] [1785503043.862815429] [laser_mapping]: No point, skip this scan!
[fastlio_mapping-1] 
[fastlio_mapping-1] Too few input point cloud!
[fastlio_mapping-1] [WARN] [1785503043.964831442] [laser_mapping]: No point, skip this scan!
[fastlio_mapping-1] 
[fastlio_mapping-1] Too few input point cloud!
[fastlio_mapping-1] [WARN] [1785503044.062862337] [laser_mapping]: No point, skip this scan!
[fastlio_mapping-1] 
[fastlio_mapping-1] Too few input point cloud!
[fastlio_mapping-1] [WARN] [1785503044.187958182] [laser_mapping]: No point, skip this scan!
[fastlio_mapping-1] 
[fastlio_mapping-1] Too few input point cloud!
[fastlio_mapping-1] [WARN] [1785503044.262889096] [laser_mapping]: No point, skip this scan!
[fastlio_mapping-1] 
[fastlio_mapping-1] Too few input point cloud!
[fastlio_mapping-1] [WARN] [1785503044.362880561] [laser_mapping]: No point, skip this scan!
[fastlio_mapping-1] 
[fastlio_mapping-1] Too few input point cloud!
[fastlio_mapping-1] [WARN] [1785503044.487908685] [laser_mapping]: No point, skip this scan!
[fastlio_mapping-1] 
[fastlio_mapping-1] Too few input point cloud!
[fastlio_mapping-1] [WARN] [1785503044.587931707] [laser_mapping]: No point, skip this scan!
[fastlio_mapping-1] 
[fastlio_mapping-1] Too few input point cloud!
[fastlio_mapping-1] [WARN] [1785503044.687842988] [laser_mapping]: No point, skip this scan!
[fastlio_mapping-1] 
[fastlio_mapping-1] Too few input point cloud!
[fastlio_mapping-1] [WARN] [1785503044.762865407] [laser_mapping]: No point, skip this scan!
[fastlio_mapping-1] 
[fastlio_mapping-1] Too few input point cloud!
[fastlio_mapping-1] [WARN] [1785503044.887897548] [laser_mapping]: No point, skip this scan!
[fastlio_mapping-1] 
[fastlio_mapping-1] Too few input point cloud!
[fastlio_mapping-1] [WARN] [1785503044.962876453] [laser_mapping]: No point, skip this scan!
[fastlio_mapping-1] 
[fastlio_mapping-1] Too few input point cloud!
[fastlio_mapping-1] [WARN] [1785503045.062830235] [laser_mapping]: No point, skip this scan!
[fastlio_mapping-1] 
[fastlio_mapping-1] Too few input point cloud!
[fastlio_mapping-1] [WARN] [1785503045.162924362] [laser_mapping]: No point, skip this scan!
[fastlio_mapping-1] 
[fastlio_mapping-1] Too few input point cloud!
[fastlio_mapping-1] [WARN] [1785503045.262902860] [laser_mapping]: No point, skip this scan!
[fastlio_mapping-1] 
[fastlio_mapping-1] Too few input point cloud!
[fastlio_mapping-1] [WARN] [1785503045.362906178] [laser_mapping]: No point, skip this scan!
[fastlio_mapping-1] 
[fastlio_mapping-1] Too few input point cloud!
[fastlio_mapping-1] [WARN] [1785503045.462896198] [laser_mapping]: No point, skip this scan!
[fastlio_mapping-1] 
[fastlio_mapping-1] Too few input point cloud!
[fastlio_mapping-1] [WARN] [1785503045.562871776] [laser_mapping]: No point, skip this scan!
[fastlio_mapping-1] 
[fastlio_mapping-1] Too few input point cloud!
[fastlio_mapping-1] [WARN] [1785503045.687908287] [laser_mapping]: No point, skip this scan!
[fastlio_mapping-1] 
[fastlio_mapping-1] Too few input point cloud!
[fastlio_mapping-1] [WARN] [1785503045.762910866] [laser_mapping]: No point, skip this scan!
[fastlio_mapping-1] 
[fastlio_mapping-1] Too few input point cloud!
[fastlio_mapping-1] [WARN] [1785503045.862905319] [laser_mapping]: No point, skip this scan!
[fastlio_mapping-1] 
[fastlio_mapping-1] Too few input point cloud!
[fastlio_mapping-1] [WARN] [1785503045.987975639] [laser_mapping]: No point, skip this scan!
[fastlio_mapping-1] 
[fastlio_mapping-1] Too few input point cloud!
[fastlio_mapping-1] [WARN] [1785503046.087966195] [laser_mapping]: No point, skip this scan!
[fastlio_mapping-1] 
[fastlio_mapping-1] Too few input point cloud!
[fastlio_mapping-1] [WARN] [1785503046.187991966] [laser_mapping]: No point, skip this scan!
[fastlio_mapping-1] 
[fastlio_mapping-1] Too few input point cloud!
[fastlio_mapping-1] [WARN] [1785503046.288040225] [laser_mapping]: No point, skip this scan!
[fastlio_mapping-1] 
[fastlio_mapping-1] Too few input point cloud!
[fastlio_mapping-1] [WARN] [1785503046.362977648] [laser_mapping]: No point, skip this scan!
[fastlio_mapping-1] 
[fastlio_mapping-1] Too few input point cloud!
[fastlio_mapping-1] [WARN] [1785503046.462971294] [laser_mapping]: No point, skip this scan!
[fastlio_mapping-1] 
[fastlio_mapping-1] Too few input point cloud!
[fastlio_mapping-1] [WARN] [1785503046.587977561] [laser_mapping]: No point, skip this scan!
[fastlio_mapping-1] 
[fastlio_mapping-1] Too few input point cloud!
[fastlio_mapping-1] [WARN] [1785503046.662908399] [laser_mapping]: No point, skip this scan!
[fastlio_mapping-1] 
[fastlio_mapping-1] Too few input point cloud!
[fastlio_mapping-1] [WARN] [1785503046.762970930] [laser_mapping]: No point, skip this scan!
[fastlio_mapping-1] 
[fastlio_mapping-1] Too few input point cloud!
[fastlio_mapping-1] [WARN] [1785503046.862967571] [laser_mapping]: No point, skip this scan!
[fastlio_mapping-1] 
[fastlio_mapping-1] Too few input point cloud!
[fastlio_mapping-1] [WARN] [1785503046.962954284] [laser_mapping]: No point, skip this scan!
[fastlio_mapping-1] 
[fastlio_mapping-1] Too few input point cloud!
[fastlio_mapping-1] [WARN] [1785503047.088016588] [laser_mapping]: No point, skip this scan!
[fastlio_mapping-1] 
[fastlio_mapping-1] Too few input point cloud!
[fastlio_mapping-1] [WARN] [1785503047.162957248] [laser_mapping]: No point, skip this scan!
[fastlio_mapping-1] 
[fastlio_mapping-1] Too few input point cloud!
[fastlio_mapping-1] [WARN] [1785503047.262939089] [laser_mapping]: No point, skip this scan!
[fastlio_mapping-1] 
[fastlio_mapping-1] Too few input point cloud!
[fastlio_mapping-1] [WARN] [1785503047.362968886] [laser_mapping]: No point, skip this scan!
[fastlio_mapping-1] 
[fastlio_mapping-1] Too few input point cloud!
[fastlio_mapping-1] [WARN] [1785503047.462958928] [laser_mapping]: No point, skip this scan!
[fastlio_mapping-1] 
[fastlio_mapping-1] Too few input point cloud!
[fastlio_mapping-1] [WARN] [1785503047.588006519] [laser_mapping]: No point, skip this scan!
[fastlio_mapping-1] 
[fastlio_mapping-1] Too few input point cloud!
[fastlio_mapping-1] [WARN] [1785503047.663007223] [laser_mapping]: No point, skip this scan!
[fastlio_mapping-1] 
[fastlio_mapping-1] Too few input point cloud!
[fastlio_mapping-1] [WARN] [1785503047.762947313] [laser_mapping]: No point, skip this scan!
[fastlio_mapping-1] 
[fastlio_mapping-1] Too few input point cloud!
[fastlio_mapping-1] [WARN] [1785503047.862971087] [laser_mapping]: No point, skip this scan!
[fastlio_mapping-1] 
[fastlio_mapping-1] Too few input point cloud!
[fastlio_mapping-1] [WARN] [1785503047.963005146] [laser_mapping]: No point, skip this scan!
[fastlio_mapping-1] 
[fastlio_mapping-1] Too few input point cloud!
[fastlio_mapping-1] [WARN] [1785503048.063031478] [laser_mapping]: No point, skip this scan!
[fastlio_mapping-1] 
[fastlio_mapping-1] Too few input point cloud!
[fastlio_mapping-1] [WARN] [1785503048.188031104] [laser_mapping]: No point, skip this scan!
[fastlio_mapping-1] 
[fastlio_mapping-1] Too few input point cloud!
[fastlio_mapping-1] [WARN] [1785503048.263028582] [laser_mapping]: No point, skip this scan!
[fastlio_mapping-1] 
[fastlio_mapping-1] Too few input point cloud!
[fastlio_mapping-1] [WARN] [1785503048.388095878] [laser_mapping]: No point, skip this scan!
[fastlio_mapping-1] 
[fastlio_mapping-1] Too few input point cloud!
[fastlio_mapping-1] [WARN] [1785503048.463039772] [laser_mapping]: No point, skip this scan!
[fastlio_mapping-1] 
[fastlio_mapping-1] Too few input point cloud!
[fastlio_mapping-1] [WARN] [1785503048.563017154] [laser_mapping]: No point, skip this scan!
[fastlio_mapping-1] 
[fastlio_mapping-1] Too few input point cloud!
[fastlio_mapping-1] [WARN] [1785503048.688069832] [laser_mapping]: No point, skip this scan!
[fastlio_mapping-1] 
[fastlio_mapping-1] Too few input point cloud!
[fastlio_mapping-1] [WARN] [1785503048.763035449] [laser_mapping]: No point, skip this scan!
[fastlio_mapping-1] 
[fastlio_mapping-1] Too few input point cloud!
[fastlio_mapping-1] [WARN] [1785503048.863082146] [laser_mapping]: No point, skip this scan!
[fastlio_mapping-1] 
[fastlio_mapping-1] Too few input point cloud!
[fastlio_mapping-1] [WARN] [1785503048.963060997] [laser_mapping]: No point, skip this scan!
[fastlio_mapping-1] 
[fastlio_mapping-1] Too few input point cloud!
[fastlio_mapping-1] [WARN] [1785503049.063073229] [laser_mapping]: No point, skip this scan!
[fastlio_mapping-1] 
[fastlio_mapping-1] Too few input point cloud!
[fastlio_mapping-1] [WARN] [1785503049.163027161] [laser_mapping]: No point, skip this scan!
[fastlio_mapping-1] 
[fastlio_mapping-1] Too few input point cloud!
[fastlio_mapping-1] [WARN] [1785503049.263140663] [laser_mapping]: No point, skip this scan!
[fastlio_mapping-1] 
[fastlio_mapping-1] Too few input point cloud!
[fastlio_mapping-1] [WARN] [1785503049.363152322] [laser_mapping]: No point, skip this scan!
[fastlio_mapping-1] 
[fastlio_mapping-1] Too few input point cloud!
[fastlio_mapping-1] [WARN] [1785503049.463018695] [laser_mapping]: No point, skip this scan!
[fastlio_mapping-1] 
[fastlio_mapping-1] Too few input point cloud!
[fastlio_mapping-1] [WARN] [1785503049.563105206] [laser_mapping]: No point, skip this scan!
[fastlio_mapping-1] 
[fastlio_mapping-1] Too few input point cloud!
[fastlio_mapping-1] [WARN] [1785503049.663100432] [laser_mapping]: No point, skip this scan!
[fastlio_mapping-1] 
[fastlio_mapping-1] Too few input point cloud!
[fastlio_mapping-1] [WARN] [1785503049.763084827] [laser_mapping]: No point, skip this scan!
[fastlio_mapping-1] 
[fastlio_mapping-1] Too few input point cloud!
[fastlio_mapping-1] [WARN] [1785503049.888137918] [laser_mapping]: No point, skip this scan!
[fastlio_mapping-1] 
[fastlio_mapping-1] Too few input point cloud!
[fastlio_mapping-1] [WARN] [1785503049.963073140] [laser_mapping]: No point, skip this scan!
[fastlio_mapping-1] 
[fastlio_mapping-1] Too few input point cloud!
[fastlio_mapping-1] [WARN] [1785503050.064262969] [laser_mapping]: No point, skip this scan!
[fastlio_mapping-1] 
[fastlio_mapping-1] Too few input point cloud!
[fastlio_mapping-1] [WARN] [1785503050.163074209] [laser_mapping]: No point, skip this scan!
[fastlio_mapping-1] 
[fastlio_mapping-1] Too few input point cloud!
[fastlio_mapping-1] [WARN] [1785503050.263089088] [laser_mapping]: No point, skip this scan!
[fastlio_mapping-1] 
[fastlio_mapping-1] Too few input point cloud!
[fastlio_mapping-1] [WARN] [1785503050.363145936] [laser_mapping]: No point, skip this scan!
[fastlio_mapping-1] 
[fastlio_mapping-1] Too few input point cloud!
[fastlio_mapping-1] [WARN] [1785503050.463128448] [laser_mapping]: No point, skip this scan!
[fastlio_mapping-1] 
[fastlio_mapping-1] Too few input point cloud!
[fastlio_mapping-1] [WARN] [1785503050.588138545] [laser_mapping]: No point, skip this scan!
[fastlio_mapping-1] 
[fastlio_mapping-1] Too few input point cloud!
[fastlio_mapping-1] [WARN] [1785503050.663095521] [laser_mapping]: No point, skip this scan!
[fastlio_mapping-1] 
[fastlio_mapping-1] Too few input point cloud!
[fastlio_mapping-1] [WARN] [1785503050.763124054] [laser_mapping]: No point, skip this scan!
[fastlio_mapping-1] 
[fastlio_mapping-1] Too few input point cloud!
[fastlio_mapping-1] [WARN] [1785503050.863144611] [laser_mapping]: No point, skip this scan!
[fastlio_mapping-1] 
[fastlio_mapping-1] Too few input point cloud!
[fastlio_mapping-1] [WARN] [1785503050.963096331] [laser_mapping]: No point, skip this scan!
[fastlio_mapping-1] 
[fastlio_mapping-1] Too few input point cloud!
[fastlio_mapping-1] [WARN] [1785503051.064715924] [laser_mapping]: No point, skip this scan!
[fastlio_mapping-1] 
[fastlio_mapping-1] Too few input point cloud!
[fastlio_mapping-1] [WARN] [1785503051.163186534] [laser_mapping]: No point, skip this scan!
[fastlio_mapping-1] 
[fastlio_mapping-1] Too few input point cloud!
[fastlio_mapping-1] [WARN] [1785503051.263172526] [laser_mapping]: No point, skip this scan!
[fastlio_mapping-1] 
[fastlio_mapping-1] Too few input point cloud!
[fastlio_mapping-1] [WARN] [1785503051.363143484] [laser_mapping]: No point, skip this scan!
[fastlio_mapping-1] 
[fastlio_mapping-1] Too few input point cloud!
[fastlio_mapping-1] [WARN] [1785503051.463167038] [laser_mapping]: No point, skip this scan!
[fastlio_mapping-1] 
[fastlio_mapping-1] Too few input point cloud!
[fastlio_mapping-1] [WARN] [1785503051.563180482] [laser_mapping]: No point, skip this scan!
[fastlio_mapping-1] 
[fastlio_mapping-1] Too few input point cloud!
[fastlio_mapping-1] [WARN] [1785503051.663170194] [laser_mapping]: No point, skip this scan!
[fastlio_mapping-1] 
[fastlio_mapping-1] Too few input point cloud!
[fastlio_mapping-1] [WARN] [1785503051.788183644] [laser_mapping]: No point, skip this scan!
[fastlio_mapping-1] 
[fastlio_mapping-1] Too few input point cloud!
[fastlio_mapping-1] [WARN] [1785503051.863192663] [laser_mapping]: No point, skip this scan!
[fastlio_mapping-1] 
[fastlio_mapping-1] Too few input point cloud!
[fastlio_mapping-1] [WARN] [1785503051.963154576] [laser_mapping]: No point, skip this scan!
[fastlio_mapping-1] 
[fastlio_mapping-1] Too few input point cloud!
[fastlio_mapping-1] [WARN] [1785503052.063177331] [laser_mapping]: No point, skip this scan!
[fastlio_mapping-1] 
[fastlio_mapping-1] Too few input point cloud!
[fastlio_mapping-1] [WARN] [1785503052.163233846] [laser_mapping]: No point, skip this scan!
[fastlio_mapping-1] 
[fastlio_mapping-1] Too few input point cloud!
[fastlio_mapping-1] [WARN] [1785503052.264250501] [laser_mapping]: No point, skip this scan!
[fastlio_mapping-1] 
[fastlio_mapping-1] Too few input point cloud!
[fastlio_mapping-1] [WARN] [1785503052.363204622] [laser_mapping]: No point, skip this scan!
[fastlio_mapping-1] 
[fastlio_mapping-1] Too few input point cloud!
[fastlio_mapping-1] [WARN] [1785503052.463213905] [laser_mapping]: No point, skip this scan!
[fastlio_mapping-1] 
[fastlio_mapping-1] Too few input point cloud!
[fastlio_mapping-1] [WARN] [1785503052.563185476] [laser_mapping]: No point, skip this scan!
[fastlio_mapping-1] 
[fastlio_mapping-1] Too few input point cloud!
[fastlio_mapping-1] [WARN] [1785503052.663213582] [laser_mapping]: No point, skip this scan!
[fastlio_mapping-1] 
[fastlio_mapping-1] Too few input point cloud!
[fastlio_mapping-1] [WARN] [1785503052.763232523] [laser_mapping]: No point, skip this scan!
[fastlio_mapping-1] 
[fastlio_mapping-1] Too few input point cloud!
[fastlio_mapping-1] [WARN] [1785503052.863193129] [laser_mapping]: No point, skip this scan!
[fastlio_mapping-1] 
[fastlio_mapping-1] Too few input point cloud!
[fastlio_mapping-1] [WARN] [1785503052.963194376] [laser_mapping]: No point, skip this scan!
[fastlio_mapping-1] 
[fastlio_mapping-1] Too few input point cloud!
[fastlio_mapping-1] [WARN] [1785503053.063217955] [laser_mapping]: No point, skip this scan!
[fastlio_mapping-1] 
[fastlio_mapping-1] Too few input point cloud!
[fastlio_mapping-1] [WARN] [1785503053.188269641] [laser_mapping]: No point, skip this scan!
[fastlio_mapping-1] 
[fastlio_mapping-1] Too few input point cloud!
[fastlio_mapping-1] [WARN] [1785503053.263238170] [laser_mapping]: No point, skip this scan!
[fastlio_mapping-1] 
[fastlio_mapping-1] Too few input point cloud!
[fastlio_mapping-1] [WARN] [1785503053.363228733] [laser_mapping]: No point, skip this scan!
[fastlio_mapping-1] 
[fastlio_mapping-1] Too few input point cloud!
[fastlio_mapping-1] [WARN] [1785503053.463229290] [laser_mapping]: No point, skip this scan!
[fastlio_mapping-1] 
[fastlio_mapping-1] Too few input point cloud!
[fastlio_mapping-1] [WARN] [1785503053.563248359] [laser_mapping]: No point, skip this scan!
[fastlio_mapping-1] 
[fastlio_mapping-1] [INFO] [1785503053.663301245] [laser_mapping]: Initialize the map kdtree
[fastlio_mapping-1] [INFO] [1785503053.763463375] [laser_mapping]: Initialize the map kdtree
[fastlio_mapping-1] 
[fastlio_mapping-1] 
[fastlio_mapping-1] 
[fastlio_mapping-1] 
[fastlio_mapping-1] 
[fastlio_mapping-1] 
[fastlio_mapping-1] 
[fastlio_mapping-1] 
[fastlio_mapping-1] 
[fastlio_mapping-1] 
[fastlio_mapping-1] 
[fastlio_mapping-1]  ERROR!!! 
[fastlio_mapping-1] 
[fastlio_mapping-1] 
[fastlio_mapping-1] 
[fastlio_mapping-1] 
[fastlio_mapping-1] 
[fastlio_mapping-1] 
[fastlio_mapping-1] 
[fastlio_mapping-1] 
[fastlio_mapping-1] 
[fastlio_mapping-1] 
[fastlio_mapping-1] 
[fastlio_mapping-1] 
[fastlio_mapping-1] 
[fastlio_mapping-1] 
[fastlio_mapping-1] 
[fastlio_mapping-1] 
[fastlio_mapping-1] 
[fastlio_mapping-1] 
[fastlio_mapping-1] 
[fastlio_mapping-1]  ERROR!!! 
[fastlio_mapping-1] 
[fastlio_mapping-1] 
[fastlio_mapping-1] 
[fastlio_mapping-1] 
[fastlio_mapping-1] 
[fastlio_mapping-1] 
[fastlio_mapping-1] 
[fastlio_mapping-1] 
[fastlio_mapping-1] [WARN] [1785504387.213806428] [laser_mapping]: No point, skip this scan!
[fastlio_mapping-1] 
[fastlio_mapping-1] Too few input point cloud!
[fastlio_mapping-1] [WARN] [1785504387.313574711] [laser_mapping]: No point, skip this scan!
[fastlio_mapping-1] 
[fastlio_mapping-1] Too few input point cloud!
[fastlio_mapping-1] [WARN] [1785504387.413615169] [laser_mapping]: No point, skip this scan!
[fastlio_mapping-1] 
[fastlio_mapping-1] Too few input point cloud!
[fastlio_mapping-1] [WARN] [1785504387.513614515] [laser_mapping]: No point, skip this scan!
[fastlio_mapping-1] 
[fastlio_mapping-1] Too few input point cloud!
[fastlio_mapping-1] [WARN] [1785504387.763641419] [laser_mapping]: No point, skip this scan!
[fastlio_mapping-1] 
[fastlio_mapping-1] Too few input point cloud!
[fastlio_mapping-1] [WARN] [1785504387.788581230] [laser_mapping]: No point, skip this scan!
[fastlio_mapping-1] 
[fastlio_mapping-1] Too few input point cloud!
[fastlio_mapping-1] [WARN] [1785504387.813536421] [laser_mapping]: No point, skip this scan!
[fastlio_mapping-1] 
[fastlio_mapping-1] Too few input point cloud!
[fastlio_mapping-1] [WARN] [1785504387.913605461] [laser_mapping]: No point, skip this scan!
[fastlio_mapping-1] 
[fastlio_mapping-1] Too few input point cloud!
[fastlio_mapping-1] [WARN] [1785504388.013584865] [laser_mapping]: No point, skip this scan!
[fastlio_mapping-1] 
[fastlio_mapping-1] Too few input point cloud!
[fastlio_mapping-1] [WARN] [1785504388.113573270] [laser_mapping]: No point, skip this scan!
[fastlio_mapping-1] 
[fastlio_mapping-1] Too few input point cloud!
[fastlio_mapping-1] [WARN] [1785504388.213582765] [laser_mapping]: No point, skip this scan!
[fastlio_mapping-1] 
[fastlio_mapping-1] Too few input point cloud!
[fastlio_mapping-1] [WARN] [1785504388.313570505] [laser_mapping]: No point, skip this scan!
[fastlio_mapping-1] 
[fastlio_mapping-1] Too few input point cloud!
[fastlio_mapping-1] [WARN] [1785504388.438649677] [laser_mapping]: No point, skip this scan!
[fastlio_mapping-1] 
[fastlio_mapping-1] Too few input point cloud!
[fastlio_mapping-1] [WARN] [1785504388.513595170] [laser_mapping]: No point, skip this scan!
[fastlio_mapping-1] 
[fastlio_mapping-1] Too few input point cloud!
[fastlio_mapping-1] [WARN] [1785504388.763674025] [laser_mapping]: No point, skip this scan!
[fastlio_mapping-1] 
[fastlio_mapping-1] Too few input point cloud!
[fastlio_mapping-1] [WARN] [1785504388.788599221] [laser_mapping]: No point, skip this scan!
[fastlio_mapping-1] 
[fastlio_mapping-1] Too few input point cloud!
[fastlio_mapping-1] [WARN] [1785504388.813587141] [laser_mapping]: No point, skip this scan!
[fastlio_mapping-1] 
[fastlio_mapping-1] Too few input point cloud!
[fastlio_mapping-1] [WARN] [1785504388.913601386] [laser_mapping]: No point, skip this scan!
[fastlio_mapping-1] 
[fastlio_mapping-1] Too few input point cloud!
[fastlio_mapping-1] [WARN] [1785504389.013646160] [laser_mapping]: No point, skip this scan!
[fastlio_mapping-1] 
[fastlio_mapping-1] Too few input point cloud!
[fastlio_mapping-1] [WARN] [1785504389.113620531] [laser_mapping]: No point, skip this scan!
[fastlio_mapping-1] 
[fastlio_mapping-1] Too few input point cloud!
[fastlio_mapping-1] [WARN] [1785504389.213651279] [laser_mapping]: No point, skip this scan!
[fastlio_mapping-1] 
[fastlio_mapping-1] Too few input point cloud!
[fastlio_mapping-1] [WARN] [1785504389.313568775] [laser_mapping]: No point, skip this scan!
[fastlio_mapping-1] 
[fastlio_mapping-1] Too few input point cloud!
[fastlio_mapping-1] [WARN] [1785504389.413670859] [laser_mapping]: No point, skip this scan!
[fastlio_mapping-1] 
[fastlio_mapping-1] Too few input point cloud!
[fastlio_mapping-1] [WARN] [1785504389.513660864] [laser_mapping]: No point, skip this scan!
[fastlio_mapping-1] 
[fastlio_mapping-1] Too few input point cloud!
[fastlio_mapping-1] [WARN] [1785504389.763683113] [laser_mapping]: No point, skip this scan!
[fastlio_mapping-1] 
[fastlio_mapping-1] Too few input point cloud!
[fastlio_mapping-1] [WARN] [1785504389.788697405] [laser_mapping]: No point, skip this scan!
[fastlio_mapping-1] 
[fastlio_mapping-1] Too few input point cloud!
[fastlio_mapping-1] [WARN] [1785504389.813657386] [laser_mapping]: No point, skip this scan!
[fastlio_mapping-1] 
[fastlio_mapping-1] Too few input point cloud!
[fastlio_mapping-1] [WARN] [1785504389.913642187] [laser_mapping]: No point, skip this scan!
[fastlio_mapping-1] 
[fastlio_mapping-1] Too few input point cloud!
[fastlio_mapping-1] [WARN] [1785504390.013619117] [laser_mapping]: No point, skip this scan!
[fastlio_mapping-1] 
[fastlio_mapping-1] Too few input point cloud!
[fastlio_mapping-1] [WARN] [1785504390.113656200] [laser_mapping]: No point, skip this scan!
[fastlio_mapping-1] 
[fastlio_mapping-1] Too few input point cloud!
[fastlio_mapping-1] [WARN] [1785504390.213620840] [laser_mapping]: No point, skip this scan!
[fastlio_mapping-1] 
[fastlio_mapping-1] Too few input point cloud!
[fastlio_mapping-1] [WARN] [1785504390.313693301] [laser_mapping]: No point, skip this scan!
[fastlio_mapping-1] 
[fastlio_mapping-1] Too few input point cloud!
[fastlio_mapping-1] [WARN] [1785504390.413661756] [laser_mapping]: No point, skip this scan!
[fastlio_mapping-1] 
[fastlio_mapping-1] Too few input point cloud!
[fastlio_mapping-1] [WARN] [1785504390.513707267] [laser_mapping]: No point, skip this scan!
[fastlio_mapping-1] 
[fastlio_mapping-1] Too few input point cloud!
[fastlio_mapping-1] [WARN] [1785504390.763729281] [laser_mapping]: No point, skip this scan!
[fastlio_mapping-1] 
[fastlio_mapping-1] Too few input point cloud!
[fastlio_mapping-1] [WARN] [1785504390.788699340] [laser_mapping]: No point, skip this scan!
[fastlio_mapping-1] 
[fastlio_mapping-1] Too few input point cloud!
[fastlio_mapping-1] [WARN] [1785504390.813659511] [laser_mapping]: No point, skip this scan!
[fastlio_mapping-1] 
[fastlio_mapping-1] Too few input point cloud!
[fastlio_mapping-1] [WARN] [1785504390.913737100] [laser_mapping]: No point, skip this scan!
[fastlio_mapping-1] 
[fastlio_mapping-1] Too few input point cloud!
[fastlio_mapping-1] [WARN] [1785504391.013728758] [laser_mapping]: No point, skip this scan!
[fastlio_mapping-1] 
[fastlio_mapping-1] Too few input point cloud!
[fastlio_mapping-1] [WARN] [1785504391.113778784] [laser_mapping]: No point, skip this scan!
[fastlio_mapping-1] 
[fastlio_mapping-1] Too few input point cloud!
[fastlio_mapping-1] [WARN] [1785504391.214629728] [laser_mapping]: No point, skip this scan!
[fastlio_mapping-1] 
[fastlio_mapping-1] Too few input point cloud!
[fastlio_mapping-1] [WARN] [1785504391.313741103] [laser_mapping]: No point, skip this scan!
[fastlio_mapping-1] 
[fastlio_mapping-1] Too few input point cloud!
[fastlio_mapping-1] [WARN] [1785504391.413730406] [laser_mapping]: No point, skip this scan!
[fastlio_mapping-1] 
[fastlio_mapping-1] Too few input point cloud!
[fastlio_mapping-1] [WARN] [1785504391.513720810] [laser_mapping]: No point, skip this scan!
[fastlio_mapping-1] 
[fastlio_mapping-1] Too few input point cloud!
[fastlio_mapping-1] [WARN] [1785504391.763788692] [laser_mapping]: No point, skip this scan!
[fastlio_mapping-1] 
[fastlio_mapping-1] Too few input point cloud!
[fastlio_mapping-1] [WARN] [1785504391.788686208] [laser_mapping]: No point, skip this scan!
[fastlio_mapping-1] 
[fastlio_mapping-1] Too few input point cloud!
[fastlio_mapping-1] [WARN] [1785504391.813703438] [laser_mapping]: No point, skip this scan!
[fastlio_mapping-1] 
[fastlio_mapping-1] Too few input point cloud!
[fastlio_mapping-1] [WARN] [1785504391.913920121] [laser_mapping]: No point, skip this scan!
[fastlio_mapping-1] 
[fastlio_mapping-1] Too few input point cloud!
[fastlio_mapping-1] [WARN] [1785504392.013729579] [laser_mapping]: No point, skip this scan!
[fastlio_mapping-1] 
[fastlio_mapping-1] Too few input point cloud!
[fastlio_mapping-1] [WARN] [1785504392.113750437] [laser_mapping]: No point, skip this scan!
[fastlio_mapping-1] 
[fastlio_mapping-1] Too few input point cloud!
[fastlio_mapping-1] [WARN] [1785504392.213724791] [laser_mapping]: No point, skip this scan!
[fastlio_mapping-1] 
[fastlio_mapping-1] Too few input point cloud!
[fastlio_mapping-1] [WARN] [1785504392.313764027] [laser_mapping]: No point, skip this scan!
[fastlio_mapping-1] 
[fastlio_mapping-1] Too few input point cloud!
[fastlio_mapping-1] [WARN] [1785504392.413789567] [laser_mapping]: No point, skip this scan!
[fastlio_mapping-1] 
[fastlio_mapping-1] Too few input point cloud!
[fastlio_mapping-1] [WARN] [1785504392.513799012] [laser_mapping]: No point, skip this scan!
[fastlio_mapping-1] 
[fastlio_mapping-1] Too few input point cloud!
[fastlio_mapping-1] [WARN] [1785504392.763833905] [laser_mapping]: No point, skip this scan!
[fastlio_mapping-1] 
[fastlio_mapping-1] Too few input point cloud!
[fastlio_mapping-1] [WARN] [1785504392.788735936] [laser_mapping]: No point, skip this scan!
[fastlio_mapping-1] 
[fastlio_mapping-1] Too few input point cloud!
[fastlio_mapping-1] [WARN] [1785504392.813747550] [laser_mapping]: No point, skip this scan!
[fastlio_mapping-1] 
[fastlio_mapping-1] Too few input point cloud!
[fastlio_mapping-1] [WARN] [1785504392.913864542] [laser_mapping]: No point, skip this scan!
[fastlio_mapping-1] 
[fastlio_mapping-1] Too few input point cloud!
[fastlio_mapping-1] [WARN] [1785504393.013824477] [laser_mapping]: No point, skip this scan!
[fastlio_mapping-1] 
[fastlio_mapping-1] Too few input point cloud!
[fastlio_mapping-1] [WARN] [1785504393.113826388] [laser_mapping]: No point, skip this scan!
[fastlio_mapping-1] 
[fastlio_mapping-1] Too few input point cloud!
[fastlio_mapping-1] [WARN] [1785504393.213806191] [laser_mapping]: No point, skip this scan!
[fastlio_mapping-1] 
[fastlio_mapping-1] Too few input point cloud!
[fastlio_mapping-1] [WARN] [1785504393.312510036] [laser_mapping]: No point, skip this scan!
[fastlio_mapping-1] 
[fastlio_mapping-1] Too few input point cloud!
[fastlio_mapping-1] [WARN] [1785504393.412566667] [laser_mapping]: No point, skip this scan!
[fastlio_mapping-1] 
[fastlio_mapping-1] Too few input point cloud!
[fastlio_mapping-1] [WARN] [1785504393.512510214] [laser_mapping]: No point, skip this scan!
[fastlio_mapping-1] 
[fastlio_mapping-1] Too few input point cloud!
[fastlio_mapping-1] [WARN] [1785504393.762529864] [laser_mapping]: No point, skip this scan!
[fastlio_mapping-1] 
[fastlio_mapping-1] Too few input point cloud!
[fastlio_mapping-1] [WARN] [1785504393.787555708] [laser_mapping]: No point, skip this scan!
[fastlio_mapping-1] 
[fastlio_mapping-1] Too few input point cloud!
[fastlio_mapping-1] [WARN] [1785504393.837540571] [laser_mapping]: No point, skip this scan!
[fastlio_mapping-1] 
[fastlio_mapping-1] Too few input point cloud!
[fastlio_mapping-1] [WARN] [1785504393.912452983] [laser_mapping]: No point, skip this scan!
[fastlio_mapping-1] 
[fastlio_mapping-1] Too few input point cloud!
[fastlio_mapping-1] [WARN] [1785504394.012599528] [laser_mapping]: No point, skip this scan!
[fastlio_mapping-1] 
[fastlio_mapping-1] Too few input point cloud!
[fastlio_mapping-1] [WARN] [1785504394.112545830] [laser_mapping]: No point, skip this scan!
[fastlio_mapping-1] 
[fastlio_mapping-1] Too few input point cloud!
[fastlio_mapping-1] [WARN] [1785504394.212592210] [laser_mapping]: No point, skip this scan!
[fastlio_mapping-1] 
[fastlio_mapping-1] Too few input point cloud!
[fastlio_mapping-1] [WARN] [1785504394.312659569] [laser_mapping]: No point, skip this scan!
[fastlio_mapping-1] 
[fastlio_mapping-1] Too few input point cloud!
[fastlio_mapping-1] [WARN] [1785504394.412544101] [laser_mapping]: No point, skip this scan!
[fastlio_mapping-1] 
[fastlio_mapping-1] Too few input point cloud!
[fastlio_mapping-1] [WARN] [1785504394.512581735] [laser_mapping]: No point, skip this scan!
[fastlio_mapping-1] 
[fastlio_mapping-1] Too few input point cloud!
[fastlio_mapping-1] [WARN] [1785504394.762584763] [laser_mapping]: No point, skip this scan!
[fastlio_mapping-1] 
[fastlio_mapping-1] Too few input point cloud!
[fastlio_mapping-1] [WARN] [1785504394.787542127] [laser_mapping]: No point, skip this scan!
[fastlio_mapping-1] 
[fastlio_mapping-1] Too few input point cloud!
[fastlio_mapping-1] [WARN] [1785504394.812519842] [laser_mapping]: No point, skip this scan!
[fastlio_mapping-1] 
[fastlio_mapping-1] Too few input point cloud!
[fastlio_mapping-1] [WARN] [1785504394.912583328] [laser_mapping]: No point, skip this scan!
[fastlio_mapping-1] 
[fastlio_mapping-1] Too few input point cloud!
[fastlio_mapping-1] [WARN] [1785504395.012582993] [laser_mapping]: No point, skip this scan!
[fastlio_mapping-1] 
[fastlio_mapping-1] Too few input point cloud!
[fastlio_mapping-1] [WARN] [1785504395.137596615] [laser_mapping]: No point, skip this scan!
[fastlio_mapping-1] 
[fastlio_mapping-1] Too few input point cloud!
[fastlio_mapping-1] [WARN] [1785504395.212584383] [laser_mapping]: No point, skip this scan!
[fastlio_mapping-1] 
[fastlio_mapping-1] Too few input point cloud!
[fastlio_mapping-1] [WARN] [1785504395.312523632] [laser_mapping]: No point, skip this scan!
[fastlio_mapping-1] 
[fastlio_mapping-1] Too few input point cloud!
[fastlio_mapping-1] [WARN] [1785504395.412577648] [laser_mapping]: No point, skip this scan!
[fastlio_mapping-1] 
[fastlio_mapping-1] Too few input point cloud!
[fastlio_mapping-1] [WARN] [1785504395.537610370] [laser_mapping]: No point, skip this scan!
[fastlio_mapping-1] 
[fastlio_mapping-1] Too few input point cloud!
[fastlio_mapping-1] [WARN] [1785504395.762593855] [laser_mapping]: No point, skip this scan!
[fastlio_mapping-1] 
[fastlio_mapping-1] Too few input point cloud!
[fastlio_mapping-1] [WARN] [1785504395.787589710] [laser_mapping]: No point, skip this scan!
[fastlio_mapping-1] 
[fastlio_mapping-1] Too few input point cloud!
[fastlio_mapping-1] [WARN] [1785504395.812565515] [laser_mapping]: No point, skip this scan!
[fastlio_mapping-1] 
[fastlio_mapping-1] Too few input point cloud!
[fastlio_mapping-1] [WARN] [1785504395.937657769] [laser_mapping]: No point, skip this scan!
[fastlio_mapping-1] 
[fastlio_mapping-1] Too few input point cloud!
[fastlio_mapping-1] [WARN] [1785504396.012675924] [laser_mapping]: No point, skip this scan!
[fastlio_mapping-1] 
[fastlio_mapping-1] Too few input point cloud!
[fastlio_mapping-1] [WARN] [1785504396.112630132] [laser_mapping]: No point, skip this scan!
[fastlio_mapping-1] 
[fastlio_mapping-1] Too few input point cloud!
[fastlio_mapping-1] [WARN] [1785504396.212633262] [laser_mapping]: No point, skip this scan!
[fastlio_mapping-1] 
[fastlio_mapping-1] Too few input point cloud!
[fastlio_mapping-1] [WARN] [1785504396.337611161] [laser_mapping]: No point, skip this scan!
[fastlio_mapping-1] 
[fastlio_mapping-1] Too few input point cloud!
[fastlio_mapping-1] [WARN] [1785504396.437646298] [laser_mapping]: No point, skip this scan!
[fastlio_mapping-1] 
[fastlio_mapping-1] Too few input point cloud!
[fastlio_mapping-1] [WARN] [1785504396.512789327] [laser_mapping]: No point, skip this scan!
[fastlio_mapping-1] 
[fastlio_mapping-1] Too few input point cloud!
[fastlio_mapping-1] [WARN] [1785504396.762645924] [laser_mapping]: No point, skip this scan!
[fastlio_mapping-1] 
[fastlio_mapping-1] Too few input point cloud!
[fastlio_mapping-1] [WARN] [1785504396.787610267] [laser_mapping]: No point, skip this scan!
[fastlio_mapping-1] 
[fastlio_mapping-1] Too few input point cloud!
[fastlio_mapping-1] [WARN] [1785504396.812609481] [laser_mapping]: No point, skip this scan!
[fastlio_mapping-1] 
[fastlio_mapping-1] Too few input point cloud!
[fastlio_mapping-1] [WARN] [1785504396.912630968] [laser_mapping]: No point, skip this scan!
[fastlio_mapping-1] 
[fastlio_mapping-1] [INFO] [1785504400.382315857] [laser_mapping]: Saving map to /data/fastlio_baseline/runs/map_export_01/registered_scan_aggregation.pcd...
[fastlio_mapping-1] catch sig %d2
[fastlio_mapping-1] Rebuild thread terminated normally
[INFO] [fastlio_mapping-1]: process has finished cleanly [pid 11169]
